{"elapsed_seconds": 0.00010683294385671616, "phase": "before_imports", "phase_rss_source": "direct_libproc_self_pid_no_subprocess", "self_rss_kib": 23504}
{"elapsed_seconds": 1.2715166669804603, "phase": "after_input_model_hashes", "phase_rss_source": "direct_libproc_self_pid_no_subprocess", "self_rss_kib": 361056}
{"elapsed_seconds": 1.2723307078704238, "phase": "before_weights_only_load", "phase_rss_source": "direct_libproc_self_pid_no_subprocess", "self_rss_kib": 361136}
{"elapsed_seconds": 1.4259506249800324, "phase": "after_weights_only_load", "phase_rss_source": "direct_libproc_self_pid_no_subprocess", "self_rss_kib": 543920}
{"elapsed_seconds": 1.4486409998498857, "phase": "after_optimizer_cleanup", "phase_rss_source": "direct_libproc_self_pid_no_subprocess", "self_rss_kib": 551520}
{"elapsed_seconds": 1.4925509169697762, "phase": "after_network_construction_alias_checks", "phase_rss_source": "direct_libproc_self_pid_no_subprocess", "self_rss_kib": 553504}
{"elapsed_seconds": 1.6115661249496043, "phase": "after_strict_copy_weights_cleanup", "phase_rss_source": "direct_libproc_self_pid_no_subprocess", "self_rss_kib": 553968}
{"elapsed_seconds": 1.6190838748589158, "phase": "after_tiled_conv3d_attachment", "phase_rss_source": "direct_libproc_self_pid_no_subprocess", "self_rss_kib": 554192}
{"elapsed_seconds": 1.6222323749680072, "phase": "after_lazy_final_decoder_attachment", "phase_rss_source": "direct_libproc_self_pid_no_subprocess", "self_rss_kib": 554896}
{"elapsed_seconds": 1.6226076248567551, "phase": "after_layer_observer_attachment", "phase_rss_source": "direct_libproc_self_pid_no_subprocess", "self_rss_kib": 554896}
{"elapsed_seconds": 1.624073666986078, "phase": "before_generated_forward", "phase_rss_source": "direct_libproc_self_pid_no_subprocess", "self_rss_kib": 558336}
{"elapsed_seconds": 1.6242245419416577, "input_or_output_shapes": [[1, 2, 128, 128, 128]], "libproc_sample_seconds_excludes_json_flush": 9.104190394282341e-05, "phase": "layer:encoder.stages.0.0.convs.0.conv:conv3d:before", "process_group_resident_bytes": 571785216}
{"elapsed_seconds": 1.6803762919735163, "input_or_output_shapes": [1, 32, 128, 128, 128], "libproc_sample_seconds_excludes_json_flush": 9.825010783970356e-05, "phase": "layer:encoder.stages.0.0.convs.0.conv:conv3d:after", "process_group_resident_bytes": 840384512}
{"elapsed_seconds": 1.680458749877289, "input_or_output_shapes": [[1, 32, 128, 128, 128]], "libproc_sample_seconds_excludes_json_flush": 1.6750069335103035e-05, "phase": "layer:encoder.stages.0.0.convs.0.norm:instancenorm3d:before", "process_group_resident_bytes": 840384512}
{"elapsed_seconds": 1.766940957866609, "input_or_output_shapes": [1, 32, 128, 128, 128], "libproc_sample_seconds_excludes_json_flush": 0.0001242088619619608, "phase": "layer:encoder.stages.0.0.convs.0.norm:instancenorm3d:after", "process_group_resident_bytes": 1058488320}
{"elapsed_seconds": 1.7826147079467773, "input_or_output_shapes": [[1, 32, 128, 128, 128]], "libproc_sample_seconds_excludes_json_flush": 0.00010495795868337154, "phase": "layer:encoder.stages.0.0.convs.1.conv:conv3d:before", "process_group_resident_bytes": 981680128}
{"elapsed_seconds": 2.4364432499278337, "input_or_output_shapes": [1, 32, 128, 128, 128], "libproc_sample_seconds_excludes_json_flush": 9.012501686811447e-05, "phase": "layer:encoder.stages.0.0.convs.1.conv:conv3d:after", "process_group_resident_bytes": 1153433600}
{"elapsed_seconds": 2.4365138749126345, "input_or_output_shapes": [[1, 32, 128, 128, 128]], "libproc_sample_seconds_excludes_json_flush": 1.550000160932541e-05, "phase": "layer:encoder.stages.0.0.convs.1.norm:instancenorm3d:before", "process_group_resident_bytes": 1153433600}
{"elapsed_seconds": 2.528795499820262, "input_or_output_shapes": [1, 32, 128, 128, 128], "libproc_sample_seconds_excludes_json_flush": 0.00010070903226733208, "phase": "layer:encoder.stages.0.0.convs.1.norm:instancenorm3d:after", "process_group_resident_bytes": 1421918208}
{"elapsed_seconds": 2.5424030828289688, "input_or_output_shapes": [[1, 32, 128, 128, 128]], "libproc_sample_seconds_excludes_json_flush": 8.795806206762791e-05, "phase": "layer:encoder.stages.1.0.convs.0.conv:conv3d:before", "process_group_resident_bytes": 1421885440}
{"elapsed_seconds": 2.6410257078241557, "input_or_output_shapes": [1, 64, 64, 64, 64], "libproc_sample_seconds_excludes_json_flush": 0.00010816589929163456, "phase": "layer:encoder.stages.1.0.convs.0.conv:conv3d:after", "process_group_resident_bytes": 1488977920}
{"elapsed_seconds": 2.641112457960844, "input_or_output_shapes": [[1, 64, 64, 64, 64]], "libproc_sample_seconds_excludes_json_flush": 1.6625039279460907e-05, "phase": "layer:encoder.stages.1.0.convs.0.norm:instancenorm3d:before", "process_group_resident_bytes": 1488977920}
{"elapsed_seconds": 2.655507249990478, "input_or_output_shapes": [1, 64, 64, 64, 64], "libproc_sample_seconds_excludes_json_flush": 8.258293382823467e-05, "phase": "layer:encoder.stages.1.0.convs.0.norm:instancenorm3d:after", "process_group_resident_bytes": 1556103168}
{"elapsed_seconds": 2.6593536669388413, "input_or_output_shapes": [[1, 64, 64, 64, 64]], "libproc_sample_seconds_excludes_json_flush": 8.133286610245705e-05, "phase": "layer:encoder.stages.1.0.convs.1.conv:conv3d:before", "process_group_resident_bytes": 1556103168}
{"elapsed_seconds": 2.830904249800369, "input_or_output_shapes": [1, 64, 64, 64, 64], "libproc_sample_seconds_excludes_json_flush": 9.266682900488377e-05, "phase": "layer:encoder.stages.1.0.convs.1.conv:conv3d:after", "process_group_resident_bytes": 1584431104}
{"elapsed_seconds": 2.830965916858986, "input_or_output_shapes": [[1, 64, 64, 64, 64]], "libproc_sample_seconds_excludes_json_flush": 1.5459023416042328e-05, "phase": "layer:encoder.stages.1.0.convs.1.norm:instancenorm3d:before", "process_group_resident_bytes": 1584431104}
{"elapsed_seconds": 2.850033957976848, "input_or_output_shapes": [1, 64, 64, 64, 64], "libproc_sample_seconds_excludes_json_flush": 5.0999922677874565e-05, "phase": "layer:encoder.stages.1.0.convs.1.norm:instancenorm3d:after", "process_group_resident_bytes": 1649639424}
{"elapsed_seconds": 2.8545704998541623, "input_or_output_shapes": [[1, 64, 64, 64, 64]], "libproc_sample_seconds_excludes_json_flush": 6.074993871152401e-05, "phase": "layer:encoder.stages.2.0.convs.0.conv:conv3d:before", "process_group_resident_bytes": 1649639424}
{"elapsed_seconds": 2.8802383749280125, "input_or_output_shapes": [1, 128, 32, 32, 32], "libproc_sample_seconds_excludes_json_flush": 8.604186587035656e-05, "phase": "layer:encoder.stages.2.0.convs.0.conv:conv3d:after", "process_group_resident_bytes": 1649639424}
{"elapsed_seconds": 2.880295292008668, "input_or_output_shapes": [[1, 128, 32, 32, 32]], "libproc_sample_seconds_excludes_json_flush": 1.5292083844542503e-05, "phase": "layer:encoder.stages.2.0.convs.0.norm:instancenorm3d:before", "process_group_resident_bytes": 1649639424}
{"elapsed_seconds": 2.882912957808003, "input_or_output_shapes": [1, 128, 32, 32, 32], "libproc_sample_seconds_excludes_json_flush": 3.875000402331352e-05, "phase": "layer:encoder.stages.2.0.convs.0.norm:instancenorm3d:after", "process_group_resident_bytes": 1649639424}
{"elapsed_seconds": 2.8832097079139203, "input_or_output_shapes": [[1, 128, 32, 32, 32]], "libproc_sample_seconds_excludes_json_flush": 1.8208054825663567e-05, "phase": "layer:encoder.stages.2.0.convs.1.conv:conv3d:before", "process_group_resident_bytes": 1649639424}
{"elapsed_seconds": 2.9477653328794986, "input_or_output_shapes": [1, 128, 32, 32, 32], "libproc_sample_seconds_excludes_json_flush": 9.445799514651299e-05, "phase": "layer:encoder.stages.2.0.convs.1.conv:conv3d:after", "process_group_resident_bytes": 1651490816}
{"elapsed_seconds": 2.947836082894355, "input_or_output_shapes": [[1, 128, 32, 32, 32]], "libproc_sample_seconds_excludes_json_flush": 1.5666941180825233e-05, "phase": "layer:encoder.stages.2.0.convs.1.norm:instancenorm3d:before", "process_group_resident_bytes": 1651490816}
{"elapsed_seconds": 2.951386791886762, "input_or_output_shapes": [1, 128, 32, 32, 32], "libproc_sample_seconds_excludes_json_flush": 6.704195402562618e-05, "phase": "layer:encoder.stages.2.0.convs.1.norm:instancenorm3d:after", "process_group_resident_bytes": 1668284416}
{"elapsed_seconds": 2.953704207902774, "input_or_output_shapes": [[1, 128, 32, 32, 32]], "libproc_sample_seconds_excludes_json_flush": 4.716613329946995e-05, "phase": "layer:encoder.stages.3.0.convs.0.conv:conv3d:before", "process_group_resident_bytes": 1668284416}
