*Step  = 0
*Time  = 0
*Data  = mechanics_nodes_si
1,0,0,0,0,0,0,0,0,0
2,0.005,0,0,0,0,0,0,0,0
3,0.01,0,0,0,0,0,0,0,0
4,0,0.005,0,0,0,0,0,0,0
5,0.005,0.005,0,0,0,0,0,0,0
6,0.01,0.005,0,0,0,0,0,0,0
7,0,0.01,0,0,0,0,0,0,0
8,0.005,0.01,0,0,0,0,0,0,0
9,0.01,0.01,0,0,0,0,0,0,0
10,0,0,0.005,0,0,0,0,0,0
11,0.005,0,0.005,0,0,0,0,0,0
12,0.01,0,0.005,0,0,0,0,0,0
13,0,0.005,0.005,0,0,0,0,0,0
14,0.005,0.005,0.005,0,0,0,0,0,0
15,0.01,0.005,0.005,0,0,0,0,0,0
16,0,0.01,0.005,0,0,0,0,0,0
17,0.005,0.01,0.005,0,0,0,0,0,0
18,0.01,0.01,0.005,0,0,0,0,0,0
19,0,0,0.01,0,0,0,0,0,0
20,0.005,0,0.01,0,0,0,0,0,0
21,0.01,0,0.01,0,0,0,0,0,0
22,0,0.005,0.01,0,0,0,0,0,0
23,0.005,0.005,0.01,0,0,0,0,0,0
24,0.01,0.005,0.01,0,0,0,0,0,0
25,0,0.01,0.01,0,0,0,0,0,0
26,0.005,0.01,0.01,0,0,0,0,0,0
27,0.01,0.01,0.01,0,0,0,0,0,0
*Step  = 1
*Time  = 0.25
*Data  = mechanics_nodes_si
1,0,0,0,0,0,0,0.000154947916667,0.00015498046875,-1.3020833334e-06
2,0.005,0,0,0,0,0,0.0003125,-2.6041666668e-06,-2.60416666681e-06
3,0.01,0,0,0,0,0,0.000157552083333,-0.000157584635417,-1.3020833334e-06
4,0.000125,0.005,0,0.000125,0,0,-2.6041666668e-06,0.000312565104167,-2.60416666681e-06
5,0.005125,0.005,0,0.000125,0,0,1.27393755267e-18,3.41523684333e-18,-5.20833333361e-06
6,0.010125,0.005,0,0.000125,0,0,2.6041666668e-06,-0.000312565104167,-2.60416666681e-06
7,0.00025,0.01,0,0.00025,0,0,-0.000157552083333,0.000157584635417,-1.3020833334e-06
8,0.00525,0.01,0,0.00025,0,0,-0.0003125,2.60416666681e-06,-2.60416666681e-06
9,0.01025,0.01,0,0.00025,0,0,-0.000154947916667,-0.00015498046875,-1.3020833334e-06
10,0,0,0.005,0,0,0,0.000309895833333,0.0003099609375,2.97456795252e-18
11,0.005,0,0.005,0,0,0,0.000625,-5.20833333361e-06,2.15061665308e-18
12,0.01,0,0.005,0,0,0,0.000315104166667,-0.000315169270833,9.63288219265e-19
13,0.000125,0.005,0.005,0.000125,0,0,-5.20833333361e-06,0.000625130208333,3.09082322453e-18
14,0.005125,0.005,0.005,0.000125,3.90427197567e-20,-6.87990637145e-20,-6.81150014864e-17,-6.5648441544e-17,-6.43666689366e-17
15,0.010125,0.005,0.005,0.000125,0,0,5.20833333368e-06,-0.000625130208333,-6.74039173272e-17
16,0.00025,0.01,0.005,0.00025,0,0,-0.000315104166667,0.000315169270833,-6.39509875177e-20
17,0.00525,0.01,0.005,0.00025,0,0,-0.000625,5.20833333368e-06,-7.0864258675e-17
18,0.01025,0.01,0.005,0.00025,0,0,-0.000309895833333,-0.0003099609375,-6.94583957407e-17
19,0,0,0.01,0,0,0,0.000154947916667,0.00015498046875,1.3020833334e-06
20,0.005,0,0.01,0,0,0,0.0003125,-2.60416666681e-06,2.6041666668e-06
21,0.01,0,0.01,0,0,0,0.000157552083333,-0.000157584635417,1.3020833334e-06
22,0.000125,0.005,0.01,0.000125,0,0,-2.6041666668e-06,0.000312565104167,2.6041666668e-06
23,0.005125,0.005,0.01,0.000125,0,0,-6.97955148538e-17,-6.99310401253e-17,5.20833333368e-06
24,0.010125,0.005,0.01,0.000125,0,0,2.60416666687e-06,-0.000312565104167,2.60416666687e-06
25,0.00025,0.01,0.01,0.00025,0,0,-0.000157552083333,0.000157584635417,1.3020833334e-06
26,0.00525,0.01,0.01,0.00025,0,0,-0.0003125,2.60416666687e-06,2.60416666687e-06
27,0.01025,0.01,0.01,0.00025,0,0,-0.000154947916667,-0.00015498046875,1.30208333347e-06
*Step  = 2
*Time  = 0.5
*Data  = mechanics_nodes_si
1,0,0,0,0,0,0,0.000307291666667,0.000307552083333,-5.2083333334e-06
2,0.005,0,0,0,0,0,0.000625,-1.04166666668e-05,-1.04166666668e-05
3,0.01,0,0,0,0,0,0.000317708333333,-0.00031796875,-5.2083333334e-06
4,0.00025,0.005,0,0.00025,0,0,-1.04166666669e-05,0.000625520833333,-1.04166666669e-05
5,0.00525,0.005,0,0.00025,0,0,2.04697370165e-16,6.35342473077e-17,-2.08333333335e-05
6,0.01025,0.005,0,0.00025,0,0,1.04166666667e-05,-0.000625520833333,-1.04166666667e-05
7,0.0005,0.01,0,0.0005,0,0,-0.000317708333333,0.00031796875,-5.20833333347e-06
8,0.0055,0.01,0,0.0005,0,0,-0.000625,1.04166666667e-05,-1.04166666667e-05
9,0.0105,0.01,0,0.0005,0,0,-0.000307291666667,-0.000307552083333,-5.20833333326e-06
10,0,0,0.005,0,0,0,0.000614583333333,0.000615104166667,7.13803134981e-17
11,0.005,0,0.005,0,0,0,0.00125,-2.08333333336e-05,1.97189270121e-18
12,0.01,0,0.005,0,0,0,0.000635416666667,-0.0006359375,-6.7767717978e-17
13,0.00025,0.005,0.005,0.00025,0,0,-2.08333333336e-05,0.00125104166667,1.39561383554e-16
14,0.00525,0.005,0.005,0.00025,-3.71424421965e-19,-5.77208244363e-19,7.329206686e-17,6.80336863235e-17,-5.36188796271e-17
15,0.01025,0.005,0.005,0.00025,0,0,2.08333333335e-05,-0.00125104166667,-2.04603349508e-16
16,0.0005,0.01,0.005,0.0005,0,0,-0.000635416666667,0.0006359375,6.84402621381e-17
17,0.0055,0.01,0.005,0.0005,0,0,-0.00125,2.08333333335e-05,-7.23815064417e-17
18,0.0105,0.01,0.005,0.0005,0,0,-0.000614583333333,-0.000615104166667,-1.37371803386e-16
19,0,0,0.01,0,0,0,0.000307291666667,0.000307552083333,5.20833333333e-06
20,0.005,0,0.01,0,0,0,0.000625,-1.04166666668e-05,1.04166666668e-05
21,0.01,0,0.01,0,0,0,0.000317708333333,-0.00031796875,5.20833333347e-06
22,0.00025,0.005,0.01,0.00025,0,0,-1.04166666667e-05,0.000625520833333,1.04166666667e-05
23,0.00525,0.005,0.01,0.00025,0,0,-1.41813644161e-16,3.68628738645e-18,2.08333333336e-05
24,0.01025,0.005,0.01,0.00025,0,0,1.04166666669e-05,-0.000625520833333,1.04166666669e-05
25,0.0005,0.01,0.01,0.0005,0,0,-0.000317708333333,0.00031796875,5.2083333334e-06
26,0.0055,0.01,0.01,0.0005,0,0,-0.000625,1.04166666668e-05,1.04166666668e-05
27,0.0105,0.01,0.01,0.0005,0,0,-0.000307291666667,-0.000307552083333,5.2083333334e-06
*Step  = 3
*Time  = 0.75
*Data  = mechanics_nodes_si
1,0,0,0,0,0,0,0.00045703125,0.00045791015625,-1.171875e-05
2,0.005,0,0,0,0,0,0.0009375,-2.34375000001e-05,-2.34375000001e-05
3,0.01,0,0,0,0,0,0.00048046875,-0.00048134765625,-1.17187500001e-05
4,0.000375,0.005,0,0.000375,0,0,-2.34375000001e-05,0.0009392578125,-2.34375000001e-05
5,0.005375,0.005,0,0.000375,0,0,6.89010480615e-17,6.87926278442e-17,-4.68750000002e-05
6,0.010375,0.005,0,0.000375,0,0,2.34375000001e-05,-0.0009392578125,-2.34375000001e-05
7,0.00075,0.01,0,0.00075,0,0,-0.00048046875,0.00048134765625,-1.17187500001e-05
8,0.00575,0.01,0,0.00075,0,0,-0.0009375,2.34375000001e-05,-2.34375000001e-05
9,0.01075,0.01,0,0.00075,0,0,-0.00045703125,-0.00045791015625,-1.17187499999e-05
10,0,0,0.005,0,0,0,0.0009140625,0.0009158203125,7.10999455925e-17
11,0.005,0,0.005,0,0,0,0.001875,-4.68750000002e-05,7.09288449372e-17
12,0.01,0,0.005,0,0,0,0.0009609375,-0.0009626953125,5.70900206449e-19
13,0.000375,0.005,0.005,0.000375,0,0,-4.68750000001e-05,0.001878515625,2.09195115115e-16
14,0.005375,0.005,0.005,0.000375,2.10416057312e-19,-1.03992355132e-18,-2.0925101929e-16,8.7440905211e-17,8.27415664196e-17
15,0.010375,0.005,0.005,0.000375,0,0,4.68750000003e-05,-0.001878515625,-1.3534400651e-16
16,0.00075,0.01,0.005,0.00075,0,0,-0.0009609375,0.0009626953125,1.37099058777e-16
17,0.00575,0.01,0.005,0.00075,0,0,-0.001875,4.68750000001e-05,-3.34916827344e-18
18,0.01075,0.01,0.005,0.00075,0,0,-0.0009140625,-0.0009158203125,-1.36146993744e-16
19,0,0,0.01,0,0,0,0.00045703125,0.00045791015625,1.17187499999e-05
20,0.005,0,0.01,0,0,0,0.0009375,-2.34375000001e-05,2.34375000001e-05
21,0.01,0,0.01,0,0,0,0.00048046875,-0.00048134765625,1.17187500001e-05
22,0.000375,0.005,0.01,0.000375,0,0,-2.34374999999e-05,0.0009392578125,2.34374999999e-05
23,0.005375,0.005,0.01,0.000375,0,0,-2.78748378546e-16,1.81061762805e-17,4.68750000001e-05
24,0.010375,0.005,0.01,0.000375,0,0,2.34375000002e-05,-0.0009392578125,2.34375000002e-05
25,0.00075,0.01,0.01,0.00075,0,0,-0.00048046875,0.00048134765625,1.171875e-05
26,0.00575,0.01,0.01,0.00075,0,0,-0.0009375,2.34375000001e-05,2.34375000001e-05
27,0.01075,0.01,0.01,0.00075,0,0,-0.00045703125,-0.00045791015625,1.17187500001e-05
*Step  = 4
*Time  = 1
*Data  = mechanics_nodes_si
1,0,0,0,0,0,0,0.000604166666667,0.00060625,-2.08333333334e-05
2,0.005,0,0,0,0,0,0.00125,-4.16666666668e-05,-4.16666666668e-05
3,0.01,0,0,0,0,0,0.000645833333333,-0.000647916666667,-2.08333333334e-05
4,0.0005,0.005,0,0.0005,0,0,-4.16666666669e-05,0.00125416666667,-4.16666666669e-05
5,0.0055,0.005,0,0.0005,0,0,1.37802096123e-16,-1.10588621594e-17,-8.33333333336e-05
6,0.0105,0.005,0,0.0005,0,0,4.16666666667e-05,-0.00125416666667,-4.16666666667e-05
7,0.001,0.01,0,0.001,0,0,-0.000645833333333,0.000647916666667,-2.08333333335e-05
8,0.006,0.01,0,0.001,0,0,-0.00125,4.16666666668e-05,-4.16666666668e-05
9,0.011,0.01,0,0.001,0,0,-0.000604166666667,-0.00060625,-2.08333333333e-05
10,0,0,0.005,0,0,0,0.00120833333333,0.0012125,7.06493240646e-17
11,0.005,0,0.005,0,0,0,0.0025,-8.33333333335e-05,1.3914040818e-16
12,0.01,0,0.005,0,0,0,0.00129166666667,-0.00129583333333,7.00631772651e-17
13,0.0005,0.005,0.005,0.0005,0,0,-8.33333333336e-05,0.00250833333333,1.39675733002e-16
14,0.0055,0.005,0.005,0.0005,8.25285702141e-19,-4.79336281772e-19,8.78203759713e-17,-2.23562487967e-16,8.18064420458e-17
15,0.0105,0.005,0.005,0.0005,0,0,8.33333333335e-05,-0.00250833333333,-6.54180485823e-17
16,0.001,0.01,0.005,0.001,0,0,-0.00129166666667,0.00129583333333,6.83453944481e-17
17,0.006,0.01,0.005,0.001,0,0,-0.0025,8.33333333337e-05,-7.16115534927e-17
18,0.011,0.01,0.005,0.001,0,0,-0.00120833333333,-0.0012125,-1.36457007803e-16
19,0,0,0.01,0,0,0,0.000604166666667,0.00060625,2.08333333333e-05
20,0.005,0,0.01,0,0,0,0.00125,-4.16666666667e-05,4.16666666667e-05
21,0.01,0,0.01,0,0,0,0.000645833333333,-0.000647916666667,2.08333333333e-05
22,0.0005,0.005,0.01,0.0005,0,0,-4.16666666667e-05,0.00125416666667,4.16666666667e-05
23,0.0055,0.005,0.01,0.0005,0,0,-7.1123662515e-17,-2.017700243e-16,8.33333333335e-05
24,0.0105,0.005,0.01,0.0005,0,0,4.16666666668e-05,-0.00125416666667,4.16666666668e-05
25,0.001,0.01,0.01,0.001,0,0,-0.000645833333333,0.000647916666667,2.08333333334e-05
26,0.006,0.01,0.01,0.001,0,0,-0.00125,4.16666666669e-05,4.16666666669e-05
27,0.011,0.01,0.01,0.001,0,0,-0.000604166666667,-0.00060625,2.08333333335e-05
