*Step  = 0
*Time  = 0
*Data  = mechanics_elements_si
1,0,0,0,0,0,0,1,0
2,0,0,0,0,0,0,1,0
3,0,0,0,0,0,0,1,0
4,0,0,0,0,0,0,1,0
5,0,0,0,0,0,0,1,0
6,0,0,0,0,0,0,1,0
7,0,0,0,0,0,0,1,0
8,0,0,0,0,0,0,1,0
*Step  = 1
*Time  = 0.25
*Data  = mechanics_elements_si
1,0.416666666656,-0.208333333344,-0.208333333344,25,1.21430643318e-15,8.01008565032e-15,1,0.3125
2,0.416666666656,-0.208333333344,-0.208333333344,25,1.70002900646e-15,-1.51319928809e-14,1,0.3125
3,0.416666666656,-0.208333333344,-0.208333333345,25,1.36002320517e-14,-2.42670467054e-14,1,0.3125
4,0.416666666656,-0.208333333344,-0.208333333344,25,7.75768338457e-14,-2.47545040022e-15,1,0.3125
5,0.416666666656,-0.208333333344,-0.208333333344,25,2.90392709879e-14,5.14709802557e-14,1,0.3125
6,0.416666666656,-0.208333333344,-0.208333333344,25,4.34374758385e-14,-5.17641485231e-15,1,0.3125
7,0.416666666656,-0.208333333344,-0.208333333344,25,9.18015663487e-14,6.30624025222e-14,1,0.3125
8,0.416666666645,-0.208333333355,-0.208333333355,25,1.20389809233e-13,-3.06352165858e-14,1,0.3125
*Step  = 2
*Time  = 0.5
*Data  = mechanics_elements_si
1,1.66666666666,-0.833333333344,-0.833333333344,50,-3.69496100383e-14,-7.65706942296e-14,1,1.25
2,1.66666666666,-0.833333333344,-0.833333333344,50,-4.1668057893e-14,-3.37160854791e-14,1,1.25
3,1.66666666664,-0.833333333355,-0.833333333355,50,5.17641485231e-14,-1.08039445446e-13,1,1.25
4,1.66666666668,-0.833333333322,-0.833333333322,50,1.15740750317e-13,-5.86926340862e-14,1,1.25
5,1.66666666667,-0.833333333333,-0.833333333333,50,1.28369537222e-15,5.4733995114e-14,1,1.25
6,1.66666666664,-0.833333333355,-0.833333333355,50,8.74300631892e-15,1.97619698383e-14,1,1.25
7,1.66666666666,-0.833333333344,-0.833333333344,50,1.19557141964e-13,-3.34567443194e-14,1,1.25
8,1.66666666666,-0.833333333344,-0.833333333344,50,1.48145384848e-13,-7.89299181569e-14,1,1.25
*Step  = 3
*Time  = 0.75
*Data  = mechanics_elements_si
1,3.75,-1.875,-1.875,75,-3.69496100383e-14,-4.02846159209e-14,1,2.8125
2,3.74999999998,-1.87500000002,-1.87500000002,75,-4.1668057893e-14,1.69309011255e-15,1,2.8125
3,3.74999999998,-1.87500000002,-1.87500000002,75,5.17641485231e-14,-6.1252218575e-14,1,2.8125
4,3.75000000001,-1.87499999999,-1.87499999999,75,1.15740750317e-13,-2.65256566712e-14,1,2.8125
5,3.75000000001,-1.87499999999,-1.87499999999,75,1.28369537222e-15,4.69242700252e-16,1,2.8125
6,3.74999999998,-1.87500000002,-1.87500000002,75,8.74300631892e-15,-4.73926453637e-15,1,2.8125
7,3.75,-1.875,-1.875,75,1.19557141964e-13,-4.75114739218e-14,1,2.8125
8,3.74999999999,-1.87500000001,-1.87500000001,75,1.48145384848e-13,-9.66934865509e-14,1,2.8125
*Step  = 4
*Time  = 1
*Data  = mechanics_elements_si
1,6.66666666666,-3.33333333334,-3.33333333334,100,2.08166817117e-15,-1.48089006335e-13,1,5
2,6.66666666666,-3.33333333334,-3.33333333334,100,1.70002900646e-15,-1.19890208872e-13,1,5
3,6.66666666664,-3.33333333336,-3.33333333336,100,9.33975119466e-14,-1.17355777873e-13,1,5
4,6.66666666667,-3.33333333333,-3.33333333333,100,1.43496325933e-13,-3.59920426796e-14,1,5
5,6.66666666667,-3.33333333333,-3.33333333333,100,-5.4227455859e-14,7.728453294e-14,1,5
6,6.66666666667,-3.33333333333,-3.33333333333,100,-4.67681449123e-14,3.32095462241e-14,1,5
7,6.66666666666,-3.33333333334,-3.33333333334,100,6.40459907331e-14,6.79959560879e-14,1,5
8,6.66666666664,-3.33333333336,-3.33333333336,100,6.48786580015e-14,3.50414142147e-15,1,5
