===========================================================================
         ________    _________   _______       __     _________            
        |        |\ |        |\ |       \\    |  |\  /         \\          
        |    ____|| |    ____|| |    __  ||   |__|| |    ___    ||         
        |   |\___\| |   |\___\| |   |\_| ||    \_\| |   //  \   ||         
        |   ||__    |   ||__    |   ||_| ||   |  |\ |  ||    |  ||         
        |       |\  |       |\  |         \\  |  || |  ||    |  ||         
        |    ___||  |    ___||  |    ___   || |  || |  ||    |  ||         
        |   |\__\|  |   |\__\|  |   |\__|  || |  || |  ||    |  ||         
        |   ||      |   ||___   |   ||__|  || |  || |   \\__/   ||         
        |   ||      |        |\ |          || |  || |           ||         
        |___||      |________|| |_________//  |__||  \_________//          
                                                                           
      F I N I T E   E L E M E N T S   F O R   B I O M E C H A N I C S      
                                                                           
  version 4.13.0
  FEBio is a registered trademark.                                         
  copyright (c) 2006-2026 - All rights reserved                            
                                                                           
===========================================================================





 FILES USED
===========================================================================
	Input file : shear.feb
	Plot file  : shear.xplt
	Log file   : shear.log


 MESH INFO
===========================================================================
	Number of materials ............................ : 1
	Number of domains .............................. : 1
	Number of nodes ................................ : 27
	Number of solid elements ....................... : 8


 MODULE
===========================================================================
	Module type ....................................... : solid


 CONTROL DATA
===========================================================================
	analysis .......................................... : STATIC (0)
	time_steps ........................................ : 4
	step_size ......................................... : 0.25
	plot_zero_state ................................... : no (0)
	plot_range ........................................ : 0,-1
	plot_level ........................................ : PLOT_MAJOR_ITRS (1)
	output_level ...................................... : OUTPUT_MAJOR_ITRS (1)
	plot_stride ....................................... : 1
	output_stride ..................................... : 1
	adaptor_re_solve .................................. : yes (1)
	Auto time stepper activated ....................... : no
 SOLVER PARAMETERS
===========================================================================
	symmetric_stiffness ............................... : symmetric (1)
	equation_scheme ................................... : staggered (0)
	equation_order .................................... : default (0)
	optimize_bw ....................................... : no (0)
	lstol ............................................. : 0.9
	lsmin ............................................. : 0.01
	lsiter ............................................ : 5
	ls_check_jacobians ................................ : no (0)
	max_refs .......................................... : 15
	check_zero_diagonal ............................... : no (0)
	zero_diagonal_tol ................................. : 0
	force_partition ................................... : 0
	reform_each_time_step ............................. : yes (1)
	reform_augment .................................... : no (0)
	diverge_reform .................................... : yes (1)
	min_residual ...................................... : 1e-20
	max_residual ...................................... : 0
	dtol .............................................. : 1e-10
	etol .............................................. : 1e-10
	rtol .............................................. : 1e-10
	rhoi .............................................. : -2
	alpha ............................................. : 1
	beta .............................................. : 0.25
	gamma ............................................. : 0.5
	logSolve .......................................... : no (0)
	arc_length ........................................ : 0
	arc_length_scale .................................. : 0






 MATERIAL DATA
===========================================================================
  1 - reference_ogden (type: Ogden)
	density ........................................... : 1
	k ................................................. : 49666.7
	pressure_model .................................... : NIKE3D (1)
	c1 ................................................ : 2000
	c2 ................................................ : 0
	c3 ................................................ : 0
	c4 ................................................ : 0
	c5 ................................................ : 0
	c6 ................................................ : 0
	m1 ................................................ : 2
	m2 ................................................ : 2
	m3 ................................................ : 2
	m4 ................................................ : 2
	m5 ................................................ : 2
	m6 ................................................ : 2


 BOUNDARY CONDITION DATA
===========================================================================
  1 -  Type: prescribed displacement
	dof ............................................... : 0
	value ............................................. : 0
	relative .......................................... : no (0)
---------------------------------------------------------------------------
  2 -  Type: prescribed displacement
	dof ............................................... : 1
	value ............................................. : 0
	relative .......................................... : no (0)
---------------------------------------------------------------------------
  3 -  Type: prescribed displacement
	dof ............................................... : 2
	value ............................................. : 0
	relative .......................................... : no (0)
---------------------------------------------------------------------------
  4 -  Type: prescribed displacement
	dof ............................................... : 0
	value ............................................. : 0
	relative .......................................... : no (0)
---------------------------------------------------------------------------
  5 -  Type: prescribed displacement
	dof ............................................... : 1
	value ............................................. : 0
	relative .......................................... : no (0)
---------------------------------------------------------------------------
  6 -  Type: prescribed displacement
	dof ............................................... : 2
	value ............................................. : 0
	relative .......................................... : no (0)
---------------------------------------------------------------------------
  7 -  Type: prescribed displacement
	dof ............................................... : 0
	value ............................................. : 0
	relative .......................................... : no (0)
---------------------------------------------------------------------------
  8 -  Type: prescribed displacement
	dof ............................................... : 1
	value ............................................. : 0
	relative .......................................... : no (0)
---------------------------------------------------------------------------
  9 -  Type: prescribed displacement
	dof ............................................... : 2
	value ............................................. : 0
	relative .......................................... : no (0)
---------------------------------------------------------------------------
 10 -  Type: prescribed displacement
	dof ............................................... : 0
	value ............................................. : 0.0005
	relative .......................................... : no (0)
---------------------------------------------------------------------------
 11 -  Type: prescribed displacement
	dof ............................................... : 1
	value ............................................. : 0
	relative .......................................... : no (0)
---------------------------------------------------------------------------
 12 -  Type: prescribed displacement
	dof ............................................... : 2
	value ............................................. : 0
	relative .......................................... : no (0)
---------------------------------------------------------------------------
 13 -  Type: prescribed displacement
	dof ............................................... : 0
	value ............................................. : 0.0005
	relative .......................................... : no (0)
---------------------------------------------------------------------------
 14 -  Type: prescribed displacement
	dof ............................................... : 1
	value ............................................. : 0
	relative .......................................... : no (0)
---------------------------------------------------------------------------
 15 -  Type: prescribed displacement
	dof ............................................... : 2
	value ............................................. : 0
	relative .......................................... : no (0)
---------------------------------------------------------------------------
 16 -  Type: prescribed displacement
	dof ............................................... : 0
	value ............................................. : 0.0005
	relative .......................................... : no (0)
---------------------------------------------------------------------------
 17 -  Type: prescribed displacement
	dof ............................................... : 1
	value ............................................. : 0
	relative .......................................... : no (0)
---------------------------------------------------------------------------
 18 -  Type: prescribed displacement
	dof ............................................... : 2
	value ............................................. : 0
	relative .......................................... : no (0)
---------------------------------------------------------------------------
 19 -  Type: prescribed displacement
	dof ............................................... : 0
	value ............................................. : 0.001
	relative .......................................... : no (0)
---------------------------------------------------------------------------
 20 -  Type: prescribed displacement
	dof ............................................... : 1
	value ............................................. : 0
	relative .......................................... : no (0)
---------------------------------------------------------------------------
 21 -  Type: prescribed displacement
	dof ............................................... : 2
	value ............................................. : 0
	relative .......................................... : no (0)
---------------------------------------------------------------------------
 22 -  Type: prescribed displacement
	dof ............................................... : 0
	value ............................................. : 0.001
	relative .......................................... : no (0)
---------------------------------------------------------------------------
 23 -  Type: prescribed displacement
	dof ............................................... : 1
	value ............................................. : 0
	relative .......................................... : no (0)
---------------------------------------------------------------------------
 24 -  Type: prescribed displacement
	dof ............................................... : 2
	value ............................................. : 0
	relative .......................................... : no (0)
---------------------------------------------------------------------------
 25 -  Type: prescribed displacement
	dof ............................................... : 0
	value ............................................. : 0.001
	relative .......................................... : no (0)
---------------------------------------------------------------------------
 26 -  Type: prescribed displacement
	dof ............................................... : 1
	value ............................................. : 0
	relative .......................................... : no (0)
---------------------------------------------------------------------------
 27 -  Type: prescribed displacement
	dof ............................................... : 2
	value ............................................. : 0
	relative .......................................... : no (0)
---------------------------------------------------------------------------
 28 -  Type: prescribed displacement
	dof ............................................... : 0
	value ............................................. : 0
	relative .......................................... : no (0)
---------------------------------------------------------------------------
 29 -  Type: prescribed displacement
	dof ............................................... : 1
	value ............................................. : 0
	relative .......................................... : no (0)
---------------------------------------------------------------------------
 30 -  Type: prescribed displacement
	dof ............................................... : 2
	value ............................................. : 0
	relative .......................................... : no (0)
---------------------------------------------------------------------------
 31 -  Type: prescribed displacement
	dof ............................................... : 0
	value ............................................. : 0
	relative .......................................... : no (0)
---------------------------------------------------------------------------
 32 -  Type: prescribed displacement
	dof ............................................... : 1
	value ............................................. : 0
	relative .......................................... : no (0)
---------------------------------------------------------------------------
 33 -  Type: prescribed displacement
	dof ............................................... : 2
	value ............................................. : 0
	relative .......................................... : no (0)
---------------------------------------------------------------------------
 34 -  Type: prescribed displacement
	dof ............................................... : 0
	value ............................................. : 0
	relative .......................................... : no (0)
---------------------------------------------------------------------------
 35 -  Type: prescribed displacement
	dof ............................................... : 1
	value ............................................. : 0
	relative .......................................... : no (0)
---------------------------------------------------------------------------
 36 -  Type: prescribed displacement
	dof ............................................... : 2
	value ............................................. : 0
	relative .......................................... : no (0)
---------------------------------------------------------------------------
 37 -  Type: prescribed displacement
	dof ............................................... : 0
	value ............................................. : 0.0005
	relative .......................................... : no (0)
---------------------------------------------------------------------------
 38 -  Type: prescribed displacement
	dof ............................................... : 1
	value ............................................. : 0
	relative .......................................... : no (0)
---------------------------------------------------------------------------
 39 -  Type: prescribed displacement
	dof ............................................... : 2
	value ............................................. : 0
	relative .......................................... : no (0)
---------------------------------------------------------------------------
 40 -  Type: prescribed displacement
	dof ............................................... : 0
	value ............................................. : 0.0005
	relative .......................................... : no (0)
---------------------------------------------------------------------------
 41 -  Type: prescribed displacement
	dof ............................................... : 1
	value ............................................. : 0
	relative .......................................... : no (0)
---------------------------------------------------------------------------
 42 -  Type: prescribed displacement
	dof ............................................... : 2
	value ............................................. : 0
	relative .......................................... : no (0)
---------------------------------------------------------------------------
 43 -  Type: prescribed displacement
	dof ............................................... : 0
	value ............................................. : 0.001
	relative .......................................... : no (0)
---------------------------------------------------------------------------
 44 -  Type: prescribed displacement
	dof ............................................... : 1
	value ............................................. : 0
	relative .......................................... : no (0)
---------------------------------------------------------------------------
 45 -  Type: prescribed displacement
	dof ............................................... : 2
	value ............................................. : 0
	relative .......................................... : no (0)
---------------------------------------------------------------------------
 46 -  Type: prescribed displacement
	dof ............................................... : 0
	value ............................................. : 0.001
	relative .......................................... : no (0)
---------------------------------------------------------------------------
 47 -  Type: prescribed displacement
	dof ............................................... : 1
	value ............................................. : 0
	relative .......................................... : no (0)
---------------------------------------------------------------------------
 48 -  Type: prescribed displacement
	dof ............................................... : 2
	value ............................................. : 0
	relative .......................................... : no (0)
---------------------------------------------------------------------------
 49 -  Type: prescribed displacement
	dof ............................................... : 0
	value ............................................. : 0.001
	relative .......................................... : no (0)
---------------------------------------------------------------------------
 50 -  Type: prescribed displacement
	dof ............................................... : 1
	value ............................................. : 0
	relative .......................................... : no (0)
---------------------------------------------------------------------------
 51 -  Type: prescribed displacement
	dof ............................................... : 2
	value ............................................. : 0
	relative .......................................... : no (0)
---------------------------------------------------------------------------
 52 -  Type: prescribed displacement
	dof ............................................... : 0
	value ............................................. : 0
	relative .......................................... : no (0)
---------------------------------------------------------------------------
 53 -  Type: prescribed displacement
	dof ............................................... : 1
	value ............................................. : 0
	relative .......................................... : no (0)
---------------------------------------------------------------------------
 54 -  Type: prescribed displacement
	dof ............................................... : 2
	value ............................................. : 0
	relative .......................................... : no (0)
---------------------------------------------------------------------------
 55 -  Type: prescribed displacement
	dof ............................................... : 0
	value ............................................. : 0
	relative .......................................... : no (0)
---------------------------------------------------------------------------
 56 -  Type: prescribed displacement
	dof ............................................... : 1
	value ............................................. : 0
	relative .......................................... : no (0)
---------------------------------------------------------------------------
 57 -  Type: prescribed displacement
	dof ............................................... : 2
	value ............................................. : 0
	relative .......................................... : no (0)
---------------------------------------------------------------------------
 58 -  Type: prescribed displacement
	dof ............................................... : 0
	value ............................................. : 0
	relative .......................................... : no (0)
---------------------------------------------------------------------------
 59 -  Type: prescribed displacement
	dof ............................................... : 1
	value ............................................. : 0
	relative .......................................... : no (0)
---------------------------------------------------------------------------
 60 -  Type: prescribed displacement
	dof ............................................... : 2
	value ............................................. : 0
	relative .......................................... : no (0)
---------------------------------------------------------------------------
 61 -  Type: prescribed displacement
	dof ............................................... : 0
	value ............................................. : 0.0005
	relative .......................................... : no (0)
---------------------------------------------------------------------------
 62 -  Type: prescribed displacement
	dof ............................................... : 1
	value ............................................. : 0
	relative .......................................... : no (0)
---------------------------------------------------------------------------
 63 -  Type: prescribed displacement
	dof ............................................... : 2
	value ............................................. : 0
	relative .......................................... : no (0)
---------------------------------------------------------------------------
 64 -  Type: prescribed displacement
	dof ............................................... : 0
	value ............................................. : 0.0005
	relative .......................................... : no (0)
---------------------------------------------------------------------------
 65 -  Type: prescribed displacement
	dof ............................................... : 1
	value ............................................. : 0
	relative .......................................... : no (0)
---------------------------------------------------------------------------
 66 -  Type: prescribed displacement
	dof ............................................... : 2
	value ............................................. : 0
	relative .......................................... : no (0)
---------------------------------------------------------------------------
 67 -  Type: prescribed displacement
	dof ............................................... : 0
	value ............................................. : 0.0005
	relative .......................................... : no (0)
---------------------------------------------------------------------------
 68 -  Type: prescribed displacement
	dof ............................................... : 1
	value ............................................. : 0
	relative .......................................... : no (0)
---------------------------------------------------------------------------
 69 -  Type: prescribed displacement
	dof ............................................... : 2
	value ............................................. : 0
	relative .......................................... : no (0)
---------------------------------------------------------------------------
 70 -  Type: prescribed displacement
	dof ............................................... : 0
	value ............................................. : 0.001
	relative .......................................... : no (0)
---------------------------------------------------------------------------
 71 -  Type: prescribed displacement
	dof ............................................... : 1
	value ............................................. : 0
	relative .......................................... : no (0)
---------------------------------------------------------------------------
 72 -  Type: prescribed displacement
	dof ............................................... : 2
	value ............................................. : 0
	relative .......................................... : no (0)
---------------------------------------------------------------------------
 73 -  Type: prescribed displacement
	dof ............................................... : 0
	value ............................................. : 0.001
	relative .......................................... : no (0)
---------------------------------------------------------------------------
 74 -  Type: prescribed displacement
	dof ............................................... : 1
	value ............................................. : 0
	relative .......................................... : no (0)
---------------------------------------------------------------------------
 75 -  Type: prescribed displacement
	dof ............................................... : 2
	value ............................................. : 0
	relative .......................................... : no (0)
---------------------------------------------------------------------------
 76 -  Type: prescribed displacement
	dof ............................................... : 0
	value ............................................. : 0.001
	relative .......................................... : no (0)
---------------------------------------------------------------------------
 77 -  Type: prescribed displacement
	dof ............................................... : 1
	value ............................................. : 0
	relative .......................................... : no (0)
---------------------------------------------------------------------------
 78 -  Type: prescribed displacement
	dof ............................................... : 2
	value ............................................. : 0
	relative .......................................... : no (0)


 LOAD CONTROLLER DATA
===========================================================================
load controller   1 - lc1 (type: loadcurve)
	interpolate ....................................... : LINEAR (0)
	extend ............................................ : CONSTANT (0)
	points ............................................ : (can't display value)


 OUTPUT DATA
===========================================================================
 LINEAR SOLVER DATA
===========================================================================
	Default linear solver ............................. : skyline


Data Record #1
===========================================================================
Step = 0
Time = 0
Data = mechanics_nodes_si
File = shear.nodes.log

Data Record #2
===========================================================================
Step = 0
Time = 0
Data = mechanics_elements_si
File = shear.elements.log

 *************************************************************************
 * Selecting linear solver skyline                                       *
 *************************************************************************

===== beginning time step 1 : 0.25 =====


Reforming stiffness matrix: reformation #1

===== reforming stiffness matrix:
	Nr of equations ........................... : 81
	Nr of nonzeroes in stiffness matrix ....... : 2268
 1
 Nonlinear solution status: time= 0.25
	stiffness updates             = 0
	right hand side evaluations   = 2
	stiffness matrix reformations = 1
	step from line search         = 1.000000
	convergence norms :     INITIAL         CURRENT         REQUIRED
	   residual            3.018102e-04    1.309244e-32    3.018102e-14 
	   energy              2.171586e-06    8.514375e-21    2.171586e-16 
	   displacement        1.562500e-08    1.562500e-08    1.562500e-28 

 *************************************************************************
 *                               WARNING                                 *
 * No force acting on the system.                                        *
 *************************************************************************

convergence summary
    number of iterations   : 1
    number of reformations : 1

------- converged at time : 0.25


Data Record #1
===========================================================================
Step = 1
Time = 0.25
Data = mechanics_nodes_si
File = shear.nodes.log

Data Record #2
===========================================================================
Step = 1
Time = 0.25
Data = mechanics_elements_si
File = shear.elements.log

===== beginning time step 2 : 0.5 =====


Reforming stiffness matrix: reformation #1

 1
 Nonlinear solution status: time= 0.5
	stiffness updates             = 0
	right hand side evaluations   = 2
	stiffness matrix reformations = 1
	step from line search         = 1.000000
	convergence norms :     INITIAL         CURRENT         REQUIRED
	   residual            3.019860e-04    1.287529e-32    3.019860e-14 
	   energy              2.171610e-06    9.161508e-21    2.171610e-16 
	   displacement        1.562500e-08    1.562500e-08    1.562500e-28 

 *************************************************************************
 *                               WARNING                                 *
 * No force acting on the system.                                        *
 *************************************************************************

convergence summary
    number of iterations   : 1
    number of reformations : 1

------- converged at time : 0.5


Data Record #1
===========================================================================
Step = 2
Time = 0.5
Data = mechanics_nodes_si
File = shear.nodes.log

Data Record #2
===========================================================================
Step = 2
Time = 0.5
Data = mechanics_elements_si
File = shear.elements.log

===== beginning time step 3 : 0.75 =====


Reforming stiffness matrix: reformation #1

 1
 Nonlinear solution status: time= 0.75
	stiffness updates             = 0
	right hand side evaluations   = 2
	stiffness matrix reformations = 1
	step from line search         = 1.000000
	convergence norms :     INITIAL         CURRENT         REQUIRED
	   residual            3.025133e-04    5.827807e-32    3.025133e-14 
	   energy              2.171682e-06    2.615638e-20    2.171682e-16 
	   displacement        1.562500e-08    1.562500e-08    1.562500e-28 

 *************************************************************************
 *                               WARNING                                 *
 * No force acting on the system.                                        *
 *************************************************************************

convergence summary
    number of iterations   : 1
    number of reformations : 1

------- converged at time : 0.75


Data Record #1
===========================================================================
Step = 3
Time = 0.75
Data = mechanics_nodes_si
File = shear.nodes.log

Data Record #2
===========================================================================
Step = 3
Time = 0.75
Data = mechanics_elements_si
File = shear.elements.log

===== beginning time step 4 : 1 =====


Reforming stiffness matrix: reformation #1

 1
 Nonlinear solution status: time= 1
	stiffness updates             = 0
	right hand side evaluations   = 2
	stiffness matrix reformations = 1
	step from line search         = 1.000000
	convergence norms :     INITIAL         CURRENT         REQUIRED
	   residual            3.033924e-04    6.438490e-32    3.033924e-14 
	   energy              2.171803e-06    1.097755e-20    2.171803e-16 
	   displacement        1.562500e-08    1.562500e-08    1.562500e-28 

 *************************************************************************
 *                               WARNING                                 *
 * No force acting on the system.                                        *
 *************************************************************************

convergence summary
    number of iterations   : 1
    number of reformations : 1

------- converged at time : 1


Data Record #1
===========================================================================
Step = 4
Time = 1
Data = mechanics_nodes_si
File = shear.nodes.log

Data Record #2
===========================================================================
Step = 4
Time = 1
Data = mechanics_elements_si
File = shear.elements.log


 N O N L I N E A R   I T E R A T I O N   I N F O R M A T I O N

	Number of time steps completed .................... : 4

	Total number of equilibrium iterations ............ : 4

	Average number of equilibrium iterations .......... : 1

	Total number of right hand evaluations ............ : 8

	Total number of stiffness reformations ............ : 4


 L I N E A R   S O L V E R   S T A T S

	Total calls to linear solver ........ : 0

	Avg iterations per solve ............ : 0

	Time in linear solver: 0:00:00


 Elapsed time : 0:00:00

 T I M I N G   I N F O R M A T I O N

	Input time ...................... : 0:00:00 (0.001809 sec)

	Initialization time ............. : 0:00:00 (0.000260124 sec)

	Solve time ...................... : 0:00:00 (0.00221487 sec)

	   IO-time (plot, dmp, data) .... : 0:00:00 (0.00151396 sec)

	   serialization ................ : 0:00:00 (0 sec)

	   reforming stiffness .......... : 0:00:00 (6.596e-05 sec)

	   evaluating stiffness ......... : 0:00:00 (0.00037425 sec)

	   evaluating residual .......... : 0:00:00 (6.6459e-05 sec)

	   model update ................. : 0:00:00 (0.000431377 sec)

	   QN updates ................... : 0:00:00 (0 sec)

	   time in linear solver ........ : 0:00:00 (0.000103084 sec)

	Total elapsed time .............. : 0:00:00 (0.00474258 sec)


 N O R M A L   T E R M I N A T I O N

