FF                                                                       [100%]
=================================== FAILURES ===================================
__________ test_arm_dictionary_keys_must_match_actual_method_identity __________

tmp_path = PosixPath('/private/var/folders/dr/822x6zgj7r9f_8tn3g3vp11r0000gn/T/pytest-of-sayemkamal/pytest-611/test_arm_dictionary_keys_must_0')

    def test_arm_dictionary_keys_must_match_actual_method_identity(tmp_path):
        def mutate(row):
            row["arms"]["greedy_search"]["name"] = "STOP"
        write_patient(tmp_path, mutate=mutate)
>       assert runner.summarize(tmp_path)["complete_comparisons"] == 0
E       assert 1 == 0

tests/test_compare_prepared_training_planners_review.py:86: AssertionError
______ test_historical_block_cannot_be_promoted_into_an_attempted_patient ______

tmp_path = PosixPath('/private/var/folders/dr/822x6zgj7r9f_8tn3g3vp11r0000gn/T/pytest-of-sayemkamal/pytest-611/test_historical_block_cannot_b0')

    def test_historical_block_cannot_be_promoted_into_an_attempted_patient(tmp_path):
        directory = write_patient(tmp_path)
        row = json.loads((directory / "receipt.json").read_text())
        row["subject"] = "sub-PAT16"
        (directory / "receipt.json").write_text(json.dumps(row))
        directory.rename(tmp_path / "sub-PAT16")
>       assert runner.summarize(tmp_path)["complete_comparisons"] == 0
E       assert 1 == 0

tests/test_compare_prepared_training_planners_review.py:95: AssertionError
=========================== short test summary info ============================
FAILED tests/test_compare_prepared_training_planners_review.py::test_arm_dictionary_keys_must_match_actual_method_identity
FAILED tests/test_compare_prepared_training_planners_review.py::test_historical_block_cannot_be_promoted_into_an_attempted_patient
2 failed, 15 deselected in 0.13s
