*Step  = 0
*Time  = 0
*Data  = mechanics_elements_si
1,0,0,0,0,0,0,1,0
2,0,0,0,0,0,0,1,0
3,0,0,0,0,0,0,1,0
4,0,0,0,0,0,0,1,0
5,0,0,0,0,0,0,1,0
6,0,0,0,0,0,0,1,0
*Step  = 1
*Time  = 0.25
*Data  = mechanics_elements_si
1,82.0933959819,62.2728131079,72.1429819256,4.92582532712,2.475258099,4.68303507951e-10,1.00749370312,0.336043766257
2,82.0933960002,62.2728131022,72.1429819312,4.92582532645,2.47525809315,6.34783218004e-09,1.00749370313,0.336043766406
3,82.0933960169,62.2728131061,72.1429819234,4.92582533214,2.47525808745,5.8797746819e-09,1.00749370313,0.336043766516
4,82.0933960153,62.2728131157,72.14298191,4.9258253385,2.47525808761,-4.68318366725e-10,1.00749370313,0.336043766478
5,82.093395997,62.2728131214,72.1429819044,4.92582533917,2.47525809346,-6.34801599307e-09,1.00749370312,0.336043766329
6,82.0933959803,62.2728131175,72.1429819122,4.92582533348,2.47525809916,-5.87960981464e-09,1.00749370312,0.336043766219
*Step  = 2
*Time  = 0.5
*Data  = mechanics_elements_si
1,163.384484621,124.094947931,143.581192421,9.70653978566,4.90204649163,1.01912534835e-09,1.014974625,1.33838717218
2,163.384484658,124.09494792,143.581192432,9.70653978422,4.90204648011,1.26492669342e-08,1.014974625,1.33838717277
3,163.384484692,124.094947928,143.581192417,9.70653979547,4.90204646882,1.16302051462e-08,1.014974625,1.33838717322
4,163.384484689,124.094947947,143.581192391,9.70653980816,4.90204646907,-1.01903036877e-09,1.014974625,1.33838717307
5,163.384484652,124.094947958,143.581192379,9.7065398096,4.90204648059,-1.26493244403e-08,1.014974625,1.33838717247
6,163.384484618,124.09494795,143.581192395,9.70653979835,4.90204649187,-1.16301852923e-08,1.014974625,1.33838717203
*Step  = 3
*Time  = 0.75
*Data  = mechanics_elements_si
1,243.889213787,185.471821718,214.328170405,14.3468633715,7.28184629566,1.59997445848e-09,1.02244248437,2.99842977441
2,243.889213842,185.471821701,214.328170422,14.3468633692,7.28184627863,1.88594743329e-08,1.02244248438,2.99842977574
3,243.889213892,185.471821713,214.328170399,14.3468633859,7.28184626187,1.72594939001e-08,1.02244248438,2.99842977674
4,243.889213888,185.471821741,214.32817036,14.3468634049,7.28184626213,-1.59991568952e-09,1.02244248438,2.99842977641
5,243.889213833,185.471821757,214.328170344,14.3468634071,7.28184627915,-1.88595161051e-08,1.02244248437,2.99842977508
6,243.889213783,185.471821745,214.328170366,14.3468633904,7.28184629592,-1.72594713972e-08,1.02244248437,2.99842977408
*Step  = 4
*Time  = 1
*Data  = mechanics_elements_si
1,323.62301003,246.408687483,284.396991742,18.851338911,9.61608705361,2.20919484442e-09,1.029897,5.3076762891
2,323.623010102,246.408687461,284.396991763,18.8513389078,9.61608703126,2.49793128092e-08,1.029897,5.30767629144
3,323.623010169,246.408687476,284.396991733,18.8513389299,9.61608700911,2.27699503384e-08,1.029897,5.30767629321
4,323.623010164,246.408687513,284.396991681,18.851338955,9.61608700932,-2.20933040265e-09,1.029897,5.30767629264
5,323.623010092,246.408687534,284.39699166,18.8513389581,9.61608703168,-2.49794487074e-08,1.029897,5.3076762903
6,323.623010025,246.408687519,284.39699169,18.8513389361,9.61608705383,-2.27700055165e-08,1.029897,5.30767628853
