..........F.....FFFF...                                                  [100%]
=================================== FAILURES ===================================
_ test_declared_mismatch_precedes_any_optimizer_or_scored_episode[world_generator] _

tmp_path = PosixPath('/private/var/folders/dr/822x6zgj7r9f_8tn3g3vp11r0000gn/T/pytest-of-sayemkamal/pytest-314/test_declared_mismatch_precede2')
monkeypatch = <_pytest.monkeypatch.MonkeyPatch object at 0x111983920>
attack = 'world_generator'

    @pytest.mark.parametrize("attack", ["world_order", "final_role", "world_generator", "model", "profile"])
    def test_declared_mismatch_precedes_any_optimizer_or_scored_episode(tmp_path, monkeypatch, attack):
        case, base, panels, arm = fixture(tmp_path, "FEATURE_UNITS")
        if attack == "world_order":
            arm["world_partitions"]["optimization"]["seeds"].reverse()
        elif attack == "final_role":
            arm["world_partitions"]["selection"]["role"] = "final_evaluation"
        elif attack == "world_generator":
>           arm["world_partitions"]["selection"]["generator"]["translation_scale_mm"][0] = 1.
            ^^^^^^^^^^^^^^^^^^^^^^^^^^^^^^^^^^^^^^^^^^^^^^^^^^^^^^^^^^^^^^^^^^^^^^^^^^^^
E           TypeError: 'tuple' object does not support item assignment

tests/test_native_axis_feature_units_review.py:93: TypeError
_ test_completed_authority_cannot_contradict_worker_resource_bounds[cancelled] _

completed = {'RAW': {'output': PosixPath('/private/var/folders/dr/822x6zgj7r9f_8tn3g3vp11r0000gn/T/pytest-of-sayemkamal/pytest-314...odes': 2, 'decision_model_hash': 'sha256:256df86fc8e29049cf77a8bfc9d094f25306c2a979e68906cad829d49212220f', ...}, ...}}
tmp_path = PosixPath('/private/var/folders/dr/822x6zgj7r9f_8tn3g3vp11r0000gn/T/pytest-of-sayemkamal/pytest-314/test_completed_authority_canno0')
monkeypatch = <_pytest.monkeypatch.MonkeyPatch object at 0x114f5b3b0>
attack = 'cancelled'

    @pytest.mark.parametrize("attack", ["cancelled", "rss", "elapsed", "budget"])
    def test_completed_authority_cannot_contradict_worker_resource_bounds(completed, tmp_path, monkeypatch, attack):
        make_authorities(completed, tmp_path, monkeypatch)
        declaration = runner.load_declaration()
        folder = tmp_path / "FEATURE_UNITS"
        path = folder / "worker-status.json"
        worker = json.loads(path.read_text())
        resource = {"budget": copy.deepcopy(declaration["fixed_protocol"]["resource_budget_per_arm"]),
            "elapsed_seconds": 1., "observed_peak_rss_bytes": 1024, "cancellation_reason": None,
            "cancellation_callback_calls": 1, "cancellation_callback_seconds": 0.,
            "budget_request_to_receipt_seconds": None}
        if attack == "cancelled":
            resource["cancellation_reason"] = "parent_cancellation"
        elif attack == "rss":
            resource["observed_peak_rss_bytes"] = resource["budget"]["process_peak_rss_bytes"] + 1
        elif attack == "elapsed":
            resource["elapsed_seconds"] = resource["budget"]["worker_wall_seconds"] + 1
        else:
            resource["budget"]["worker_wall_seconds"] *= 10
        worker["resource"] = resource
        _write(path, worker)
>       with pytest.raises(ValueError):
             ^^^^^^^^^^^^^^^^^^^^^^^^^
E       Failed: DID NOT RAISE ValueError

tests/test_native_axis_feature_units_review.py:165: Failed
____ test_completed_authority_cannot_contradict_worker_resource_bounds[rss] ____

completed = {'RAW': {'output': PosixPath('/private/var/folders/dr/822x6zgj7r9f_8tn3g3vp11r0000gn/T/pytest-of-sayemkamal/pytest-314...odes': 2, 'decision_model_hash': 'sha256:256df86fc8e29049cf77a8bfc9d094f25306c2a979e68906cad829d49212220f', ...}, ...}}
tmp_path = PosixPath('/private/var/folders/dr/822x6zgj7r9f_8tn3g3vp11r0000gn/T/pytest-of-sayemkamal/pytest-314/test_completed_authority_canno1')
monkeypatch = <_pytest.monkeypatch.MonkeyPatch object at 0x1123547d0>
attack = 'rss'

    @pytest.mark.parametrize("attack", ["cancelled", "rss", "elapsed", "budget"])
    def test_completed_authority_cannot_contradict_worker_resource_bounds(completed, tmp_path, monkeypatch, attack):
        make_authorities(completed, tmp_path, monkeypatch)
        declaration = runner.load_declaration()
        folder = tmp_path / "FEATURE_UNITS"
        path = folder / "worker-status.json"
        worker = json.loads(path.read_text())
        resource = {"budget": copy.deepcopy(declaration["fixed_protocol"]["resource_budget_per_arm"]),
            "elapsed_seconds": 1., "observed_peak_rss_bytes": 1024, "cancellation_reason": None,
            "cancellation_callback_calls": 1, "cancellation_callback_seconds": 0.,
            "budget_request_to_receipt_seconds": None}
        if attack == "cancelled":
            resource["cancellation_reason"] = "parent_cancellation"
        elif attack == "rss":
            resource["observed_peak_rss_bytes"] = resource["budget"]["process_peak_rss_bytes"] + 1
        elif attack == "elapsed":
            resource["elapsed_seconds"] = resource["budget"]["worker_wall_seconds"] + 1
        else:
            resource["budget"]["worker_wall_seconds"] *= 10
        worker["resource"] = resource
        _write(path, worker)
>       with pytest.raises(ValueError):
             ^^^^^^^^^^^^^^^^^^^^^^^^^
E       Failed: DID NOT RAISE ValueError

tests/test_native_axis_feature_units_review.py:165: Failed
__ test_completed_authority_cannot_contradict_worker_resource_bounds[elapsed] __

completed = {'RAW': {'output': PosixPath('/private/var/folders/dr/822x6zgj7r9f_8tn3g3vp11r0000gn/T/pytest-of-sayemkamal/pytest-314...odes': 2, 'decision_model_hash': 'sha256:256df86fc8e29049cf77a8bfc9d094f25306c2a979e68906cad829d49212220f', ...}, ...}}
tmp_path = PosixPath('/private/var/folders/dr/822x6zgj7r9f_8tn3g3vp11r0000gn/T/pytest-of-sayemkamal/pytest-314/test_completed_authority_canno2')
monkeypatch = <_pytest.monkeypatch.MonkeyPatch object at 0x112390b00>
attack = 'elapsed'

    @pytest.mark.parametrize("attack", ["cancelled", "rss", "elapsed", "budget"])
    def test_completed_authority_cannot_contradict_worker_resource_bounds(completed, tmp_path, monkeypatch, attack):
        make_authorities(completed, tmp_path, monkeypatch)
        declaration = runner.load_declaration()
        folder = tmp_path / "FEATURE_UNITS"
        path = folder / "worker-status.json"
        worker = json.loads(path.read_text())
        resource = {"budget": copy.deepcopy(declaration["fixed_protocol"]["resource_budget_per_arm"]),
            "elapsed_seconds": 1., "observed_peak_rss_bytes": 1024, "cancellation_reason": None,
            "cancellation_callback_calls": 1, "cancellation_callback_seconds": 0.,
            "budget_request_to_receipt_seconds": None}
        if attack == "cancelled":
            resource["cancellation_reason"] = "parent_cancellation"
        elif attack == "rss":
            resource["observed_peak_rss_bytes"] = resource["budget"]["process_peak_rss_bytes"] + 1
        elif attack == "elapsed":
            resource["elapsed_seconds"] = resource["budget"]["worker_wall_seconds"] + 1
        else:
            resource["budget"]["worker_wall_seconds"] *= 10
        worker["resource"] = resource
        _write(path, worker)
>       with pytest.raises(ValueError):
             ^^^^^^^^^^^^^^^^^^^^^^^^^
E       Failed: DID NOT RAISE ValueError

tests/test_native_axis_feature_units_review.py:165: Failed
__ test_completed_authority_cannot_contradict_worker_resource_bounds[budget] ___

completed = {'RAW': {'output': PosixPath('/private/var/folders/dr/822x6zgj7r9f_8tn3g3vp11r0000gn/T/pytest-of-sayemkamal/pytest-314...odes': 2, 'decision_model_hash': 'sha256:256df86fc8e29049cf77a8bfc9d094f25306c2a979e68906cad829d49212220f', ...}, ...}}
tmp_path = PosixPath('/private/var/folders/dr/822x6zgj7r9f_8tn3g3vp11r0000gn/T/pytest-of-sayemkamal/pytest-314/test_completed_authority_canno3')
monkeypatch = <_pytest.monkeypatch.MonkeyPatch object at 0x11231d4c0>
attack = 'budget'

    @pytest.mark.parametrize("attack", ["cancelled", "rss", "elapsed", "budget"])
    def test_completed_authority_cannot_contradict_worker_resource_bounds(completed, tmp_path, monkeypatch, attack):
        make_authorities(completed, tmp_path, monkeypatch)
        declaration = runner.load_declaration()
        folder = tmp_path / "FEATURE_UNITS"
        path = folder / "worker-status.json"
        worker = json.loads(path.read_text())
        resource = {"budget": copy.deepcopy(declaration["fixed_protocol"]["resource_budget_per_arm"]),
            "elapsed_seconds": 1., "observed_peak_rss_bytes": 1024, "cancellation_reason": None,
            "cancellation_callback_calls": 1, "cancellation_callback_seconds": 0.,
            "budget_request_to_receipt_seconds": None}
        if attack == "cancelled":
            resource["cancellation_reason"] = "parent_cancellation"
        elif attack == "rss":
            resource["observed_peak_rss_bytes"] = resource["budget"]["process_peak_rss_bytes"] + 1
        elif attack == "elapsed":
            resource["elapsed_seconds"] = resource["budget"]["worker_wall_seconds"] + 1
        else:
            resource["budget"]["worker_wall_seconds"] *= 10
        worker["resource"] = resource
        _write(path, worker)
>       with pytest.raises(ValueError):
             ^^^^^^^^^^^^^^^^^^^^^^^^^
E       Failed: DID NOT RAISE ValueError

tests/test_native_axis_feature_units_review.py:165: Failed
=========================== short test summary info ============================
FAILED tests/test_native_axis_feature_units_review.py::test_declared_mismatch_precedes_any_optimizer_or_scored_episode[world_generator]
FAILED tests/test_native_axis_feature_units_review.py::test_completed_authority_cannot_contradict_worker_resource_bounds[cancelled]
FAILED tests/test_native_axis_feature_units_review.py::test_completed_authority_cannot_contradict_worker_resource_bounds[rss]
FAILED tests/test_native_axis_feature_units_review.py::test_completed_authority_cannot_contradict_worker_resource_bounds[elapsed]
FAILED tests/test_native_axis_feature_units_review.py::test_completed_authority_cannot_contradict_worker_resource_bounds[budget]
5 failed, 18 passed in 7.49s
