{
  "decision": "PASS_SAVED_EXACT_CACHE_PAIR",
  "complete": true,
  "subject": "ReMIND-045",
  "arms": [
    {
      "arm": "baseline",
      "elapsed_seconds": 35.108654333045706,
      "construction_seconds": 1.6735345001798123,
      "cache_construction_seconds": 0.0,
      "greedy_wall_seconds": 16.31210616696626,
      "authoritative_replay_seconds": 16.57927520899102,
      "independent_audit_seconds": 0.46628562500700355,
      "native_previews": 2275,
      "committed_actions": 13,
      "cache_stats": null,
      "cache_restored_before_replay": true,
      "process_cumulative_peak_rss_before_bytes": 249692160,
      "process_cumulative_peak_rss_after_bytes": 553435136,
      "parent_arm_interval_rss": {
        "sampled_peak_rss_bytes": 552960000,
        "samples": 168
      },
      "outputs": {
        "episode-metrics": "7544b3c8f39649a4d19b0b5f74f635d7072e8c852f440dd659100b60b22f87bd",
        "greedy-plan": "172acfd52c0321b85e7ece8f1d5c9da15713084b6e6d861020c7cca6f92c23ff",
        "independent-episode": "c2d1a2b1cf714f39477d15ae1d99622a6022dc1a8d14da121d794f6bba1afee4"
      },
      "outcomes": {
        "clinical_deficit_probability": null,
        "complete_tool_path_length_mm": 95.48752381870861,
        "cumulative_contacted_tissue_upper_bound_mm3": 202.17920577005748,
        "currently_retained_contacted_tissue_upper_bound_mm3": 153.54175532537386,
        "language_surrogate": null,
        "motor_surrogate": null,
        "nonstop_actions": 12,
        "normal_removed_mm3": 0.0,
        "partial_contact_reward_weight": 0.0,
        "positive_target_source_cells_removed": 51,
        "reference_target_fraction_removed": 0.0020157306035334575,
        "simulated_removed_volume_mm3": 48.637450444683644,
        "target_removed_mm3": 48.63745044468365,
        "tool_changes": 0,
        "total_reference_target_mm3": 24128.943798057662,
        "total_reward": 48.181962920864926
      }
    },
    {
      "arm": "cached",
      "elapsed_seconds": 30.855117833940312,
      "construction_seconds": 1.666285959072411,
      "cache_construction_seconds": 0.011684790952131152,
      "greedy_wall_seconds": 11.671702875057235,
      "authoritative_replay_seconds": 16.7908175829798,
      "independent_audit_seconds": 0.635997791076079,
      "native_previews": 2275,
      "committed_actions": 13,
      "cache_stats": {
        "bypasses": 0,
        "cache_version": "experimental-exact-capsule-cover-cache-v1",
        "calls": 45354,
        "cavity_cached": false,
        "compute_seconds": 0.9848260222934186,
        "entries": 5271,
        "evictions": 0,
        "feasibility_cached": false,
        "geometry_epsilon": 1e-09,
        "geometry_source_sha256": "426dedbd11f5f88ab7c85dd3fbb188915e82db7a7e08c2ff9669d77168eb3184",
        "geometry_version": "rigid-capsules-exact-orthogonal-cells-v2",
        "guarded_direct_geometry_callables": [
          "_vector",
          "_immutable",
          "point_segment_distances",
          "_segment_cell_distances",
          "world_to_voxel",
          "voxel_to_world"
        ],
        "hits": 40083,
        "integrity_cached": false,
        "max_entries": 16384,
        "max_payload_bytes": 33554432,
        "misses": 5271,
        "mode": "exact_orthogonal_cells",
        "namespace": "sha256:10243c85aa9188701e5e778c8d8469ebde1116742a2a82fd212cc451170e10f5",
        "native_config_hash": "sha256:ad04a3e50713565847f1172dc322eff2df6d0c3e8dc2c5612ee174d2e3eadcb3",
        "native_version": "contained-native-cell-connected-suction-v2",
        "payload_scope": "array buffers only; keys/bookkeeping and process RSS separate",
        "query_seconds": 3.2121238643303514,
        "retained_payload_bytes": 21386352,
        "source_guard_sha256": "9b7a62526aa6abf4933c253f4bd72ab2a4eae2ea0c9df6846227455cc8e16b59",
        "source_hash": "sha256:e16123b7ffe0cc1fe45e643cd9e7dc43eb7ed629d281bc52a8be744cf37ab938"
      },
      "cache_restored_before_replay": true,
      "process_cumulative_peak_rss_before_bytes": 553435136,
      "process_cumulative_peak_rss_after_bytes": 587743232,
      "parent_arm_interval_rss": {
        "sampled_peak_rss_bytes": 577503232,
        "samples": 148
      },
      "outputs": {
        "episode-metrics": "7544b3c8f39649a4d19b0b5f74f635d7072e8c852f440dd659100b60b22f87bd",
        "greedy-plan": "f98777863632ff8038fee9f21b0c0bb0a2a4da4a7d248d57600a2c46d929efab",
        "independent-episode": "419c920bc12e20ccd54881fad1a27679c5b907b49f00441e4e10daac3f852bec"
      },
      "outcomes": {
        "clinical_deficit_probability": null,
        "complete_tool_path_length_mm": 95.48752381870861,
        "cumulative_contacted_tissue_upper_bound_mm3": 202.17920577005748,
        "currently_retained_contacted_tissue_upper_bound_mm3": 153.54175532537386,
        "language_surrogate": null,
        "motor_surrogate": null,
        "nonstop_actions": 12,
        "normal_removed_mm3": 0.0,
        "partial_contact_reward_weight": 0.0,
        "positive_target_source_cells_removed": 51,
        "reference_target_fraction_removed": 0.0020157306035334575,
        "simulated_removed_volume_mm3": 48.637450444683644,
        "target_removed_mm3": 48.63745044468365,
        "tool_changes": 0,
        "total_reference_target_mm3": 24128.943798057662,
        "total_reward": 48.181962920864926
      }
    }
  ],
  "native_previews": 4550,
  "source_visits": 2,
  "model_calls": 0,
  "optimizer_calls": 0,
  "checkpoint_loads": 0,
  "parent_seconds": 68.2700877089519,
  "sampled_peak_rss_bytes": 577503232,
  "output_bytes": 1119320,
  "greedy_cached_over_baseline": 0.7155239645689451,
  "greedy_baseline_over_cached": 1.397577229439733,
  "greedy_cached_minus_baseline_seconds": -4.640403291909024,
  "caveat": "One fixed baseline-first pair in one process; filesystem and allocator/order effects remain. Full-arm timers include uncached replay/current independent audit. Cache payload is not RSS; key bytes are unmeasured. No sustained, RL, beam, safety or clinical claim.",
  "checks": 1428,
  "audit_seconds": 0.019825416849926114,
  "audit_peak_rss_bytes": 26296320,
  "scope": "stdlib saved JSON/source only; no arrays/weights/models/native calls",
  "release_sha256": "cc416924c1682d192e7671e3fad772925bca03a6d4cd14f72fdf334d1b5fa83b",
  "result_sha256": "3275d6bd4d7c7c14eec4b39d4773111e015d465e4202a2f31a58bd9cbf53c76d",
  "receipt_sha256": "4ce7ecc5ef69ea5e0ff42a641f8cc7754bd5ab03ba00e07e522f02c995502761"
}
