tests/test_adversarial.py::test_source_license_cannot_smuggle_mutation_into_cached_case_hash[mutable_value0]
tests/test_adversarial.py::test_source_license_cannot_smuggle_mutation_into_cached_case_hash[mutable_value1]
tests/test_adversarial.py::test_context_unit_cannot_mutate_frozen_patient_context[mutable_value0]
tests/test_adversarial.py::test_context_unit_cannot_mutate_frozen_patient_context[mutable_value1]
tests/test_adversarial.py::test_world_generator_string_metadata_cannot_hold_mutable_objects[version]
tests/test_adversarial.py::test_world_generator_string_metadata_cannot_hold_mutable_objects[parameter_basis]
tests/test_adversarial.py::test_invalid_halo_mask_is_not_promoted_to_anatomical_evidence[nan]
tests/test_adversarial.py::test_invalid_halo_mask_is_not_promoted_to_anatomical_evidence[inf]
tests/test_adversarial.py::test_invalid_halo_mask_is_not_promoted_to_anatomical_evidence[-1.0]
tests/test_adversarial.py::test_invalid_halo_mask_is_not_promoted_to_anatomical_evidence[0.5]
tests/test_adversarial.py::test_geometry_arrays_cannot_be_unfrozen_after_cached_checks[tip]
tests/test_adversarial.py::test_geometry_arrays_cannot_be_unfrozen_after_cached_checks[axis]
tests/test_adversarial.py::test_geometry_arrays_cannot_be_unfrozen_after_cached_checks[access_center]
tests/test_adversarial.py::test_geometry_arrays_cannot_be_unfrozen_after_cached_checks[access_normal]
tests/test_adversarial.py::test_geometry_arrays_cannot_be_unfrozen_after_cached_checks[mask]
tests/test_adversarial.py::test_geometry_arrays_cannot_be_unfrozen_after_cached_checks[affine]
tests/test_adversarial.py::test_rigid_reframing_preserves_anisotropic_whole_tool_clearance[2.8-True]
tests/test_adversarial.py::test_rigid_reframing_preserves_anisotropic_whole_tool_clearance[0.7-False]
tests/test_adversarial.py::test_sweep_rejects_small_obstacle_between_clear_endpoint_poses
tests/test_adversarial.py::test_postoperative_metadata_changes_do_not_change_primary_world_realizations
tests/test_adversarial.py::test_repacking_revealed_worlds_cannot_evade_evaluation_ledger[second_seeds0]
tests/test_adversarial.py::test_repacking_revealed_worlds_cannot_evade_evaluation_ledger[second_seeds1]
tests/test_adversarial.py::test_route_candidate_export_cannot_bypass_core_null_contract[clinical_deficit_probability]
tests/test_adversarial.py::test_route_candidate_export_cannot_bypass_core_null_contract[simulated_removed_target_volume_mm3]
tests/test_adversarial.py::test_route_metrics_cannot_change_after_pareto_classification
tests/test_anatomy.py::test_translation_uses_physical_units_and_correct_transform_direction
tests/test_anatomy.py::test_lps_grid_has_same_physical_result
tests/test_anatomy.py::test_functional_maps_interpolate_while_structural_masks_stay_categorical
tests/test_anatomy.py::test_no_overlay_or_halo_without_review_and_no_patient_specific_claim
tests/test_anatomy.py::test_review_is_invalidated_by_case_source_transform_or_map_edit
tests/test_anatomy.py::test_rejected_no_overlap_and_reflection_remain_unusable
tests/test_anatomy.py::test_realistic_qform_only_prior_is_loaded_and_hash_pinned
tests/test_anatomy.py::test_nonfinite_or_nonbinary_maps_and_unsafe_cache_paths_fail
tests/test_anatomy.py::test_review_requires_explicit_timezone_and_notes
tests/test_app_annotation.py::test_physical_brush_is_anisotropic_in_voxel_indices
tests/test_app_annotation.py::test_brush_uses_transformed_physical_center
tests/test_app_annotation.py::test_outside_brush_does_not_wrap_negative_indices
tests/test_app_refinement.py::test_replay_uses_history_increments_not_accessibility
tests/test_app_refinement.py::test_refinement_performs_updates_without_final_world_feedback
tests/test_app_reslice.py::test_anisotropic_translated_ramp_retains_physical_location
tests/test_app_reslice.py::test_oblique_physical_ramp_is_sampled_in_world_plane
tests/test_app_reslice.py::test_lps_affine_flips_only_patient_x_and_y
tests/test_app_reslice.py::test_mask_reslice_preserves_discrete_labels
tests/test_app_reslice.py::test_windowing_is_bounded_and_handles_constant_image
tests/test_app_reslice.py::test_world_bounds_use_extreme_voxel_centers
tests/test_brain_extraction.py::test_assets_missing_and_modified_are_named_failures_without_network
tests/test_brain_extraction.py::test_mps_adapter_requires_exact_device_block_and_marks_modification
tests/test_brain_extraction.py::test_mask_native_frame_and_binary_contract
tests/test_brain_extraction.py::test_full_image_corner_drift_bounds_mask_and_distance_frames[0.001-False-validate_mask-EXTRACTION_FRAME_MISMATCH]
tests/test_brain_extraction.py::test_full_image_corner_drift_bounds_mask_and_distance_frames[0.001-False-validate_distance_map-EXTRACTION_DISTANCE_FRAME_MISMATCH]
tests/test_brain_extraction.py::test_full_image_corner_drift_bounds_mask_and_distance_frames[1e-05-True-validate_mask-EXTRACTION_FRAME_MISMATCH]
tests/test_brain_extraction.py::test_full_image_corner_drift_bounds_mask_and_distance_frames[1e-05-True-validate_distance_map-EXTRACTION_DISTANCE_FRAME_MISMATCH]
tests/test_brain_extraction.py::test_fractional_opposite_axis_tumor_is_reindexed_before_extraction_qc
tests/test_brain_extraction.py::test_qc_uses_physical_volume_and_flags_missing_annotation_support
tests/test_brain_extraction.py::test_one_omitted_annotation_voxel_remains_visible_below_two_percent
tests/test_brain_extraction.py::test_qc_rejects_invalid_affine[affine0]
tests/test_brain_extraction.py::test_qc_rejects_invalid_affine[affine1]
tests/test_brain_extraction.py::test_qc_rejects_invalid_affine[affine2]
tests/test_brain_extraction.py::test_intensity_baseline_removes_thin_external_shell_but_stays_unreviewed
tests/test_brain_extraction.py::test_actual_child_timeout_is_recorded_and_does_not_grant_review
tests/test_brain_extraction.py::test_child_success_requires_distance_map_geometry_and_values[frame-EXTRACTION_DISTANCE_FRAME_MISMATCH]
tests/test_brain_extraction.py::test_child_success_requires_distance_map_geometry_and_values[shape-EXTRACTION_DISTANCE_FRAME_MISMATCH]
tests/test_brain_extraction.py::test_child_success_requires_distance_map_geometry_and_values[nonfinite-EXTRACTION_DISTANCE_NONFINITE]
tests/test_brain_extraction.py::test_child_success_requires_distance_map_geometry_and_values[valid-None]
tests/test_brain_extraction.py::test_existing_output_is_never_reused_after_failed_rerun
tests/test_brain_extraction.py::test_cli_refuses_existing_experiment_before_overwriting_baseline
tests/test_brain_extraction_audit.py::test_independent_source_hash_check_detects_modified_input
tests/test_brain_extraction_audit.py::test_independent_native_artifact_validation[left_right]
tests/test_brain_extraction_audit.py::test_independent_native_artifact_validation[translation]
tests/test_brain_extraction_audit.py::test_independent_native_artifact_validation[nonfinite]
tests/test_brain_extraction_audit.py::test_independent_native_artifact_validation[fractional]
tests/test_brain_extraction_audit.py::test_independent_native_artifact_validation[shape]
tests/test_brain_extraction_audit.py::test_independent_orientation_route_reindexes_source_by_physical_location
tests/test_brain_extraction_audit.py::test_independent_bookkeeping_reports_even_one_excluded_annotation_voxel
tests/test_brain_extraction_audit.py::test_mask_cannot_disagree_with_declared_distance_derivation
tests/test_brain_extraction_audit.py::test_qform_sform_comparison_uses_accumulated_physical_corner_error
tests/test_brain_extraction_audit.py::test_frozen_experiment_check_rejects_drift[subject]
tests/test_brain_extraction_audit.py::test_frozen_experiment_check_rejects_drift[implementation]
tests/test_brain_extraction_audit.py::test_frozen_experiment_check_rejects_drift[timestamp]
tests/test_brain_extraction_audit.py::test_frozen_experiment_check_rejects_drift[timezone]
tests/test_brain_extraction_audit.py::test_frozen_experiment_check_rejects_drift[review]
tests/test_brain_extraction_audit.py::test_frozen_experiment_check_rejects_drift[threshold]
tests/test_brain_extraction_audit.py::test_frozen_experiment_check_rejects_drift[model]
tests/test_brain_extraction_audit.py::test_frozen_experiment_check_rejects_drift[setting]
tests/test_btc_acquisition.py::test_reviewed_manifest_is_closed_and_small
tests/test_btc_acquisition.py::test_unreviewed_identity_rejected[release-latest]
tests/test_btc_acquisition.py::test_unreviewed_identity_rejected[git_commit-main]
tests/test_btc_acquisition.py::test_unreviewed_identity_rejected[license-unknown]
tests/test_btc_acquisition.py::test_unreviewed_identity_rejected[subject-sub-PAT29]
tests/test_btc_acquisition.py::test_missing_gradient_file_rejected_before_fetch
tests/test_btc_acquisition.py::test_unpinned_imaging_rejected[unversioned]
tests/test_btc_acquisition.py::test_unpinned_imaging_rejected[mirror]
tests/test_btc_acquisition.py::test_unpinned_imaging_rejected[bad_md5]
tests/test_btc_acquisition.py::test_unpinned_imaging_rejected[length_disagrees]
tests/test_btc_acquisition.py::test_valid_download_and_repeat_are_immutable
tests/test_btc_acquisition.py::test_existing_corruption_is_preserved_and_reported
tests/test_btc_acquisition.py::test_corrupt_download_is_not_published
tests/test_btc_acquisition.py::test_annex_md5_is_independently_checked
tests/test_btc_acquisition.py::test_interrupted_transfer_resumes_with_byte_range
tests/test_btc_acquisition.py::test_wrong_resume_range_does_not_change_partial
tests/test_btc_acquisition.py::test_verify_only_missing_files_fails_without_fetch
tests/test_btc_acquisition.py::test_dry_run_does_not_create_output_or_fetch
tests/test_btc_acquisition.py::test_predeclared_structural_case_has_only_seven_files
tests/test_btc_acquisition.py::test_structural_selection_is_reproducible_without_images
tests/test_btc_acquisition.py::test_changed_structural_selection_cannot_relabel_case
tests/test_btc_acquisition.py::test_pat28_diffusion_cannot_be_silently_dropped
tests/test_btc_preparation.py::test_preparation_roundtrip_gates_full_head_and_preserves_fractional_source
tests/test_btc_preparation.py::test_replay_cutoff_never_releases_unknown_timed_pathology
tests/test_btc_preparation.py::test_invalid_source_set_cannot_prepare[wrong_release]
tests/test_btc_preparation.py::test_invalid_source_set_cannot_prepare[duplicate]
tests/test_btc_preparation.py::test_invalid_source_set_cannot_prepare[missing]
tests/test_btc_preparation.py::test_invalid_source_set_cannot_prepare[sha]
tests/test_btc_preparation.py::test_invalid_source_set_cannot_prepare[md5]
tests/test_btc_preparation.py::test_invalid_source_set_cannot_prepare[path]
tests/test_btc_preparation.py::test_output_cannot_overwrite_source_or_manifest
tests/test_btc_preparation.py::test_cli_produces_reopenable_case_and_json_report
tests/test_btc_preparation.py::test_cli_rejects_naive_cutoff
tests/test_btc_preparation.py::test_cli_report_cannot_overwrite_manifest_or_bundle[manifest]
tests/test_btc_preparation.py::test_cli_report_cannot_overwrite_manifest_or_bundle[bundle]
tests/test_btc_preparation.py::test_pat05_structural_preparation_preserves_source_and_missingness
tests/test_cohort.py::test_repeated_visits_are_not_independent
tests/test_cohort.py::test_transitive_brats_alias_detects_pretraining_leak
tests/test_cohort.py::test_pretraining_flag_cannot_hide_in_final_split
tests/test_cohort.py::test_case_adaptation_is_allowed_within_outer_final
tests/test_cohort.py::test_global_development_cannot_be_renamed_final
tests/test_cohort.py::test_derivative_lineage_closes_identifier_loophole
tests/test_cohort.py::test_derivative_cannot_name_another_verified_patient
tests/test_cohort.py::test_unverified_identity_cannot_establish_final_independence[unknown]
tests/test_cohort.py::test_unverified_identity_cannot_establish_final_independence[mirror_attributed]
tests/test_cohort.py::test_different_source_namespaces_are_not_silently_same_person
tests/test_cohort.py::test_missing_source_evidence_blocks_identity_claim
tests/test_cohort.py::test_evidence_for_another_patient_cannot_certify_identity
tests/test_cohort.py::test_source_corruption_does_not_trust_verified_label
tests/test_cohort.py::test_changed_identity_assertion_fails_with_intact_bytes
tests/test_cohort.py::test_unknown_link_is_conservatively_grouped
tests/test_cohort.py::test_missing_and_cyclic_derivative_parentage_are_rejected
tests/test_cohort.py::test_unsafe_evidence_path_is_rejected
tests/test_cohort.py::test_release_counts_do_not_become_eligible_patients
tests/test_cohort.py::test_postoperative_or_timing_unknown_metadata_is_excluded
tests/test_cohort.py::test_preoperative_imaging_phase_does_not_invent_a_calendar_time
tests/test_cohort.py::test_available_before_cutoff_is_required_for_molecular_context
tests/test_cohort.py::test_unavailable_field_in_optimizer_is_a_registry_error
tests/test_cohort.py::test_registry_is_not_mutated_by_audit
tests/test_cohort.py::test_checked_in_registry_has_only_explicit_development_records
tests/test_core.py::test_physical_affine_preserves_rotation_translation_and_anisotropy
tests/test_core.py::test_shear_voxel_volume_uses_determinant_not_spacing_product
tests/test_core.py::test_rejects_ambiguous_or_invalid_input[mri-bad0]
tests/test_core.py::test_rejects_ambiguous_or_invalid_input[mri-bad1]
tests/test_core.py::test_rejects_ambiguous_or_invalid_input[affine-bad2]
tests/test_core.py::test_rejects_ambiguous_or_invalid_input[affine-bad3]
tests/test_core.py::test_rejects_ambiguous_or_invalid_input[compartments-bad4]
tests/test_core.py::test_rejects_ambiguous_or_invalid_input[compartments-bad5]
tests/test_core.py::test_rejects_ambiguous_or_invalid_input[brain_mask-bad6]
tests/test_core.py::test_rejects_ambiguous_or_invalid_input[frame-unknown]
tests/test_core.py::test_rejects_ambiguous_or_invalid_input[revision-0]
tests/test_core.py::test_rejects_ambiguous_or_invalid_input[revision-True]
tests/test_core.py::test_rejects_ambiguous_or_invalid_input[source_refs-bad10]
tests/test_core.py::test_immutable_arrays_isolate_originals_and_cannot_reenable_writes
tests/test_core.py::test_semantic_hash_changes_on_every_material_input
tests/test_core.py::test_metadata_mutations_are_isolated_and_hash_stable
tests/test_core.py::test_edit_retains_original_annotation_and_invalidates_plan
tests/test_core.py::test_context_availability_uses_timestamps_not_dataset_presence
tests/test_core.py::test_context_exact_cutoff_normalizes_timezones_and_roundtrips
tests/test_core.py::test_rejects_naive_context_timestamps[available_at]
tests/test_core.py::test_rejects_naive_context_timestamps[measurement_at]
tests/test_core.py::test_context_rejects_inverted_measurement_availability
tests/test_core.py::test_route_only_accessibility_is_not_removal_and_clinical_risk_is_null
tests/test_core.py::test_plan_geometry_and_metadata_are_immutable_and_versioned
tests/test_core.py::test_stop_plan_has_empty_replay_geometry_and_survives_json
tests/test_core.py::test_source_hash_validation_and_provenance_categories
tests/test_core.py::test_array_view_metadata_changes_cannot_retain_cached_hash
tests/test_core.py::test_future_context_cannot_affect_planning_seed_identity
tests/test_core.py::test_nested_source_and_units_cannot_retain_mutable_values
tests/test_data_acquisition.py::test_first_download_is_hashed_and_idempotent
tests/test_data_acquisition.py::test_corrupt_existing_file_is_preserved
tests/test_data_acquisition.py::test_resume_checks_exact_content_range
tests/test_data_acquisition.py::test_server_ignoring_range_restarts_only_partial
tests/test_data_acquisition.py::test_wrong_resume_range_is_rejected_without_altering_partial
tests/test_data_acquisition.py::test_hash_mismatch_or_oversize_never_publishes[xxxxxxxxxxxxxxxxxxxxxxxxxxxx]
tests/test_data_acquisition.py::test_hash_mismatch_or_oversize_never_publishes[xxxxxxxxxxxxxxxxxxxxxxxxxxxxx]
tests/test_data_acquisition.py::test_manifest_path_escape_rejected[../escape]
tests/test_data_acquisition.py::test_manifest_path_escape_rejected[/tmp/escape]
tests/test_data_acquisition.py::test_manifest_path_escape_rejected[a/../../escape]
tests/test_data_acquisition.py::test_symlink_destination_escape_rejected
tests/test_data_acquisition.py::test_partial_symlink_escape_rejected
tests/test_data_acquisition.py::test_budget_and_duplicate_destinations_rejected
tests/test_desktop_bridge.py::test_case_binary_roundtrip_versions_and_null_clinical_fields
tests/test_desktop_bridge.py::test_generate_save_reopen_retains_real_evaluator_records
tests/test_desktop_bridge.py::test_unknown_operation_stale_hash_and_injected_evaluator_rejected
tests/test_desktop_bridge.py::test_stale_saved_workspace_is_withheld
tests/test_desktop_bridge.py::test_cancel_and_ping_are_immediate_while_worker_busy
tests/test_desktop_bridge.py::test_timeout_emits_one_terminal_error
tests/test_desktop_bridge.py::test_cached_cases_bounded_and_evicted_hash_fails
tests/test_desktop_bridge.py::test_transfer_cleanup_preserves_parent_files
tests/test_desktop_bridge.py::test_jsonl_process_stdout_is_protocol_only_and_imports_no_gui
tests/test_desktop_bridge.py::test_actual_native_training_replay_export_and_restart_recheck
tests/test_desktop_bridge.py::test_training_controls_reject_final_worlds_stale_case_and_raw_paths
tests/test_desktop_bridge.py::test_training_cancellation_keeps_checkpoint_and_original_resume_budget
tests/test_desktop_bridge.py::test_selected_route_access_is_converted_from_lps_before_native_training
tests/test_desktop_bridge.py::test_native_alternatives_preserve_original_routes_and_separate_model_receipts
tests/test_desktop_bridge.py::test_blocked_selected_route_reports_exact_geometry_without_starting_optimizer
tests/test_desktop_bridge.py::test_selected_native_route_updates_and_restored_replay_keep_exact_binding
tests/test_desktop_bridge_adversarial.py::test_nested_json_parse_error_does_not_kill_sidecar
tests/test_desktop_bridge_adversarial.py::test_duplicate_active_id_cannot_terminate_the_original_request
tests/test_desktop_bridge_adversarial.py::test_cancelled_queued_work_still_counts_against_memory_bound
tests/test_desktop_bridge_adversarial.py::test_timeout_has_exactly_one_terminal_even_when_worker_finishes_late
tests/test_desktop_bridge_adversarial.py::test_oversized_nifti_header_rejected_before_any_voxel_read
tests/test_desktop_bridge_adversarial.py::test_imported_case_cannot_supply_clinical_or_removal_claims
tests/test_desktop_bridge_adversarial.py::test_cancelled_save_never_reports_cancelled_after_committing_destination
tests/test_desktop_bridge_adversarial.py::test_unmapped_annotation_label_fanout_is_bounded_before_case_masks[33]
tests/test_desktop_bridge_adversarial.py::test_unmapped_annotation_label_fanout_is_bounded_before_case_masks[65]
tests/test_desktop_bridge_adversarial.py::test_cancelled_case_install_does_not_leave_unreferenced_binary_assets
tests/test_desktop_bridge_adversarial.py::test_saved_training_integrity_includes_budget_counters_and_report[checkpoint.pt]
tests/test_desktop_bridge_adversarial.py::test_saved_training_integrity_includes_budget_counters_and_report[contract.json]
tests/test_desktop_bridge_adversarial.py::test_saved_training_integrity_includes_budget_counters_and_report[native-refinement.json]
tests/test_desktop_bridge_adversarial.py::test_final_worlds_cannot_enter_desktop_training_configuration
tests/test_desktop_bridge_adversarial.py::test_native_resume_rejects_budget_change_before_training_or_rewriting
tests/test_desktop_bridge_adversarial.py::test_cancellation_keeps_real_checkpoint_but_exposes_no_replay
tests/test_desktop_bridge_adversarial.py::test_incomplete_initial_selection_is_retained_but_never_installed
tests/test_desktop_bridge_adversarial.py::test_historical_unselected_fallback_replay_is_rejected_before_checkpoint_load
tests/test_desktop_bridge_adversarial.py::test_native_export_and_timeline_share_certified_source_cell_accounting
tests/test_desktop_bridge_adversarial.py::test_native_replay_resealed_wrong_shape_affine_case_or_probability_is_rejected
tests/test_desktop_bridge_adversarial.py::test_independent_rejection_never_becomes_an_accepted_desktop_run
tests/test_desktop_bridge_adversarial.py::test_crash_stage_manifest_cannot_admit_an_unsigned_resumable_checkpoint
tests/test_desktop_bridge_adversarial.py::test_native_route_append_preserves_original_models_and_pareto_cohorts
tests/test_desktop_bridge_adversarial.py::test_selected_lps_route_preserves_exact_canonical_geometry_and_tool
tests/test_desktop_bridge_adversarial.py::test_stop_only_selected_route_never_initializes_optimizer
tests/test_desktop_bridge_adversarial.py::test_changed_cached_tool_is_rejected_before_geometry_or_training
tests/test_desktop_bridge_adversarial.py::test_cancelled_native_append_preserves_original_cache
tests/test_desktop_bridge_adversarial.py::test_stale_case_cannot_fall_back_to_current_route_or_factory
tests/test_desktop_bridge_adversarial.py::test_factory_cannot_substitute_selected_tool_or_window[tool]
tests/test_desktop_bridge_adversarial.py::test_factory_cannot_substitute_selected_tool_or_window[window]
tests/test_desktop_bridge_adversarial.py::test_refused_resume_preserves_existing_accepted_report
tests/test_desktop_bridge_adversarial.py::test_native_request_geometry_integrity_is_checked_before_resume
tests/test_diffusion.py::test_bids_handedness_rule_preserves_world_direction_after_x_reorientation
tests/test_diffusion.py::test_oblique_anisotropic_world_conversion_rotates_without_scaling
tests/test_diffusion.py::test_shear_and_unknown_gradient_convention_are_named_failures
tests/test_diffusion.py::test_adversarial_gradient_contract[count-GRADIENT_COUNT_MISMATCH]
tests/test_diffusion.py::test_adversarial_gradient_contract[norm-GRADIENT_NORM_INVALID]
tests/test_diffusion.py::test_adversarial_gradient_contract[rank-DEGENERATE_GRADIENT_DIRECTIONS]
tests/test_diffusion.py::test_adversarial_gradient_contract[b0-INSUFFICIENT_DIRECTIONS]
tests/test_diffusion.py::test_adversarial_gradient_contract[nan-INVALID_GRADIENT_VALUES]
tests/test_diffusion.py::test_missing_gradients_block_before_image_load
tests/test_diffusion.py::test_preprocessing_evidence_cannot_be_a_ready_boolean_or_stale_hash
tests/test_diffusion.py::test_raw_dwi_is_rejected_for_planning
tests/test_diffusion.py::test_tensor_recovers_analytic_fa_md_and_ras_axis_with_unknown_coverage
tests/test_diffusion.py::test_reviewed_tensor_still_does_not_claim_functional_bundle_validation
tests/test_diffusion.py::test_probabilistic_crop_uses_bounded_reproducible_native_world_geometry
tests/test_diffusion.py::test_tracking_rejects_stale_patient_tensor_and_wrong_shell
tests/test_diffusion_phantom_adversarial.py::test_inverse_density_transport_recovers_truth_on_anisotropic_nonparallel_grids[1]
tests/test_diffusion_phantom_adversarial.py::test_inverse_density_transport_recovers_truth_on_anisotropic_nonparallel_grids[-1]
tests/test_diffusion_phantom_adversarial.py::test_reversing_scalar_field_and_both_pe_signs_preserves_density_predictions
tests/test_diffusion_phantom_adversarial.py::test_reflecting_and_permuting_world_coordinates_preserves_physical_predictions
tests/test_diffusion_phantom_adversarial.py::test_physical_length_scaling_preserves_jacobians_and_objective
tests/test_diffusion_phantom_adversarial.py::test_fixed_support_cannot_escape_native_images_at_either_displacement_bound
tests/test_diffusion_phantom_adversarial.py::test_nonzero_intensity_offset_remains_in_density_objective
tests/test_experiment_runner.py::test_source_snapshot_detects_uncommitted_file_edits
tests/test_experiment_runner.py::test_independent_checker_certifies_connected_sequence_and_rejects_teleport
tests/test_experiment_runner.py::test_runner_persists_freeze_and_disjoint_evaluation
tests/test_experiment_runner.py::test_development_only_never_opens_final_evaluator
tests/test_experiment_runner.py::test_unfinished_initial_selection_never_enters_frozen_candidate_set[False]
tests/test_experiment_runner.py::test_unfinished_initial_selection_never_enters_frozen_candidate_set[True]
tests/test_experiment_runner.py::test_ppo_runner_records_distinct_algorithm_and_actual_adam_steps
tests/test_experiment_runner.py::test_native_footprint_failure_invalidates_coarse_pass
tests/test_experiment_runner.py::test_search_and_rl_share_nonstop_horizon
tests/test_experiment_runner.py::test_unknown_adapter_cannot_silently_become_coarse
tests/test_experiment_runner.py::test_frozen_population_inference_rejects_final_worlds_and_incomplete_panels
tests/test_experiment_runner.py::test_population_runner_keeps_all_arms_isolated_and_final_worlds_closed
tests/test_experiment_runner.py::test_population_overlap_fails_before_any_online_optimization
tests/test_experiment_runner.py::test_native_backend_preserved_through_horizon_training_audit_and_worlds[False]
tests/test_experiment_runner.py::test_native_backend_preserved_through_horizon_training_audit_and_worlds[True]
tests/test_geometry.py::test_sphere_clearance_has_known_physical_answer
tests/test_geometry.py::test_tip_fits_but_whole_shaft_hits_sphere
tests/test_geometry.py::test_tip_radius_differs_from_proximal_shaft_radius
tests/test_geometry.py::test_aperture_uses_shaft_radius_and_oblique_cross_section
tests/test_geometry.py::test_reach_and_orientation_are_separate_constraints
tests/test_geometry.py::test_exact_tangency_is_not_certified_as_clearance
tests/test_geometry.py::test_crossed_tools_collide_when_both_tips_are_clear
tests/test_geometry.py::test_lateral_sweep_collides_between_clear_endpoints_even_with_large_step
tests/test_geometry.py::test_rotating_shaft_sweep_collides_with_fixed_tip_and_clear_endpoints
tests/test_geometry.py::test_axial_sweep_is_exact_and_step_independent
tests/test_geometry.py::test_oblique_insertion_from_aperture_plane_is_valid
tests/test_geometry.py::test_voxel_cell_faces_do_not_vanish_at_coarse_spacing
tests/test_geometry.py::test_exact_cell_geometry_does_not_invent_neighbor_contacts
tests/test_geometry.py::test_piecewise_quadratic_box_distance_matches_scalar_optimizer
tests/test_geometry.py::test_sheared_cells_are_conservatively_covered
tests/test_geometry.py::test_exposure_is_unique_physical_volume_and_never_removal
tests/test_geometry.py::test_missing_exposure_is_unknown_not_zero
tests/test_geometry.py::test_distal_tip_outside_volume_rejected_proximal_unknown_flagged
tests/test_geometry.py::test_affine_snapshot_and_pose_cannot_be_mutated_or_unfrozen
tests/test_geometry.py::test_invalid_tool_parameters_rejected[kwargs0]
tests/test_geometry.py::test_invalid_tool_parameters_rejected[kwargs1]
tests/test_geometry.py::test_invalid_tool_parameters_rejected[kwargs2]
tests/test_geometry.py::test_invalid_tool_parameters_rejected[kwargs3]
tests/test_geometry.py::test_invalid_tool_parameters_rejected[kwargs4]
tests/test_geometry.py::test_invalid_poses_affines_and_ambiguous_motion_rejected
tests/test_geometry.py::test_degenerate_and_parallel_segment_distance
tests/test_geometry.py::test_two_generic_tools_have_distinct_geometry_and_declared_source
tests/test_imaging.py::test_import_preserves_label_meaning_and_does_not_invent_function
tests/test_imaging.py::test_valid_qform_only_accepts_zero_inactive_sform
tests/test_imaging.py::test_sform_only_accepted_and_unresolved_frame_rejected
tests/test_imaging.py::test_qform_sform_disagreement_is_never_silently_fixed
tests/test_imaging.py::test_unknown_units_rejected_and_meter_affine_converted
tests/test_imaging.py::test_oblique_anisotropic_landmarks_retain_frame
tests/test_imaging.py::test_rejects_unsafe_annotations[shape]
tests/test_imaging.py::test_rejects_unsafe_annotations[affine]
tests/test_imaging.py::test_rejects_unsafe_annotations[fractional]
tests/test_imaging.py::test_rejects_unsafe_annotations[nonfinite]
tests/test_imaging.py::test_rejects_unsafe_annotations[empty]
tests/test_imaging.py::test_brain_mask_is_separate_from_target_and_must_be_binary
tests/test_imaging.py::test_correction_preserves_originals_and_invalidates_plan
tests/test_imaging.py::test_portable_bundle_roundtrip_originals_context_and_artifacts
tests/test_imaging.py::test_bundle_tampering_is_reported[arrays]
tests/test_imaging.py::test_bundle_tampering_is_reported[manifest]
tests/test_imaging.py::test_bundle_tampering_is_reported[member]
tests/test_imaging.py::test_diffusion_audit_distinguishes_numerical_and_spatial_checks
tests/test_imaging.py::test_diffusion_missing_wrong_counts_nonunit_and_degenerate_directions
tests/test_imaging.py::test_scalar_fa_is_not_raw_diffusion
tests/test_imaging.py::test_fixture_is_deterministic_and_explicitly_simulated
tests/test_imaging.py::test_fractional_annotation_reindex_is_explicit_and_original_preserved
tests/test_imaging.py::test_fractional_annotation_never_hides_registration_requirement
tests/test_imaging.py::test_small_matrix_scale_drift_cannot_hide_large_native_grid_misalignment
tests/test_imaging.py::test_subdegree_qform_rotation_is_checked_across_the_image_extent
tests/test_learning.py::test_actual_updates_reach_known_toy_optimum_and_keep_initial
tests/test_learning.py::test_trainer_refuses_final_or_stress_worlds[final_evaluation]
tests/test_learning.py::test_trainer_refuses_final_or_stress_worlds[stress]
tests/test_learning.py::test_overlap_and_generator_changes_are_rejected
tests/test_learning.py::test_cancellation_resume_keeps_updates_rng_and_total_budget
tests/test_learning.py::test_budget_and_immediate_cancel_are_truthful
tests/test_learning.py::test_checkpoint_clone_isolated_and_scratch_is_not_population_checkpoint
tests/test_learning.py::test_reward_or_tool_mutation_during_rollout_is_rejected
tests/test_learning.py::test_policy_cannot_execute_hidden_or_masked_action
tests/test_learning.py::test_manifest_case_and_actual_sampler_are_bound
tests/test_learning.py::test_connected_geometry_requires_paid_access_before_removal
tests/test_learning_ppo.py::test_clipping_signs_and_gradient_stop_for_favorable_excess_ratios
tests/test_learning_ppo.py::test_terminal_returns_do_not_leak_across_stop_or_reset
tests/test_learning_ppo.py::test_old_mask_features_and_log_probabilities_are_frozen_during_epochs
tests/test_learning_ppo.py::test_actual_ppo_updates_and_minibatch_epoch_accounting
tests/test_learning_ppo.py::test_resume_inside_minibatch_epochs_reuses_exact_old_rollout
tests/test_learning_ppo.py::test_final_worlds_cannot_enter_ppo[final_evaluation]
tests/test_learning_ppo.py::test_final_worlds_cannot_enter_ppo[stress]
tests/test_learning_ppo.py::test_sampler_change_and_overlapping_worlds_rejected
tests/test_learning_ppo.py::test_cancellation_and_actual_gradient_step_budget_are_strict
tests/test_learning_ppo.py::test_runtime_reward_or_geometry_mutation_invalidates_ppo
tests/test_learning_ppo.py::test_resume_refuses_changed_imported_numerical_dependency[train_patient_ppo-settings0]
tests/test_learning_ppo.py::test_resume_refuses_changed_imported_numerical_dependency[train_patient_policy-settings1]
tests/test_native_adversarial.py::test_selection_replay_cannot_display_unsupported_source_volume[history_only]
tests/test_native_adversarial.py::test_selection_replay_cannot_display_unsupported_source_volume[consistent_but_impossible_totals]
tests/test_native_adversarial.py::test_selection_replay_cannot_relabel_normal_source_tissue_as_target
tests/test_native_adversarial.py::test_shaft_cannot_borrow_tissue_removal_from_later_in_same_microstep[0.5]
tests/test_native_adversarial.py::test_shaft_cannot_borrow_tissue_removal_from_later_in_same_microstep[0.25]
tests/test_native_adversarial.py::test_shaft_cannot_borrow_tissue_removal_from_later_in_same_microstep[0.1]
tests/test_native_adversarial.py::test_native_partial_contact_does_not_create_free_corridor_or_removal_credit
tests/test_native_adversarial.py::test_native_stroke_full_cell_removal_and_mass_are_rigid_frame_invariant
tests/test_native_adversarial.py::test_preview_array_descriptor_changes_cannot_redirect_certified_removal
tests/test_native_adversarial.py::test_native_label_validation_precedes_integer_cast[0.5]
tests/test_native_adversarial.py::test_native_label_validation_precedes_integer_cast[-0.5]
tests/test_native_adversarial.py::test_native_label_validation_precedes_integer_cast[nan]
tests/test_native_adversarial.py::test_native_label_validation_precedes_integer_cast[inf]
tests/test_native_adversarial.py::test_mutable_scalar_tool_dimension_cannot_change_frozen_model
tests/test_native_adversarial.py::test_native_world_truth_stays_out_of_actor_after_a_removal_action
tests/test_native_performance.py::test_initial_geometry_reuse_eliminates_repeated_previews_but_fresh_arm_is_cold
tests/test_native_performance.py::test_cached_reset_keeps_native_certificates_cavity_and_history_identical
tests/test_native_performance.py::test_cached_reset_still_rejects_model_mutation_before_reusing_certificates
tests/test_native_refinement.py::test_actual_updates_and_source_grid_replay_are_certified
tests/test_native_refinement.py::test_cancelled_training_exposes_no_uncertified_replay_and_resumes
tests/test_native_refinement.py::test_incomplete_initial_panel_retains_checkpoint_without_replay_and_can_resume[False]
tests/test_native_refinement.py::test_incomplete_initial_panel_retains_checkpoint_without_replay_and_can_resume[True]
tests/test_native_refinement.py::test_failed_independent_check_never_releases_native_replay
tests/test_native_refinement.py::test_partial_contact_is_not_permanently_retained_when_a_later_stroke_removes_it
tests/test_native_refinement.py::test_exact_selected_route_is_preserved_through_updates_reopen_and_resume
tests/test_native_refinement.py::test_stop_only_preflight_creates_no_optimizer_or_checkpoint
tests/test_native_refinement.py::test_selected_geometry_requires_paired_points_window_and_explicit_tool
tests/test_native_resection.py::test_native_stroke_removes_only_contained_cells_and_charges_normal_access
tests/test_native_resection.py::test_preview_is_pure_and_commit_is_once_and_state_bound
tests/test_native_resection.py::test_forged_or_deserialized_preview_cannot_skip_geometry
tests/test_native_resection.py::test_repeated_stroke_has_no_duplicate_removal_credit
tests/test_native_resection.py::test_wider_active_tip_removes_more_source_cells_with_separate_tool_hash
tests/test_native_resection.py::test_old_coarse_tool_cannot_clear_wider_shaft_using_partial_tip_contacts
tests/test_native_resection.py::test_coarse_216_mm3_cell_touch_does_not_credit_216_mm3_removal
tests/test_native_resection.py::test_sphere_contact_and_full_voxel_containment_are_different
tests/test_native_resection.py::test_containment_uses_all_affine_corners_and_physical_mm
tests/test_native_resection.py::test_enclosed_free_pocket_does_not_create_a_new_removal_frontier
tests/test_native_resection.py::test_microstep_never_borrows_removal_that_occurs_at_its_end
tests/test_native_resection.py::test_native_config_and_certificate_arrays_are_immutable
tests/test_native_resection.py::test_malformed_resolution_and_missing_provenance_are_rejected
tests/test_native_resection.py::test_failed_hard_exclusion_preview_does_not_change_state
tests/test_native_resection.py::test_parallel_entries_inside_same_aperture_remove_separate_paid_columns
tests/test_native_resection.py::test_shifted_entry_requires_declared_plane_and_full_aperture_clearance
tests/test_native_resection.py::test_native_case_helper_respects_explicit_anatomy_conflicts_and_source_frame
tests/test_native_routes.py::test_named_alternatives_have_exact_native_ray_and_never_change_generic_tools
tests/test_native_routes.py::test_native_ray_is_invariant_under_oblique_patient_frame_and_lps_conversion
tests/test_native_routes.py::test_disconnected_target_centroid_uses_an_actual_annotated_cell
tests/test_native_routes.py::test_explicit_source_prohibitions_override_collection_prior[exclusion0]
tests/test_native_routes.py::test_explicit_source_prohibitions_override_collection_prior[exclusion1]
tests/test_native_routes.py::test_explicit_source_prohibitions_override_collection_prior[exclusion2]
tests/test_native_routes.py::test_unknown_mri_and_conflicting_or_sheared_support_do_not_become_access
tests/test_native_routes.py::test_explicit_target_validation_hash_and_original_search_are_separate
tests/test_native_selected_route.py::test_selected_route_uses_exact_entry_and_target_without_centroid_alternatives
tests/test_native_selected_route.py::test_blocked_selected_tool_is_reported_without_native_profile_substitution
tests/test_native_selected_route.py::test_selected_ras_ray_stays_ras_with_lps_source_and_lps_access
tests/test_native_selected_route.py::test_incomplete_selected_route_fails_closed[kwargs0-supplied together]
tests/test_native_selected_route.py::test_incomplete_selected_route_fails_closed[kwargs1-supplied together]
tests/test_native_selected_route.py::test_incomplete_selected_route_fails_closed[kwargs2-explicit access]
tests/test_native_selected_route.py::test_incomplete_selected_route_fails_closed[kwargs3-explicit access]
tests/test_native_selected_route.py::test_incomplete_selected_route_fails_closed[kwargs4-finite RAS]
tests/test_native_simulation.py::test_native_adapter_is_paid_and_contained_with_distinct_partial_contacts
tests/test_native_simulation.py::test_native_search_changes_cavity_and_replays_exactly
tests/test_native_simulation.py::test_native_hidden_world_is_not_in_actor_features
tests/test_native_simulation.py::test_native_repeated_action_gives_no_duplicate_removal_credit
tests/test_native_simulation.py::test_native_adapter_detects_objective_or_proposal_mutation
tests/test_native_simulation.py::test_native_factory_ras_lps_geometry_is_equivalent
tests/test_native_simulation.py::test_native_factory_rejects_contradictory_tissue_metadata
tests/test_native_simulation.py::test_native_cancellation_stops_preparation_and_next_scan
tests/test_native_simulation.py::test_parallel_native_columns_charge_access_and_preserve_entry_poses
tests/test_native_simulation.py::test_fast_native_freeze_guard_detects_array_reinterpretation_and_reward_change
tests/test_native_simulation.py::test_fresh_native_arm_preserves_backend_evidence_and_model_identity
tests/test_planning.py::test_aperture_rejects_complete_shaft_and_retains_failure_pose
tests/test_planning.py::test_missing_evidence_is_unassessed_and_never_zero_risk
tests/test_planning.py::test_accessible_volume_uses_physical_units_and_union_not_removal
tests/test_planning.py::test_search_replay_export_and_case_edit_invalidation
tests/test_planning.py::test_cancellation_returns_partial_evaluated_candidates
tests/test_planning.py::test_sampled_dominance_rejects_different_evidence_and_case
tests/test_planning.py::test_critical_masks_have_fixed_snapshot_and_are_hashed
tests/test_planning.py::test_hypothetical_windows_require_brain_support_and_target_samples_are_native
tests/test_planning.py::test_wider_active_tip_changes_static_accessibility
tests/test_planning.py::test_explicit_estimated_support_never_becomes_brain_tissue
tests/test_planning.py::test_route_record_rejects_fabricated_results_and_mutable_metrics
tests/test_planning.py::test_invalid_search_budgets_fail_before_work[targets_per_compartment-0]
tests/test_planning.py::test_invalid_search_budgets_fail_before_work[max_windows-4]
tests/test_planning.py::test_invalid_search_budgets_fail_before_work[window_radius_mm-nan]
tests/test_planning.py::test_invalid_search_budgets_fail_before_work[max_surface_step_mm--1]
tests/test_policy_inputs.py::test_registry_exactly_matches_preregistered_feature_units
tests/test_policy_inputs.py::test_raw_is_exact_legacy_arithmetic_and_paired_tensors_critic_unchanged
tests/test_policy_inputs.py::test_gradient_reaches_actor_with_fixed_buffer_and_mask_is_preserved
tests/test_policy_inputs.py::test_legacy_raw_load_and_declared_scaled_checkpoint_roundtrip
tests/test_policy_inputs.py::test_runtime_buffer_tampering_is_refused
tests/test_policy_inputs.py::test_feature_units_preserve_native_model_and_resume_actual_updates
tests/test_policy_inputs.py::test_profile_bound_pretrain_frozen_and_private_adaptation[RAW]
tests/test_policy_inputs.py::test_cross_profile_and_original_study_refuse_adaptation_before_adam[RAW]
tests/test_policy_inputs.py::test_profile_bound_pretrain_frozen_and_private_adaptation[FEATURE_UNITS]
tests/test_policy_inputs.py::test_cross_profile_and_original_study_refuse_adaptation_before_adam[FEATURE_UNITS]
tests/test_policy_inputs_adversarial.py::test_raw_defaults_preserve_legacy_tensor_bytes_forward_and_gradients[11]
tests/test_policy_inputs_adversarial.py::test_raw_defaults_preserve_legacy_tensor_bytes_forward_and_gradients[23]
tests/test_policy_inputs_adversarial.py::test_raw_defaults_preserve_legacy_tensor_bytes_forward_and_gradients[47]
tests/test_policy_inputs_adversarial.py::test_declared_profile_order_units_and_hash_are_exact[RAW]
tests/test_policy_inputs_adversarial.py::test_declared_profile_order_units_and_hash_are_exact[FEATURE_UNITS]
tests/test_policy_inputs_adversarial.py::test_masked_rows_never_change_actor_or_critic_gradients[RAW]
tests/test_policy_inputs_adversarial.py::test_masked_rows_never_change_actor_or_critic_gradients[FEATURE_UNITS]
tests/test_policy_inputs_adversarial.py::test_coherently_rehashed_profile_or_buffer_tamper_is_rejected[divisor]
tests/test_policy_inputs_adversarial.py::test_coherently_rehashed_profile_or_buffer_tamper_is_rejected[dtype]
tests/test_policy_inputs_adversarial.py::test_coherently_rehashed_profile_or_buffer_tamper_is_rejected[selected_only]
tests/test_policy_inputs_adversarial.py::test_coherently_rehashed_profile_or_buffer_tamper_is_rejected[missing_metadata]
tests/test_policy_inputs_adversarial.py::test_coherently_rehashed_profile_or_buffer_tamper_is_rejected[raw_relabel]
tests/test_policy_inputs_adversarial.py::test_coherently_rehashed_profile_or_buffer_tamper_is_rejected[order]
tests/test_policy_inputs_adversarial.py::test_coherently_rehashed_profile_or_buffer_tamper_is_rejected[state_order]
tests/test_policy_inputs_adversarial.py::test_coherently_rehashed_profile_or_buffer_tamper_is_rejected[return_units]
tests/test_policy_inputs_adversarial.py::test_coherently_rehashed_profile_or_buffer_tamper_is_rejected[metadata_hash]
tests/test_policy_inputs_adversarial.py::test_coherently_rehashed_profile_or_buffer_tamper_is_rejected[unknown]
tests/test_policy_inputs_adversarial.py::test_legacy_profile_omission_only_loads_raw_without_a_buffer
tests/test_policy_inputs_adversarial.py::test_raw_latest_null_buffer_cannot_hide_behind_a_valid_selected_policy
tests/test_policy_inputs_adversarial.py::test_cross_profile_resume_fails_before_adam_and_preserves_checkpoint[RAW]
tests/test_policy_inputs_adversarial.py::test_cross_profile_resume_fails_before_adam_and_preserves_checkpoint[FEATURE_UNITS]
tests/test_policy_inputs_adversarial.py::test_relabeling_all_profile_and_tensor_hashes_cannot_evade_resume_contract_before_adam
tests/test_policy_inputs_adversarial.py::test_cross_profile_adaptation_rejects_before_adam_and_without_copying_shared_weights[RAW]
tests/test_policy_inputs_adversarial.py::test_cross_profile_adaptation_rejects_before_adam_and_without_copying_shared_weights[FEATURE_UNITS]
tests/test_population_adversarial.py::test_group_and_alias_names_connect_transitively_before_split_check[synthetic:patient-a]
tests/test_population_adversarial.py::test_group_and_alias_names_connect_transitively_before_split_check[dataset:visit-a]
tests/test_population_adversarial.py::test_identity_snapshots_alias_input_before_caller_mutation
tests/test_population_adversarial.py::test_shared_gradient_pool_refuses_final_or_stress_selection_worlds[final_evaluation]
tests/test_population_adversarial.py::test_shared_gradient_pool_refuses_final_or_stress_selection_worlds[stress]
tests/test_population_adversarial.py::test_population_feature_order_and_undeclared_aliases_cannot_be_silently_accepted
tests/test_population_adversarial.py::test_frozen_arm_cannot_construct_optimizer_or_create_gradients
tests/test_population_adversarial.py::test_frozen_selection_refuses_wrong_world_binding_and_changing_models
tests/test_population_adversarial.py::test_adaptation_copies_exact_shared_weights_with_fresh_optimizer_and_full_online_limits
tests/test_population_adversarial.py::test_numerical_source_change_during_shared_updates_withholds_checkpoint
tests/test_population_adversarial.py::test_interrupted_frozen_selection_never_retains_a_partial_panel_candidate
tests/test_population_adversarial.py::test_clinical_patient_identity_cannot_be_relabeled_as_synthetic_by_zero_patient_count
tests/test_population_adversarial.py::test_supplied_checkpoint_declaring_contaminated_selection_cannot_be_resealed[final_used]
tests/test_population_adversarial.py::test_supplied_checkpoint_declaring_contaminated_selection_cannot_be_resealed[final_selection_rule]
tests/test_population_adversarial.py::test_supplied_checkpoint_declaring_contaminated_selection_cannot_be_resealed[member_final_panel]
tests/test_population_adversarial.py::test_supplied_checkpoint_declaring_contaminated_selection_cannot_be_resealed[member_world_overlap]
tests/test_population_adversarial.py::test_resealed_population_checkpoint_cannot_understate_declared_offline_cost[elapsed_seconds]
tests/test_population_adversarial.py::test_resealed_population_checkpoint_cannot_understate_declared_offline_cost[gradient_steps]
tests/test_population_learning.py::test_actual_shared_gradients_bind_source_runtime_and_both_groups
tests/test_population_learning.py::test_frozen_policy_has_no_gradients_and_clones_cannot_change_shared_weights
tests/test_population_learning.py::test_adaptation_uses_same_initial_weights_fresh_case_state_and_budget
tests/test_population_learning.py::test_aliases_repeat_groups_and_undeclared_targets_cannot_bypass_exclusions
tests/test_population_learning.py::test_final_groups_and_final_worlds_never_enter_shared_updates
tests/test_population_learning.py::test_population_export_requires_actual_updates_and_frozen_source
tests/test_population_learning.py::test_identity_copies_alias_lists_and_dimensions_require_actual_semantics
tests/test_population_learning.py::test_adaptation_resume_retains_shared_source_contract
tests/test_population_learning.py::test_checkpoint_cannot_replace_missing_training_settings_with_defaults
tests/test_preprocessing.py::test_xyz_ras_image_round_trip_to_itk_lps_preserves_physical_landmark
tests/test_preprocessing.py::test_transform_export_includes_center_and_has_correct_point_direction
tests/test_preprocessing.py::test_reflection_and_scale_are_rejected[-1.0]
tests/test_preprocessing.py::test_reflection_and_scale_are_rejected[1.1]
tests/test_preprocessing.py::test_independent_mi_prefers_same_pairs_and_rejects_constant_signal
tests/test_preprocessing.py::test_registration_recovers_injected_physical_translation_and_improves_qc
tests/test_preprocessing.py::test_cancel_and_invalid_mask_stop_without_exporting_a_transform
tests/test_preprocessing.py::test_excessive_compute_budget_is_rejected
tests/test_prior_proposals.py::test_real_import_path_binds_distinct_display_registration_and_lesion_bytes
tests/test_prior_proposals.py::test_bundle_roundtrip_preserves_registered_data_coverage_and_gates
tests/test_prior_proposals.py::test_empty_proposals_preserve_existing_case_manifest_and_identity
tests/test_prior_proposals.py::test_forged_saved_manifest_is_rejected[review_status]
tests/test_prior_proposals.py::test_forged_saved_manifest_is_rejected[planning_eligible]
tests/test_prior_proposals.py::test_forged_saved_manifest_is_rejected[patient_specific_function]
tests/test_prior_proposals.py::test_forged_saved_manifest_is_rejected[clinical_deficit_probability]
tests/test_prior_proposals.py::test_forged_saved_manifest_is_rejected[data_hash]
tests/test_prior_proposals.py::test_forged_saved_manifest_is_rejected[sampling_coverage_hash]
tests/test_prior_proposals.py::test_forged_saved_manifest_is_rejected[registration_hash]
tests/test_prior_proposals.py::test_preview_tampering_fails_reconstruction_check[values]
tests/test_prior_proposals.py::test_preview_tampering_fails_reconstruction_check[sampling_coverage]
tests/test_prior_proposals.py::test_preview_tampering_fails_reconstruction_check[affine_ras_mm]
tests/test_prior_proposals.py::test_active_label_swap_with_unchanged_union_is_rejected
tests/test_prior_proposals.py::test_changed_source_bytes_are_rejected[source_image_path]
tests/test_prior_proposals.py::test_changed_source_bytes_are_rejected[registration_image_path]
tests/test_prior_proposals.py::test_changed_source_bytes_are_rejected[lesion_path]
tests/test_prior_proposals.py::test_cancel_is_atomic_and_source_cache_traversal_is_rejected
tests/test_prior_proposals.py::test_array_metadata_mutation_cannot_retain_saved_identity[data]
tests/test_prior_proposals.py::test_array_metadata_mutation_cannot_retain_saved_identity[sampling_coverage]
tests/test_prior_proposals.py::test_array_metadata_mutation_cannot_retain_saved_identity[affine_ras_mm]
tests/test_prior_proposals.py::test_array_metadata_mutation_cannot_retain_saved_identity[source_prior_affine_ras_mm]
tests/test_prior_proposals.py::test_array_metadata_mutation_cannot_retain_saved_identity[mni_ras_to_patient_ras_mm]
tests/test_prior_proposals.py::test_saved_bundle_cannot_promote_review_by_metadata_edit
tests/test_prior_proposals.py::test_inventory_cannot_substitute_transform_source_or_review[transform]
tests/test_prior_proposals.py::test_inventory_cannot_substitute_transform_source_or_review[accepted]
tests/test_prior_proposals.py::test_inventory_cannot_substitute_transform_source_or_review[source]
tests/test_prior_proposals.py::test_inventory_cannot_substitute_transform_source_or_review[duplicate]
tests/test_prior_proposals.py::test_small_affine_scale_drift_accumulates_across_physical_grid
tests/test_prior_proposals.py::test_cli_preserves_existing_output_before_import[existing_file]
tests/test_prior_proposals.py::test_cli_preserves_existing_output_before_import[dangling_symlink]
tests/test_prior_proposals_adversarial.py::test_registered_translation_matches_analytic_physical_ramp_and_coverage
tests/test_prior_proposals_adversarial.py::test_real_import_is_invariant_to_equivalent_lps_case_coordinates
tests/test_prior_proposals_adversarial.py::test_typed_proposal_cannot_change_network_identity_or_map_semantics[changes0]
tests/test_prior_proposals_adversarial.py::test_typed_proposal_cannot_change_network_identity_or_map_semantics[changes1]
tests/test_prior_proposals_adversarial.py::test_typed_proposal_cannot_change_network_identity_or_map_semantics[changes2]
tests/test_prior_proposals_adversarial.py::test_typed_proposal_cannot_change_network_identity_or_map_semantics[changes3]
tests/test_prior_proposals_adversarial.py::test_fixed_registration_inputs_cannot_follow_symlinks_outside_selected_directory[registration_comparison.json]
tests/test_prior_proposals_adversarial.py::test_fixed_registration_inputs_cannot_follow_symlinks_outside_selected_directory[functional_overlay_inventory.json]
tests/test_prior_proposals_adversarial.py::test_fixed_registration_inputs_cannot_follow_symlinks_outside_selected_directory[implementation_snapshot.py]
tests/test_prior_proposals_adversarial.py::test_view_only_dense_prior_cannot_supply_functional_rewards_or_change_native_actions
tests/test_prior_proposals_adversarial.py::test_cancellation_after_prior_data_transfer_removes_partial_assets
tests/test_prior_proposals_adversarial.py::test_source_header_budget_precedes_atlas_allocation_or_resampling
tests/test_prior_proposals_adversarial.py::test_portable_case_rejects_fractional_coverage_even_with_resealed_payload
tests/test_prior_proposals_bridge.py::test_empty_identity_and_registered_proposals_leave_sampled_worlds_unchanged
tests/test_prior_proposals_bridge.py::test_attached_proposal_rejects_changed_source_anatomy[image]
tests/test_prior_proposals_bridge.py::test_attached_proposal_rejects_changed_source_anatomy[affine]
tests/test_prior_proposals_bridge.py::test_attached_proposal_rejects_changed_source_anatomy[labels]
tests/test_prior_proposals_bridge.py::test_attached_proposal_rejects_changed_source_anatomy[source]
tests/test_prior_proposals_bridge.py::test_coverage_layout_mutation_invalidates_case_and_cannot_change_unknown_to_zero
tests/test_prior_proposals_bridge.py::test_prior_payload_is_separate_read_only_ras_evidence_and_roundtrips
tests/test_prior_proposals_bridge.py::test_import_limits_precede_registration_or_transfer[count]
tests/test_prior_proposals_bridge.py::test_import_limits_precede_registration_or_transfer[bytes]
tests/test_prior_proposals_bridge.py::test_cancelled_prior_install_cleans_orphan_arrays_and_preserves_case
tests/test_prior_registration.py::test_array_bridge_preserves_oblique_anisotropic_physical_landmarks
tests/test_prior_registration.py::test_transform_export_inverts_fixed_to_moving_and_respects_centers
tests/test_prior_registration.py::test_reflection_shear_and_preload_cancellation_reject
tests/test_prior_registration.py::test_unbounded_or_invalid_registration_budget_rejects[0]
tests/test_prior_registration.py::test_unbounded_or_invalid_registration_budget_rejects[-1]
tests/test_prior_registration.py::test_unbounded_or_invalid_registration_budget_rejects[inf]
tests/test_prior_registration.py::test_unbounded_or_invalid_registration_budget_rejects[nan]
tests/test_prior_registration.py::test_actual_registration_recovers_known_physical_translation_but_keeps_review_gate
tests/test_procedural_comparison_review.py::test_comparison_retains_incomplete_initial_selection_without_promoting_checkpoint
tests/test_procedural_diagnostics.py::test_incomplete_comparison_rejected_before_runtime_or_model_loading[running]
tests/test_procedural_diagnostics.py::test_incomplete_comparison_rejected_before_runtime_or_model_loading[failed]
tests/test_procedural_diagnostics.py::test_incomplete_comparison_rejected_before_runtime_or_model_loading[invalidated]
tests/test_procedural_diagnostics.py::test_actual_entropy_mask_and_tanh_saturation_are_measured_without_gradients
tests/test_procedural_diagnostics.py::test_zero_update_statistics_remain_missing_instead_of_invented
tests/test_procedural_learning.py::test_recipe_features_and_immutable_identity_snapshot
tests/test_procedural_learning.py::test_actual_shared_updates_preserve_source_evidence_and_both_families
tests/test_procedural_learning.py::test_frozen_actor_never_constructs_optimizer_or_receives_gradients
tests/test_procedural_learning.py::test_adaptation_exact_initial_weights_fresh_adam_and_same_caps
tests/test_procedural_learning.py::test_cancel_resume_retains_procedural_initialization
tests/test_procedural_learning.py::test_slow_initialization_excluded_but_selection_and_resumed_budget_are_charged
tests/test_procedural_learning.py::test_final_worlds_rejected_before_adaptation
tests/test_procedural_learning.py::test_resealed_inconsistent_provenance_is_refused[world_role]
tests/test_procedural_learning.py::test_resealed_inconsistent_provenance_is_refused[source_recipe]
tests/test_procedural_learning.py::test_resealed_inconsistent_provenance_is_refused[negative_time]
tests/test_procedural_learning.py::test_resealed_inconsistent_provenance_is_refused[final_worlds]
tests/test_procedural_learning.py::test_resealed_inconsistent_provenance_is_refused[kind]
tests/test_procedural_learning.py::test_test_target_cannot_be_relabeled_public_patient
tests/test_procedural_learning.py::test_registered_public_json_world_panels_validate_before_any_gradient
tests/test_procedural_learning.py::test_registered_public_panel_canonicalization_preserves_all_semantic_checks[role]
tests/test_procedural_learning.py::test_registered_public_panel_canonicalization_preserves_all_semantic_checks[seed]
tests/test_procedural_learning.py::test_registered_public_panel_canonicalization_preserves_all_semantic_checks[seed_order]
tests/test_procedural_learning.py::test_registered_public_panel_canonicalization_preserves_all_semantic_checks[case_hash]
tests/test_procedural_learning.py::test_registered_public_panel_canonicalization_preserves_all_semantic_checks[planning_hash]
tests/test_procedural_learning.py::test_registered_public_panel_canonicalization_preserves_all_semantic_checks[generator]
tests/test_procedural_learning.py::test_registered_public_panel_canonicalization_preserves_all_semantic_checks[extra_field]
tests/test_procedural_learning.py::test_full_target_preflight_requires_no_shared_checkpoint_or_optimizer
tests/test_procedural_native_transfer_adversarial.py::test_registered_procedural_geometry_reproduces_without_any_patient_arrays[0]
tests/test_procedural_native_transfer_adversarial.py::test_registered_procedural_geometry_reproduces_without_any_patient_arrays[1]
tests/test_procedural_native_transfer_adversarial.py::test_every_procedural_initial_cut_pays_exact_normal_and_partial_contact_cost[0]
tests/test_procedural_native_transfer_adversarial.py::test_every_procedural_initial_cut_pays_exact_normal_and_partial_contact_cost[1]
tests/test_procedural_native_transfer_adversarial.py::test_coherently_resealed_declaration_cannot_change_registered_protocol[budget]
tests/test_procedural_native_transfer_adversarial.py::test_coherently_resealed_declaration_cannot_change_registered_protocol[target_alias]
tests/test_procedural_native_transfer_adversarial.py::test_coherently_resealed_declaration_cannot_change_registered_protocol[patient_pretraining_claim]
tests/test_procedural_native_transfer_adversarial.py::test_actual_shared_training_never_resets_final_stress_or_patient_worlds
tests/test_procedural_native_transfer_adversarial.py::test_resealed_transfer_checkpoint_cannot_contradict_numerical_contract[unknown_status]
tests/test_procedural_native_transfer_adversarial.py::test_resealed_transfer_checkpoint_cannot_contradict_numerical_contract[unchanged_actor]
tests/test_procedural_native_transfer_adversarial.py::test_resealed_transfer_checkpoint_cannot_contradict_numerical_contract[world_map]
tests/test_procedural_native_transfer_adversarial.py::test_resealed_transfer_checkpoint_cannot_contradict_numerical_contract[understated_postprocessing]
tests/test_procedural_native_transfer_adversarial.py::test_resealed_transfer_checkpoint_cannot_contradict_numerical_contract[feature_units]
tests/test_procedural_native_transfer_adversarial.py::test_resealed_transfer_checkpoint_cannot_contradict_numerical_contract[runtime]
tests/test_procedural_native_transfer_adversarial.py::test_resealed_transfer_checkpoint_cannot_contradict_numerical_contract[source_snapshot]
tests/test_procedural_native_transfer_adversarial.py::test_resealed_transfer_checkpoint_cannot_contradict_numerical_contract[gradient_counter]
tests/test_procedural_native_transfer_adversarial.py::test_pretraining_source_substitution_is_rejected_before_learner[group_alias_overlap]
tests/test_procedural_native_transfer_adversarial.py::test_pretraining_source_substitution_is_rejected_before_learner[target_alias]
tests/test_procedural_native_transfer_adversarial.py::test_pretraining_source_substitution_is_rejected_before_learner[factory_anatomy]
tests/test_procedural_native_transfer_adversarial.py::test_pretraining_source_substitution_is_rejected_before_learner[selection_role]
tests/test_procedural_native_transfer_adversarial.py::test_common_learner_cannot_route_procedural_checkpoint_through_old_population_gate
tests/test_procedural_native_transfer_adversarial.py::test_coherently_relabeled_final_panel_is_rejected_by_direct_adaptation_seam
tests/test_procedural_native_transfer_adversarial.py::test_public_online_budget_and_seeds_are_exactly_preregistered
tests/test_procedural_native_transfer_adversarial.py::test_cancelled_pretraining_cannot_export_a_transfer_initialization
tests/test_procedural_native_transfer_adversarial.py::test_resumed_adaptation_rejects_changed_source_bytes_and_preserves_checkpoint
tests/test_procedural_native_transfer_adversarial.py::test_initial_selection_time_is_charged_and_incomplete_panel_has_no_selected_actor
tests/test_procedural_native_transfer_adversarial.py::test_resume_keeps_cumulative_learning_budget_without_charging_setup_or_paused_time
tests/test_procedural_transfer_runner.py::test_committed_declaration_refuses_budget_rewrite_even_after_reseal
tests/test_procedural_transfer_runner.py::test_incomplete_first_selection_cannot_be_ranked_but_evaluated_stop_can
tests/test_procedural_transfer_runner.py::test_available_public_bundle_matches_declared_inventory_without_stepping
tests/test_procedural_transfer_runner.py::test_target_binding_refuses_action_geometry_or_evidence_drift[candidate_entries_mm]
tests/test_procedural_transfer_runner.py::test_target_binding_refuses_action_geometry_or_evidence_drift[tools]
tests/test_procedural_transfer_runner.py::test_target_binding_refuses_action_geometry_or_evidence_drift[evidence_available]
tests/test_procedural_transfer_runner.py::test_target_binding_refuses_action_geometry_or_evidence_drift[max_steps]
tests/test_procedural_transfer_runner.py::test_seed_identity_and_all_partition_roles_are_bound
tests/test_procedural_transfer_runner.py::test_procedural_preflight_audits_paid_cut_and_refuses_partition_substitution
tests/test_procedural_transfer_runner.py::test_exact_runner_bytes_are_part_of_runtime_freeze
tests/test_procedural_transfer_runner.py::test_reused_failed_audit_keeps_every_candidate_in_denominator
tests/test_procedural_transfer_runner.py::test_all_arm_orchestration_uses_explicit_nonpatient_test_scope
tests/test_pyhysco_phantom.py::test_oblique_geometry_has_physical_spacing_and_fixed_center
tests/test_pyhysco_phantom.py::test_both_native_affine_and_regridded_pe_mismatch_are_rejected
tests/test_pyhysco_phantom.py::test_vector_transport_preserves_world_direction_and_round_trip
tests/test_pyhysco_phantom.py::test_shear_is_rejected_and_direction_must_be_unit
tests/test_pyhysco_phantom.py::test_regridding_respects_full_world_affines
tests/test_pyhysco_phantom.py::test_analytic_field_gradient_matches_independent_world_difference
tests/test_pyhysco_phantom.py::test_forward_inverse_map_and_mass_modulation_are_nontrivial
tests/test_pyhysco_phantom.py::test_output_adapter_preserves_image_and_half_voxel_node_coordinates
tests/test_pyhysco_phantom.py::test_nonzero_intensity_floor_requires_jacobian_modulation
tests/test_pyhysco_phantom.py::test_output_adapter_rejects_corrupt_or_unexpected_outputs[image_shape]
tests/test_pyhysco_phantom.py::test_output_adapter_rejects_corrupt_or_unexpected_outputs[node_shape]
tests/test_pyhysco_phantom.py::test_output_adapter_rejects_corrupt_or_unexpected_outputs[nan]
tests/test_pyhysco_phantom.py::test_wrong_wheel_rejected_without_importing_optional_tool
tests/test_pyhysco_phantom.py::test_cpu_timeout_is_enforced
tests/test_route_native_diagnostics.py::test_generic_static_route_tool_does_not_imply_native_cutting_action
tests/test_route_native_diagnostics.py::test_explicit_alternative_tool_can_enable_a_native_action_without_training
tests/test_route_native_diagnostics.py::test_missing_selected_endpoint_and_changed_entry_are_reported_separately
tests/test_selection_contract.py::test_initial_zero_score_is_complete_on_the_actual_prescribed_panel
tests/test_selection_contract.py::test_missing_or_nonfinite_selection_cannot_release_initial_checkpoint[None]
tests/test_selection_contract.py::test_missing_or_nonfinite_selection_cannot_release_initial_checkpoint[nan]
tests/test_selection_contract.py::test_missing_or_nonfinite_selection_cannot_release_initial_checkpoint[inf]
tests/test_selection_contract.py::test_missing_or_nonfinite_selection_cannot_release_initial_checkpoint[-inf]
tests/test_selection_contract.py::test_missing_or_nonfinite_selection_cannot_release_initial_checkpoint[True]
tests/test_selection_contract.py::test_missing_or_nonfinite_selection_cannot_release_initial_checkpoint[0]
tests/test_selection_contract.py::test_replay_needs_its_exact_completed_selection_evidence[<lambda>0]
tests/test_selection_contract.py::test_replay_needs_its_exact_completed_selection_evidence[<lambda>1]
tests/test_selection_contract.py::test_replay_needs_its_exact_completed_selection_evidence[<lambda>2]
tests/test_selection_contract.py::test_replay_needs_its_exact_completed_selection_evidence[<lambda>3]
tests/test_selection_contract.py::test_replay_needs_its_exact_completed_selection_evidence[<lambda>4]
tests/test_selection_contract.py::test_replay_needs_its_exact_completed_selection_evidence[<lambda>5]
tests/test_selection_contract.py::test_replay_needs_its_exact_completed_selection_evidence[<lambda>6]
tests/test_selection_contract.py::test_replay_needs_its_exact_completed_selection_evidence[<lambda>7]
tests/test_selection_contract.py::test_replay_needs_its_exact_completed_selection_evidence[<lambda>8]
tests/test_selection_contract.py::test_replay_needs_its_exact_completed_selection_evidence[<lambda>9]
tests/test_simulation.py::test_paid_corridor_and_known_optimum
tests/test_simulation.py::test_stop_is_always_available_and_has_no_terminal_bonus
tests/test_simulation.py::test_internal_voxel_and_repeated_removal_rejected_without_mutation
tests/test_simulation.py::test_complete_shaft_larger_than_aperture_is_rejected
tests/test_simulation.py::test_replay_and_cavity_are_deterministic_and_monotonic
tests/test_simulation.py::test_graph_edge_is_disrupted_once
tests/test_simulation.py::test_hidden_world_never_changes_actor_observation_or_action_mask
tests/test_simulation.py::test_model_arrays_and_mappings_cannot_mutate
tests/test_simulation.py::test_search_can_pay_access_cost_that_immediate_greedy_avoids
tests/test_simulation.py::test_partial_target_cell_pays_for_normal_tissue_and_preserves_compartments
tests/test_simulation.py::test_missing_functional_evidence_is_null_in_results
tests/test_simulation.py::test_patient_pooling_preserves_source_volumes_and_native_affine
tests/test_simulation.py::test_full_head_or_unknown_source_cannot_use_mri_as_brain_envelope
tests/test_simulation.py::test_branching_fixture_has_paid_access_and_exhaustive_reference
tests/test_simulation.py::test_deterministic_world_preserves_oblique_grid_fields_exactly
tests/test_simulation.py::test_fresh_coarse_arm_does_not_share_dynamic_caches
tests/test_structural_evidence.py::test_unselected_proposal_is_immutable_separate_and_does_not_change_planning_seed
tests/test_structural_evidence.py::test_exact_review_does_not_select_mask_or_grant_cortical_permission
tests/test_structural_evidence.py::test_stale_source_frame_mask_and_forged_manifest_are_rejected
tests/test_structural_evidence.py::test_every_case_factory_blocks_unreviewed_working_brain_mask[unknown]
tests/test_structural_evidence.py::test_every_case_factory_blocks_unreviewed_working_brain_mask[unreviewed_extraction]
tests/test_structural_evidence.py::test_every_case_factory_blocks_unreviewed_working_brain_mask[rejected_extraction]
tests/test_structural_evidence.py::test_every_case_factory_blocks_unreviewed_working_brain_mask[flat_review_boolean]
tests/test_structural_evidence.py::test_explicit_hypothetical_assumption_is_source_bound_and_remains_unverified
tests/test_structural_evidence.py::test_explicit_support_cannot_reuse_unreviewed_extraction
tests/test_structural_evidence.py::test_simulated_source_cannot_be_relabelled_patient_observation
tests/test_structural_evidence.py::test_desktop_displays_separate_proposal_without_planning_permission
tests/test_structural_evidence_adversarial.py::test_explicit_full_head_prohibition_wins_over_collection_name[prohibition0-coarse]
tests/test_structural_evidence_adversarial.py::test_explicit_full_head_prohibition_wins_over_collection_name[prohibition0-native]
tests/test_structural_evidence_adversarial.py::test_explicit_full_head_prohibition_wins_over_collection_name[prohibition0-native_config]
tests/test_structural_evidence_adversarial.py::test_explicit_full_head_prohibition_wins_over_collection_name[prohibition1-coarse]
tests/test_structural_evidence_adversarial.py::test_explicit_full_head_prohibition_wins_over_collection_name[prohibition1-native]
tests/test_structural_evidence_adversarial.py::test_explicit_full_head_prohibition_wins_over_collection_name[prohibition1-native_config]
tests/test_structural_evidence_adversarial.py::test_explicit_full_head_prohibition_wins_over_collection_name[prohibition2-coarse]
tests/test_structural_evidence_adversarial.py::test_explicit_full_head_prohibition_wins_over_collection_name[prohibition2-native]
tests/test_structural_evidence_adversarial.py::test_explicit_full_head_prohibition_wins_over_collection_name[prohibition2-native_config]
tests/test_structural_evidence_adversarial.py::test_explicit_full_head_prohibition_wins_over_collection_name[prohibition3-coarse]
tests/test_structural_evidence_adversarial.py::test_explicit_full_head_prohibition_wins_over_collection_name[prohibition3-native]
tests/test_structural_evidence_adversarial.py::test_explicit_full_head_prohibition_wins_over_collection_name[prohibition3-native_config]
tests/test_structural_evidence_adversarial.py::test_one_voxel_proposal_change_cannot_launder_unknown_support
tests/test_structural_evidence_adversarial.py::test_exact_pending_proposal_cannot_be_overridden_by_formal_assumption
tests/test_structural_evidence_adversarial.py::test_reviewed_model_provenance_cannot_be_relabelled_by_support_caller[observed]
tests/test_structural_evidence_adversarial.py::test_reviewed_model_provenance_cannot_be_relabelled_by_support_caller[simulated]
tests/test_structural_evidence_adversarial.py::test_array_descriptor_change_cannot_reuse_accepted_review
tests/test_structural_evidence_adversarial.py::test_selected_review_does_not_authorize_adding_targets_outside_envelope[coarse]
tests/test_structural_evidence_adversarial.py::test_selected_review_does_not_authorize_adding_targets_outside_envelope[native]
tests/test_structural_evidence_adversarial.py::test_selected_review_does_not_authorize_adding_targets_outside_envelope[native_config]
tests/test_structural_evidence_adversarial.py::test_unselected_proposals_and_reviews_leave_actual_worlds_unchanged
tests/test_structural_evidence_io.py::test_extraction_import_is_display_only_and_source_bound
tests/test_structural_evidence_io.py::test_current_case_image_or_frame_change_rejects_stale_extraction
tests/test_structural_evidence_io.py::test_unverified_report_or_mask_cannot_be_attached[source]
tests/test_structural_evidence_io.py::test_unverified_report_or_mask_cannot_be_attached[model]
tests/test_structural_evidence_io.py::test_unverified_report_or_mask_cannot_be_attached[mask_bytes]
tests/test_structural_evidence_io.py::test_unverified_report_or_mask_cannot_be_attached[review]
tests/test_structural_evidence_io.py::test_unverified_report_or_mask_cannot_be_attached[top_review]
tests/test_structural_evidence_io.py::test_unverified_report_or_mask_cannot_be_attached[qc_cortex]
tests/test_structural_evidence_io.py::test_unverified_report_or_mask_cannot_be_attached[failed]
tests/test_structural_evidence_io.py::test_unverified_report_or_mask_cannot_be_attached[wrong_grid]
tests/test_structural_evidence_io.py::test_bundle_preserves_unreviewed_evidence_and_hash_bound_review
tests/test_structural_evidence_io.py::test_bundle_rejects_forged_review_status
tests/test_structural_evidence_io.py::test_attach_cli_saves_separate_reopenable_proposals
tests/test_structural_evidence_io.py::test_attach_cli_rejects_overwriting_known_source_artifacts[case]
tests/test_structural_evidence_io.py::test_attach_cli_rejects_overwriting_known_source_artifacts[source]
tests/test_structural_evidence_io.py::test_attach_cli_rejects_overwriting_known_source_artifacts[report]
tests/test_structural_evidence_io.py::test_attach_cli_rejects_overwriting_known_source_artifacts[mask]
tests/test_vector_susceptibility.py::test_exact_identity_has_independent_zero_objective_and_positive_jacobians
tests/test_vector_susceptibility.py::test_exact_identity_returns_before_any_numerical_optimizer
tests/test_vector_susceptibility.py::test_identity_certificate_never_ignores_geometry_or_noise[affine]
tests/test_vector_susceptibility.py::test_identity_certificate_never_ignores_geometry_or_noise[almost_equal]
tests/test_vector_susceptibility.py::test_identity_certificate_never_ignores_geometry_or_noise[constant]
tests/test_vector_susceptibility.py::test_identity_certificate_never_ignores_geometry_or_noise[nan]
tests/test_vector_susceptibility.py::test_native_affine_sampling_and_vector_jacobians_match_analytic_linear_functions
tests/test_vector_susceptibility.py::test_ignoring_second_affine_changes_physical_predictions
tests/test_vector_susceptibility.py::test_reference_sampling_does_not_introduce_roundtrip_errors_at_interpolation_knots
tests/test_vector_susceptibility.py::test_autograd_matches_independent_finite_difference_for_nonparallel_pair
tests/test_vector_susceptibility.py::test_global_rigid_coordinate_change_preserves_predictions
tests/test_vector_susceptibility.py::test_folded_field_is_visible_and_strongly_penalized
tests/test_vector_susceptibility.py::test_identical_phase_directions_and_invalid_vectors_are_rejected
tests/test_worlds_evaluation.py::test_frozen_model_copies_mutable_inputs_and_detects_changes
tests/test_worlds_evaluation.py::test_world_partitions_reproducible_disjoint_and_typed
tests/test_worlds_evaluation.py::test_seed_identity_uses_permitted_planning_inputs
tests/test_worlds_evaluation.py::test_hidden_world_is_episode_coherent_rigid_and_absent_from_actor_input
tests/test_worlds_evaluation.py::test_h0_distances_match_physical_analytic_point[spacing0]
tests/test_worlds_evaluation.py::test_h0_distances_match_physical_analytic_point[spacing1]
tests/test_worlds_evaluation.py::test_h0_distances_match_physical_analytic_point[spacing2]
tests/test_worlds_evaluation.py::test_halo_missing_reconstruction_and_partial_coverage_stay_unknown
tests/test_worlds_evaluation.py::test_ensemble_support_preserves_missing_world_coverage
tests/test_worlds_evaluation.py::test_event_counts_monte_carlo_error_and_unknowns
tests/test_worlds_evaluation.py::test_deterministic_replays_do_not_fabricate_uncertainty_validation
tests/test_worlds_evaluation.py::test_wilson_boundary_counts_and_fractional_cvar
tests/test_worlds_evaluation.py::test_final_evaluation_requires_frozen_set_and_isolation
tests/test_worlds_evaluation.py::test_final_ledger_rejects_revealed_worlds_after_candidate_change_and_reorder
tests/test_worlds_evaluation.py::test_failed_geometry_is_retained_and_route_removal_is_rejected
tests/test_worlds_evaluation.py::test_segment_box_analytic_and_independent_numerical_comparison
tests/test_worlds_evaluation.py::test_independent_checker_rejects_shaft_when_tip_is_clear
tests/test_worlds_evaluation.py::test_voxel_cells_are_volumes_and_anisotropy_is_physical
tests/test_worlds_evaluation.py::test_sweep_collisions_between_free_endpoints_are_rejected
tests/test_worlds_evaluation.py::test_rotating_swept_shaft_hits_obstacle_with_clear_endpoint_poses
tests/test_worlds_evaluation.py::test_nested_tool_envelopes_never_lose_known_contact
tests/test_worlds_evaluation.py::test_access_window_and_missing_proximal_coverage_are_explicit
tests/test_worlds_evaluation.py::test_independent_sequence_checks_real_replay_accounting_and_termination
tests/test_worlds_evaluation.py::test_axial_motion_catches_obstacle_even_after_whole_tool_has_passed
tests/test_worlds_evaluation.py::test_native_source_footprint_rejects_coarse_cell_erasure_beyond_tip
tests/test_worlds_evaluation.py::test_native_microsteps_pass_independent_containment_frontier_and_shaft_checks
tests/test_worlds_evaluation.py::test_native_microstep_audit_rejects_geometry_and_accounting_exploits[missing_contact]
tests/test_worlds_evaluation.py::test_native_microstep_audit_rejects_geometry_and_accounting_exploits[premature_removal]
tests/test_worlds_evaluation.py::test_native_microstep_audit_rejects_geometry_and_accounting_exploits[enlarged_tip]
tests/test_worlds_evaluation.py::test_native_microstep_audit_rejects_geometry_and_accounting_exploits[macro_accounting]
tests/test_worlds_evaluation.py::test_native_shaft_cannot_borrow_removal_from_the_microstep_endpoint
tests/test_worlds_evaluation.py::test_native_recorded_entry_can_move_within_the_same_checked_aperture
tests/test_worlds_evaluation.py::test_native_lps_source_is_checked_in_explicit_ras_geometry_without_resampling
tests/test_worlds_evaluation.py::test_native_macro_display_coordinates_and_volume_must_match_checked_history
tests/test_worlds_evaluation.py::test_incremental_free_space_exactly_matches_full_flood_when_a_sealed_cavity_opens[1]
tests/test_worlds_evaluation.py::test_incremental_free_space_exactly_matches_full_flood_when_a_sealed_cavity_opens[4096]
tests/test_worlds_evaluation.py::test_incremental_free_space_preserves_unopened_cavities_and_handles_boundary_cuts
tests/test_worlds_evaluation.py::test_incremental_free_space_matches_full_flood_across_random_grids_and_multiple_entries

780 tests collected in 1.44s
