✓ Lockfile passes supply-chain policies (verified 5d ago)
Lockfile is up to date, resolution step is skipped
Already up to date

Done in 263ms using pnpm v11.25.0
$ tsc --noEmit && vite build
vite v8.3.2 building client environment for production...
transforming...
✓ 2025 modules transformed.
rendering chunks...
computing gzip size...
dist/index.html                             0.71 kB │ gzip:   0.41 kB
dist/assets/surface.worker-BECvlto8.js      2.93 kB
dist/assets/index-C7r4GGsi.css             46.02 kB │ gzip:  10.59 kB
dist/assets/index-8ptduY97.js           1,121.84 kB │ gzip: 309.98 kB │ map: 5,062.12 kB

[plugin builtin:vite-reporter] 
(!) Some chunks are larger than 500 kB after minification. Consider:
- Using dynamic import() to code-split the application
- Use build.rolldownOptions.output.codeSplitting to improve chunking: https://rolldown.rs/reference/OutputOptions.codeSplitting
- Adjust chunk size limit for this warning via build.chunkSizeWarningLimit.
✓ built in 209ms
