{
  "schema_version": 1,
  "created_at": "2026-10-04T12:21:18.395471+00:00",
  "implementation_sha256": "702f5df214fd1d25372275bae5333e4c915c34e9cb3745a9fe8d6eb392b74917",
  "source_t1_sha256": "709b3ea19596ff6a0cb963ebeaeede247b0ddd6c605f12aa350df2cb04500c3e",
  "source_annotation": {
    "sha256": "89b610ce3cfa6acf3d23e59d42e3b04a593d7360b996ced10e0aaf060428b0c8",
    "geometry_and_threshold": {
      "interpretation": "source fractional annotation; threshold research scenario, not probability",
      "provenance": "observed",
      "intensity_meaning": "source annotation intensity; not a calibrated probability",
      "source_min": 0.0,
      "source_max": 1.0,
      "source_shape": [
        160,
        256,
        256
      ],
      "source_affine_ras_mm": [
        [
          -0.9988157749176025,
          0.045420169830322266,
          0.0174407958984375,
          72.78331756591797
        ],
        [
          0.04541325569152832,
          0.9989679455757141,
          -0.0007929801940917969,
          -108.58451080322266
        ],
        [
          0.017458796501159668,
          0.0,
          0.9998475909233093,
          -153.49253845214844
        ],
        [
          0.0,
          0.0,
          0.0,
          1.0
        ]
      ],
      "target_voxel_to_source_voxel": [
        [
          -1.0000020898402908,
          -2.231913039107969e-08,
          -7.584500027522467e-09,
          159.00032626369324
        ],
        [
          -1.6889500978334304e-08,
          1.0000000010152201,
          -2.8015631962745313e-09,
          -1.172867729160032e-05
        ],
        [
          -2.4985001509710426e-08,
          7.414115425112902e-10,
          1.0000000001324365,
          8.604706351889035e-07
        ],
        [
          0.0,
          0.0,
          0.0,
          1.0
        ]
      ],
      "applied_integer_reindex": [
        [
          -1.0,
          -0.0,
          -0.0,
          159.0
        ],
        [
          -0.0,
          1.0,
          -0.0,
          -0.0
        ],
        [
          -0.0,
          0.0,
          1.0,
          0.0
        ],
        [
          0.0,
          0.0,
          0.0,
          1.0
        ]
      ],
      "max_grid_rounding_error_voxels": 0.00032647557306286003,
      "grid_rounding_error_definition": "maximum Euclidean source-voxel displacement at the eight structural-grid corners",
      "threshold": 0.5,
      "threshold_rule": "source_intensity >= threshold",
      "threshold_evidence": "declared_research_assumption",
      "derived_provenance": "estimated",
      "source_compartments_meaning": "initial threshold-derived binary annotation, not original fractional values",
      "raw_source_retention": "immutable external source file referenced by SHA256; not embedded in compact bundle"
    }
  },
  "baseline": {
    "method": "positive-intensity Otsu, 2.5 mm opening, largest component, hole fill, 1 mm erosion",
    "otsu_threshold": 121.880859375,
    "meaning": "erosive T1 intensity core; not anatomical truth or complete brain",
    "whole_brain_coverage": "unknown",
    "reviewed": false
  },
  "variants": {
    "nocsf": {
      "inference": {
        "model": {
          "name": "SynthStrip",
          "variant": "nocsf",
          "weights_version": 1,
          "upstream_code_commit": "cf4bccf24875a47245b4df9fc9372d0f1c3d784f",
          "files": {
            "mri_synthstrip": {
              "url": "https://raw.githubusercontent.com/freesurfer/freesurfer/cf4bccf24875a47245b4df9fc9372d0f1c3d784f/mri_synthstrip/mri_synthstrip",
              "sha256": "291c253ab2f7c0cbcb84afa769ae10909549537e727db5b92d268754b7cc7871",
              "bytes": 12238
            },
            "LICENSE_FreeSurfer.txt": {
              "url": "https://raw.githubusercontent.com/freesurfer/freesurfer/cf4bccf24875a47245b4df9fc9372d0f1c3d784f/LICENSE.txt",
              "sha256": "632d404ea17b9101d9ac87cf8f09e651d18eb20d2cc0ba8dbee77e85b8516307",
              "bytes": 10297
            },
            "synthstrip.nocsf.1.pt": {
              "url": "https://surfer.nmr.mgh.harvard.edu/docs/synthstrip/requirements/synthstrip.nocsf.1.pt",
              "sha256": "62bf01137c45b5f0cc04d59dbaed5b9ac138b3f25b766c062a7c1a0d696ecb28",
              "bytes": 30851709
            }
          },
          "code_license": "FreeSurfer Software License Agreement 1.0, February 2011",
          "weights_license_choice": "MIT, explicitly offered by official SynthStrip page",
          "weights_license_source": "https://surfer.nmr.mgh.harvard.edu/docs/synthstrip/"
        },
        "input_sha256": "709b3ea19596ff6a0cb963ebeaeede247b0ddd6c605f12aa350df2cb04500c3e",
        "input_qc": {
          "file": "sub-PAT16_ses-preop_T1w.nii.gz",
          "shape": [
            160,
            256,
            256
          ],
          "affine_ras_mm": [
            [
              0.9988178610801697,
              0.045420192182064056,
              0.017440803349018097,
              -86.02871704101562
            ],
            [
              -0.045413367450237274,
              0.9989679455757141,
              -0.0007929833373054862,
              -101.36380004882812
            ],
            [
              -0.017458857968449593,
              3.516333890729584e-10,
              0.9998475909233093,
              -150.71658325195312
            ],
            [
              0.0,
              0.0,
              0.0,
              1.0
            ]
          ],
          "source_units": "mm",
          "physical_units": "mm",
          "unit_scale_to_mm": 1.0,
          "qform_code": 1,
          "sform_code": 1,
          "qform_native": [
            [
              0.9988178542487539,
              0.045420191312845005,
              0.017440803743577808,
              -86.02871704101562
            ],
            [
              -0.04541336595143022,
              0.9989679705681782,
              -0.0007929833394341021,
              -101.36380004882812
            ],
            [
              -0.01745885923835213,
              3.1465373275668673e-10,
              0.9998475831556535,
              -150.71658325195312
            ],
            [
              0.0,
              0.0,
              0.0,
              1.0
            ]
          ],
          "sform_native": [
            [
              0.9988178610801697,
              0.045420192182064056,
              0.017440803349018097,
              -86.02871704101562
            ],
            [
              -0.045413367450237274,
              0.9989679455757141,
              -0.0007929833373054862,
              -101.36380004882812
            ],
            [
              -0.017458857968449593,
              3.516333890729584e-10,
              0.9998475909233093,
              -150.71658325195312
            ],
            [
              0.0,
              0.0,
              0.0,
              1.0
            ]
          ],
          "orientation": [
            "R",
            "A",
            "S"
          ],
          "spacing_mm": [
            1.000002152636432,
            0.9999999750728089,
            1.0000000077595887
          ],
          "voxel_volume_mm3": 1.0000021354687927,
          "handedness": "right",
          "anisotropic": false,
          "obliquity_degrees": [
            2.7887484980603814,
            2.6032809974884317,
            1.0003675974765844
          ],
          "status": "passed_header_checks",
          "visual_alignment_review": "pending",
          "frame": "RAS+",
          "simulation_frame": "source_coded_frame_native_status_requires_source_provenance"
        },
        "elapsed_seconds": 6.106831207987852,
        "sampled_process_peak_rss_bytes": 676298752,
        "memory_measurement": "child-process RSS sampled with ps approximately every 0.25 s; may miss brief peaks",
        "configuration": {
          "cpu_threads": 2,
          "border_mm": 1,
          "device": "mps",
          "timeout_seconds": 300,
          "maximum_rss_bytes": 6442450944,
          "weights_only_load": true
        },
        "runtime_versions": {
          "python": "3.12.14",
          "numpy": "2.2.6",
          "torch": "2.14.1",
          "surfa": "0.6.3"
        },
        "executed_runner_sha256": "d39cbcba9c5303ba74eaf0bb53d9105762f8a01a7de7bae2740958242f8f6cf8",
        "upstream_modified": true,
        "exit_code": 0,
        "failure": null,
        "provenance": "estimated",
        "brain_reviewed": false,
        "cortical_access_permitted": false,
        "mps_memory_samples": {
          "tensor_bytes_max_sampled": 4117935104,
          "driver_bytes_max_sampled": 5948243968
        },
        "mps_memory_measurement": "allocator samples after module forwards, not exact peak; driver includes cached allocations; process RSS alone excludes GPU accounting",
        "distance_map_qc": {
          "native_geometry": {
            "file": "nocsf_distance_mm.nii.gz",
            "shape": [
              160,
              256,
              256
            ],
            "affine_ras_mm": [
              [
                0.9988178610801697,
                0.045420192182064056,
                0.017440803349018097,
                -86.02871704101562
              ],
              [
                -0.045413367450237274,
                0.9989679455757141,
                -0.0007929833373054862,
                -101.36380004882812
              ],
              [
                -0.017458857968449593,
                3.516333890729584e-10,
                0.9998475909233093,
                -150.71658325195312
              ],
              [
                0.0,
                0.0,
                0.0,
                1.0
              ]
            ],
            "source_units": "mm",
            "physical_units": "mm",
            "unit_scale_to_mm": 1.0,
            "qform_code": 1,
            "sform_code": 1,
            "qform_native": [
              [
                0.9988178542812665,
                0.045420191312845005,
                0.017440801881626174,
                -86.02871704101562
              ],
              [
                -0.045413365952168966,
                0.9989679705681782,
                -0.0007929832971271713,
                -101.36380004882812
              ],
              [
                -0.0174588573763965,
                3.569671127158329e-10,
                0.9998475831881659,
                -150.71658325195312
              ],
              [
                0.0,
                0.0,
                0.0,
                1.0
              ]
            ],
            "sform_native": [
              [
                0.9988178610801697,
                0.045420192182064056,
                0.017440803349018097,
                -86.02871704101562
              ],
              [
                -0.045413367450237274,
                0.9989679455757141,
                -0.0007929833373054862,
                -101.36380004882812
              ],
              [
                -0.017458857968449593,
                3.516333890729584e-10,
                0.9998475909233093,
                -150.71658325195312
              ],
              [
                0.0,
                0.0,
                0.0,
                1.0
              ]
            ],
            "orientation": [
              "R",
              "A",
              "S"
            ],
            "spacing_mm": [
              1.000002152636432,
              0.9999999750728089,
              1.0000000077595887
            ],
            "voxel_volume_mm3": 1.0000021354687927,
            "handedness": "right",
            "anisotropic": false,
            "obliquity_degrees": [
              2.7887484980603814,
              2.6032809974884317,
              1.0003675974765844
            ],
            "status": "passed_header_checks",
            "visual_alignment_review": "pending",
            "frame": "RAS+",
            "simulation_frame": "source_coded_frame_native_status_requires_source_provenance",
            "maximum_native_corner_displacement_mm": 0.0
          },
          "finite_values": true,
          "minimum_mm": -4.115998268127441,
          "maximum_mm": 100.0,
          "meaning": "predicted signed distance with upstream extension; not a clinical probability or reviewed surface"
        },
        "artifact_hashes": {
          "nocsf_mask.nii.gz": "c2938e8cd2fc68f06979949a1f42410ad931e52363dfdd8657e9de41320d928f",
          "nocsf_distance_mm.nii.gz": "06b04d355100039d9d9d904a60a661cbb746ec978087e9de6a61e2ec3f215821"
        }
      },
      "qc": {
        "mask_voxels": 1351350,
        "mask_volume_ml": 1351.352885765753,
        "connected_components": 1,
        "boundary_face_voxels": 0,
        "sanity_volume_range_ml": [
          400,
          2200
        ],
        "sanity_range_meaning": "broad engineering alert, not clinical acceptance",
        "flags": [
          "SOURCE_ANNOTATION_EXTENDS_OUTSIDE_EXTRACTION"
        ],
        "brain_reviewed": false,
        "cortex_localized": false,
        "cortical_access_permitted": false,
        "clinical_deficit_probability": null,
        "source_annotation_inclusion_fraction": 0.9549559471365638,
        "source_annotation_voxels": 45400,
        "source_annotation_outside_voxels": 2045,
        "annotation_fraction_meaning": "overlap of threshold-derived source annotation; not extraction accuracy or removal",
        "baseline_dice_agreement": 0.7769028620182342,
        "baseline_agreement_meaning": "agreement with an erosive intensity core, not measured segmentation accuracy",
        "baseline_volume_ml": 1574.1413615225745
      }
    },
    "main": {
      "inference": {
        "model": {
          "name": "SynthStrip",
          "variant": "main",
          "weights_version": 1,
          "upstream_code_commit": "cf4bccf24875a47245b4df9fc9372d0f1c3d784f",
          "files": {
            "mri_synthstrip": {
              "url": "https://raw.githubusercontent.com/freesurfer/freesurfer/cf4bccf24875a47245b4df9fc9372d0f1c3d784f/mri_synthstrip/mri_synthstrip",
              "sha256": "291c253ab2f7c0cbcb84afa769ae10909549537e727db5b92d268754b7cc7871",
              "bytes": 12238
            },
            "LICENSE_FreeSurfer.txt": {
              "url": "https://raw.githubusercontent.com/freesurfer/freesurfer/cf4bccf24875a47245b4df9fc9372d0f1c3d784f/LICENSE.txt",
              "sha256": "632d404ea17b9101d9ac87cf8f09e651d18eb20d2cc0ba8dbee77e85b8516307",
              "bytes": 10297
            },
            "synthstrip.1.pt": {
              "url": "https://surfer.nmr.mgh.harvard.edu/docs/synthstrip/requirements/synthstrip.1.pt",
              "sha256": "37417f802196186441aae3e7f385d94f8a98c64a88acaeaa2723af995c653e33",
              "bytes": 30851709
            }
          },
          "code_license": "FreeSurfer Software License Agreement 1.0, February 2011",
          "weights_license_choice": "MIT, explicitly offered by official SynthStrip page",
          "weights_license_source": "https://surfer.nmr.mgh.harvard.edu/docs/synthstrip/"
        },
        "input_sha256": "709b3ea19596ff6a0cb963ebeaeede247b0ddd6c605f12aa350df2cb04500c3e",
        "input_qc": {
          "file": "sub-PAT16_ses-preop_T1w.nii.gz",
          "shape": [
            160,
            256,
            256
          ],
          "affine_ras_mm": [
            [
              0.9988178610801697,
              0.045420192182064056,
              0.017440803349018097,
              -86.02871704101562
            ],
            [
              -0.045413367450237274,
              0.9989679455757141,
              -0.0007929833373054862,
              -101.36380004882812
            ],
            [
              -0.017458857968449593,
              3.516333890729584e-10,
              0.9998475909233093,
              -150.71658325195312
            ],
            [
              0.0,
              0.0,
              0.0,
              1.0
            ]
          ],
          "source_units": "mm",
          "physical_units": "mm",
          "unit_scale_to_mm": 1.0,
          "qform_code": 1,
          "sform_code": 1,
          "qform_native": [
            [
              0.9988178542487539,
              0.045420191312845005,
              0.017440803743577808,
              -86.02871704101562
            ],
            [
              -0.04541336595143022,
              0.9989679705681782,
              -0.0007929833394341021,
              -101.36380004882812
            ],
            [
              -0.01745885923835213,
              3.1465373275668673e-10,
              0.9998475831556535,
              -150.71658325195312
            ],
            [
              0.0,
              0.0,
              0.0,
              1.0
            ]
          ],
          "sform_native": [
            [
              0.9988178610801697,
              0.045420192182064056,
              0.017440803349018097,
              -86.02871704101562
            ],
            [
              -0.045413367450237274,
              0.9989679455757141,
              -0.0007929833373054862,
              -101.36380004882812
            ],
            [
              -0.017458857968449593,
              3.516333890729584e-10,
              0.9998475909233093,
              -150.71658325195312
            ],
            [
              0.0,
              0.0,
              0.0,
              1.0
            ]
          ],
          "orientation": [
            "R",
            "A",
            "S"
          ],
          "spacing_mm": [
            1.000002152636432,
            0.9999999750728089,
            1.0000000077595887
          ],
          "voxel_volume_mm3": 1.0000021354687927,
          "handedness": "right",
          "anisotropic": false,
          "obliquity_degrees": [
            2.7887484980603814,
            2.6032809974884317,
            1.0003675974765844
          ],
          "status": "passed_header_checks",
          "visual_alignment_review": "pending",
          "frame": "RAS+",
          "simulation_frame": "source_coded_frame_native_status_requires_source_provenance"
        },
        "elapsed_seconds": 5.85267541592475,
        "sampled_process_peak_rss_bytes": 676200448,
        "memory_measurement": "child-process RSS sampled with ps approximately every 0.25 s; may miss brief peaks",
        "configuration": {
          "cpu_threads": 2,
          "border_mm": 1,
          "device": "mps",
          "timeout_seconds": 300,
          "maximum_rss_bytes": 6442450944,
          "weights_only_load": true
        },
        "runtime_versions": {
          "python": "3.12.14",
          "numpy": "2.2.6",
          "torch": "2.14.1",
          "surfa": "0.6.3"
        },
        "executed_runner_sha256": "d39cbcba9c5303ba74eaf0bb53d9105762f8a01a7de7bae2740958242f8f6cf8",
        "upstream_modified": true,
        "exit_code": 0,
        "failure": null,
        "provenance": "estimated",
        "brain_reviewed": false,
        "cortical_access_permitted": false,
        "mps_memory_samples": {
          "tensor_bytes_max_sampled": 4117935104,
          "driver_bytes_max_sampled": 5948243968
        },
        "mps_memory_measurement": "allocator samples after module forwards, not exact peak; driver includes cached allocations; process RSS alone excludes GPU accounting",
        "distance_map_qc": {
          "native_geometry": {
            "file": "main_distance_mm.nii.gz",
            "shape": [
              160,
              256,
              256
            ],
            "affine_ras_mm": [
              [
                0.9988178610801697,
                0.045420192182064056,
                0.017440803349018097,
                -86.02871704101562
              ],
              [
                -0.045413367450237274,
                0.9989679455757141,
                -0.0007929833373054862,
                -101.36380004882812
              ],
              [
                -0.017458857968449593,
                3.516333890729584e-10,
                0.9998475909233093,
                -150.71658325195312
              ],
              [
                0.0,
                0.0,
                0.0,
                1.0
              ]
            ],
            "source_units": "mm",
            "physical_units": "mm",
            "unit_scale_to_mm": 1.0,
            "qform_code": 1,
            "sform_code": 1,
            "qform_native": [
              [
                0.9988178542812665,
                0.045420191312845005,
                0.017440801881626174,
                -86.02871704101562
              ],
              [
                -0.045413365952168966,
                0.9989679705681782,
                -0.0007929832971271713,
                -101.36380004882812
              ],
              [
                -0.0174588573763965,
                3.569671127158329e-10,
                0.9998475831881659,
                -150.71658325195312
              ],
              [
                0.0,
                0.0,
                0.0,
                1.0
              ]
            ],
            "sform_native": [
              [
                0.9988178610801697,
                0.045420192182064056,
                0.017440803349018097,
                -86.02871704101562
              ],
              [
                -0.045413367450237274,
                0.9989679455757141,
                -0.0007929833373054862,
                -101.36380004882812
              ],
              [
                -0.017458857968449593,
                3.516333890729584e-10,
                0.9998475909233093,
                -150.71658325195312
              ],
              [
                0.0,
                0.0,
                0.0,
                1.0
              ]
            ],
            "orientation": [
              "R",
              "A",
              "S"
            ],
            "spacing_mm": [
              1.000002152636432,
              0.9999999750728089,
              1.0000000077595887
            ],
            "voxel_volume_mm3": 1.0000021354687927,
            "handedness": "right",
            "anisotropic": false,
            "obliquity_degrees": [
              2.7887484980603814,
              2.6032809974884317,
              1.0003675974765844
            ],
            "status": "passed_header_checks",
            "visual_alignment_review": "pending",
            "frame": "RAS+",
            "simulation_frame": "source_coded_frame_native_status_requires_source_provenance",
            "maximum_native_corner_displacement_mm": 0.0
          },
          "finite_values": true,
          "minimum_mm": -5.219637870788574,
          "maximum_mm": 100.0,
          "meaning": "predicted signed distance with upstream extension; not a clinical probability or reviewed surface"
        },
        "artifact_hashes": {
          "main_mask.nii.gz": "c2282a0709d4b984adb092af734e1fc548e7b4a3ced6c44a01c71b916b4fead4",
          "main_distance_mm.nii.gz": "b0ec3f053a3e4d14ab8cbcdf5cef90260d02560c9191e6a053cfb7e067397921"
        }
      },
      "qc": {
        "mask_voxels": 1560508,
        "mask_volume_ml": 1560.5113324161346,
        "connected_components": 1,
        "boundary_face_voxels": 0,
        "sanity_volume_range_ml": [
          400,
          2200
        ],
        "sanity_range_meaning": "broad engineering alert, not clinical acceptance",
        "flags": [
          "SOURCE_ANNOTATION_EXTENDS_OUTSIDE_EXTRACTION"
        ],
        "brain_reviewed": false,
        "cortex_localized": false,
        "cortical_access_permitted": false,
        "clinical_deficit_probability": null,
        "source_annotation_inclusion_fraction": 0.9995814977973568,
        "source_annotation_voxels": 45400,
        "source_annotation_outside_voxels": 19,
        "annotation_fraction_meaning": "overlap of threshold-derived source annotation; not extraction accuracy or removal",
        "baseline_dice_agreement": 0.7338870162691418,
        "baseline_agreement_meaning": "agreement with an erosive intensity core, not measured segmentation accuracy",
        "baseline_volume_ml": 1574.1413615225745
      }
    }
  },
  "clinical_use_status": "research_only",
  "brain_reviewed": false,
  "cortical_access_permitted": false,
  "training_overlap_audit": "see docs/brain_extraction.md; patient-level disjointness not certified"
}
