{"source_id": "resect-original-Case3-MRI-afterUS.tag", "status": "byte_verified"}
{"source_id": "resect-original-Case3-MRI-beforeUS.tag", "status": "byte_verified"}
{"source_id": "resect-original-Case3-beforeUS-afterUS.tag", "status": "byte_verified"}
{"source_id": "resect-original-Case3-beforeUS-duringUS-full.tag", "status": "byte_verified"}
{"source_id": "resect-original-Case3-beforeUS-duringUS.tag", "status": "byte_verified"}
{"source_id": "resect-original-Case3-FLAIR.nii.gz", "status": "byte_verified"}
{"source_id": "resect-original-Case3-T1.nii.gz", "status": "byte_verified"}
{"source_id": "resect-original-Case3-US-before.nii.gz", "status": "byte_verified"}
{"source_id": "resect-original-Case2-MRI-afterUS.tag", "status": "byte_verified"}
{"source_id": "resect-original-Case2-MRI-beforeUS.tag", "status": "byte_verified"}
{"source_id": "resect-original-Case2-beforeUS-afterUS.tag", "status": "byte_verified"}
{"source_id": "resect-original-Case2-beforeUS-duringUS-full.tag", "status": "byte_verified"}
{"source_id": "resect-original-Case2-beforeUS-duringUS.tag", "status": "byte_verified"}
{"source_id": "resect-original-Case2-FLAIR.nii.gz", "status": "byte_verified"}
{"source_id": "resect-original-Case2-T1.nii.gz", "status": "byte_verified"}
{"source_id": "resect-original-Case2-US-before.nii.gz", "status": "byte_verified"}
{"source_id": "resect-original-Case5-MRI-beforeUS.tag", "status": "byte_verified"}
{"source_id": "resect-original-Case5-FLAIR.nii.gz", "status": "byte_verified"}
{"source_id": "resect-original-Case5-T1.nii.gz", "status": "byte_verified"}
{"source_id": "resect-original-Case5-US-before.nii.gz", "status": "byte_verified"}
{"source_id": "resect-original-Case7-MRI-afterUS.tag", "status": "byte_verified"}
{"source_id": "resect-original-Case7-MRI-beforeUS.tag", "status": "byte_verified"}
{"source_id": "resect-original-Case7-beforeUS-afterUS.tag", "status": "byte_verified"}
{"source_id": "resect-original-Case7-beforeUS-duringUS-full.tag", "status": "byte_verified"}
{"source_id": "resect-original-Case7-beforeUS-duringUS.tag", "status": "byte_verified"}
{"source_id": "resect-original-Case7-FLAIR.nii.gz", "status": "byte_verified"}
{"source_id": "resect-original-Case7-T1.nii.gz", "status": "byte_verified"}
{"source_id": "resect-original-Case7-US-before.nii.gz", "status": "byte_verified"}
{"source_id": "resect-original-Case11-MRI-afterUS.tag", "status": "byte_verified"}
{"source_id": "resect-original-Case11-FLAIR.nii.gz", "status": "byte_verified"}
{"source_id": "resect-original-Case11-T1.nii.gz", "status": "byte_verified"}
{"source_id": "resect-original-Case11-US-after.nii.gz", "status": "byte_verified"}
{"source_id": "resect-original-Case11-US-before.nii.gz", "status": "byte_verified"}
{"source_id": "resect-original-Case11-US-during.nii.gz", "status": "byte_verified"}
{"source_id": "resect-original-Case12-MRI-afterUS.tag", "status": "byte_verified"}
{"source_id": "resect-original-Case12-MRI-beforeUS.tag", "status": "byte_verified"}
{"source_id": "resect-original-Case12-beforeUS-afterUS.tag", "status": "byte_verified"}
{"source_id": "resect-original-Case12-beforeUS-duringUS-full.tag", "status": "byte_verified"}
{"source_id": "resect-original-Case12-beforeUS-duringUS.tag", "status": "byte_verified"}
{"source_id": "resect-original-Case12-FLAIR.nii.gz", "status": "byte_verified"}
{"source_id": "resect-original-Case12-T1.nii.gz", "status": "byte_verified"}
{"source_id": "resect-original-Case12-US-before.nii.gz", "status": "byte_verified"}
{"source_id": "resect-original-Case15-MRI-afterUS.tag", "status": "byte_verified"}
{"source_id": "resect-original-Case15-MRI-beforeUS.tag", "status": "byte_verified"}
{"source_id": "resect-original-Case15-beforeUS-afterUS.tag", "status": "byte_verified"}
{"source_id": "resect-original-Case15-beforeUS-duringUS-full.tag", "status": "byte_verified"}
{"source_id": "resect-original-Case15-beforeUS-duringUS.tag", "status": "byte_verified"}
{"source_id": "resect-original-Case15-FLAIR.nii.gz", "status": "byte_verified"}
{"source_id": "resect-original-Case15-T1.nii.gz", "status": "byte_verified"}
{"source_id": "resect-original-Case15-US-before.nii.gz", "status": "byte_verified"}
{"source_id": "resect-original-Case15-US-during.nii.gz", "status": "byte_verified"}
{"source_id": "resect-original-Case16-MRI-afterUS.tag", "status": "byte_verified"}
{"source_id": "resect-original-Case16-MRI-beforeUS.tag", "status": "byte_verified"}
{"source_id": "resect-original-Case16-beforeUS-afterUS.tag", "status": "byte_verified"}
{"source_id": "resect-original-Case16-beforeUS-duringUS-full.tag", "status": "byte_verified"}
{"source_id": "resect-original-Case16-beforeUS-duringUS.tag", "status": "byte_verified"}
{"source_id": "resect-original-Case16-FLAIR.nii.gz", "status": "byte_verified"}
{"source_id": "resect-original-Case16-T1.nii.gz", "status": "byte_verified"}
{"source_id": "resect-original-Case16-US-before.nii.gz", "status": "byte_verified"}
{"source_id": "resect-original-Case17-MRI-afterUS.tag", "status": "byte_verified"}
{"source_id": "resect-original-Case17-MRI-beforeUS.tag", "status": "byte_verified"}
{"source_id": "resect-original-Case17-beforeUS-afterUS.tag", "status": "byte_verified"}
{"source_id": "resect-original-Case17-beforeUS-duringUS-full.tag", "status": "byte_verified"}
{"source_id": "resect-original-Case17-beforeUS-duringUS.tag", "status": "byte_verified"}
{"source_id": "resect-original-Case17-FLAIR.nii.gz", "status": "byte_verified"}
{"source_id": "resect-original-Case17-T1.nii.gz", "status": "byte_verified"}
{"source_id": "resect-original-Case17-US-before.nii.gz", "status": "byte_verified"}
{"source_id": "resect-original-Case18-MRI-afterUS.tag", "status": "byte_verified"}
{"source_id": "resect-original-Case18-MRI-beforeUS.tag", "status": "byte_verified"}
{"source_id": "resect-original-Case18-beforeUS-afterUS.tag", "status": "byte_verified"}
{"source_id": "resect-original-Case18-beforeUS-duringUS-full.tag", "status": "byte_verified"}
{"source_id": "resect-original-Case18-beforeUS-duringUS.tag", "status": "byte_verified"}
{"source_id": "resect-original-Case18-FLAIR.nii.gz", "status": "byte_verified"}
{"source_id": "resect-original-Case18-T1.nii.gz", "status": "byte_verified"}
{"source_id": "resect-original-Case18-US-before.nii.gz", "status": "byte_verified"}
{"source_id": "resect-original-Case21-MRI-afterUS.tag", "status": "byte_verified"}
{"source_id": "resect-original-Case21-MRI-beforeUS.tag", "status": "byte_verified"}
{"source_id": "resect-original-Case21-beforeUS-afterUS.tag", "status": "byte_verified"}
{"source_id": "resect-original-Case21-beforeUS-duringUS-full.tag", "status": "byte_verified"}
{"source_id": "resect-original-Case21-beforeUS-duringUS.tag", "status": "byte_verified"}
{"source_id": "resect-original-Case21-FLAIR.nii.gz", "status": "byte_verified"}
{"source_id": "resect-original-Case21-T1.nii.gz", "status": "byte_verified"}
{"source_id": "resect-original-Case21-US-before.nii.gz", "status": "byte_verified"}
{"source_id": "resect-original-Case23-MRI-afterUS.tag", "status": "byte_verified"}
{"source_id": "resect-original-Case23-MRI-beforeUS.tag", "status": "byte_verified"}
{"source_id": "resect-original-Case23-FLAIR.nii.gz", "status": "byte_verified"}
{"source_id": "resect-original-Case23-T1.nii.gz", "status": "byte_verified"}
{"source_id": "resect-original-Case23-US-before.nii.gz", "status": "byte_verified"}
{"source_id": "resect-original-Case24-MRI-afterUS.tag", "status": "byte_verified"}
{"source_id": "resect-original-Case24-MRI-beforeUS.tag", "status": "byte_verified"}
{"source_id": "resect-original-Case24-beforeUS-afterUS.tag", "status": "byte_verified"}
{"source_id": "resect-original-Case24-beforeUS-duringUS-full.tag", "status": "byte_verified"}
{"source_id": "resect-original-Case24-beforeUS-duringUS.tag", "status": "byte_verified"}
{"source_id": "resect-original-Case24-FLAIR.nii.gz", "status": "byte_verified"}
{"source_id": "resect-original-Case24-T1.nii.gz", "status": "byte_verified"}
{"source_id": "resect-original-Case24-US-before.nii.gz", "status": "byte_verified"}
{"source_id": "resect-original-Case25-MRI-afterUS.tag", "status": "byte_verified"}
{"source_id": "resect-original-Case25-MRI-beforeUS.tag", "status": "byte_verified"}
{"source_id": "resect-original-Case25-beforeUS-afterUS.tag", "status": "byte_verified"}
{"source_id": "resect-original-Case25-beforeUS-duringUS-full.tag", "status": "byte_verified"}
{"source_id": "resect-original-Case25-beforeUS-duringUS.tag", "status": "byte_verified"}
{"source_id": "resect-original-Case25-FLAIR.nii.gz", "status": "byte_verified"}
{"source_id": "resect-original-Case25-T1.nii.gz", "status": "byte_verified"}
{"source_id": "resect-original-Case25-US-before.nii.gz", "status": "byte_verified"}
{"files": 104, "counts": {"byte_verified": 104}, "provider_not_before_epoch": 0, "metadata_only": false, "all_complete": true, "training_admitted": false, "spatial_planning_admitted": false, "header_qc": "not_run", "geometry_qc": "not_run", "anatomy_qc": "not_run", "decoded_array_bytes": 0, "optimizer_updates": 0, "recorded_rl_transitions": 0, "local_failures": [], "finished_utc": "2026-10-08T19:31:17.741288+00:00", "receipt_counts_all_complete": true}
