*Step  = 0
*Time  = 0
*Data  = mechanics_nodes_si
1,0,0,0,0,0,0,0,0,0
2,0.005,0,0,0,0,0,0,0,0
3,0.01,0,0,0,0,0,0,0,0
4,0,0.005,0,0,0,0,0,0,0
5,0.005,0.005,0,0,0,0,0,0,0
6,0.01,0.005,0,0,0,0,0,0,0
7,0,0.01,0,0,0,0,0,0,0
8,0.005,0.01,0,0,0,0,0,0,0
9,0.01,0.01,0,0,0,0,0,0,0
10,0,0,0.005,0,0,0,0,0,0
11,0.005,0,0.005,0,0,0,0,0,0
12,0.01,0,0.005,0,0,0,0,0,0
13,0,0.005,0.005,0,0,0,0,0,0
14,0.005,0.005,0.005,0,0,0,0,0,0
15,0.01,0.005,0.005,0,0,0,0,0,0
16,0,0.01,0.005,0,0,0,0,0,0
17,0.005,0.01,0.005,0,0,0,0,0,0
18,0.01,0.01,0.005,0,0,0,0,0,0
19,0,0,0.01,0,0,0,0,0,0
20,0.005,0,0.01,0,0,0,0,0,0
21,0.01,0,0.01,0,0,0,0,0,0
22,0,0.005,0.01,0,0,0,0,0,0
23,0.005,0.005,0.01,0,0,0,0,0,0
24,0.01,0.005,0.01,0,0,0,0,0,0
25,0,0.01,0.01,0,0,0,0,0,0
26,0.005,0.01,0.01,0,0,0,0,0,0
27,0.01,0.01,0.01,0,0,0,0,0,0
*Step  = 1
*Time  = 0.25
*Data  = mechanics_nodes_si
1,7.5e-05,-5e-05,2.5e-05,7.5e-05,-5e-05,2.5e-05,-6.89263461121e-17,-6.89263461121e-17,-6.89263461121e-17
2,0.005075,-5e-05,2.5e-05,7.5e-05,-5e-05,2.5e-05,-6.89263461121e-17,-2.06779038336e-16,-2.06779038336e-16
3,0.010075,-5e-05,2.5e-05,7.5e-05,-5e-05,2.5e-05,1.37852692224e-16,-1.37852692224e-16,-1.37852692224e-16
4,7.5e-05,0.00495,2.5e-05,7.5e-05,-5e-05,2.5e-05,-2.06779038336e-16,-6.89263461121e-17,-2.06779038336e-16
5,0.005075,0.00495,2.5e-05,7.5e-05,-5e-05,2.5e-05,-1.23259516441e-32,3.69778549322e-32,-4.13558076673e-16
6,0.010075,0.00495,2.5e-05,7.5e-05,-5e-05,2.5e-05,2.06779038336e-16,6.89263461121e-17,-2.06779038336e-16
7,7.5e-05,0.00995,2.5e-05,7.5e-05,-5e-05,2.5e-05,-1.37852692224e-16,1.37852692224e-16,-1.37852692224e-16
8,0.005075,0.00995,2.5e-05,7.5e-05,-5e-05,2.5e-05,6.89263461121e-17,2.06779038336e-16,-2.06779038336e-16
9,0.010075,0.00995,2.5e-05,7.5e-05,-5e-05,2.5e-05,6.89263461121e-17,6.89263461121e-17,-6.89263461121e-17
10,7.5e-05,-5e-05,0.005025,7.5e-05,-5e-05,2.5e-05,-2.06779038336e-16,-2.06779038336e-16,-6.89263461121e-17
11,0.005075,-5e-05,0.005025,7.5e-05,-5e-05,2.5e-05,2.46519032882e-32,-4.13558076673e-16,2.46519032882e-32
12,0.010075,-5e-05,0.005025,7.5e-05,-5e-05,2.5e-05,2.06779038336e-16,-2.06779038336e-16,6.89263461121e-17
13,7.5e-05,0.00495,0.005025,7.5e-05,-5e-05,2.5e-05,-4.13558076673e-16,-0,-7.39557098645e-32
14,0.005075,0.00495,0.005025,7.5e-05,-5e-05,2.5e-05,6.89263461121e-17,6.89263461121e-17,6.89263461121e-17
15,0.010075,0.00495,0.005025,7.5e-05,-5e-05,2.5e-05,3.44631730561e-16,6.89263461121e-17,6.89263461121e-17
16,7.5e-05,0.00995,0.005025,7.5e-05,-5e-05,2.5e-05,-2.06779038336e-16,2.06779038336e-16,6.89263461121e-17
17,0.005075,0.00995,0.005025,7.5e-05,-5e-05,2.5e-05,6.89263461121e-17,3.44631730561e-16,6.89263461121e-17
18,0.010075,0.00995,0.005025,7.5e-05,-5e-05,2.5e-05,1.37852692224e-16,1.37852692224e-16,3.69778549322e-32
19,7.5e-05,-5e-05,0.010025,7.5e-05,-5e-05,2.5e-05,-1.37852692224e-16,-1.37852692224e-16,1.37852692224e-16
20,0.005075,-5e-05,0.010025,7.5e-05,-5e-05,2.5e-05,6.89263461121e-17,-2.06779038336e-16,2.06779038336e-16
21,0.010075,-5e-05,0.010025,7.5e-05,-5e-05,2.5e-05,6.89263461121e-17,-6.89263461121e-17,6.89263461121e-17
22,7.5e-05,0.00495,0.010025,7.5e-05,-5e-05,2.5e-05,-2.06779038336e-16,6.89263461121e-17,2.06779038336e-16
23,0.005075,0.00495,0.010025,7.5e-05,-5e-05,2.5e-05,6.89263461121e-17,6.89263461121e-17,3.44631730561e-16
24,0.010075,0.00495,0.010025,7.5e-05,-5e-05,2.5e-05,1.37852692224e-16,-0,1.37852692224e-16
25,7.5e-05,0.00995,0.010025,7.5e-05,-5e-05,2.5e-05,-6.89263461121e-17,6.89263461121e-17,6.89263461121e-17
26,0.005075,0.00995,0.010025,7.5e-05,-5e-05,2.5e-05,-0,1.37852692224e-16,1.37852692224e-16
27,0.010075,0.00995,0.010025,7.5e-05,-5e-05,2.5e-05,6.89263461121e-17,6.89263461121e-17,6.89263461121e-17
*Step  = 2
*Time  = 0.5
*Data  = mechanics_nodes_si
1,0.00015,-0.0001,5e-05,0.00015,-0.0001,5e-05,-5.800084101e-35,6.02240060329e-36,-6.7192168781e-36
2,0.00515,-0.0001,5e-05,0.00015,-0.0001,5e-05,-1.37852692224e-16,-1.37852692224e-16,-1.37852692224e-16
3,0.01015,-0.0001,5e-05,0.00015,-0.0001,5e-05,1.37852692224e-16,-1.37852692224e-16,-1.37852692224e-16
4,0.00015,0.0049,5e-05,0.00015,-0.0001,5e-05,-6.89263461121e-17,-6.89263461121e-17,-6.89263461121e-17
5,0.00515,0.0049,5e-05,0.00015,-0.0001,5e-05,-2.06779038336e-16,-6.89263461121e-17,-3.44631730561e-16
6,0.01015,0.0049,5e-05,0.00015,-0.0001,5e-05,2.75705384449e-16,-0,-2.75705384449e-16
7,0.00015,0.0099,5e-05,0.00015,-0.0001,5e-05,-6.89263461121e-17,6.89263461121e-17,-6.89263461121e-17
8,0.00515,0.0099,5e-05,0.00015,-0.0001,5e-05,-6.89263461121e-17,2.06779038336e-16,-2.06779038336e-16
9,0.01015,0.0099,5e-05,0.00015,-0.0001,5e-05,1.37852692224e-16,1.37852692224e-16,-1.37852692224e-16
10,0.00015,-0.0001,0.00505,0.00015,-0.0001,5e-05,-6.89263461121e-17,-6.89263461121e-17,-6.89263461121e-17
11,0.00515,-0.0001,0.00505,0.00015,-0.0001,5e-05,-4.13558076673e-16,-5.51410768897e-16,-2.75705384449e-16
12,0.01015,-0.0001,0.00505,0.00015,-0.0001,5e-05,4.82484422785e-16,-4.82484422785e-16,-2.06779038336e-16
13,0.00015,0.0049,0.00505,0.00015,-0.0001,5e-05,-2.75705384449e-16,-1.37852692224e-16,-1.37852692224e-16
14,0.00515,0.0049,0.00505,0.00015,-0.0001,5e-05,-6.89263461121e-16,-1.37852692224e-16,-5.51410768897e-16
15,0.01015,0.0049,0.00505,0.00015,-0.0001,5e-05,9.6496884557e-16,-0,-4.13558076673e-16
16,0.00015,0.0099,0.00505,0.00015,-0.0001,5e-05,-2.06779038336e-16,2.06779038336e-16,-6.89263461121e-17
17,0.00515,0.0099,0.00505,0.00015,-0.0001,5e-05,-2.75705384449e-16,6.89263461121e-16,-2.75705384449e-16
18,0.01015,0.0099,0.00505,0.00015,-0.0001,5e-05,4.82484422785e-16,4.82484422785e-16,-2.06779038336e-16
19,0.00015,-0.0001,0.01005,0.00015,-0.0001,5e-05,-6.89263461121e-17,-6.89263461121e-17,6.89263461121e-17
20,0.00515,-0.0001,0.01005,0.00015,-0.0001,5e-05,-2.75705384449e-16,-4.13558076673e-16,4.13558076673e-16
21,0.01015,-0.0001,0.01005,0.00015,-0.0001,5e-05,3.44631730561e-16,-3.44631730561e-16,3.44631730561e-16
22,0.00015,0.0049,0.01005,0.00015,-0.0001,5e-05,-2.06779038336e-16,-6.89263461121e-17,2.06779038336e-16
23,0.00515,0.0049,0.01005,0.00015,-0.0001,5e-05,-4.82484422785e-16,-6.89263461121e-17,8.96042499458e-16
24,0.01015,0.0049,0.01005,0.00015,-0.0001,5e-05,6.89263461121e-16,-0,6.89263461121e-16
25,0.00015,0.0099,0.01005,0.00015,-0.0001,5e-05,-1.37852692224e-16,1.37852692224e-16,1.37852692224e-16
26,0.00515,0.0099,0.01005,0.00015,-0.0001,5e-05,-2.06779038336e-16,4.82484422785e-16,4.82484422785e-16
27,0.01015,0.0099,0.01005,0.00015,-0.0001,5e-05,3.44631730561e-16,3.44631730561e-16,3.44631730561e-16
*Step  = 3
*Time  = 0.75
*Data  = mechanics_nodes_si
1,0.000225,-0.00015,7.5e-05,0.000225,-0.00015,7.5e-05,-2.06779038336e-16,-2.06779038336e-16,-2.06779038336e-16
2,0.005225,-0.00015,7.5e-05,0.000225,-0.00015,7.5e-05,-6.89263461121e-17,-4.82484422785e-16,-4.82484422785e-16
3,0.010225,-0.00015,7.5e-05,0.000225,-0.00015,7.5e-05,2.75705384449e-16,-2.75705384449e-16,-2.75705384449e-16
4,0.000225,0.00485,7.5e-05,0.000225,-0.00015,7.5e-05,-4.82484422785e-16,-6.89263461121e-17,-4.82484422785e-16
5,0.005225,0.00485,7.5e-05,0.000225,-0.00015,7.5e-05,-0,-2.46519032882e-32,-9.6496884557e-16
6,0.010225,0.00485,7.5e-05,0.000225,-0.00015,7.5e-05,4.82484422785e-16,6.89263461121e-17,-4.82484422785e-16
7,0.000225,0.00985,7.5e-05,0.000225,-0.00015,7.5e-05,-2.75705384449e-16,2.75705384449e-16,-2.75705384449e-16
8,0.005225,0.00985,7.5e-05,0.000225,-0.00015,7.5e-05,6.89263461121e-17,4.82484422785e-16,-4.82484422785e-16
9,0.010225,0.00985,7.5e-05,0.000225,-0.00015,7.5e-05,2.06779038336e-16,2.06779038336e-16,-2.06779038336e-16
10,0.000225,-0.00015,0.005075,0.000225,-0.00015,7.5e-05,-2.75705384449e-16,-2.75705384449e-16,1.37852692224e-16
11,0.005225,-0.00015,0.005075,0.000225,-0.00015,7.5e-05,-6.89263461121e-17,-6.20337115009e-16,3.44631730561e-16
12,0.010225,-0.00015,0.005075,0.000225,-0.00015,7.5e-05,3.44631730561e-16,-3.44631730561e-16,2.06779038336e-16
13,0.000225,0.00485,0.005075,0.000225,-0.00015,7.5e-05,-5.51410768897e-16,-2.4726114465e-32,4.13558076673e-16
14,0.005225,0.00485,0.005075,0.000225,-0.00015,7.5e-05,1.20477631186e-32,1.37852692224e-16,8.27116153346e-16
15,0.010225,0.00485,0.005075,0.000225,-0.00015,7.5e-05,5.51410768897e-16,1.37852692224e-16,4.13558076673e-16
16,0.000225,0.00985,0.005075,0.000225,-0.00015,7.5e-05,-2.75705384449e-16,2.75705384449e-16,2.75705384449e-16
17,0.005225,0.00985,0.005075,0.000225,-0.00015,7.5e-05,6.89263461121e-17,4.82484422785e-16,4.82484422785e-16
18,0.010225,0.00985,0.005075,0.000225,-0.00015,7.5e-05,2.06779038336e-16,2.06779038336e-16,2.06779038336e-16
19,0.000225,-0.00015,0.010075,0.000225,-0.00015,7.5e-05,-6.89263461121e-17,-6.89263461121e-17,6.89263461121e-17
20,0.005225,-0.00015,0.010075,0.000225,-0.00015,7.5e-05,-0,-1.37852692224e-16,1.37852692224e-16
21,0.010225,-0.00015,0.010075,0.000225,-0.00015,7.5e-05,6.89263461121e-17,-6.89263461121e-17,6.89263461121e-17
22,0.000225,0.00485,0.010075,0.000225,-0.00015,7.5e-05,-6.89263461121e-17,6.89263461121e-17,6.89263461121e-17
23,0.005225,0.00485,0.010075,0.000225,-0.00015,7.5e-05,-1.22407846586e-32,1.37852692224e-16,1.37852692224e-16
24,0.010225,0.00485,0.010075,0.000225,-0.00015,7.5e-05,6.89263461121e-17,6.89263461121e-17,6.89263461121e-17
25,0.000225,0.00985,0.010075,0.000225,-0.00015,7.5e-05,-2.15656880779e-35,-3.25897207782e-36,4.95714135472e-35
26,0.005225,0.00985,0.010075,0.000225,-0.00015,7.5e-05,-1.33204462243e-34,-5.12922890663e-35,1.20185441241e-34
27,0.010225,0.00985,0.010075,0.000225,-0.00015,7.5e-05,1.86567493172e-35,1.76011503837e-34,9.44399650371e-35
*Step  = 4
*Time  = 1
*Data  = mechanics_nodes_si
1,0.0003,-0.0002,0.0001,0.0003,-0.0002,0.0001,-1.37852692224e-16,-1.37852692224e-16,-1.37852692224e-16
2,0.0053,-0.0002,0.0001,0.0003,-0.0002,0.0001,2.06779038336e-16,-6.89263461121e-17,-6.89263461121e-17
3,0.0103,-0.0002,0.0001,0.0003,-0.0002,0.0001,-6.89263461121e-17,6.89263461121e-17,6.89263461121e-17
4,0.0003,0.0048,0.0001,0.0003,-0.0002,0.0001,-2.75705384449e-16,-0,-2.75705384449e-16
5,0.0053,0.0048,0.0001,0.0003,-0.0002,0.0001,3.44631730561e-16,-6.89263461121e-17,-2.06779038336e-16
6,0.0103,0.0048,0.0001,0.0003,-0.0002,0.0001,-6.89263461121e-17,-6.89263461121e-17,6.89263461121e-17
7,0.0003,0.0098,0.0001,0.0003,-0.0002,0.0001,-1.37852692224e-16,1.37852692224e-16,-1.37852692224e-16
8,0.0053,0.0098,0.0001,0.0003,-0.0002,0.0001,1.37852692224e-16,1.37852692224e-16,-1.37852692224e-16
9,0.0103,0.0098,0.0001,0.0003,-0.0002,0.0001,-4.30626513744e-34,6.31571891624e-35,-5.54683328215e-35
10,0.0003,-0.0002,0.0051,0.0003,-0.0002,0.0001,-3.44631730561e-16,-3.44631730561e-16,-6.89263461121e-17
11,0.0053,-0.0002,0.0051,0.0003,-0.0002,0.0001,2.75705384449e-16,-4.13558076673e-16,-2.75705384449e-16
12,0.0103,-0.0002,0.0051,0.0003,-0.0002,0.0001,6.89263461121e-17,-6.89263461121e-17,-2.06779038336e-16
13,0.0003,0.0048,0.0051,0.0003,-0.0002,0.0001,-6.89263461121e-16,-0,-1.37852692224e-16
14,0.0053,0.0048,0.0051,0.0003,-0.0002,0.0001,4.82484422785e-16,-6.89263461121e-17,-4.82484422785e-16
15,0.0103,0.0048,0.0051,0.0003,-0.0002,0.0001,2.06779038336e-16,-6.89263461121e-17,-3.44631730561e-16
16,0.0003,0.0098,0.0051,0.0003,-0.0002,0.0001,-3.44631730561e-16,3.44631730561e-16,-6.89263461121e-17
17,0.0053,0.0098,0.0051,0.0003,-0.0002,0.0001,2.06779038336e-16,4.82484422785e-16,-2.06779038336e-16
18,0.0103,0.0098,0.0051,0.0003,-0.0002,0.0001,1.37852692224e-16,1.37852692224e-16,-1.37852692224e-16
19,0.0003,-0.0002,0.0101,0.0003,-0.0002,0.0001,-2.06779038336e-16,-2.06779038336e-16,2.06779038336e-16
20,0.0053,-0.0002,0.0101,0.0003,-0.0002,0.0001,6.89263461121e-17,-3.44631730561e-16,3.44631730561e-16
21,0.0103,-0.0002,0.0101,0.0003,-0.0002,0.0001,1.37852692224e-16,-1.37852692224e-16,1.37852692224e-16
22,0.0003,0.0048,0.0101,0.0003,-0.0002,0.0001,-4.13558076673e-16,2.46519032882e-32,4.13558076673e-16
23,0.0053,0.0048,0.0101,0.0003,-0.0002,0.0001,1.37852692224e-16,-0,6.89263461121e-16
24,0.0103,0.0048,0.0101,0.0003,-0.0002,0.0001,2.75705384449e-16,-0,2.75705384449e-16
25,0.0003,0.0098,0.0101,0.0003,-0.0002,0.0001,-2.06779038336e-16,2.06779038336e-16,2.06779038336e-16
26,0.0053,0.0098,0.0101,0.0003,-0.0002,0.0001,6.89263461121e-17,3.44631730561e-16,3.44631730561e-16
27,0.0103,0.0098,0.0101,0.0003,-0.0002,0.0001,1.37852692224e-16,1.37852692224e-16,1.37852692224e-16
