*Step  = 0
*Time  = 0
*Data  = mechanics_elements_si
1,0,0,0,0,0,0,1,0
2,0,0,0,0,0,0,1,0
3,0,0,0,0,0,0,1,0
4,0,0,0,0,0,0,1,0
5,0,0,0,0,0,0,1,0
6,0,0,0,0,0,0,1,0
7,0,0,0,0,0,0,1,0
8,0,0,0,0,0,0,1,0
*Step  = 1
*Time  = 0.25
*Data  = mechanics_elements_si
1,-1.10282153779e-11,-1.10282153779e-11,-1.10282153779e-11,1.15863945454e-30,-1.06496222205e-29,4.93038065763e-32,1,-3.88578058619e-13
2,-2.20564307559e-11,-2.20564307559e-11,-2.20564307559e-11,1.72563323017e-30,1.15979501251e-29,8.9211000954e-30,1,-2.22044604925e-13
3,-2.20564307559e-11,-2.20564307559e-11,-2.20564307559e-11,4.73316543133e-30,3.15544362088e-30,-6.31088724177e-30,1,2.77555756156e-14
4,-1.10282153779e-11,-1.10282153779e-11,-1.10282153779e-11,1.97215226305e-30,9.46633086265e-30,-8.28303950482e-30,1,-1.94289029309e-13
5,-2.20564307559e-11,-2.20564307559e-11,-2.20564307559e-11,0,-7.88860905221e-31,7.88860905221e-31,1,-1.11022302463e-13
6,-1.10282153779e-11,-1.10282153779e-11,-1.10282153779e-11,6.26158343519e-30,-1.14384831257e-29,2.05103835357e-29,1,-5.55111512313e-14
7,-1.10282153779e-11,-1.10282153779e-11,-1.10282153779e-11,-9.3677232495e-31,1.77493703675e-30,-4.83177304448e-30,1,-1.66533453694e-13
8,-1.10282153779e-11,-1.10282153779e-11,-1.10282153779e-11,-1.02551917679e-29,-1.18329135783e-30,-3.94430452611e-31,1,-8.32667268469e-14
*Step  = 2
*Time  = 0.5
*Data  = mechanics_elements_si
1,-1.57772181044e-29,9.46633086265e-30,-3.15544362088e-30,2.45902735299e-30,5.91645678916e-30,-9.86076131526e-31,1,-8.32667268469e-14
2,-2.20564307559e-11,-2.20564307559e-11,-2.20564307559e-11,5.42341872339e-30,2.1299244441e-29,2.16936748936e-30,1,-7.77156117238e-13
3,-1.10282153779e-11,-1.10282153779e-11,-1.10282153779e-11,-5.91645678916e-31,-8.28303950482e-30,2.76101316827e-30,1,3.33066907388e-13
4,-2.20564307559e-11,-2.20564307559e-11,-2.20564307559e-11,4.11686784912e-30,-9.86076131526e-31,-7.6913938259e-30,1,-7.21644966006e-13
5,-1.10282153779e-11,-1.10282153779e-11,-1.10282153779e-11,-9.81145750869e-30,2.36658271566e-30,-3.7470892998e-30,1,-1.38777878078e-13
6,-5.51410768897e-11,-5.51410768897e-11,-5.51410768897e-11,-1.27203820967e-29,8.67746995743e-30,-9.46633086265e-30,1,-6.93889390391e-13
7,-2.20564307559e-11,-2.20564307559e-11,-2.20564307559e-11,5.63912287717e-31,5.52202633655e-30,-2.46519032882e-30,1,2.77555756156e-13
8,-5.51410768897e-11,-5.51410768897e-11,-5.51410768897e-11,-2.20172311242e-30,-9.44784193519e-30,7.88860905221e-31,1,-5.82867087928e-13
*Step  = 3
*Time  = 0.75
*Data  = mechanics_elements_si
1,-3.30846461338e-11,-3.30846461338e-11,-3.30846461338e-11,2.76101316827e-29,-7.88860905221e-30,-3.78653234506e-29,1,2.77555756156e-13
2,-4.41128615118e-11,-4.41128615118e-11,-4.41128615118e-11,2.94836763326e-29,-9.46633086265e-30,-6.70531769438e-30,1,3.05311331772e-13
3,-4.41128615118e-11,-4.41128615118e-11,-4.41128615118e-11,-1.30162049361e-29,-2.60324098723e-29,-3.15544362088e-30,1,5.27355936697e-13
4,-3.30846461338e-11,-3.30846461338e-11,-3.30846461338e-11,-4.15138051373e-29,-4.93038065763e-30,4.73316543133e-30,1,1.11022302463e-13
5,-1.10282153779e-11,-1.10282153779e-11,-1.10282153779e-11,-5.22620349709e-30,-5.91645678916e-31,1.6171648557e-29,1,-5.82867087928e-13
6,-1.10282153779e-11,-1.10282153779e-11,-1.10282153779e-11,1.30162049361e-29,1.57772181044e-30,-3.15544362088e-29,1,-1.11022302463e-13
7,-1.89326617253e-29,-6.31088724177e-30,-1.89326617253e-29,-2.07075987621e-30,-6.31088724177e-30,-6.70531769438e-30,1,-3.60822483003e-13
8,-1.89326617253e-29,-1.89326617253e-29,-3.15544362088e-30,-2.34193081237e-29,-8.67746995743e-30,3.94430452611e-30,1,-4.99600361081e-13
*Step  = 4
*Time  = 1
*Data  = mechanics_elements_si
1,-2.20564307559e-11,-2.20564307559e-11,-2.20564307559e-11,1.87446909627e-29,2.8398992588e-29,-3.50057026692e-30,1,-1.08246744901e-12
2,1.10282153779e-11,1.10282153779e-11,1.10282153779e-11,-1.2917597323e-29,7.88860905221e-30,-7.88860905221e-30,1,1.66533453694e-13
3,-2.20564307559e-11,-2.20564307559e-11,-2.20564307559e-11,1.54382544342e-30,6.70531769438e-30,2.26797510251e-30,1,-7.49400541622e-13
4,6.31088724177e-30,6.31088724177e-29,-4.10207670715e-29,-2.76101316827e-30,-1.26217744835e-29,-3.08641829168e-29,1,4.16333634234e-13
5,-3.30846461338e-11,-3.30846461338e-11,-3.30846461338e-11,-1.15370907389e-29,-4.73316543133e-30,-1.34106353888e-29,1,-6.38378239159e-13
6,-2.20564307559e-11,-2.20564307559e-11,-2.20564307559e-11,1.26587523385e-29,-2.60324098723e-29,-1.77493703675e-30,1,5.27355936697e-13
7,-3.30846461338e-11,-3.30846461338e-11,-3.30846461338e-11,-1.34106353888e-29,2.36658271566e-29,-4.73316543133e-30,1,-7.49400541622e-13
8,-2.20564307559e-11,-2.20564307559e-11,-2.20564307559e-11,-4.99940598684e-29,1.18329135783e-30,2.36658271566e-29,1,4.99600361081e-13
