*Step  = 0
*Time  = 0
*Data  = mechanics_nodes_si
1,0.002,0.002,0,0,0,0,0,0,0
*Step  = 1
*Time  = 0.0166666667
*Data  = mechanics_nodes_si
1,0.002,0.002,0,0,0,0,1.9684699151e-06,1.96846991558e-06,-4.9929721728e-06
*Step  = 2
*Time  = 0.0333333333
*Data  = mechanics_nodes_si
1,0.002,0.002,0,0,0,0,3.94241266649e-06,3.9424126675e-06,-1.00047035643e-05
*Step  = 3
*Time  = 0.05
*Data  = mechanics_nodes_si
1,0.002,0.002,0,0,0,0,5.92185861425e-06,5.92185861575e-06,-1.50354692565e-05
*Step  = 4
*Time  = 0.0666666667
*Data  = mechanics_nodes_si
1,0.002,0.002,0,0,0,0,7.90683840055e-06,7.90683840261e-06,-2.00855471366e-05
*Step  = 5
*Time  = 0.0833333333
*Data  = mechanics_nodes_si
1,0.002,0.002,0,0,0,0,9.89738295559e-06,9.89738295818e-06,-2.51552179332e-05
*Step  = 6
*Time  = 0.1
*Data  = mechanics_nodes_si
1,0.002,0.002,0,0,0,0,1.18935235004e-05,1.18935235035e-05,-3.02447652549e-05
*Step  = 7
*Time  = 0.116666667
*Data  = mechanics_nodes_si
1,0.002,0.002,0,0,0,0,1.38952915498e-05,1.38952915534e-05,-3.53544756285e-05
*Step  = 8
*Time  = 0.133333333
*Data  = mechanics_nodes_si
1,0.002,0.002,0,0,0,0,1.5902718915e-05,1.59027189191e-05,-4.04846385392e-05
*Step  = 9
*Time  = 0.15
*Data  = mechanics_nodes_si
1,0.002,0.002,0,0,0,0,1.79158377068e-05,1.79158377115e-05,-4.56355464701e-05
*Step  = 10
*Time  = 0.166666667
*Data  = mechanics_nodes_si
1,0.002,0.002,0,0,0,0,1.99346803386e-05,1.99346803437e-05,-5.08074949428e-05
*Step  = 11
*Time  = 0.183333333
*Data  = mechanics_nodes_si
1,0.002,0.002,0,0,0,0,2.1959279529e-05,2.19592795347e-05,-5.60007825589e-05
*Step  = 12
*Time  = 0.2
*Data  = mechanics_nodes_si
1,0.002,0.002,0,0,0,0,2.39896683053e-05,2.39896683116e-05,-6.12157110413e-05
*Step  = 13
*Time  = 0.216666667
*Data  = mechanics_nodes_si
1,0.002,0.002,0,0,0,0,2.60258800065e-05,2.60258800133e-05,-6.64525852772e-05
*Step  = 14
*Time  = 0.233333333
*Data  = mechanics_nodes_si
1,0.002,0.002,0,0,0,0,2.80679482861e-05,2.80679482934e-05,-7.17117133603e-05
*Step  = 15
*Time  = 0.25
*Data  = mechanics_nodes_si
1,0.002,0.002,0,0,0,0,3.01159071158e-05,3.01159071236e-05,-7.6993406635e-05
*Step  = 16
*Time  = 0.266666667
*Data  = mechanics_nodes_si
1,0.002,0.002,0,0,0,0,3.21697907881e-05,3.21697907964e-05,-8.22979797406e-05
*Step  = 17
*Time  = 0.283333333
*Data  = mechanics_nodes_si
1,0.002,0.002,0,0,0,0,3.422963392e-05,3.42296339289e-05,-8.76257506557e-05
*Step  = 18
*Time  = 0.3
*Data  = mechanics_nodes_si
1,0.002,0.002,0,0,0,0,3.62954714564e-05,3.62954714658e-05,-9.29770407443e-05
*Step  = 19
*Time  = 0.316666667
*Data  = mechanics_nodes_si
1,0.002,0.002,0,0,0,0,3.8367338673e-05,3.8367338683e-05,-9.83521748019e-05
*Step  = 20
*Time  = 0.333333333
*Data  = mechanics_nodes_si
1,0.002,0.002,0,0,0,0,4.04452711799e-05,4.04452711904e-05,-0.000103751481102
*Step  = 21
*Time  = 0.35
*Data  = mechanics_nodes_si
1,0.002,0.002,0,0,0,0,4.25293049253e-05,4.25293049363e-05,-0.000109175291444
*Step  = 22
*Time  = 0.366666667
*Data  = mechanics_nodes_si
1,0.002,0.002,0,0,0,0,4.46194761985e-05,4.46194762101e-05,-0.000114623941201
*Step  = 23
*Time  = 0.383333333
*Data  = mechanics_nodes_si
1,0.002,0.002,0,0,0,0,4.67158216338e-05,4.67158216459e-05,-0.000120097769371
*Step  = 24
*Time  = 0.4
*Data  = mechanics_nodes_si
1,0.002,0.002,0,0,0,0,4.8818378214e-05,4.88183782267e-05,-0.000125597118621
*Step  = 25
*Time  = 0.416666667
*Data  = mechanics_nodes_si
1,0.002,0.002,0,0,0,0,5.0927183274e-05,5.09271832872e-05,-0.000131122335345
*Step  = 26
*Time  = 0.433333333
*Data  = mechanics_nodes_si
1,0.002,0.002,0,0,0,0,5.30422745045e-05,5.30422745182e-05,-0.000136673769709
*Step  = 27
*Time  = 0.45
*Data  = mechanics_nodes_si
1,0.002,0.002,0,0,0,0,5.51636899556e-05,5.51636899699e-05,-0.000142251775705
*Step  = 28
*Time  = 0.466666667
*Data  = mechanics_nodes_si
1,0.002,0.002,0,0,0,0,5.72914680409e-05,5.72914680557e-05,-0.000147856711205
*Step  = 29
*Time  = 0.483333333
*Data  = mechanics_nodes_si
1,0.002,0.002,0,0,0,0,5.94256475411e-05,5.94256475565e-05,-0.000153488938013
*Step  = 30
*Time  = 0.5
*Data  = mechanics_nodes_si
1,0.002,0.002,0,0,0,0,6.15662676079e-05,6.15662676239e-05,-0.000159148821918
*Step  = 31
*Time  = 0.516666667
*Data  = mechanics_nodes_si
1,0.002,0.002,0,0,0,0,6.37133677682e-05,6.37133677847e-05,-0.000164836732752
*Step  = 32
*Time  = 0.533333333
*Data  = mechanics_nodes_si
1,0.002,0.002,0,0,0,0,6.58669879277e-05,6.58669879448e-05,-0.000170553044443
*Step  = 33
*Time  = 0.55
*Data  = mechanics_nodes_si
1,0.002,0.002,0,0,0,0,6.80271683753e-05,6.8027168393e-05,-0.000176298135073
*Step  = 34
*Time  = 0.566666667
*Data  = mechanics_nodes_si
1,0.002,0.002,0,0,0,0,7.01939497871e-05,7.01939498054e-05,-0.000182072386935
*Step  = 35
*Time  = 0.583333333
*Data  = mechanics_nodes_si
1,0.002,0.002,0,0,0,0,7.23673732307e-05,7.23673732494e-05,-0.000187876186593
*Step  = 36
*Time  = 0.6
*Data  = mechanics_nodes_si
1,0.002,0.002,0,0,0,0,7.4547480169e-05,7.45474801883e-05,-0.000193709924938
*Step  = 37
*Time  = 0.616666667
*Data  = mechanics_nodes_si
1,0.002,0.002,0,0,0,0,7.67343124652e-05,7.67343124851e-05,-0.00019957399725
*Step  = 38
*Time  = 0.633333333
*Data  = mechanics_nodes_si
1,0.002,0.002,0,0,0,0,7.89279123866e-05,7.89279124071e-05,-0.000205468803259
*Step  = 39
*Time  = 0.65
*Data  = mechanics_nodes_si
1,0.002,0.002,0,0,0,0,8.11283226093e-05,8.11283226304e-05,-0.000211394747205
*Step  = 40
*Time  = 0.666666667
*Data  = mechanics_nodes_si
1,0.002,0.002,0,0,0,0,8.33355862228e-05,8.33355862443e-05,-0.000217352237905
*Step  = 41
*Time  = 0.683333333
*Data  = mechanics_nodes_si
1,0.002,0.002,0,0,0,0,8.55497467339e-05,8.5549746756e-05,-0.00022334168881
*Step  = 42
*Time  = 0.7
*Data  = mechanics_nodes_si
1,0.002,0.002,0,0,0,0,8.77708480722e-05,8.77708480949e-05,-0.000229363518077
*Step  = 43
*Time  = 0.716666667
*Data  = mechanics_nodes_si
1,0.002,0.002,0,0,0,0,8.99989345944e-05,8.99989346177e-05,-0.000235418148627
*Step  = 44
*Time  = 0.733333333
*Data  = mechanics_nodes_si
1,0.002,0.002,0,0,0,0,9.22340510888e-05,9.22340511127e-05,-0.000241506008218
*Step  = 45
*Time  = 0.75
*Data  = mechanics_nodes_si
1,0.002,0.002,0,0,0,0,9.44762427806e-05,9.44762428051e-05,-0.000247627529508
*Step  = 46
*Time  = 0.766666667
*Data  = mechanics_nodes_si
1,0.002,0.002,0,0,0,0,9.67255553366e-05,9.67255553617e-05,-0.000253783150127
*Step  = 47
*Time  = 0.783333333
*Data  = mechanics_nodes_si
1,0.002,0.002,0,0,0,0,9.898203487e-05,9.89820348957e-05,-0.000259973312743
*Step  = 48
*Time  = 0.8
*Data  = mechanics_nodes_si
1,0.002,0.002,0,0,0,0,0.000101245727946,0.000101245727972,-0.000266198465135
*Step  = 49
*Time  = 0.816666667
*Data  = mechanics_nodes_si
1,0.002,0.002,0,0,0,0,0.000103516681586,0.000103516681612,-0.000272459060262
*Step  = 50
*Time  = 0.833333333
*Data  = mechanics_nodes_si
1,0.002,0.002,0,0,0,0,0.000105794943273,0.0001057949433,-0.00027875555634
*Step  = 51
*Time  = 0.85
*Data  = mechanics_nodes_si
1,0.002,0.002,0,0,0,0,0.000108080560958,0.000108080560986,-0.00028508841691
*Step  = 52
*Time  = 0.866666667
*Data  = mechanics_nodes_si
1,0.002,0.002,0,0,0,0,0.000110373583066,0.000110373583094,-0.000291458110917
*Step  = 53
*Time  = 0.883333333
*Data  = mechanics_nodes_si
1,0.002,0.002,0,0,0,0,0.000112674058496,0.000112674058525,-0.000297865112784
*Step  = 54
*Time  = 0.9
*Data  = mechanics_nodes_si
1,0.002,0.002,0,0,0,0,0.000114982036634,0.000114982036664,-0.00030430990249
*Step  = 55
*Time  = 0.916666667
*Data  = mechanics_nodes_si
1,0.002,0.002,0,0,0,0,0.000117297567354,0.000117297567385,-0.000310792965646
*Step  = 56
*Time  = 0.933333333
*Data  = mechanics_nodes_si
1,0.002,0.002,0,0,0,0,0.000119620701025,0.000119620701056,-0.000317314793576
*Step  = 57
*Time  = 0.95
*Data  = mechanics_nodes_si
1,0.002,0.002,0,0,0,0,0.000121951488516,0.000121951488548,-0.000323875883399
*Step  = 58
*Time  = 0.966666667
*Data  = mechanics_nodes_si
1,0.002,0.002,0,0,0,0,0.000124289981203,0.000124289981235,-0.000330476738105
*Step  = 59
*Time  = 0.983333333
*Data  = mechanics_nodes_si
1,0.002,0.002,0,0,0,0,0.000126636230974,0.000126636231007,-0.000337117866644
*Step  = 60
*Time  = 1
*Data  = mechanics_nodes_si
1,0.002,0.002,0,0,0,0,0.000128990290236,0.00012899029027,-0.000343799784007
