{"elapsed_seconds": 0.002004000125452876, "phase": "before_imports", "self_rss_kib": 21440}
{"elapsed_seconds": 1.0823738751932979, "phase": "after_input_model_hashes", "self_rss_kib": 328944}
{"elapsed_seconds": 1.0870303330011666, "phase": "before_weights_only_load", "self_rss_kib": 329024}
{"elapsed_seconds": 1.2261482081376016, "phase": "after_weights_only_load", "self_rss_kib": 569584}
{"elapsed_seconds": 1.2519028331153095, "phase": "after_optimizer_cleanup", "self_rss_kib": 568288}
{"elapsed_seconds": 1.3015657921787351, "phase": "after_network_construction_alias_checks", "self_rss_kib": 569184}
{"elapsed_seconds": 1.433002875186503, "phase": "after_strict_copy_weights_cleanup", "self_rss_kib": 569600}
{"elapsed_seconds": 1.4431165831629187, "phase": "after_tiled_conv3d_attachment", "self_rss_kib": 569792}
{"elapsed_seconds": 1.4504948330577463, "phase": "after_layer_observer_attachment", "self_rss_kib": 570384}
{"elapsed_seconds": 1.4566841670311987, "phase": "before_generated_forward", "self_rss_kib": 570480}
{"elapsed_seconds": 1.4570278332103044, "libproc_sample_seconds_excludes_json_flush": 8.93748365342617e-05, "phase": "layer:encoder.stages.0.0.convs.0.conv:conv3d:before", "process_group_resident_bytes": 584187904, "tensor_shape": [1, 2, 64, 64, 64]}
{"elapsed_seconds": 1.4677707080263644, "libproc_sample_seconds_excludes_json_flush": 6.11250288784504e-05, "phase": "layer:encoder.stages.0.0.convs.0.conv:conv3d:after", "process_group_resident_bytes": 618676224, "tensor_shape": [1, 32, 64, 64, 64]}
{"elapsed_seconds": 1.4678508331999183, "libproc_sample_seconds_excludes_json_flush": 1.8666964024305344e-05, "phase": "layer:encoder.stages.0.0.convs.0.norm:instancenorm3d:before", "process_group_resident_bytes": 618676224, "tensor_shape": [1, 32, 64, 64, 64]}
{"elapsed_seconds": 1.4781285421922803, "libproc_sample_seconds_excludes_json_flush": 9.374995715916157e-05, "phase": "layer:encoder.stages.0.0.convs.0.norm:instancenorm3d:after", "process_group_resident_bytes": 652886016, "tensor_shape": [1, 32, 64, 64, 64]}
{"elapsed_seconds": 1.4800462501589209, "libproc_sample_seconds_excludes_json_flush": 6.66249543428421e-05, "phase": "layer:encoder.stages.0.0.convs.1.conv:conv3d:before", "process_group_resident_bytes": 652951552, "tensor_shape": [1, 32, 64, 64, 64]}
{"elapsed_seconds": 1.5757246671710163, "libproc_sample_seconds_excludes_json_flush": 9.49581153690815e-05, "phase": "layer:encoder.stages.0.0.convs.1.conv:conv3d:after", "process_group_resident_bytes": 711966720, "tensor_shape": [1, 32, 64, 64, 64]}
{"elapsed_seconds": 1.5758216672111303, "libproc_sample_seconds_excludes_json_flush": 1.6167061403393745e-05, "phase": "layer:encoder.stages.0.0.convs.1.norm:instancenorm3d:before", "process_group_resident_bytes": 711966720, "tensor_shape": [1, 32, 64, 64, 64]}
{"elapsed_seconds": 1.5808395422063768, "libproc_sample_seconds_excludes_json_flush": 4.8832967877388e-05, "phase": "layer:encoder.stages.0.0.convs.1.norm:instancenorm3d:after", "process_group_resident_bytes": 711966720, "tensor_shape": [1, 32, 64, 64, 64]}
{"elapsed_seconds": 1.5814625001512468, "libproc_sample_seconds_excludes_json_flush": 1.891585998237133e-05, "phase": "layer:encoder.stages.1.0.convs.0.conv:conv3d:before", "process_group_resident_bytes": 711966720, "tensor_shape": [1, 32, 64, 64, 64]}
{"elapsed_seconds": 1.5958585829939693, "libproc_sample_seconds_excludes_json_flush": 8.654198609292507e-05, "phase": "layer:encoder.stages.1.0.convs.0.conv:conv3d:after", "process_group_resident_bytes": 711966720, "tensor_shape": [1, 64, 32, 32, 32]}
{"elapsed_seconds": 1.5959358331747353, "libproc_sample_seconds_excludes_json_flush": 1.587485894560814e-05, "phase": "layer:encoder.stages.1.0.convs.0.norm:instancenorm3d:before", "process_group_resident_bytes": 711966720, "tensor_shape": [1, 64, 32, 32, 32]}
{"elapsed_seconds": 1.5976883750408888, "libproc_sample_seconds_excludes_json_flush": 3.758305683732033e-05, "phase": "layer:encoder.stages.1.0.convs.0.norm:instancenorm3d:after", "process_group_resident_bytes": 711966720, "tensor_shape": [1, 64, 32, 32, 32]}
{"elapsed_seconds": 1.5978830421809107, "libproc_sample_seconds_excludes_json_flush": 1.9916798919439316e-05, "phase": "layer:encoder.stages.1.0.convs.1.conv:conv3d:before", "process_group_resident_bytes": 711966720, "tensor_shape": [1, 64, 32, 32, 32]}
{"elapsed_seconds": 1.6194390831515193, "libproc_sample_seconds_excludes_json_flush": 8.170795626938343e-05, "phase": "layer:encoder.stages.1.0.convs.1.conv:conv3d:after", "process_group_resident_bytes": 711966720, "tensor_shape": [1, 64, 32, 32, 32]}
{"elapsed_seconds": 1.6194887082092464, "libproc_sample_seconds_excludes_json_flush": 1.4208024367690086e-05, "phase": "layer:encoder.stages.1.0.convs.1.norm:instancenorm3d:before", "process_group_resident_bytes": 711966720, "tensor_shape": [1, 64, 32, 32, 32]}
{"elapsed_seconds": 1.6211020830087364, "libproc_sample_seconds_excludes_json_flush": 2.1124957129359245e-05, "phase": "layer:encoder.stages.1.0.convs.1.norm:instancenorm3d:after", "process_group_resident_bytes": 711966720, "tensor_shape": [1, 64, 32, 32, 32]}
{"elapsed_seconds": 1.621273250086233, "libproc_sample_seconds_excludes_json_flush": 2.3250002413988113e-05, "phase": "layer:encoder.stages.2.0.convs.0.conv:conv3d:before", "process_group_resident_bytes": 711966720, "tensor_shape": [1, 64, 32, 32, 32]}
{"elapsed_seconds": 1.6247557080350816, "libproc_sample_seconds_excludes_json_flush": 5.0416914746165276e-05, "phase": "layer:encoder.stages.2.0.convs.0.conv:conv3d:after", "process_group_resident_bytes": 711966720, "tensor_shape": [1, 128, 16, 16, 16]}
{"elapsed_seconds": 1.6247993751894683, "libproc_sample_seconds_excludes_json_flush": 1.354212872684002e-05, "phase": "layer:encoder.stages.2.0.convs.0.norm:instancenorm3d:before", "process_group_resident_bytes": 711966720, "tensor_shape": [1, 128, 16, 16, 16]}
{"elapsed_seconds": 1.6251812081318349, "libproc_sample_seconds_excludes_json_flush": 1.9333790987730026e-05, "phase": "layer:encoder.stages.2.0.convs.0.norm:instancenorm3d:after", "process_group_resident_bytes": 711966720, "tensor_shape": [1, 128, 16, 16, 16]}
{"elapsed_seconds": 1.6252530000638217, "libproc_sample_seconds_excludes_json_flush": 1.4417106285691261e-05, "phase": "layer:encoder.stages.2.0.convs.1.conv:conv3d:before", "process_group_resident_bytes": 711966720, "tensor_shape": [1, 128, 16, 16, 16]}
{"elapsed_seconds": 1.631627542199567, "libproc_sample_seconds_excludes_json_flush": 4.958314821124077e-05, "phase": "layer:encoder.stages.2.0.convs.1.conv:conv3d:after", "process_group_resident_bytes": 711966720, "tensor_shape": [1, 128, 16, 16, 16]}
{"elapsed_seconds": 1.6316620002035052, "libproc_sample_seconds_excludes_json_flush": 1.1916039511561394e-05, "phase": "layer:encoder.stages.2.0.convs.1.norm:instancenorm3d:before", "process_group_resident_bytes": 711966720, "tensor_shape": [1, 128, 16, 16, 16]}
{"elapsed_seconds": 1.6320610002148896, "libproc_sample_seconds_excludes_json_flush": 2.266606315970421e-05, "phase": "layer:encoder.stages.2.0.convs.1.norm:instancenorm3d:after", "process_group_resident_bytes": 711966720, "tensor_shape": [1, 128, 16, 16, 16]}
{"elapsed_seconds": 1.6321457501035184, "libproc_sample_seconds_excludes_json_flush": 1.4165882021188736e-05, "phase": "layer:encoder.stages.3.0.convs.0.conv:conv3d:before", "process_group_resident_bytes": 711966720, "tensor_shape": [1, 128, 16, 16, 16]}
{"elapsed_seconds": 1.6334712081588805, "libproc_sample_seconds_excludes_json_flush": 2.504093572497368e-05, "phase": "layer:encoder.stages.3.0.convs.0.conv:conv3d:after", "process_group_resident_bytes": 712998912, "tensor_shape": [1, 256, 8, 8, 8]}
{"elapsed_seconds": 1.6335016251541674, "libproc_sample_seconds_excludes_json_flush": 1.4375196769833565e-05, "phase": "layer:encoder.stages.3.0.convs.0.norm:instancenorm3d:before", "process_group_resident_bytes": 712998912, "tensor_shape": [1, 256, 8, 8, 8]}
{"elapsed_seconds": 1.6336526670493186, "libproc_sample_seconds_excludes_json_flush": 1.8999911844730377e-05, "phase": "layer:encoder.stages.3.0.convs.0.norm:instancenorm3d:after", "process_group_resident_bytes": 712998912, "tensor_shape": [1, 256, 8, 8, 8]}
{"elapsed_seconds": 1.6337077501229942, "libproc_sample_seconds_excludes_json_flush": 1.4249933883547783e-05, "phase": "layer:encoder.stages.3.0.convs.1.conv:conv3d:before", "process_group_resident_bytes": 712998912, "tensor_shape": [1, 256, 8, 8, 8]}
{"elapsed_seconds": 1.6359294580761343, "libproc_sample_seconds_excludes_json_flush": 3.3499905839562416e-05, "phase": "layer:encoder.stages.3.0.convs.1.conv:conv3d:after", "process_group_resident_bytes": 712998912, "tensor_shape": [1, 256, 8, 8, 8]}
{"elapsed_seconds": 1.6359595831017941, "libproc_sample_seconds_excludes_json_flush": 1.2791948392987251e-05, "phase": "layer:encoder.stages.3.0.convs.1.norm:instancenorm3d:before", "process_group_resident_bytes": 712998912, "tensor_shape": [1, 256, 8, 8, 8]}
{"elapsed_seconds": 1.6360963331535459, "libproc_sample_seconds_excludes_json_flush": 1.837499439716339e-05, "phase": "layer:encoder.stages.3.0.convs.1.norm:instancenorm3d:after", "process_group_resident_bytes": 712998912, "tensor_shape": [1, 256, 8, 8, 8]}
{"elapsed_seconds": 1.6361519580241293, "libproc_sample_seconds_excludes_json_flush": 1.5041092410683632e-05, "phase": "layer:encoder.stages.4.0.convs.0.conv:conv3d:before", "process_group_resident_bytes": 712998912, "tensor_shape": [1, 256, 8, 8, 8]}
{"elapsed_seconds": 1.6391622500959784, "libproc_sample_seconds_excludes_json_flush": 2.345792017877102e-05, "phase": "layer:encoder.stages.4.0.convs.0.conv:conv3d:after", "process_group_resident_bytes": 713031680, "tensor_shape": [1, 320, 4, 4, 4]}
{"elapsed_seconds": 1.6391885001212358, "libproc_sample_seconds_excludes_json_flush": 1.2333039194345474e-05, "phase": "layer:encoder.stages.4.0.convs.0.norm:instancenorm3d:before", "process_group_resident_bytes": 713031680, "tensor_shape": [1, 320, 4, 4, 4]}
{"elapsed_seconds": 1.6392707081977278, "libproc_sample_seconds_excludes_json_flush": 2.037500962615013e-05, "phase": "layer:encoder.stages.4.0.convs.0.norm:instancenorm3d:after", "process_group_resident_bytes": 713031680, "tensor_shape": [1, 320, 4, 4, 4]}
{"elapsed_seconds": 1.6393002080731094, "libproc_sample_seconds_excludes_json_flush": 1.2459000572562218e-05, "phase": "layer:encoder.stages.4.0.convs.1.conv:conv3d:before", "process_group_resident_bytes": 713031680, "tensor_shape": [1, 320, 4, 4, 4]}
{"elapsed_seconds": 1.6399507080204785, "libproc_sample_seconds_excludes_json_flush": 2.2124964743852615e-05, "phase": "layer:encoder.stages.4.0.convs.1.conv:conv3d:after", "process_group_resident_bytes": 713031680, "tensor_shape": [1, 320, 4, 4, 4]}
{"elapsed_seconds": 1.6399741671048105, "libproc_sample_seconds_excludes_json_flush": 1.1833151802420616e-05, "phase": "layer:encoder.stages.4.0.convs.1.norm:instancenorm3d:before", "process_group_resident_bytes": 713031680, "tensor_shape": [1, 320, 4, 4, 4]}
{"elapsed_seconds": 1.640046208165586, "libproc_sample_seconds_excludes_json_flush": 1.691700890660286e-05, "phase": "layer:encoder.stages.4.0.convs.1.norm:instancenorm3d:after", "process_group_resident_bytes": 713031680, "tensor_shape": [1, 320, 4, 4, 4]}
{"elapsed_seconds": 1.6400888331700116, "libproc_sample_seconds_excludes_json_flush": 1.2625008821487427e-05, "phase": "layer:encoder.stages.5.0.convs.0.conv:conv3d:before", "process_group_resident_bytes": 713031680, "tensor_shape": [1, 320, 4, 4, 4]}
{"elapsed_seconds": 1.6406604170333594, "libproc_sample_seconds_excludes_json_flush": 1.895916648209095e-05, "phase": "layer:encoder.stages.5.0.convs.0.conv:conv3d:after", "process_group_resident_bytes": 713490432, "tensor_shape": [1, 320, 2, 2, 2]}
{"elapsed_seconds": 1.6406805000733584, "libproc_sample_seconds_excludes_json_flush": 1.1666910722851753e-05, "phase": "layer:encoder.stages.5.0.convs.0.norm:instancenorm3d:before", "process_group_resident_bytes": 713490432, "tensor_shape": [1, 320, 2, 2, 2]}
{"elapsed_seconds": 1.6407365421764553, "libproc_sample_seconds_excludes_json_flush": 2.033286727964878e-05, "phase": "layer:encoder.stages.5.0.convs.0.norm:instancenorm3d:after", "process_group_resident_bytes": 713490432, "tensor_shape": [1, 320, 2, 2, 2]}
{"elapsed_seconds": 1.64077362511307, "libproc_sample_seconds_excludes_json_flush": 1.5709083527326584e-05, "phase": "layer:encoder.stages.5.0.convs.1.conv:conv3d:before", "process_group_resident_bytes": 713490432, "tensor_shape": [1, 320, 2, 2, 2]}
{"elapsed_seconds": 1.6412914581596851, "libproc_sample_seconds_excludes_json_flush": 2.150004729628563e-05, "phase": "layer:encoder.stages.5.0.convs.1.conv:conv3d:after", "process_group_resident_bytes": 713490432, "tensor_shape": [1, 320, 2, 2, 2]}
{"elapsed_seconds": 1.6413158751092851, "libproc_sample_seconds_excludes_json_flush": 1.2791017070412636e-05, "phase": "layer:encoder.stages.5.0.convs.1.norm:instancenorm3d:before", "process_group_resident_bytes": 713490432, "tensor_shape": [1, 320, 2, 2, 2]}
{"elapsed_seconds": 1.6413773749954998, "libproc_sample_seconds_excludes_json_flush": 1.800013706088066e-05, "phase": "layer:encoder.stages.5.0.convs.1.norm:instancenorm3d:after", "process_group_resident_bytes": 713490432, "tensor_shape": [1, 320, 2, 2, 2]}
{"elapsed_seconds": 1.6414388332050294, "libproc_sample_seconds_excludes_json_flush": 1.329183578491211e-05, "phase": "layer:decoder.transpconvs.0:convtranspose3d:before", "process_group_resident_bytes": 713490432, "tensor_shape": [1, 320, 2, 2, 2]}
{"elapsed_seconds": 1.6424625420477241, "libproc_sample_seconds_excludes_json_flush": 1.7625046893954277e-05, "phase": "layer:decoder.transpconvs.0:convtranspose3d:after", "process_group_resident_bytes": 713637888, "tensor_shape": [1, 320, 4, 4, 4]}
{"elapsed_seconds": 1.6426640001591295, "libproc_sample_seconds_excludes_json_flush": 1.579197123646736e-05, "phase": "layer:decoder.stages.0:decoder_stage:before", "process_group_resident_bytes": 713654272, "tensor_shape": [1, 640, 4, 4, 4]}
{"elapsed_seconds": 1.642696375027299, "libproc_sample_seconds_excludes_json_flush": 1.3625016435980797e-05, "phase": "layer:decoder.stages.0.convs.0.conv:conv3d:before", "process_group_resident_bytes": 713654272, "tensor_shape": [1, 640, 4, 4, 4]}
{"elapsed_seconds": 1.6438904171809554, "libproc_sample_seconds_excludes_json_flush": 3.162515349686146e-05, "phase": "layer:decoder.stages.0.convs.0.conv:conv3d:after", "process_group_resident_bytes": 713654272, "tensor_shape": [1, 320, 4, 4, 4]}
{"elapsed_seconds": 1.6439202500041574, "libproc_sample_seconds_excludes_json_flush": 1.3082986697554588e-05, "phase": "layer:decoder.stages.0.convs.0.norm:instancenorm3d:before", "process_group_resident_bytes": 713654272, "tensor_shape": [1, 320, 4, 4, 4]}
{"elapsed_seconds": 1.6440067081712186, "libproc_sample_seconds_excludes_json_flush": 1.8832972273230553e-05, "phase": "layer:decoder.stages.0.convs.0.norm:instancenorm3d:after", "process_group_resident_bytes": 713654272, "tensor_shape": [1, 320, 4, 4, 4]}
{"elapsed_seconds": 1.64403700013645, "libproc_sample_seconds_excludes_json_flush": 1.3125129044055939e-05, "phase": "layer:decoder.stages.0.convs.1.conv:conv3d:before", "process_group_resident_bytes": 713654272, "tensor_shape": [1, 320, 4, 4, 4]}
{"elapsed_seconds": 1.64485108316876, "libproc_sample_seconds_excludes_json_flush": 2.9708025977015495e-05, "phase": "layer:decoder.stages.0.convs.1.conv:conv3d:after", "process_group_resident_bytes": 713654272, "tensor_shape": [1, 320, 4, 4, 4]}
{"elapsed_seconds": 1.6448797502089292, "libproc_sample_seconds_excludes_json_flush": 1.3249926269054413e-05, "phase": "layer:decoder.stages.0.convs.1.norm:instancenorm3d:before", "process_group_resident_bytes": 713654272, "tensor_shape": [1, 320, 4, 4, 4]}
{"elapsed_seconds": 1.6449609170667827, "libproc_sample_seconds_excludes_json_flush": 2.2249994799494743e-05, "phase": "layer:decoder.stages.0.convs.1.norm:instancenorm3d:after", "process_group_resident_bytes": 713654272, "tensor_shape": [1, 320, 4, 4, 4]}
{"elapsed_seconds": 1.6449894581455737, "libproc_sample_seconds_excludes_json_flush": 1.2875068932771683e-05, "phase": "layer:decoder.stages.0:decoder_stage:after", "process_group_resident_bytes": 713654272, "tensor_shape": [1, 320, 4, 4, 4]}
{"elapsed_seconds": 1.6450183331035078, "libproc_sample_seconds_excludes_json_flush": 1.2874836102128029e-05, "phase": "layer:decoder.transpconvs.1:convtranspose3d:before", "process_group_resident_bytes": 713654272, "tensor_shape": [1, 320, 4, 4, 4]}
{"elapsed_seconds": 1.645399458007887, "libproc_sample_seconds_excludes_json_flush": 1.6832957044243813e-05, "phase": "layer:decoder.transpconvs.1:convtranspose3d:after", "process_group_resident_bytes": 713736192, "tensor_shape": [1, 256, 8, 8, 8]}
{"elapsed_seconds": 1.6454641669988632, "libproc_sample_seconds_excludes_json_flush": 1.833401620388031e-05, "phase": "layer:decoder.stages.1:decoder_stage:before", "process_group_resident_bytes": 713736192, "tensor_shape": [1, 512, 8, 8, 8]}
{"elapsed_seconds": 1.6454915420617908, "libproc_sample_seconds_excludes_json_flush": 1.3209180906414986e-05, "phase": "layer:decoder.stages.1.convs.0.conv:conv3d:before", "process_group_resident_bytes": 713736192, "tensor_shape": [1, 512, 8, 8, 8]}
{"elapsed_seconds": 1.6500050420872867, "libproc_sample_seconds_excludes_json_flush": 5.7958997786045074e-05, "phase": "layer:decoder.stages.1.convs.0.conv:conv3d:after", "process_group_resident_bytes": 714227712, "tensor_shape": [1, 256, 8, 8, 8]}
{"elapsed_seconds": 1.650045417016372, "libproc_sample_seconds_excludes_json_flush": 1.229182817041874e-05, "phase": "layer:decoder.stages.1.convs.0.norm:instancenorm3d:before", "process_group_resident_bytes": 714227712, "tensor_shape": [1, 256, 8, 8, 8]}
{"elapsed_seconds": 1.6501937920693308, "libproc_sample_seconds_excludes_json_flush": 2.0041130483150482e-05, "phase": "layer:decoder.stages.1.convs.0.norm:instancenorm3d:after", "process_group_resident_bytes": 714227712, "tensor_shape": [1, 256, 8, 8, 8]}
{"elapsed_seconds": 1.6502450001426041, "libproc_sample_seconds_excludes_json_flush": 1.6249949112534523e-05, "phase": "layer:decoder.stages.1.convs.1.conv:conv3d:before", "process_group_resident_bytes": 714227712, "tensor_shape": [1, 256, 8, 8, 8]}
{"elapsed_seconds": 1.6524100420065224, "libproc_sample_seconds_excludes_json_flush": 3.4667085856199265e-05, "phase": "layer:decoder.stages.1.convs.1.conv:conv3d:after", "process_group_resident_bytes": 714227712, "tensor_shape": [1, 256, 8, 8, 8]}
{"elapsed_seconds": 1.652438708115369, "libproc_sample_seconds_excludes_json_flush": 1.3165874406695366e-05, "phase": "layer:decoder.stages.1.convs.1.norm:instancenorm3d:before", "process_group_resident_bytes": 714227712, "tensor_shape": [1, 256, 8, 8, 8]}
{"elapsed_seconds": 1.6525834170170128, "libproc_sample_seconds_excludes_json_flush": 1.674983650445938e-05, "phase": "layer:decoder.stages.1.convs.1.norm:instancenorm3d:after", "process_group_resident_bytes": 714227712, "tensor_shape": [1, 256, 8, 8, 8]}
{"elapsed_seconds": 1.652626333059743, "libproc_sample_seconds_excludes_json_flush": 1.5250174328684807e-05, "phase": "layer:decoder.stages.1:decoder_stage:after", "process_group_resident_bytes": 714227712, "tensor_shape": [1, 256, 8, 8, 8]}
{"elapsed_seconds": 1.6526524580549449, "libproc_sample_seconds_excludes_json_flush": 1.2541888281702995e-05, "phase": "layer:decoder.transpconvs.2:convtranspose3d:before", "process_group_resident_bytes": 714227712, "tensor_shape": [1, 256, 8, 8, 8]}
{"elapsed_seconds": 1.6532280000392348, "libproc_sample_seconds_excludes_json_flush": 1.854216679930687e-05, "phase": "layer:decoder.transpconvs.2:convtranspose3d:after", "process_group_resident_bytes": 714326016, "tensor_shape": [1, 128, 16, 16, 16]}
{"elapsed_seconds": 1.653393083019182, "libproc_sample_seconds_excludes_json_flush": 1.4416873455047607e-05, "phase": "layer:decoder.stages.2:decoder_stage:before", "process_group_resident_bytes": 714981376, "tensor_shape": [1, 256, 16, 16, 16]}
{"elapsed_seconds": 1.653421417111531, "libproc_sample_seconds_excludes_json_flush": 1.3082986697554588e-05, "phase": "layer:decoder.stages.2.convs.0.conv:conv3d:before", "process_group_resident_bytes": 714981376, "tensor_shape": [1, 256, 16, 16, 16]}
{"elapsed_seconds": 1.6651291251182556, "libproc_sample_seconds_excludes_json_flush": 6.545800715684891e-05, "phase": "layer:decoder.stages.2.convs.0.conv:conv3d:after", "process_group_resident_bytes": 714981376, "tensor_shape": [1, 128, 16, 16, 16]}
{"elapsed_seconds": 1.6651797080412507, "libproc_sample_seconds_excludes_json_flush": 1.550000160932541e-05, "phase": "layer:decoder.stages.2.convs.0.norm:instancenorm3d:before", "process_group_resident_bytes": 714981376, "tensor_shape": [1, 128, 16, 16, 16]}
{"elapsed_seconds": 1.665575792081654, "libproc_sample_seconds_excludes_json_flush": 2.0582927390933037e-05, "phase": "layer:decoder.stages.2.convs.0.norm:instancenorm3d:after", "process_group_resident_bytes": 714981376, "tensor_shape": [1, 128, 16, 16, 16]}
{"elapsed_seconds": 1.665642750216648, "libproc_sample_seconds_excludes_json_flush": 1.400010660290718e-05, "phase": "layer:decoder.stages.2.convs.1.conv:conv3d:before", "process_group_resident_bytes": 714981376, "tensor_shape": [1, 128, 16, 16, 16]}
{"elapsed_seconds": 1.6721995421685278, "libproc_sample_seconds_excludes_json_flush": 6.13329466432333e-05, "phase": "layer:decoder.stages.2.convs.1.conv:conv3d:after", "process_group_resident_bytes": 716308480, "tensor_shape": [1, 128, 16, 16, 16]}
{"elapsed_seconds": 1.6722408751957119, "libproc_sample_seconds_excludes_json_flush": 1.2916047126054764e-05, "phase": "layer:decoder.stages.2.convs.1.norm:instancenorm3d:before", "process_group_resident_bytes": 716308480, "tensor_shape": [1, 128, 16, 16, 16]}
{"elapsed_seconds": 1.6726493330206722, "libproc_sample_seconds_excludes_json_flush": 1.545785926282406e-05, "phase": "layer:decoder.stages.2.convs.1.norm:instancenorm3d:after", "process_group_resident_bytes": 717094912, "tensor_shape": [1, 128, 16, 16, 16]}
{"elapsed_seconds": 1.672713833162561, "libproc_sample_seconds_excludes_json_flush": 1.5208031982183456e-05, "phase": "layer:decoder.stages.2:decoder_stage:after", "process_group_resident_bytes": 717094912, "tensor_shape": [1, 128, 16, 16, 16]}
{"elapsed_seconds": 1.6727439581882209, "libproc_sample_seconds_excludes_json_flush": 1.3124896213412285e-05, "phase": "layer:decoder.transpconvs.3:convtranspose3d:before", "process_group_resident_bytes": 717094912, "tensor_shape": [1, 128, 16, 16, 16]}
{"elapsed_seconds": 1.6747899171896279, "libproc_sample_seconds_excludes_json_flush": 5.179201252758503e-05, "phase": "layer:decoder.transpconvs.3:convtranspose3d:after", "process_group_resident_bytes": 719208448, "tensor_shape": [1, 64, 32, 32, 32]}
{"elapsed_seconds": 1.6759973331354558, "libproc_sample_seconds_excludes_json_flush": 4.61251474916935e-05, "phase": "layer:decoder.stages.3:decoder_stage:before", "process_group_resident_bytes": 719208448, "tensor_shape": [1, 128, 32, 32, 32]}
{"elapsed_seconds": 1.6760379171464592, "libproc_sample_seconds_excludes_json_flush": 1.4124903827905655e-05, "phase": "layer:decoder.stages.3.convs.0.conv:conv3d:before", "process_group_resident_bytes": 719208448, "tensor_shape": [1, 128, 32, 32, 32]}
{"elapsed_seconds": 1.7197654580231756, "libproc_sample_seconds_excludes_json_flush": 9.070918895304203e-05, "phase": "layer:decoder.stages.3.convs.0.conv:conv3d:after", "process_group_resident_bytes": 775847936, "tensor_shape": [1, 64, 32, 32, 32]}
{"elapsed_seconds": 1.719824583036825, "libproc_sample_seconds_excludes_json_flush": 1.333397813141346e-05, "phase": "layer:decoder.stages.3.convs.0.norm:instancenorm3d:before", "process_group_resident_bytes": 775847936, "tensor_shape": [1, 64, 32, 32, 32]}
{"elapsed_seconds": 1.721103500109166, "libproc_sample_seconds_excludes_json_flush": 1.695915125310421e-05, "phase": "layer:decoder.stages.3.convs.0.norm:instancenorm3d:after", "process_group_resident_bytes": 775847936, "tensor_shape": [1, 64, 32, 32, 32]}
{"elapsed_seconds": 1.7212604579981416, "libproc_sample_seconds_excludes_json_flush": 2.008303999900818e-05, "phase": "layer:decoder.stages.3.convs.1.conv:conv3d:before", "process_group_resident_bytes": 775847936, "tensor_shape": [1, 64, 32, 32, 32]}
{"elapsed_seconds": 1.7421658330131322, "libproc_sample_seconds_excludes_json_flush": 8.316687308251858e-05, "phase": "layer:decoder.stages.3.convs.1.conv:conv3d:after", "process_group_resident_bytes": 775847936, "tensor_shape": [1, 64, 32, 32, 32]}
{"elapsed_seconds": 1.742219875101, "libproc_sample_seconds_excludes_json_flush": 1.3666925951838493e-05, "phase": "layer:decoder.stages.3.convs.1.norm:instancenorm3d:before", "process_group_resident_bytes": 775847936, "tensor_shape": [1, 64, 32, 32, 32]}
{"elapsed_seconds": 1.7438569581136107, "libproc_sample_seconds_excludes_json_flush": 2.1458836272358894e-05, "phase": "layer:decoder.stages.3.convs.1.norm:instancenorm3d:after", "process_group_resident_bytes": 775847936, "tensor_shape": [1, 64, 32, 32, 32]}
{"elapsed_seconds": 1.7439975421875715, "libproc_sample_seconds_excludes_json_flush": 1.4874851331114769e-05, "phase": "layer:decoder.stages.3:decoder_stage:after", "process_group_resident_bytes": 775847936, "tensor_shape": [1, 64, 32, 32, 32]}
{"elapsed_seconds": 1.7440272502135485, "libproc_sample_seconds_excludes_json_flush": 1.3083219528198242e-05, "phase": "layer:decoder.transpconvs.4:convtranspose3d:before", "process_group_resident_bytes": 775847936, "tensor_shape": [1, 64, 32, 32, 32]}
{"elapsed_seconds": 1.7502828750293702, "libproc_sample_seconds_excludes_json_flush": 8.320901542901993e-05, "phase": "layer:decoder.transpconvs.4:convtranspose3d:after", "process_group_resident_bytes": 775864320, "tensor_shape": [1, 32, 64, 64, 64]}
{"elapsed_seconds": 1.755393625004217, "libproc_sample_seconds_excludes_json_flush": 2.929195761680603e-05, "phase": "layer:decoder.stages.4:decoder_stage:before", "process_group_resident_bytes": 842989568, "tensor_shape": [1, 64, 64, 64, 64]}
{"elapsed_seconds": 1.7554683750495315, "libproc_sample_seconds_excludes_json_flush": 1.5040859580039978e-05, "phase": "layer:decoder.stages.4.convs.0.conv:conv3d:before", "process_group_resident_bytes": 842989568, "tensor_shape": [1, 64, 64, 64, 64]}
{"elapsed_seconds": 1.9417530831415206, "libproc_sample_seconds_excludes_json_flush": 7.35411886125803e-05, "phase": "layer:decoder.stages.4.convs.0.conv:conv3d:after", "process_group_resident_bytes": 956252160, "tensor_shape": [1, 32, 64, 64, 64]}
{"elapsed_seconds": 1.9418137921020389, "libproc_sample_seconds_excludes_json_flush": 1.4709075912833214e-05, "phase": "layer:decoder.stages.4.convs.0.norm:instancenorm3d:before", "process_group_resident_bytes": 956252160, "tensor_shape": [1, 32, 64, 64, 64]}
{"elapsed_seconds": 1.9464766250457615, "libproc_sample_seconds_excludes_json_flush": 1.8208054825663567e-05, "phase": "layer:decoder.stages.4.convs.0.norm:instancenorm3d:after", "process_group_resident_bytes": 956252160, "tensor_shape": [1, 32, 64, 64, 64]}
{"elapsed_seconds": 1.9470300420653075, "libproc_sample_seconds_excludes_json_flush": 2.1792016923427582e-05, "phase": "layer:decoder.stages.4.convs.1.conv:conv3d:before", "process_group_resident_bytes": 956252160, "tensor_shape": [1, 32, 64, 64, 64]}
{"elapsed_seconds": 2.0246456251479685, "libproc_sample_seconds_excludes_json_flush": 8.395803160965443e-05, "phase": "layer:decoder.stages.4.convs.1.conv:conv3d:after", "process_group_resident_bytes": 956252160, "tensor_shape": [1, 32, 64, 64, 64]}
{"elapsed_seconds": 2.0247081671841443, "libproc_sample_seconds_excludes_json_flush": 1.570815220475197e-05, "phase": "layer:decoder.stages.4.convs.1.norm:instancenorm3d:before", "process_group_resident_bytes": 956252160, "tensor_shape": [1, 32, 64, 64, 64]}
{"elapsed_seconds": 2.029386875219643, "libproc_sample_seconds_excludes_json_flush": 2.3624859750270844e-05, "phase": "layer:decoder.stages.4.convs.1.norm:instancenorm3d:after", "process_group_resident_bytes": 956252160, "tensor_shape": [1, 32, 64, 64, 64]}
{"elapsed_seconds": 2.029916208004579, "libproc_sample_seconds_excludes_json_flush": 1.8707942217588425e-05, "phase": "layer:decoder.stages.4:decoder_stage:after", "process_group_resident_bytes": 956252160, "tensor_shape": [1, 32, 64, 64, 64]}
{"elapsed_seconds": 2.0299599170684814, "libproc_sample_seconds_excludes_json_flush": 1.3709068298339844e-05, "phase": "layer:decoder.seg_layers.4:conv3d:before", "process_group_resident_bytes": 956252160, "tensor_shape": [1, 32, 64, 64, 64]}
{"elapsed_seconds": 2.0312805001158267, "libproc_sample_seconds_excludes_json_flush": 5.575013346970081e-05, "phase": "layer:decoder.seg_layers.4:conv3d:after", "process_group_resident_bytes": 956252160, "tensor_shape": [1, 3, 64, 64, 64]}
{"elapsed_seconds": 2.0379607500508428, "phase": "after_generated_forward", "self_rss_kib": 933840}
{"elapsed_seconds": 2.0447157500311732, "phase": "after_output_transfer", "self_rss_kib": 933888}
{"arm": "tiled", "forward_seconds": 0.5745945419184864, "logits_raw_sha256": "52252550d12d7fc0ddd930c044f58cd6e1bca00606646bbd9780687bce3f2853", "status": "completed"}
