*Step  = 0
*Time  = 0
*Data  = mechanics_nodes_si
1,0,0,0,0,0,0,0,0,0
2,0.01,0,0,0,0,0,0,0,0
3,0.01,0.01,0,0,0,0,0,0,0
4,0,0.01,0,0,0,0,0,0,0
5,0,0,0.01,0,0,0,0,0,0
6,0.01,0,0.01,0,0,0,0,0,0
7,0.01,0.01,0.01,0,0,0,0,0,0
8,0,0.01,0.01,0,0,0,0,0,0
9,0.005,0,0,0,0,0,0,0,0
10,0.01,0.005,0,0,0,0,0,0,0
11,0.005,0.005,0,0,0,0,0,0,0
12,0.005,0.005,0.005,0,0,0,0,0,0
13,0.01,0.005,0.005,0,0,0,0,0,0
14,0.01,0.01,0.005,0,0,0,0,0,0
15,0.005,0.01,0,0,0,0,0,0,0
16,0,0.005,0,0,0,0,0,0,0
17,0.005,0.01,0.005,0,0,0,0,0,0
18,0,0.01,0.005,0,0,0,0,0,0
19,0,0.005,0.005,0,0,0,0,0,0
20,0.005,0.01,0.01,0,0,0,0,0,0
21,0,0.005,0.01,0,0,0,0,0,0
22,0,0,0.005,0,0,0,0,0,0
23,0.005,0.005,0.01,0,0,0,0,0,0
24,0.005,0,0.01,0,0,0,0,0,0
25,0.005,0,0.005,0,0,0,0,0,0
26,0.01,0.005,0.01,0,0,0,0,0,0
27,0.01,0,0.005,0,0,0,0,0,0
*Step  = 1
*Time  = 0.25
*Data  = mechanics_nodes_si
1,-1.05024385392e-05,9.10716880179e-06,-5.80352830691e-07,-1.05024385392e-05,9.10716880179e-06,-5.80352830691e-07,0,0,0
2,0.0100494975615,1.91071688018e-05,-5.80352830691e-07,4.94975614608e-05,1.91071688018e-05,-5.80352830691e-07,0,0,0
3,0.00998906001808,0.0100135560147,8.73221866909e-07,-1.09399819184e-05,1.35560146836e-05,8.73221866909e-07,-3.18417886976e-13,-5.27755791305e-13,1.64816196037e-13
4,-1.55024385392e-05,0.0099791071688,1.44196471693e-05,-1.55024385392e-05,-2.08928311982e-05,1.44196471693e-05,0,0,0
5,3.17602147157e-05,-3.14955442036e-05,0.00999894392652,3.17602147157e-05,-3.14955442036e-05,-1.05607347508e-06,5.8473080224e-13,-6.49821419649e-13,-3.90573730711e-14
6,0.0100265838975,-1.16531980458e-05,0.00998539265151,2.6583897504e-05,-1.16531980458e-05,-1.46073484925e-05,-1.33643298712e-12,1.18024251786e-12,5.44106002217e-13
7,0.0100034891088,0.00999752758813,0.0100056975234,3.489108792e-06,-2.47241187301e-06,5.69752335213e-06,-6.08342700386e-12,8.64412335724e-12,-2.08616933919e-13
8,1.0172855386e-05,0.00997138610074,0.0100185519311,1.0172855386e-05,-2.86138992584e-05,1.8551931112e-05,8.56361471027e-13,7.95002169594e-13,-3.86796505232e-13
9,0.00501782081493,8.29494723127e-06,-5.34474631481e-06,1.78208149266e-05,8.29494723127e-06,-5.34474631481e-06,7.13799359289e-12,5.06085496047e-12,5.73033341359e-12
10,0.0100137108265,0.00501036791527,1.06752147482e-06,1.37108264648e-05,1.03679152694e-05,1.06752147482e-06,-2.55803320629e-12,-4.45270369952e-12,7.20768080662e-12
11,0.00500459448085,0.00499809092604,1.90082107774e-06,4.59448085002e-06,-1.90907395839e-06,1.90082107774e-06,-2.32218847897e-12,3.77368739013e-12,2.6717913804e-12
12,0.00501050243854,0.0049908928312,0.00500058035283,1.05024385392e-05,-9.10716880179e-06,5.80352830691e-07,1.81713381999e-11,-1.93264092355e-11,2.73151113172e-12
13,0.0100141110682,0.00500253259034,0.00499508816133,1.41110681802e-05,2.53259033523e-06,-4.91183867339e-06,-1.1914105344e-13,-9.64724758598e-12,-6.23420974829e-12
14,0.0099948657314,0.0100083615959,0.00500228139195,-5.13426859567e-06,8.36159591747e-06,2.28139194659e-06,-5.89641430901e-12,9.57711999779e-13,4.19211866589e-13
15,0.00499089339343,0.00999406964839,6.66823229207e-06,-9.10660656811e-06,-5.93035161257e-06,6.66823229207e-06,6.38427999898e-12,-3.31696909667e-12,-1.82951208268e-12
16,-5.41294739067e-06,0.00499438414266,9.28991132577e-06,-5.41294739067e-06,-5.61585733817e-06,9.28991132577e-06,-7.91558929947e-13,-2.61681902005e-12,-4.63770385366e-12
17,0.00500073532265,0.00998895857596,0.00500982072997,7.35322648622e-07,-1.10414240387e-05,9.82072996839e-06,1.04240012126e-11,-5.37172003148e-12,3.70791172467e-12
18,-5.30912497084e-07,0.00997881680591,0.00501952816285,-5.30912497084e-07,-2.11831940927e-05,1.95281628458e-05,-9.46971577434e-12,4.83360418495e-12,1.76836515549e-12
19,8.53594100487e-06,0.00498365599583,0.00501301158386,8.53594100487e-06,-1.63440041746e-05,1.30115838614e-05,-1.00863236159e-11,5.76699129532e-14,-2.58552689553e-12
20,0.00500793377345,0.00998337068948,0.0100089343288,7.93377345183e-06,-1.66293105224e-05,8.93432875508e-06,2.55930879398e-12,-4.20168714239e-12,3.16950636133e-12
21,2.23202852777e-05,0.00496999084262,0.0100125136129,2.23202852777e-05,-3.00091573775e-05,1.25136128971e-05,-1.21446606165e-12,-5.01552755928e-13,-3.26342014851e-13
22,1.46761906451e-05,-1.34270416487e-05,0.00499917491535,1.46761906451e-05,-1.34270416487e-05,-8.25084650316e-07,-1.81803233424e-13,4.81401889804e-12,-1.24242176995e-12
23,0.00502004240396,0.00498015045888,0.0100006545959,2.00424039641e-05,-1.98495411226e-05,6.5459591988e-07,2.69954186873e-12,-4.3699309994e-12,-2.28489701321e-12
24,0.00502949394879,-2.2852670742e-05,0.00998595295263,2.94939487936e-05,-2.2852670742e-05,-1.40470473696e-05,3.14865320681e-13,4.90570445243e-12,-3.08165189005e-12
25,0.00501909626406,-5.81442668022e-06,0.00498552522641,1.9096264062e-05,-5.81442668022e-06,-1.44747735911e-05,3.72769419567e-12,1.35211261285e-11,1.04376783862e-12
26,0.0100156521796,0.00499207821843,0.00999827565624,1.56521796213e-05,-7.92178156939e-06,-1.7243437616e-06,3.05291377248e-12,-8.05764180063e-12,-5.64395720931e-12
27,0.0100283177182,5.11732598485e-06,0.00498566797413,2.83177181572e-05,5.11732598485e-06,-1.43320258746e-05,-6.79706829697e-12,1.19872930736e-11,-4.51863212436e-12
*Step  = 2
*Time  = 0.5
*Data  = mechanics_nodes_si
1,-2.10209015769e-05,1.81945490256e-05,-1.13780685997e-06,-2.10209015769e-05,1.81945490256e-05,-1.13780685997e-06,0,0,0
2,0.0100989790984,3.81945490256e-05,-1.13780685997e-06,9.89790984231e-05,3.81945490256e-05,-1.13780685997e-06,0,0,0
3,0.00997811893502,0.0100270151359,1.80159612268e-06,-2.18810649816e-05,2.70151358996e-05,1.80159612268e-06,-3.21465771347e-13,-5.75108315683e-13,2.08999270933e-13
4,-3.10209015769e-05,0.00995819454903,2.886219314e-05,-3.10209015769e-05,-4.18054509744e-05,2.886219314e-05,0,0,0
5,6.35646674713e-05,-6.29156051869e-05,0.00999770490306,6.35646674713e-05,-6.29156051869e-05,-2.29509693819e-06,5.91712049062e-13,-6.44830333911e-13,-6.4377888735e-14
6,0.010053198412,-2.3215626581e-05,0.00997071497527,5.31984119573e-05,-2.3215626581e-05,-2.92850247266e-05,-1.34150717039e-12,1.20990848735e-12,5.13975637597e-13
7,0.0100070391951,0.00999500471491,0.0100113686399,7.03919508881e-06,-4.99528508642e-06,1.1368639949e-05,-5.9986486383e-12,8.60671581747e-12,-2.09277626712e-13
8,2.04732631272e-05,0.00994278435027,0.0100370515107,2.04732631272e-05,-5.72156497298e-05,3.70515106772e-05,8.63982223066e-13,7.88017395833e-13,-3.91658308331e-13
9,0.00503565230195,1.66256985664e-05,-1.06707350525e-05,3.5652301954e-05,1.66256985664e-05,-1.06707350525e-05,7.07156872198e-12,4.9613069119e-12,5.63677504331e-12
10,0.0100274326466,0.00502070757284,2.14181105011e-06,2.74326465957e-05,2.07075728382e-05,2.14181105011e-06,-2.56443866624e-12,-4.35326370823e-12,7.10896655406e-12
11,0.00500920445242,0.00499621206064,3.78123462394e-06,9.20445242088e-06,-3.78793936355e-06,3.78123462394e-06,-2.30575106263e-12,3.84139407092e-12,2.64668979956e-12
12,0.00502102090158,0.00498180545097,0.00500113780686,2.10209015769e-05,-1.81945490256e-05,1.13780685997e-06,1.78611529321e-11,-1.92522694352e-11,2.8561150044e-12
13,0.0100282434546,0.0050050830089,0.00499015122478,2.8243454618e-05,5.08300890254e-06,-9.84877521994e-06,-1.18039976995e-13,-9.50467055931e-12,-6.14791863091e-12
14,0.00998974208144,0.010016642237,0.005004577054,-1.02579185582e-05,1.66422369997e-05,4.57705400242e-06,-5.86415347738e-12,9.67871783899e-13,3.66313968701e-13
15,0.00498181131856,0.00998812670711,1.33638670627e-05,-1.81886814442e-05,-1.18732928922e-05,1.33638670627e-05,6.36603915535e-12,-3.32310118451e-12,-1.78375678202e-12
16,-1.08128468219e-05,0.00498878058616,1.85997349872e-05,-1.08128468219e-05,-1.12194138427e-05,1.85997349872e-05,-7.73870713604e-13,-2.61455120453e-12,-4.57477009765e-12
17,0.00500153748668,0.00997790786686,0.00501961372974,1.53748668362e-06,-2.2092133138e-05,1.96137297403e-05,1.04064310041e-11,-5.35052991835e-12,3.6499233142e-12
18,-9.75773631251e-07,0.00995760845598,0.0050390567649,-9.75773631251e-07,-4.23915440215e-05,3.90567649036e-05,-9.42206961091e-12,4.80427978888e-12,1.76164081528e-12
19,1.71491768861e-05,0.00496730264596,0.00502599119185,1.71491768861e-05,-3.26973540364e-05,2.59911918458e-05,-9.96643427797e-12,4.68012046083e-14,-2.59411566223e-12
20,0.00501595655288,0.00996675544835,0.010017815677,1.5956552883e-05,-3.32445516526e-05,1.78156770064e-05,2.486262603e-12,-4.18890313199e-12,3.16954335888e-12
21,4.47418663809e-05,0.00494000579512,0.0100249225702,4.47418663809e-05,-5.99942048798e-05,2.49225702288e-05,-1.16569798183e-12,-4.91034093398e-13,-3.68198520777e-13
22,2.9381439142e-05,-2.68099865511e-05,0.0049982525853,2.9381439142e-05,-2.68099865511e-05,-1.74741470447e-06,-1.4776703556e-13,4.87168651638e-12,-1.21365980823e-12
23,0.00504013722452,0.00496033995751,0.0100012473261,4.01372245199e-05,-3.96600424906e-05,1.24732610231e-06,2.64959798554e-12,-4.36202006488e-12,-2.29005778845e-12
24,0.00505899851329,-4.55861409678e-05,0.00997181231934,5.8998513288e-05,-4.55861409678e-05,-2.81876806584e-05,2.97968469446e-13,4.92036881543e-12,-3.08788090031e-12
25,0.00503815764604,-1.1543538506e-05,0.00497104367194,3.81576460422e-05,-1.1543538506e-05,-2.89563280581e-05,3.64922636786e-12,1.34015548445e-11,1.13560609314e-12
26,0.0100313730844,0.00498417574131,0.00999647176935,3.13730844255e-05,-1.58242586948e-05,-3.52823064778e-06,3.04036173729e-12,-8.03178041705e-12,-5.6004621598e-12
27,0.0100566034198,1.02791103227e-05,0.00497135947194,5.66034197942e-05,1.02791103227e-05,-2.86405280598e-05,-6.74722185608e-12,1.1815012784e-11,-4.41871104971e-12
*Step  = 3
*Time  = 0.75
*Data  = mechanics_nodes_si
1,-3.15545239346e-05,2.72622122067e-05,-1.67273388817e-06,-3.15545239346e-05,2.72622122067e-05,-1.67273388817e-06,0,0,0
2,0.0101484454761,5.72622122067e-05,-1.67273388817e-06,0.000148445476065,5.72622122067e-05,-1.67273388817e-06,0,0,0
3,0.00996717752145,0.0100403781836,2.78662683017e-06,-3.28224785529e-05,4.03781836319e-05,2.78662683017e-06,-3.24254290207e-13,-6.21560317406e-13,2.51844084595e-13
4,-4.65545239346e-05,0.00993726221221,4.33272661118e-05,-4.65545239346e-05,-6.27377877933e-05,4.33272661118e-05,0,0,0
5,9.5410648207e-05,-9.42599923159e-05,0.00999628222046,9.5410648207e-05,-9.42599923159e-05,-3.71777953517e-06,5.98218422532e-13,-6.39806343485e-13,-8.91773377877e-14
6,0.010079840997,-3.46881071492e-05,0.00995596780002,7.9840996959e-05,-3.46881071492e-05,-4.40321999788e-05,-1.3466024738e-12,1.23909013611e-12,4.84425080582e-13
7,0.0100106491305,0.00999243050232,0.0100170147235,1.06491304766e-05,-7.56949768044e-06,1.70147234716e-05,-5.91466366647e-12,8.56957339902e-12,-2.09907259971e-13
8,3.08994265691e-05,0.00991419449342,0.010055498512,3.08994265691e-05,-8.58055065846e-05,5.54985119922e-05,8.71875416475e-13,7.81129930805e-13,-3.9657587415e-13
9,0.00505349453347,2.49922186247e-05,-1.59785805113e-05,5.34945334659e-05,2.49922186247e-05,-1.59785805113e-05,7.00897196524e-12,4.86263650466e-12,5.54167584556e-12
10,0.010041165094,0.00503101957923,3.22347550051e-06,4.11650940378e-05,3.10195792266e-05,3.22347550051e-06,-2.57042111425e-12,-4.25594996943e-12,7.01176049533e-12
11,0.00501382955005,0.00499436416363,5.64169553528e-06,1.38295500512e-05,-5.63583637061e-06,5.64169553528e-06,-2.2893826727e-12,3.90780226375e-12,2.62179928578e-12
12,0.00503155452393,0.00497273778779,0.00500167273389,3.15545239346e-05,-2.72622122067e-05,1.67273388817e-06,1.75564388873e-11,-1.91796607723e-11,2.97944899343e-12
13,0.0100423960906,0.00500765117722,0.00498519013785,4.23960906305e-05,7.65117721578e-06,-1.48098621456e-05,-1.16331331969e-13,-9.36493244741e-12,-6.06261109887e-12
14,0.00998462880791,0.0100248418237,0.00500688870741,-1.53711920921e-05,2.48418236658e-05,6.88870740844e-06,-5.83121273114e-12,9.78620933543e-13,3.14562176694e-13
15,0.00497275420546,0.00998217205514,2.00878921945e-05,-2.72457945415e-05,-1.78279448572e-05,2.00878921945e-05,6.34789987415e-12,-3.32830844978e-12,-1.73924301913e-12
16,-1.61994660377e-05,0.00498318931926,2.79290318387e-05,-1.61994660377e-05,-1.68106807372e-05,2.79290318387e-05,-7.56659410692e-13,-2.61304573391e-12,-4.5121473425e-12
17,0.00500240533892,0.00996684815653,0.00502937994385,2.40533891644e-06,-3.31518434677e-05,2.93799438536e-05,1.03882389759e-11,-5.32888302576e-12,3.59283284208e-12
18,-1.33513370987e-06,0.00993637494757,0.00505858533554,-1.33513370987e-06,-6.36250524292e-05,5.85853355399e-05,-9.37419493253e-12,4.7752040611e-12,1.75456288203e-12
19,2.58386997908e-05,0.0049509399124,0.00503893783217,2.58386997908e-05,-4.90600876009e-05,3.89378321678e-05,-9.84809231361e-12,3.76236873281e-14,-2.60381620711e-12
20,0.00502406645912,0.00995015367928,0.0100266450375,2.40664591187e-05,-4.98463207185e-05,2.66450375304e-05,2.41334761149e-12,-4.17631337372e-12,3.1695935998e-12
21,6.72624433076e-05,0.00491004469991,0.0100372259224,6.72624433076e-05,-8.99553000885e-05,3.72259223986e-05,-1.11851141869e-12,-4.7970763294e-13,-4.09863454363e-13
22,4.41144898337e-05,-4.01485963632e-05,0.00499723235976,4.41144898337e-05,-4.01485963632e-05,-2.76764024393e-06,-1.15544082819e-13,4.92844858281e-12,-1.18394741033e-12
23,0.00506028253414,0.00494056793535,0.0100017783881,6.02825341385e-05,-5.94320646485e-05,1.77838813042e-06,2.59962190324e-12,-4.35361191102e-12,-2.29401488921e-12
24,0.00508851130677,-6.82008429002e-05,0.00995757850457,8.85113067727e-05,-6.82008429002e-05,-4.24214954294e-05,2.81497738103e-13,4.93332594508e-12,-3.09292924997e-12
25,0.00505718349618,-1.71878824566e-05,0.00495655562453,5.71834961758e-05,-1.71878824566e-05,-4.34443754703e-05,3.57321737167e-12,1.32793285272e-11,1.22602967876e-12
26,0.0100471608138,0.00497629217646,0.00999458933169,4.71608138419e-05,-2.370782354e-05,-5.41066831364e-06,3.02786788231e-12,-8.0058563523e-12,-5.5563704391e-12
27,0.010084856226,1.54847376805e-05,0.00495707454505,8.4856225995e-05,1.54847376805e-05,-4.29254549475e-05,-6.69648794527e-12,1.16448287784e-11,-4.32155750444e-12
*Step  = 4
*Time  = 1
*Data  = mechanics_nodes_si
1,-4.21024575052e-05,3.6310234612e-05,-2.18550230063e-06,-4.21024575052e-05,3.6310234612e-05,-2.18550230063e-06,0,0,0
2,0.0101978975425,7.6310234612e-05,-2.18550230063e-06,0.000197897542495,7.6310234612e-05,-2.18550230063e-06,0,0,0
3,0.00995623653658,0.01005364598,3.82979952243e-06,-4.37634634244e-05,5.36459800184e-05,3.82979952243e-06,-3.26705258814e-13,-6.67238883604e-13,2.93420974638e-13
4,-6.21024575052e-05,0.00991631023461,5.78144976994e-05,-6.21024575052e-05,-8.3689765388e-05,5.78144976994e-05,0,0,0
5,0.000127295486956,-0.000125528519209,0.00999467521513,0.000127295486956,-0.000125528519209,-5.32478487203e-06,6.04350980881e-13,-6.34786772029e-13,-1.13552835627e-13
6,0.0101065091658,-4.60714729179e-05,0.00994115192341,0.000106509165765,-4.60714729179e-05,-5.88480765929e-05,-1.35172152588e-12,1.26783496489e-12,4.55450486489e-13
7,0.0100143178287,0.00998980406258,0.0100226371241,1.43178287349e-05,-1.01959374151e-05,2.26371241412e-05,-5.83162088159e-12,8.53293519556e-12,-2.10515990152e-13
8,4.14495815736e-05,0.00988561626453,0.0100738927275,4.14495815736e-05,-0.000114383735465,7.38927274996e-05,8.80010221798e-13,7.74379516555e-13,-4.01620597402e-13
9,0.00507134756533,3.33944823726e-05,-2.12688818292e-05,7.13475653297e-05,3.33944823726e-05,-2.12688818292e-05,6.95023093423e-12,4.76474363301e-12,5.44524994349e-12
10,0.0100549078015,0.00504130453161,4.31311270337e-06,5.49078014747e-05,4.1304531607e-05,4.31311270337e-06,-2.5759805985e-12,-4.16062763058e-12,6.91602970316e-12
11,0.00501846940051,0.00499254798501,7.48266002615e-06,1.846940051e-05,-7.45201498942e-06,7.48266002615e-06,-2.27323928182e-12,3.97306205947e-12,2.59706923393e-12
12,0.00504210245751,0.00496368976539,0.0050021855023,4.21024575052e-05,-3.6310234612e-05,2.18550230063e-06,1.7257757506e-11,-1.91087055609e-11,3.10076951908e-12
13,0.0100565679294,0.00501023700389,0.00498020582795,5.65679293796e-05,1.02370038865e-05,-1.97941720525e-05,-1.13821914913e-13,-9.2284136367e-12,-5.97817482451e-12
14,0.0099795256831,0.0100329602518,0.00500921805293,-2.04743169036e-05,3.29602517591e-05,9.21805292638e-06,-5.79783635923e-12,9.90083018961e-13,2.63901154754e-13
15,0.00496372246843,0.00997620656631,2.68412870522e-05,-3.62775315652e-05,-2.379343369e-05,2.68412870522e-05,6.32984983099e-12,-3.33261453036e-12,-1.69594703466e-12
16,-2.15725867033e-05,0.00497761032711,3.72773721777e-05,-2.15725867033e-05,-2.23896728888e-05,3.72773721777e-05,-7.39854615832e-13,-2.61225670747e-12,-4.45011901474e-12
17,0.00500333773698,0.00995577971355,0.00503912031561,3.33773698456e-06,-4.42202864484e-05,3.91203156068e-05,1.0369808082e-11,-5.30669982241e-12,3.53640139125e-12
18,-1.6095395011e-06,0.00991511627381,0.00507811341644,-1.6095395011e-06,-8.48837261927e-05,7.81134164428e-05,-9.3263198653e-12,4.74662472728e-12,1.74717065214e-12
19,3.46035044277e-05,0.00493456775501,0.0050518505328,3.46035044277e-05,-6.54322449946e-05,5.18505327965e-05,-9.73184102604e-12,3.01810951177e-14,-2.61460394757e-12
20,0.00503226165609,0.00993356476897,0.0100354234008,3.22616560859e-05,-6.64352310283e-05,3.54234007767e-05,2.34070418891e-12,-4.16376014681e-12,3.16990025029e-12
21,8.98797475221e-05,0.00488010739438,0.0100494227518,8.98797475221e-05,-0.000119892605615,4.94227517672e-05,-1.07313104958e-12,-4.67590519461e-13,-4.50954116223e-13
22,5.88740977067e-05,-5.34426310393e-05,0.00499611362186,5.88740977067e-05,-5.34426310393e-05,-3.88637813584e-06,-8.51661135278e-14,4.98406871669e-12,-1.1532979873e-12
23,0.00508047644764,0.00492083382301,0.0100022479796,8.04764476388e-05,-7.916617699e-05,2.24797962797e-06,2.54955985048e-12,-4.34484225535e-12,-2.29622851495e-12
24,0.00511802999672,-9.06972200308e-05,0.00994325191612,0.000118029996724,-9.06972200308e-05,-5.67480838767e-05,2.6536718721e-13,4.94455211252e-12,-3.09663922718e-12
25,0.00507617318169,-2.2748004512e-05,0.00494206136506,7.61731816917e-05,-2.2748004512e-05,-5.79386349405e-05,3.49989096271e-12,1.31546149909e-11,1.31466524602e-12
26,0.0100630135109,0.0049684271171,0.00999262931344,6.30135109205e-05,-3.15728829032e-05,-7.37068656491e-06,3.0157730959e-12,-7.98014997241e-12,-5.51180265708e-12
27,0.0101130752822,2.07335976418e-05,0.00494281322538,0.000113075282209,2.07335976418e-05,-5.71867746195e-05,-6.64512656565e-12,1.14769331845e-11,-4.22717227441e-12
