*Step  = 0
*Time  = 0
*Data  = mechanics_elements_si
1,0,0,0,0,0,0,1,0
2,0,0,0,0,0,0,1,0
3,0,0,0,0,0,0,1,0
4,0,0,0,0,0,0,1,0
5,0,0,0,0,0,0,1,0
6,0,0,0,0,0,0,1,0
*Step  = 1
*Time  = 0.25
*Data  = mechanics_elements_si
1,3.56487232565,0.140266806961,-0.451992544834,-0.852362195688,-0.0603800990089,-0.00574563547711,1.00011223877,0.0111365267056
2,0.936059799825,-1.08497485927,0.467437345137,-0.0375356397729,0.165436072106,0.0789659396317,1.00001099363,0.0035348836484
3,0.112908593388,-1.89123173299,0.0315676169726,-0.147917846971,-0.0608553536536,-0.101962406467,0.999939777563,0.00294279151234
4,-0.30362079498,-0.180901114174,-0.324734442146,-0.0922739449553,-0.233053059214,-0.100655196182,0.999972095264,0.000710060737546
5,0.378447266344,0.318116019565,0.476771790753,0.142914278153,0.194367873884,0.385175802545,1.00004046185,0.00107775490146
6,3.55570673362,-0.184286373928,-0.200842837503,-0.0200927280973,-0.00986132474173,-0.256876291628,1.00010937844,0.0106610306193
*Step  = 2
*Time  = 0.5
*Data  = mechanics_elements_si
1,7.15474399184,0.275170459926,-0.909796042306,-1.70507526533,-0.118997906618,-0.0159436359222,1.0002250769,0.0445283519773
2,1.88716303323,-2.1633088054,0.93424463171,-0.0778283521915,0.325628718619,0.156001752198,1.00002273329,0.014151638848
3,0.23041033321,-3.7765662647,0.0646947956895,-0.290154606822,-0.128705198218,-0.202829435748,0.999879991625,0.0117723721697
4,-0.604851946758,-0.353519256688,-0.644638815022,-0.18572643842,-0.461289799553,-0.19820104044,0.999944726399,0.00283547214868
5,0.768575686649,0.635390089583,0.957344901302,0.284096689923,0.389113963641,0.7743946154,1.0000814326,0.00430482886871
6,7.12577106165,-0.371273706086,-0.409034183638,-0.0284576716022,-0.023128945079,-0.517839292625,1.00021900097,0.0425952557608
*Step  = 3
*Time  = 0.75
*Data  = mechanics_elements_si
1,10.769528652,0.404653569168,-1.37335908564,-2.5580857868,-0.17580357721,-0.0306472233113,1.00033851131,0.100149507608
2,2.85330516996,-3.23506257484,1.40035879762,-0.12075103631,0.480580033276,0.231031106084,1.00003521431,0.0318682141719
3,0.352516607819,-5.65582622255,0.0993770830032,-0.426689107978,-0.203572121417,-0.302485529432,0.999820648482,0.0264901694118
4,-0.903586230462,-0.517957804595,-0.959690462693,-0.280377985909,-0.684707628673,-0.292613542726,0.999917894302,0.00636925560821
5,1.17043216755,0.95176450691,1.44155124904,0.423543931098,0.584189166111,1.16759055165,1.00012290609,0.00967218441737
6,10.7100979217,-0.56081888083,-0.624429944928,-0.0251750163464,-0.0397791243802,-0.782871500601,1.00032887299,0.0957296914723
*Step  = 4
*Time  = 1
*Data  = mechanics_elements_si
1,14.4091422165,0.528659076308,-1.84263097567,-3.41133997256,-0.230748153225,-0.0499091973519,1.00045253903,0.177974917317
2,3.83447867237,-4.3002951058,1.86571749158,-0.166176585658,0.630291727155,0.303978825963,1.000048432,0.0567022738993
3,0.47923996605,-7.52883418999,0.135608415977,-0.55750248765,-0.285477305817,-0.400814874835,0.999761754414,0.0470971037126
4,-1.19971630637,-0.674321991381,-1.26986769838,-0.376248312895,-0.903305059945,-0.383869819764,0.999891599787,0.0113046666294
5,1.58406077898,1.26718138497,1.9292240236,0.56125337569,0.779545072172,1.56469608815,1.00016487612,0.0171711017553
6,14.3085970115,-0.752781291496,-0.846887982973,-0.0103246108661,-0.0597882372193,-1.05195434866,1.00043899998,0.169991794419
