*Step  = 0
*Time  = 0
*Data  = mechanics_nodes_si
1,0,0,0,0,0,0,0,0,0
2,0.005,0,0,0,0,0,0,0,0
3,0.01,0,0,0,0,0,0,0,0
4,0,0.005,0,0,0,0,0,0,0
5,0.005,0.005,0,0,0,0,0,0,0
6,0.01,0.005,0,0,0,0,0,0,0
7,0,0.01,0,0,0,0,0,0,0
8,0.005,0.01,0,0,0,0,0,0,0
9,0.01,0.01,0,0,0,0,0,0,0
10,0,0,0.005,0,0,0,0,0,0
11,0.005,0,0.005,0,0,0,0,0,0
12,0.01,0,0.005,0,0,0,0,0,0
13,0,0.005,0.005,0,0,0,0,0,0
14,0.005,0.005,0.005,0,0,0,0,0,0
15,0.01,0.005,0.005,0,0,0,0,0,0
16,0,0.01,0.005,0,0,0,0,0,0
17,0.005,0.01,0.005,0,0,0,0,0,0
18,0.01,0.01,0.005,0,0,0,0,0,0
19,0,0,0.01,0,0,0,0,0,0
20,0.005,0,0.01,0,0,0,0,0,0
21,0.01,0,0.01,0,0,0,0,0,0
22,0,0.005,0.01,0,0,0,0,0,0
23,0.005,0.005,0.01,0,0,0,0,0,0
24,0.01,0.005,0.01,0,0,0,0,0,0
25,0,0.01,0.01,0,0,0,0,0,0
26,0.005,0.01,0.01,0,0,0,0,0,0
27,0.01,0.01,0.01,0,0,0,0,0,0
*Step  = 1
*Time  = 0.25
*Data  = mechanics_nodes_si
1,0,0,0,0,0,0,0.00396764817305,0.00364450995601,0.00375297809819
2,0.005125,0,0,0.000125,0,0,2.60208521397e-18,0.00728901991202,0.00750595619639
3,0.01025,0,0,0.00025,0,0,-0.00396764817305,0.00364450995601,0.00375297809819
4,0,0.0049375,0,0,-6.25e-05,0,0.0079352963461,-7.1123662515e-17,0.00750595619639
5,0.005125,0.0049375,0,0.000125,-6.25e-05,0,7.1123662515e-17,-6.67868538251e-17,0.0150119123928
6,0.01025,0.0049375,0,0.00025,-6.25e-05,0,-0.0079352963461,-2.60208521397e-18,0.00750595619639
7,0,0.009875,0,0,-0.000125,0,0.00396764817305,-0.00364450995601,0.00375297809819
8,0.005125,0.009875,0,0.000125,-0.000125,0,6.76542155631e-17,-0.00728901991201,0.00750595619639
9,0.01025,0.009875,0,0.00025,-0.000125,0,-0.00396764817305,-0.00364450995601,0.00375297809819
10,0,0,0.005,0,0,0,0.0079352963461,0.00728901991201,-6.67868538251e-17
11,0.005125,0,0.005,0.000125,0,0,3.46944695195e-18,0.014578039824,-1.35308431126e-16
12,0.01025,0,0.005,0.00025,0,0,-0.0079352963461,0.00728901991201,-6.76542155631e-17
13,0,0.0049375,0.005,0,-6.25e-05,0,0.0158705926922,-0,4.33680868994e-18
14,0.005125,0.0049375,0.005,0.000125,-6.25e-05,-4.85537659379e-20,8.67361737988e-19,4.33680868994e-18,-1.34007388519e-16
15,0.01025,0.0049375,0.005,0.00025,-6.25e-05,0,-0.0158705926922,-4.33680868994e-19,-1.35308431126e-16
16,0,0.009875,0.005,0,-0.000125,0,0.0079352963461,-0.00728901991201,6.93889390391e-17
17,0.005125,0.009875,0.005,0.000125,-0.000125,0,-8.67361737988e-19,-0.014578039824,-1.73472347598e-18
18,0.01025,0.009875,0.005,0.00025,-0.000125,0,-0.0079352963461,-0.00728901991201,-6.98226199081e-17
19,0,0,0.01,0,0,0,0.00396764817305,0.00364450995601,-0.00375297809819
20,0.005125,0,0.01,0.000125,0,0,1.73472347598e-18,0.00728901991201,-0.00750595619639
21,0.01025,0,0.01,0.00025,0,0,-0.00396764817305,0.00364450995601,-0.00375297809819
22,0,0.0049375,0.01,0,-6.25e-05,0,0.0079352963461,6.89552581701e-17,-0.00750595619639
23,0.005125,0.0049375,0.01,0.000125,-6.25e-05,0,-6.85215773011e-17,7.02563007771e-17,-0.0150119123928
24,0.01025,0.0049375,0.01,0.00025,-6.25e-05,0,-0.0079352963461,-1.73472347598e-18,-0.00750595619639
25,0,0.009875,0.01,0,-0.000125,0,0.00396764817305,-0.00364450995601,-0.00375297809819
26,0.005125,0.009875,0.01,0.000125,-0.000125,0,-6.85215773011e-17,-0.00728901991201,-0.00750595619639
27,0.01025,0.009875,0.01,0.00025,-0.000125,0,-0.00396764817305,-0.00364450995601,-0.00375297809819
*Step  = 2
*Time  = 0.5
*Data  = mechanics_nodes_si
1,0,0,0,0,0,0,0.00760158356765,0.00722787895787,0.00735098437161
2,0.00525,0,0,0.00025,0,0,-6.76542155631e-17,0.0144557579157,0.0147019687432
3,0.0105,0,0,0.0005,0,0,-0.00760158356765,0.00722787895787,0.00735098437161
4,0,0.004875,0,0,-0.000125,0,0.0152031671353,8.67361737988e-19,0.0147019687432
5,0.00525,0.004875,0,0.00025,-0.000125,0,-1.38777878078e-16,5.20417042793e-18,0.0294039374864
6,0.0105,0.004875,0,0.0005,-0.000125,0,-0.0152031671353,-8.67361737988e-19,0.0147019687432
7,0,0.00975,0,0,-0.00025,0,0.00760158356765,-0.00722787895787,0.00735098437161
8,0.00525,0.00975,0,0.00025,-0.00025,0,-7.1991024253e-17,-0.0144557579157,0.0147019687432
9,0.0105,0.00975,0,0.0005,-0.00025,0,-0.00760158356765,-0.00722787895787,0.00735098437161
10,0,0,0.005,0,0,0,0.0152031671353,0.0144557579157,7.1991024253e-17
11,0.00525,0,0.005,0.00025,0,0,-2.02095284951e-16,0.0289115158315,7.1123662515e-17
12,0.0105,0,0.005,0.0005,0,0,-0.0152031671353,0.0144557579157,1.73472347598e-18
13,0,0.004875,0.005,0,-0.000125,0,0.0304063342706,-1.73472347598e-18,1.4224732503e-16
14,0.00525,0.004875,0.005,0.00025,-0.000125,-9.50351289832e-19,-4.07660016855e-16,-8.67361737988e-19,1.47451495458e-16
15,0.0105,0.004875,0.005,0.0005,-0.000125,0,-0.0304063342706,-8.67361737988e-19,4.33680868994e-18
16,0,0.00975,0.005,0,-0.00025,0,0.0152031671353,-0.0144557579157,6.85215773011e-17
17,0.00525,0.00975,0.005,0.00025,-0.00025,0,-2.09034178855e-16,-0.0289115158315,6.93889390391e-17
18,0.0105,0.00975,0.005,0.0005,-0.00025,0,-0.0152031671353,-0.0144557579157,1.73472347598e-18
19,0,0,0.01,0,0,0,0.00760158356765,0.00722787895787,-0.00735098437161
20,0.00525,0,0.01,0.00025,0,0,-1.31838984174e-16,0.0144557579157,-0.0147019687432
21,0.0105,0,0.01,0.0005,0,0,-0.00760158356765,0.00722787895787,-0.00735098437161
22,0,0.004875,0.01,0,-0.000125,0,0.0152031671353,-8.67361737988e-19,-0.0147019687432
23,0.00525,0.004875,0.01,0.00025,-0.000125,0,-2.69749500514e-16,-2.60208521397e-18,-0.0294039374864
24,0.0105,0.004875,0.01,0.0005,-0.000125,0,-0.0152031671353,-3.46944695195e-18,-0.0147019687432
25,0,0.00975,0.01,0,-0.00025,0,0.00760158356765,-0.00722787895787,-0.00735098437161
26,0.00525,0.00975,0.01,0.00025,-0.00025,0,-1.35308431126e-16,-0.0144557579157,-0.0147019687432
27,0.0105,0.00975,0.01,0.0005,-0.00025,0,-0.00760158356765,-0.00722787895787,-0.00735098437161
*Step  = 3
*Time  = 0.75
*Data  = mechanics_nodes_si
1,0,0,0,0,0,0,0.0109191306009,0.01074041398,0.0107872710726
2,0.005375,0,0,0.000375,0,0,6.41847686111e-17,0.0214808279601,0.0215745421451
3,0.01075,0,0,0.00075,0,0,-0.0109191306009,0.01074041398,0.0107872710726
4,0,0.0048125,0,0,-0.0001875,0,0.0218382612018,-1.73472347598e-18,0.0215745421451
5,0.005375,0.0048125,0,0.000375,-0.0001875,0,1.94289029309e-16,7.1123662515e-17,0.0431490842903
6,0.01075,0.0048125,0,0.00075,-0.0001875,0,-0.0218382612018,6.76542155631e-17,0.0215745421451
7,0,0.009625,0,0,-0.000375,0,0.0109191306009,-0.01074041398,0.0107872710726
8,0.005375,0.009625,0,0.000375,-0.000375,0,1.2490009027e-16,-0.0214808279601,0.0215745421451
9,0.01075,0.009625,0,0.00075,-0.000375,0,-0.0109191306009,-0.01074041398,0.0107872710726
10,0,0,0.005,0,0,0,0.0218382612018,0.0214808279601,3.46944695195e-18
11,0.005375,0,0.005,0.000375,0,0,1.3357370765e-16,0.0429616559201,3.46944695195e-18
12,0.01075,0,0.005,0.00075,0,0,-0.0218382612018,0.0214808279601,1.73472347598e-18
13,0,0.0048125,0.005,0,-0.0001875,0,0.0436765224036,6.93889390391e-17,7.4593109467e-17
14,0.005375,0.0048125,0.005,0.000375,-0.0001875,9.66366208063e-20,3.08780778724e-16,1.5092094241e-16,1.73472347598e-18
15,0.01075,0.0048125,0.005,0.00075,-0.0001875,0,-0.0436765224036,7.4593109467e-17,-6.76542155631e-17
16,0,0.009625,0.005,0,-0.000375,0,0.0218382612018,-0.0214808279601,7.2858385991e-17
17,0.005375,0.009625,0.005,0.000375,-0.000375,0,1.28369537222e-16,-0.0429616559201,-5.20417042793e-18
18,0.01075,0.009625,0.005,0.00075,-0.000375,0,-0.0218382612018,-0.0214808279601,-7.2858385991e-17
19,0,0,0.01,0,0,0,0.0109191306009,0.01074041398,-0.0107872710726
20,0.005375,0,0.01,0.000375,0,0,6.24500451352e-17,0.0214808279601,-0.0215745421451
21,0.01075,0,0.01,0.00075,0,0,-0.0109191306009,0.01074041398,-0.0107872710726
22,0,0.0048125,0.01,0,-0.0001875,0,0.0218382612018,6.93889390391e-17,-0.0215745421451
23,0.005375,0.0048125,0.01,0.000375,-0.0001875,0,6.41847686111e-17,7.2858385991e-17,-0.0431490842903
24,0.01075,0.0048125,0.01,0.00075,-0.0001875,0,-0.0218382612018,-0,-0.0215745421451
25,0,0.009625,0.01,0,-0.000375,0,0.0109191306009,-0.01074041398,-0.0107872710726
26,0.005375,0.009625,0.01,0.000375,-0.000375,0,-3.46944695195e-18,-0.0214808279601,-0.0215745421451
27,0.01075,0.009625,0.01,0.00075,-0.000375,0,-0.0109191306009,-0.01074041398,-0.0107872710726
*Step  = 4
*Time  = 1
*Data  = mechanics_nodes_si
1,0,0,0,0,0,0,0.0139363585642,0.0141723122336,0.0140554495825
2,0.0055,0,0,0.0005,0,0,-5.20417042793e-17,0.0283446244671,0.0281108991649
3,0.011,0,0,0.001,0,0,-0.0139363585642,0.0141723122336,0.0140554495825
4,0,0.00475,0,0,-0.00025,0,0.0278727171284,-1.35308431126e-16,0.0281108991649
5,0.0055,0.00475,0,0.0005,-0.00025,0,-4.68375338514e-17,-2.08166817117e-16,0.0562217983299
6,0.011,0.00475,0,0.001,-0.00025,0,-0.0278727171284,-7.6327832943e-17,0.0281108991649
7,0,0.0095,0,0,-0.0005,0,0.0139363585642,-0.0141723122336,0.0140554495825
8,0.0055,0.0095,0,0.0005,-0.0005,0,-1.73472347598e-18,-0.0283446244671,0.0281108991649
9,0.011,0.0095,0,0.001,-0.0005,0,-0.0139363585642,-0.0141723122336,0.0140554495825
10,0,0,0.005,0,0,0,0.0278727171284,0.0283446244671,-1.23165366794e-16
11,0.0055,0,0.005,0.0005,0,0,-5.03069808033e-17,0.0566892489343,-1.99493199737e-16
12,0.011,0,0.005,0.001,0,0,-0.0278727171284,0.0283446244671,-6.93889390391e-17
13,0,0.00475,0.005,0,-0.00025,0,0.0557454342569,-2.09901540593e-16,-1.97758476261e-16
14,0.0055,0.00475,0.005,0.0005,-0.00025,1.66351012642e-19,2.42861286637e-17,-2.91433543964e-16,-2.7582103268e-16
15,0.011,0.00475,0.005,0.001,-0.00025,0,-0.0557454342569,-8.50014503229e-17,-6.59194920871e-17
16,0,0.0095,0.005,0,-0.0005,0,0.0278727171284,-0.0283446244671,-7.2858385991e-17
17,0.0055,0.0095,0.005,0.0005,-0.0005,0,6.07153216592e-17,-0.0566892489343,-7.1123662515e-17
18,0.011,0.0095,0.005,0.001,-0.0005,0,-0.0278727171284,-0.0283446244671,3.46944695195e-18
19,0,0,0.01,0,0,0,0.0139363585642,0.0141723122336,-0.0140554495825
20,0.0055,0,0.01,0.0005,0,0,-1.73472347598e-18,0.0283446244671,-0.0281108991649
21,0.011,0,0.01,0.001,0,0,-0.0139363585642,0.0141723122336,-0.0140554495825
22,0,0.00475,0.01,0,-0.00025,0,0.0278727171284,-7.4593109467e-17,-0.0281108991649
23,0.0055,0.00475,0.01,0.0005,-0.00025,0,6.41847686111e-17,-7.6327832943e-17,-0.0562217983299
24,0.011,0.00475,0.01,0.001,-0.00025,0,-0.0278727171284,-3.46944695195e-18,-0.0281108991649
25,0,0.0095,0.01,0,-0.0005,0,0.0139363585642,-0.0141723122336,-0.0140554495825
26,0.0055,0.0095,0.01,0.0005,-0.0005,0,6.24500451352e-17,-0.0283446244671,-0.0281108991649
27,0.011,0.0095,0.01,0.001,-0.0005,0,-0.0139363585642,-0.0141723122336,-0.0140554495825
