*Step  = 0
*Time  = 0
*Data  = mechanics_elements_si
1,0,0,0,0,0,0,1,0
2,0,0,0,0,0,0,1,0
3,0,0,0,0,0,0,1,0
4,0,0,0,0,0,0,1,0
5,0,0,0,0,0,0,1,0
6,0,0,0,0,0,0,1,0
7,0,0,0,0,0,0,1,0
8,0,0,0,0,0,0,1,0
*Step  = 1
*Time  = 0.25
*Data  = mechanics_elements_si
1,642.859450823,568.899115084,593.246306352,-3.64269947054e-15,-3.82936508022e-15,-1.91765762952e-15,1.0121875,4.39566783688
2,642.859450823,568.899115084,593.246306352,1.04868501512e-13,-1.02657585069e-14,-7.20889664202e-14,1.0121875,4.39566783688
3,642.859450823,568.899115084,593.246306352,-7.71534186173e-15,-3.76059801363e-14,-1.20567623303e-14,1.0121875,4.39566783688
4,642.859450823,568.899115084,593.246306352,7.5822448619e-14,-4.25463286038e-14,-2.15566478212e-15,1.0121875,4.39566783688
5,642.859450823,568.899115084,593.246306352,6.62492909261e-15,2.3311100546e-14,6.21130666241e-14,1.0121875,4.39566783688
6,642.859450823,568.899115084,593.246306352,7.33073930364e-14,3.14849461867e-15,-8.18472596768e-14,1.0121875,4.39566783688
7,642.859450823,568.899115084,593.246306352,1.52778491305e-14,3.19541602876e-14,5.33544034085e-14,1.0121875,4.39566783688
8,642.859450823,568.899115084,593.246306352,9.19654537492e-14,5.47416450979e-15,-5.79853425776e-14,1.0121875,4.39566783688
*Step  = 2
*Time  = 0.5
*Data  = mechanics_elements_si
1,1247.43935469,1101.39107929,1148.87179434,-2.37243850883e-14,-3.4456058586e-14,-5.53599012459e-14,1.02375,16.7590165003
2,1247.43935469,1101.39107929,1148.87179434,1.16324854869e-13,-3.24158862475e-14,-3.9699117997e-14,1.02375,16.7590165003
3,1247.43935469,1101.39107929,1148.87179434,1.13101949752e-16,-3.77523631982e-14,-7.02366444301e-14,1.02375,16.7590165003
4,1247.43935469,1101.39107929,1148.87179434,1.53952772559e-13,-3.557039638e-14,1.26514039369e-14,1.02375,16.7590165003
5,1247.43935469,1101.39107929,1148.87179434,-3.5932389346e-16,8.48097806105e-15,1.17305739035e-14,1.02375,16.7590165003
6,1247.43935469,1101.39107929,1148.87179434,7.7693032262e-14,-1.39459041287e-15,-5.19268066649e-14,1.02375,16.7590165003
7,1247.43935469,1101.39107929,1148.87179434,-3.41677987494e-14,2.71444679405e-14,-5.33681058476e-14,1.02375,16.7590165003
8,1247.43935469,1101.39107929,1148.87179434,5.39216047698e-14,1.06762902421e-15,-2.81854062391e-14,1.02375,16.7590165003
*Step  = 3
*Time  = 0.75
*Data  = mechanics_elements_si
1,1815.12820379,1598.57324354,1668.10111421,-1.46767892547e-13,-1.00914290763e-14,-1.65107743542e-13,1.0346875,35.9222452808
2,1815.12820379,1598.57324354,1668.10111421,-7.2046166124e-14,-1.23735752377e-16,-1.96161320179e-13,1.0346875,35.9222452808
3,1815.12820379,1598.57324354,1668.10111421,1.72989629025e-13,-2.30123916159e-14,-1.67684069406e-13,1.0346875,35.9222452808
4,1815.12820379,1598.57324354,1668.10111421,2.41645107757e-13,5.70413624036e-15,-2.15454264245e-13,1.0346875,35.9222452808
5,1815.12820379,1598.57324354,1668.10111421,-1.48162337115e-13,9.26952868137e-15,2.17853590622e-13,1.0346875,35.9222452808
6,1815.12820379,1598.57324354,1668.10111421,-8.37358350111e-14,8.97452953663e-15,2.11888052362e-13,1.0346875,35.9222452808
7,1815.12820379,1598.57324354,1668.10111421,1.89655032097e-13,4.35090960808e-14,2.15074043125e-13,1.0346875,35.9222452808
8,1815.12820379,1598.57324354,1668.10111421,2.31298668309e-13,2.43538182824e-14,1.02784257564e-13,1.0346875,35.9222452808
*Step  = 4
*Time  = 1
*Data  = mechanics_elements_si
1,2347.17617924,2061.42723397,2152.03055808,4.40209758734e-15,3.2869038306e-14,-5.08623784517e-14,1.045,60.8037845547
2,2347.17617924,2061.42723397,2152.03055808,-2.40867665703e-14,2.4834742724e-14,-9.96807186213e-14,1.045,60.8037845547
3,2347.17617924,2061.42723397,2152.03055808,8.97381166368e-14,-4.03036633509e-14,-2.72882334695e-14,1.045,60.8037845547
4,2347.17617924,2061.42723397,2152.03055808,3.89618199235e-14,5.92158535131e-14,-1.24628302575e-13,1.045,60.8037845547
5,2347.17617924,2061.42723397,2152.03055808,2.50546219209e-14,-2.96159868444e-14,8.48308127422e-14,1.045,60.8037845547
6,2347.17617924,2061.42723397,2152.03055808,1.28271462289e-14,-2.69400376738e-14,1.04845622924e-14,1.045,60.8037845547
7,2347.17617924,2061.42723397,2152.03055808,9.37278601291e-14,-2.02727329934e-14,1.13898713612e-13,1.045,60.8037845547
8,2347.17617924,2061.42723397,2152.03055808,1.22121937653e-13,-6.49965485285e-14,-4.57361625707e-14,1.045,60.8037845547
