*Step  = 0
*Time  = 0
*Data  = mechanics_elements_si
1,0,0,0,0,0,0,1,0
2,0,0,0,0,0,0,1,0
3,0,0,0,0,0,0,1,0
4,0,0,0,0,0,0,1,0
5,0,0,0,0,0,0,1,0
6,0,0,0,0,0,0,1,0
7,0,0,0,0,0,0,1,0
8,0,0,0,0,0,0,1,0
*Step  = 1
*Time  = 0.25
*Data  = mechanics_elements_si
1,0.833333333311,-0.416666666689,-0.416666666689,50,2.42861286637e-15,1.60201713006e-14,1,0.625
2,0.833333333311,-0.416666666689,-0.416666666689,50,3.40005801291e-15,-3.02639857619e-14,1,0.625
3,0.833333333312,-0.416666666689,-0.416666666689,50,2.72004641033e-14,-4.85340934109e-14,1,0.625
4,0.833333333311,-0.416666666689,-0.416666666689,50,1.55153667691e-13,-4.95090080044e-15,1,0.625
5,0.833333333311,-0.416666666689,-0.416666666689,50,5.80785419757e-14,1.02941960511e-13,1,0.625
6,0.833333333311,-0.416666666689,-0.416666666689,50,8.68749516769e-14,-1.03528297046e-14,1,0.625
7,0.833333333311,-0.416666666689,-0.416666666689,50,1.83603132697e-13,1.26124805044e-13,1,0.625
8,0.833333333289,-0.416666666711,-0.416666666711,50,2.40779618466e-13,-6.12704331715e-14,1,0.625
*Step  = 2
*Time  = 0.5
*Data  = mechanics_elements_si
1,3.33333333331,-1.66666666669,-1.66666666669,100,-7.38992200766e-14,-1.53141388459e-13,1,2.5
2,3.33333333331,-1.66666666669,-1.66666666669,100,-8.33361157859e-14,-6.74321709582e-14,1,2.5
3,3.33333333329,-1.66666666671,-1.66666666671,100,1.03528297046e-13,-2.16078890891e-13,1,2.5
4,3.33333333336,-1.66666666664,-1.66666666664,100,2.31481500634e-13,-1.17385268172e-13,1,2.5
5,3.33333333333,-1.66666666667,-1.66666666667,100,2.56739074445e-15,1.09467990228e-13,1,2.5
6,3.33333333329,-1.66666666671,-1.66666666671,100,1.74860126378e-14,3.95239396767e-14,1,2.5
7,3.33333333331,-1.66666666669,-1.66666666669,100,2.39114283929e-13,-6.69134886389e-14,1,2.5
8,3.33333333331,-1.66666666669,-1.66666666669,100,2.96290769697e-13,-1.57859836314e-13,1,2.5
*Step  = 3
*Time  = 0.75
*Data  = mechanics_elements_si
1,7.5,-3.75,-3.75,150,-7.38992200766e-14,-8.05692318417e-14,1,5.625
2,7.49999999996,-3.75000000004,-3.75000000004,150,-8.33361157859e-14,3.38618022511e-15,1,5.625
3,7.49999999996,-3.75000000004,-3.75000000004,150,1.03528297046e-13,-1.2250443715e-13,1,5.625
4,7.50000000002,-3.74999999998,-3.74999999998,150,2.31481500634e-13,-5.30513133423e-14,1,5.625
5,7.50000000002,-3.74999999998,-3.74999999998,150,2.56739074445e-15,9.38485400503e-16,1,5.625
6,7.49999999996,-3.75000000004,-3.75000000004,150,1.74860126378e-14,-9.47852907274e-15,1,5.625
7,7.5,-3.75,-3.75,150,2.39114283929e-13,-9.50229478436e-14,1,5.625
8,7.49999999998,-3.75000000002,-3.75000000002,150,2.96290769697e-13,-1.93386973102e-13,1,5.625
*Step  = 4
*Time  = 1
*Data  = mechanics_elements_si
1,13.3333333333,-6.66666666669,-6.66666666669,200,4.16333634234e-15,-2.96178012671e-13,1,10
2,13.3333333333,-6.66666666669,-6.66666666669,200,3.40005801291e-15,-2.39780417743e-13,1,10
3,13.3333333333,-6.66666666671,-6.66666666671,200,1.86795023893e-13,-2.34711555747e-13,1,10
4,13.3333333333,-6.66666666667,-6.66666666667,200,2.86992651866e-13,-7.19840853591e-14,1,10
5,13.3333333333,-6.66666666667,-6.66666666667,200,-1.08454911718e-13,1.5456906588e-13,1,10
6,13.3333333333,-6.66666666667,-6.66666666667,200,-9.35362898247e-14,6.64190924482e-14,1,10
7,13.3333333333,-6.66666666669,-6.66666666669,200,1.28091981466e-13,1.35991912176e-13,1,10
8,13.3333333333,-6.66666666671,-6.66666666671,200,1.29757316003e-13,7.00828284295e-15,1,10
