*Step  = 0
*Time  = 0
*Data  = mechanics_nodes_si
1,0,0,0,0,0,0,0,0,0
2,0.005,0,0,0,0,0,0,0,0
3,0.01,0,0,0,0,0,0,0,0
4,0,0.005,0,0,0,0,0,0,0
5,0.005,0.005,0,0,0,0,0,0,0
6,0.01,0.005,0,0,0,0,0,0,0
7,0,0.01,0,0,0,0,0,0,0
8,0.005,0.01,0,0,0,0,0,0,0
9,0.01,0.01,0,0,0,0,0,0,0
10,0,0,0.005,0,0,0,0,0,0
11,0.005,0,0.005,0,0,0,0,0,0
12,0.01,0,0.005,0,0,0,0,0,0
13,0,0.005,0.005,0,0,0,0,0,0
14,0.005,0.005,0.005,0,0,0,0,0,0
15,0.01,0.005,0.005,0,0,0,0,0,0
16,0,0.01,0.005,0,0,0,0,0,0
17,0.005,0.01,0.005,0,0,0,0,0,0
18,0.01,0.01,0.005,0,0,0,0,0,0
19,0,0,0.01,0,0,0,0,0,0
20,0.005,0,0.01,0,0,0,0,0,0
21,0.01,0,0.01,0,0,0,0,0,0
22,0,0.005,0.01,0,0,0,0,0,0
23,0.005,0.005,0.01,0,0,0,0,0,0
24,0.01,0.005,0.01,0,0,0,0,0,0
25,0,0.01,0.01,0,0,0,0,0,0
26,0.005,0.01,0.01,0,0,0,0,0,0
27,0.01,0.01,0.01,0,0,0,0,0,0
*Step  = 1
*Time  = 0.25
*Data  = mechanics_nodes_si
1,0,0,0,0,0,0,0.000309895833333,0.0003099609375,-2.60416666681e-06
2,0.005,0,0,0,0,0,0.000625,-5.20833333361e-06,-5.20833333361e-06
3,0.01,0,0,0,0,0,0.000315104166667,-0.000315169270833,-2.60416666681e-06
4,0.000125,0.005,0,0.000125,0,0,-5.2083333336e-06,0.000625130208333,-5.20833333361e-06
5,0.005125,0.005,0,0.000125,0,0,2.54787510534e-18,6.83047368666e-18,-1.04166666672e-05
6,0.010125,0.005,0,0.000125,0,0,5.20833333361e-06,-0.000625130208333,-5.20833333361e-06
7,0.00025,0.01,0,0.00025,0,0,-0.000315104166667,0.000315169270833,-2.60416666681e-06
8,0.00525,0.01,0,0.00025,0,0,-0.000625,5.20833333361e-06,-5.20833333361e-06
9,0.01025,0.01,0,0.00025,0,0,-0.000309895833333,-0.0003099609375,-2.60416666681e-06
10,0,0,0.005,0,0,0,0.000619791666666,0.000619921875,5.94913590504e-18
11,0.005,0,0.005,0,0,0,0.00125,-1.04166666672e-05,4.30123330616e-18
12,0.01,0,0.005,0,0,0,0.000630208333334,-0.000630338541667,1.92657643853e-18
13,0.000125,0.005,0.005,0.000125,0,0,-1.04166666672e-05,0.00125026041667,6.18164644906e-18
14,0.005125,0.005,0.005,0.000125,3.90427197567e-20,-6.87990637145e-20,-1.36230002973e-16,-1.31296883088e-16,-1.28733337873e-16
15,0.010125,0.005,0.005,0.000125,0,0,1.04166666674e-05,-0.00125026041667,-1.34807834654e-16
16,0.00025,0.01,0.005,0.00025,0,0,-0.000630208333334,0.000630338541667,-1.27901975035e-19
17,0.00525,0.01,0.005,0.00025,0,0,-0.00125,1.04166666674e-05,-1.4172851735e-16
18,0.01025,0.01,0.005,0.00025,0,0,-0.000619791666666,-0.000619921875,-1.38916791481e-16
19,0,0,0.01,0,0,0,0.000309895833333,0.0003099609375,2.6041666668e-06
20,0.005,0,0.01,0,0,0,0.000625,-5.20833333361e-06,5.20833333361e-06
21,0.01,0,0.01,0,0,0,0.000315104166667,-0.000315169270833,2.60416666681e-06
22,0.000125,0.005,0.01,0.000125,0,0,-5.20833333361e-06,0.000625130208333,5.20833333361e-06
23,0.005125,0.005,0.01,0.000125,0,0,-1.39591029708e-16,-1.39862080251e-16,1.04166666674e-05
24,0.010125,0.005,0.01,0.000125,0,0,5.20833333375e-06,-0.000625130208333,5.20833333375e-06
25,0.00025,0.01,0.01,0.00025,0,0,-0.000315104166667,0.000315169270833,2.60416666681e-06
26,0.00525,0.01,0.01,0.00025,0,0,-0.000625,5.20833333375e-06,5.20833333374e-06
27,0.01025,0.01,0.01,0.00025,0,0,-0.000309895833333,-0.0003099609375,2.60416666694e-06
*Step  = 2
*Time  = 0.5
*Data  = mechanics_nodes_si
1,0,0,0,0,0,0,0.000614583333333,0.000615104166667,-1.04166666668e-05
2,0.005,0,0,0,0,0,0.00125,-2.08333333336e-05,-2.08333333336e-05
3,0.01,0,0,0,0,0,0.000635416666667,-0.0006359375,-1.04166666668e-05
4,0.00025,0.005,0,0.00025,0,0,-2.08333333338e-05,0.00125104166667,-2.08333333338e-05
5,0.00525,0.005,0,0.00025,0,0,4.09394740331e-16,1.27068494615e-16,-4.16666666671e-05
6,0.01025,0.005,0,0.00025,0,0,2.08333333333e-05,-0.00125104166667,-2.08333333333e-05
7,0.0005,0.01,0,0.0005,0,0,-0.000635416666667,0.0006359375,-1.04166666669e-05
8,0.0055,0.01,0,0.0005,0,0,-0.00125,2.08333333335e-05,-2.08333333335e-05
9,0.0105,0.01,0,0.0005,0,0,-0.000614583333333,-0.000615104166667,-1.04166666665e-05
10,0,0,0.005,0,0,0,0.00122916666667,0.00123020833333,1.42760626996e-16
11,0.005,0,0.005,0,0,0,0.0025,-4.16666666672e-05,3.94378540242e-18
12,0.01,0,0.005,0,0,0,0.00127083333333,-0.001271875,-1.35535435956e-16
13,0.00025,0.005,0.005,0.00025,0,0,-4.16666666672e-05,0.00250208333333,2.79122767109e-16
14,0.00525,0.005,0.005,0.00025,-3.71748872421e-19,-5.77208244363e-19,1.4658413372e-16,1.36067372647e-16,-1.07237759254e-16
15,0.01025,0.005,0.005,0.00025,0,0,4.16666666671e-05,-0.00250208333333,-4.09206699016e-16
16,0.0005,0.01,0.005,0.0005,0,0,-0.00127083333333,0.001271875,1.36880524276e-16
17,0.0055,0.01,0.005,0.0005,0,0,-0.0025,4.16666666671e-05,-1.44763012883e-16
18,0.0105,0.01,0.005,0.0005,0,0,-0.00122916666667,-0.00123020833333,-2.74743606771e-16
19,0,0,0.01,0,0,0,0.000614583333333,0.000615104166667,1.04166666667e-05
20,0.005,0,0.01,0,0,0,0.00125,-2.08333333336e-05,2.08333333336e-05
21,0.01,0,0.01,0,0,0,0.000635416666667,-0.0006359375,1.04166666669e-05
22,0.00025,0.005,0.01,0.00025,0,0,-2.08333333335e-05,0.00125104166667,2.08333333335e-05
23,0.00525,0.005,0.01,0.00025,0,0,-2.83627288322e-16,7.3725747729e-18,4.16666666672e-05
24,0.01025,0.005,0.01,0.00025,0,0,2.08333333337e-05,-0.00125104166667,2.08333333337e-05
25,0.0005,0.01,0.01,0.0005,0,0,-0.000635416666667,0.0006359375,1.04166666668e-05
26,0.0055,0.01,0.01,0.0005,0,0,-0.00125,2.08333333336e-05,2.08333333336e-05
27,0.0105,0.01,0.01,0.0005,0,0,-0.000614583333333,-0.000615104166667,1.04166666668e-05
*Step  = 3
*Time  = 0.75
*Data  = mechanics_nodes_si
1,0,0,0,0,0,0,0.0009140625,0.0009158203125,-2.34375e-05
2,0.005,0,0,0,0,0,0.001875,-4.68750000003e-05,-4.68750000003e-05
3,0.01,0,0,0,0,0,0.0009609375,-0.0009626953125,-2.34375000003e-05
4,0.000375,0.005,0,0.000375,0,0,-4.68750000003e-05,0.001878515625,-4.68750000003e-05
5,0.005375,0.005,0,0.000375,0,0,1.37802096123e-16,1.37585255688e-16,-9.37500000004e-05
6,0.010375,0.005,0,0.000375,0,0,4.68750000001e-05,-0.001878515625,-4.68750000001e-05
7,0.00075,0.01,0,0.00075,0,0,-0.0009609375,0.0009626953125,-2.34375000003e-05
8,0.00575,0.01,0,0.00075,0,0,-0.001875,4.68750000001e-05,-4.68750000001e-05
9,0.01075,0.01,0,0.00075,0,0,-0.0009140625,-0.0009158203125,-2.34374999999e-05
10,0,0,0.005,0,0,0,0.001828125,0.001831640625,1.42199891185e-16
11,0.005,0,0.005,0,0,0,0.00375,-9.37500000004e-05,1.41857689874e-16
12,0.01,0,0.005,0,0,0,0.001921875,-0.001925390625,1.1418004129e-18
13,0.000375,0.005,0.005,0.000375,0,0,-9.37500000001e-05,0.00375703125,4.1839023023e-16
14,0.005375,0.005,0.005,0.000375,2.08843719071e-19,-1.03992355132e-18,-4.18502038579e-16,1.74881810422e-16,1.65483132839e-16
15,0.010375,0.005,0.005,0.000375,0,0,9.37500000005e-05,-0.00375703125,-2.7068801302e-16
16,0.00075,0.01,0.005,0.00075,0,0,-0.001921875,0.001925390625,2.74198117553e-16
17,0.00575,0.01,0.005,0.00075,0,0,-0.00375,9.37500000003e-05,-6.69833654689e-18
18,0.01075,0.01,0.005,0.00075,0,0,-0.001828125,-0.001831640625,-2.72293987488e-16
19,0,0,0.01,0,0,0,0.0009140625,0.0009158203125,2.34374999999e-05
20,0.005,0,0.01,0,0,0,0.001875,-4.68750000001e-05,4.68750000001e-05
21,0.01,0,0.01,0,0,0,0.0009609375,-0.0009626953125,2.34375000003e-05
22,0.000375,0.005,0.01,0.000375,0,0,-4.68749999999e-05,0.001878515625,4.68749999999e-05
23,0.005375,0.005,0.01,0.000375,0,0,-5.57496757092e-16,3.6212352561e-17,9.37500000003e-05
24,0.010375,0.005,0.01,0.000375,0,0,4.68750000004e-05,-0.001878515625,4.68750000004e-05
25,0.00075,0.01,0.01,0.00075,0,0,-0.0009609375,0.0009626953125,2.34375e-05
26,0.00575,0.01,0.01,0.00075,0,0,-0.001875,4.68750000001e-05,4.68750000001e-05
27,0.01075,0.01,0.01,0.00075,0,0,-0.0009140625,-0.0009158203125,2.34375000001e-05
*Step  = 4
*Time  = 1
*Data  = mechanics_nodes_si
1,0,0,0,0,0,0,0.00120833333333,0.0012125,-4.16666666668e-05
2,0.005,0,0,0,0,0,0.0025,-8.33333333336e-05,-8.33333333336e-05
3,0.01,0,0,0,0,0,0.00129166666667,-0.00129583333333,-4.16666666668e-05
4,0.0005,0.005,0,0.0005,0,0,-8.33333333338e-05,0.00250833333333,-8.33333333338e-05
5,0.0055,0.005,0,0.0005,0,0,2.75604192246e-16,-2.21177243187e-17,-0.000166666666667
6,0.0105,0.005,0,0.0005,0,0,8.33333333335e-05,-0.00250833333333,-8.33333333335e-05
7,0.001,0.01,0,0.001,0,0,-0.00129166666667,0.00129583333333,-4.16666666669e-05
8,0.006,0.01,0,0.001,0,0,-0.0025,8.33333333336e-05,-8.33333333336e-05
9,0.011,0.01,0,0.001,0,0,-0.00120833333333,-0.0012125,-4.16666666667e-05
10,0,0,0.005,0,0,0,0.00241666666667,0.002425,1.41298648129e-16
11,0.005,0,0.005,0,0,0,0.005,-0.000166666666667,2.78280816359e-16
12,0.01,0,0.005,0,0,0,0.00258333333333,-0.00259166666667,1.4012635453e-16
13,0.0005,0.005,0.005,0.0005,0,0,-0.000166666666667,0.00501666666667,2.79351466004e-16
14,0.0055,0.005,0.005,0.0005,8.22670583325e-19,-4.79336281772e-19,1.75640751943e-16,-4.47124975933e-16,1.63612884092e-16
15,0.0105,0.005,0.005,0.0005,0,0,0.000166666666667,-0.00501666666667,-1.30836097165e-16
16,0.001,0.01,0.005,0.001,0,0,-0.00258333333333,0.00259166666667,1.36690788896e-16
17,0.006,0.01,0.005,0.001,0,0,-0.005,0.000166666666667,-1.43223106985e-16
18,0.011,0.01,0.005,0.001,0,0,-0.00241666666667,-0.002425,-2.72914015605e-16
19,0,0,0.01,0,0,0,0.00120833333333,0.0012125,4.16666666667e-05
20,0.005,0,0.01,0,0,0,0.0025,-8.33333333333e-05,8.33333333333e-05
21,0.01,0,0.01,0,0,0,0.00129166666667,-0.00129583333333,4.16666666667e-05
22,0.0005,0.005,0.01,0.0005,0,0,-8.33333333335e-05,0.00250833333333,8.33333333335e-05
23,0.0055,0.005,0.01,0.0005,0,0,-1.4224732503e-16,-4.03540048599e-16,0.000166666666667
24,0.0105,0.005,0.01,0.0005,0,0,8.33333333336e-05,-0.00250833333333,8.33333333336e-05
25,0.001,0.01,0.01,0.001,0,0,-0.00129166666667,0.00129583333333,4.16666666668e-05
26,0.006,0.01,0.01,0.001,0,0,-0.0025,8.33333333338e-05,8.33333333337e-05
27,0.011,0.01,0.01,0.001,0,0,-0.00120833333333,-0.0012125,4.16666666669e-05
