{"elapsed_seconds": 0.002885167021304369, "phase": "before_imports", "self_rss_kib": 21744}
{"elapsed_seconds": 0.9834054170642048, "phase": "after_input_model_hashes", "self_rss_kib": 328976}
{"elapsed_seconds": 0.9879743340425193, "phase": "before_weights_only_load", "self_rss_kib": 329040}
{"elapsed_seconds": 1.135804375167936, "phase": "after_weights_only_load", "self_rss_kib": 569568}
{"elapsed_seconds": 1.163084375206381, "phase": "after_optimizer_cleanup", "self_rss_kib": 568272}
{"elapsed_seconds": 1.2190992920659482, "phase": "after_network_construction_alias_checks", "self_rss_kib": 569232}
{"elapsed_seconds": 1.3508442090824246, "phase": "after_strict_copy_weights_cleanup", "self_rss_kib": 569648}
{"elapsed_seconds": 1.3622074590530246, "phase": "after_tiled_conv3d_attachment", "self_rss_kib": 569824}
{"elapsed_seconds": 1.3681349172256887, "phase": "after_layer_observer_attachment", "self_rss_kib": 570384}
{"elapsed_seconds": 1.3730349170509726, "phase": "before_generated_forward", "self_rss_kib": 570480}
{"elapsed_seconds": 1.373255917103961, "libproc_sample_seconds_excludes_json_flush": 6.975000724196434e-05, "phase": "layer:encoder.stages.0.0.convs.0.conv:conv3d:before", "process_group_resident_bytes": 584187904, "tensor_shape": [1, 2, 64, 64, 64]}
{"elapsed_seconds": 1.3853860842064023, "libproc_sample_seconds_excludes_json_flush": 6.008404307067394e-05, "phase": "layer:encoder.stages.0.0.convs.0.conv:conv3d:after", "process_group_resident_bytes": 618676224, "tensor_shape": [1, 32, 64, 64, 64]}
{"elapsed_seconds": 1.385456999996677, "libproc_sample_seconds_excludes_json_flush": 1.791701652109623e-05, "phase": "layer:encoder.stages.0.0.convs.0.norm:instancenorm3d:before", "process_group_resident_bytes": 618676224, "tensor_shape": [1, 32, 64, 64, 64]}
{"elapsed_seconds": 1.3951005002018064, "libproc_sample_seconds_excludes_json_flush": 6.35830219835043e-05, "phase": "layer:encoder.stages.0.0.convs.0.norm:instancenorm3d:after", "process_group_resident_bytes": 652869632, "tensor_shape": [1, 32, 64, 64, 64]}
{"elapsed_seconds": 1.3969443750102073, "libproc_sample_seconds_excludes_json_flush": 4.10410575568676e-05, "phase": "layer:encoder.stages.0.0.convs.1.conv:conv3d:before", "process_group_resident_bytes": 652935168, "tensor_shape": [1, 32, 64, 64, 64]}
{"elapsed_seconds": 1.4671850001905113, "libproc_sample_seconds_excludes_json_flush": 5.241716280579567e-05, "phase": "layer:encoder.stages.0.0.convs.1.conv:conv3d:after", "process_group_resident_bytes": 652967936, "tensor_shape": [1, 32, 64, 64, 64]}
{"elapsed_seconds": 1.467243375023827, "libproc_sample_seconds_excludes_json_flush": 1.570815220475197e-05, "phase": "layer:encoder.stages.0.0.convs.1.norm:instancenorm3d:before", "process_group_resident_bytes": 652967936, "tensor_shape": [1, 32, 64, 64, 64]}
{"elapsed_seconds": 1.4740260001271963, "libproc_sample_seconds_excludes_json_flush": 9.891693480312824e-05, "phase": "layer:encoder.stages.0.0.convs.1.norm:instancenorm3d:after", "process_group_resident_bytes": 686538752, "tensor_shape": [1, 32, 64, 64, 64]}
{"elapsed_seconds": 1.4756457922048867, "libproc_sample_seconds_excludes_json_flush": 7.16671347618103e-05, "phase": "layer:encoder.stages.1.0.convs.0.conv:conv3d:before", "process_group_resident_bytes": 686538752, "tensor_shape": [1, 32, 64, 64, 64]}
{"elapsed_seconds": 1.486769292037934, "libproc_sample_seconds_excludes_json_flush": 9.104190394282341e-05, "phase": "layer:encoder.stages.1.0.convs.0.conv:conv3d:after", "process_group_resident_bytes": 687898624, "tensor_shape": [1, 64, 32, 32, 32]}
{"elapsed_seconds": 1.4868719591759145, "libproc_sample_seconds_excludes_json_flush": 1.6583828255534172e-05, "phase": "layer:encoder.stages.1.0.convs.0.norm:instancenorm3d:before", "process_group_resident_bytes": 687898624, "tensor_shape": [1, 64, 32, 32, 32]}
{"elapsed_seconds": 1.48885229206644, "libproc_sample_seconds_excludes_json_flush": 4.054093733429909e-05, "phase": "layer:encoder.stages.1.0.convs.0.norm:instancenorm3d:after", "process_group_resident_bytes": 687898624, "tensor_shape": [1, 64, 32, 32, 32]}
{"elapsed_seconds": 1.489209334133193, "libproc_sample_seconds_excludes_json_flush": 2.5290995836257935e-05, "phase": "layer:encoder.stages.1.0.convs.1.conv:conv3d:before", "process_group_resident_bytes": 687898624, "tensor_shape": [1, 64, 32, 32, 32]}
{"elapsed_seconds": 1.5085562921594828, "libproc_sample_seconds_excludes_json_flush": 9.783287532627583e-05, "phase": "layer:encoder.stages.1.0.convs.1.conv:conv3d:after", "process_group_resident_bytes": 687898624, "tensor_shape": [1, 64, 32, 32, 32]}
{"elapsed_seconds": 1.508633584016934, "libproc_sample_seconds_excludes_json_flush": 1.5040859580039978e-05, "phase": "layer:encoder.stages.1.0.convs.1.norm:instancenorm3d:before", "process_group_resident_bytes": 687898624, "tensor_shape": [1, 64, 32, 32, 32]}
{"elapsed_seconds": 1.5101770001929253, "libproc_sample_seconds_excludes_json_flush": 2.095801755785942e-05, "phase": "layer:encoder.stages.1.0.convs.1.norm:instancenorm3d:after", "process_group_resident_bytes": 687898624, "tensor_shape": [1, 64, 32, 32, 32]}
{"elapsed_seconds": 1.510347458999604, "libproc_sample_seconds_excludes_json_flush": 1.9750092178583145e-05, "phase": "layer:encoder.stages.2.0.convs.0.conv:conv3d:before", "process_group_resident_bytes": 687898624, "tensor_shape": [1, 64, 32, 32, 32]}
{"elapsed_seconds": 1.5137372920289636, "libproc_sample_seconds_excludes_json_flush": 5.312496796250343e-05, "phase": "layer:encoder.stages.2.0.convs.0.conv:conv3d:after", "process_group_resident_bytes": 687898624, "tensor_shape": [1, 128, 16, 16, 16]}
{"elapsed_seconds": 1.5137865000870079, "libproc_sample_seconds_excludes_json_flush": 1.4709075912833214e-05, "phase": "layer:encoder.stages.2.0.convs.0.norm:instancenorm3d:before", "process_group_resident_bytes": 687898624, "tensor_shape": [1, 128, 16, 16, 16]}
{"elapsed_seconds": 1.514185167150572, "libproc_sample_seconds_excludes_json_flush": 1.595797948539257e-05, "phase": "layer:encoder.stages.2.0.convs.0.norm:instancenorm3d:after", "process_group_resident_bytes": 687915008, "tensor_shape": [1, 128, 16, 16, 16]}
{"elapsed_seconds": 1.5142677500844002, "libproc_sample_seconds_excludes_json_flush": 2.10409052670002e-05, "phase": "layer:encoder.stages.2.0.convs.1.conv:conv3d:before", "process_group_resident_bytes": 687915008, "tensor_shape": [1, 128, 16, 16, 16]}
{"elapsed_seconds": 1.5202680001966655, "libproc_sample_seconds_excludes_json_flush": 2.6667024940252304e-05, "phase": "layer:encoder.stages.2.0.convs.1.conv:conv3d:after", "process_group_resident_bytes": 687915008, "tensor_shape": [1, 128, 16, 16, 16]}
{"elapsed_seconds": 1.5202939591836184, "libproc_sample_seconds_excludes_json_flush": 1.333397813141346e-05, "phase": "layer:encoder.stages.2.0.convs.1.norm:instancenorm3d:before", "process_group_resident_bytes": 687915008, "tensor_shape": [1, 128, 16, 16, 16]}
{"elapsed_seconds": 1.520759959006682, "libproc_sample_seconds_excludes_json_flush": 1.9833911210298538e-05, "phase": "layer:encoder.stages.2.0.convs.1.norm:instancenorm3d:after", "process_group_resident_bytes": 687915008, "tensor_shape": [1, 128, 16, 16, 16]}
{"elapsed_seconds": 1.5208355002105236, "libproc_sample_seconds_excludes_json_flush": 1.6124919056892395e-05, "phase": "layer:encoder.stages.3.0.convs.0.conv:conv3d:before", "process_group_resident_bytes": 687915008, "tensor_shape": [1, 128, 16, 16, 16]}
{"elapsed_seconds": 1.5224456251598895, "libproc_sample_seconds_excludes_json_flush": 1.770816743373871e-05, "phase": "layer:encoder.stages.3.0.convs.0.conv:conv3d:after", "process_group_resident_bytes": 688226304, "tensor_shape": [1, 256, 8, 8, 8]}
{"elapsed_seconds": 1.5224685841239989, "libproc_sample_seconds_excludes_json_flush": 1.370883546769619e-05, "phase": "layer:encoder.stages.3.0.convs.0.norm:instancenorm3d:before", "process_group_resident_bytes": 688226304, "tensor_shape": [1, 256, 8, 8, 8]}
{"elapsed_seconds": 1.5226049171760678, "libproc_sample_seconds_excludes_json_flush": 1.8333084881305695e-05, "phase": "layer:encoder.stages.3.0.convs.0.norm:instancenorm3d:after", "process_group_resident_bytes": 688226304, "tensor_shape": [1, 256, 8, 8, 8]}
{"elapsed_seconds": 1.522664959076792, "libproc_sample_seconds_excludes_json_flush": 2.0124949514865875e-05, "phase": "layer:encoder.stages.3.0.convs.1.conv:conv3d:before", "process_group_resident_bytes": 688226304, "tensor_shape": [1, 256, 8, 8, 8]}
{"elapsed_seconds": 1.5255944170057774, "libproc_sample_seconds_excludes_json_flush": 2.8416048735380173e-05, "phase": "layer:encoder.stages.3.0.convs.1.conv:conv3d:after", "process_group_resident_bytes": 689569792, "tensor_shape": [1, 256, 8, 8, 8]}
{"elapsed_seconds": 1.525627792114392, "libproc_sample_seconds_excludes_json_flush": 1.3624783605337143e-05, "phase": "layer:encoder.stages.3.0.convs.1.norm:instancenorm3d:before", "process_group_resident_bytes": 689569792, "tensor_shape": [1, 256, 8, 8, 8]}
{"elapsed_seconds": 1.5257679170463234, "libproc_sample_seconds_excludes_json_flush": 1.808302477002144e-05, "phase": "layer:encoder.stages.3.0.convs.1.norm:instancenorm3d:after", "process_group_resident_bytes": 689569792, "tensor_shape": [1, 256, 8, 8, 8]}
{"elapsed_seconds": 1.5258224999997765, "libproc_sample_seconds_excludes_json_flush": 1.3791956007480621e-05, "phase": "layer:encoder.stages.4.0.convs.0.conv:conv3d:before", "process_group_resident_bytes": 689569792, "tensor_shape": [1, 256, 8, 8, 8]}
{"elapsed_seconds": 1.526950458995998, "libproc_sample_seconds_excludes_json_flush": 1.8292106688022614e-05, "phase": "layer:encoder.stages.4.0.convs.0.conv:conv3d:after", "process_group_resident_bytes": 689602560, "tensor_shape": [1, 320, 4, 4, 4]}
{"elapsed_seconds": 1.526973584201187, "libproc_sample_seconds_excludes_json_flush": 1.2499978765845299e-05, "phase": "layer:encoder.stages.4.0.convs.0.norm:instancenorm3d:before", "process_group_resident_bytes": 689602560, "tensor_shape": [1, 320, 4, 4, 4]}
{"elapsed_seconds": 1.5270510842092335, "libproc_sample_seconds_excludes_json_flush": 2.037500962615013e-05, "phase": "layer:encoder.stages.4.0.convs.0.norm:instancenorm3d:after", "process_group_resident_bytes": 689602560, "tensor_shape": [1, 320, 4, 4, 4]}
{"elapsed_seconds": 1.5270863340701908, "libproc_sample_seconds_excludes_json_flush": 1.6084173694252968e-05, "phase": "layer:encoder.stages.4.0.convs.1.conv:conv3d:before", "process_group_resident_bytes": 689602560, "tensor_shape": [1, 320, 4, 4, 4]}
{"elapsed_seconds": 1.5283854592125863, "libproc_sample_seconds_excludes_json_flush": 2.5084009394049644e-05, "phase": "layer:encoder.stages.4.0.convs.1.conv:conv3d:after", "process_group_resident_bytes": 689602560, "tensor_shape": [1, 320, 4, 4, 4]}
{"elapsed_seconds": 1.5284125001635402, "libproc_sample_seconds_excludes_json_flush": 1.3333046808838844e-05, "phase": "layer:encoder.stages.4.0.convs.1.norm:instancenorm3d:before", "process_group_resident_bytes": 689602560, "tensor_shape": [1, 320, 4, 4, 4]}
{"elapsed_seconds": 1.5284849591553211, "libproc_sample_seconds_excludes_json_flush": 2.0416220650076866e-05, "phase": "layer:encoder.stages.4.0.convs.1.norm:instancenorm3d:after", "process_group_resident_bytes": 689602560, "tensor_shape": [1, 320, 4, 4, 4]}
{"elapsed_seconds": 1.5285255420021713, "libproc_sample_seconds_excludes_json_flush": 1.200009137392044e-05, "phase": "layer:encoder.stages.5.0.convs.0.conv:conv3d:before", "process_group_resident_bytes": 689602560, "tensor_shape": [1, 320, 4, 4, 4]}
{"elapsed_seconds": 1.5292708340566605, "libproc_sample_seconds_excludes_json_flush": 3.2499898225069046e-05, "phase": "layer:encoder.stages.5.0.convs.0.conv:conv3d:after", "process_group_resident_bytes": 689602560, "tensor_shape": [1, 320, 2, 2, 2]}
{"elapsed_seconds": 1.529302417067811, "libproc_sample_seconds_excludes_json_flush": 1.650000922381878e-05, "phase": "layer:encoder.stages.5.0.convs.0.norm:instancenorm3d:before", "process_group_resident_bytes": 689602560, "tensor_shape": [1, 320, 2, 2, 2]}
{"elapsed_seconds": 1.5293669591192156, "libproc_sample_seconds_excludes_json_flush": 1.8750084564089775e-05, "phase": "layer:encoder.stages.5.0.convs.0.norm:instancenorm3d:after", "process_group_resident_bytes": 689618944, "tensor_shape": [1, 320, 2, 2, 2]}
{"elapsed_seconds": 1.5294035840779543, "libproc_sample_seconds_excludes_json_flush": 1.35831069201231e-05, "phase": "layer:encoder.stages.5.0.convs.1.conv:conv3d:before", "process_group_resident_bytes": 689618944, "tensor_shape": [1, 320, 2, 2, 2]}
{"elapsed_seconds": 1.5303574171848595, "libproc_sample_seconds_excludes_json_flush": 2.38749198615551e-05, "phase": "layer:encoder.stages.5.0.convs.1.conv:conv3d:after", "process_group_resident_bytes": 689635328, "tensor_shape": [1, 320, 2, 2, 2]}
{"elapsed_seconds": 1.53038329211995, "libproc_sample_seconds_excludes_json_flush": 1.1750031262636185e-05, "phase": "layer:encoder.stages.5.0.convs.1.norm:instancenorm3d:before", "process_group_resident_bytes": 689635328, "tensor_shape": [1, 320, 2, 2, 2]}
{"elapsed_seconds": 1.5304618750233203, "libproc_sample_seconds_excludes_json_flush": 2.00001522898674e-05, "phase": "layer:encoder.stages.5.0.convs.1.norm:instancenorm3d:after", "process_group_resident_bytes": 689635328, "tensor_shape": [1, 320, 2, 2, 2]}
{"elapsed_seconds": 1.5305215001571923, "libproc_sample_seconds_excludes_json_flush": 1.2999866157770157e-05, "phase": "layer:decoder.transpconvs.0:convtranspose3d:before", "process_group_resident_bytes": 689635328, "tensor_shape": [1, 320, 2, 2, 2]}
{"elapsed_seconds": 1.5320988341700286, "libproc_sample_seconds_excludes_json_flush": 1.9666971638798714e-05, "phase": "layer:decoder.transpconvs.0:convtranspose3d:after", "process_group_resident_bytes": 689782784, "tensor_shape": [1, 320, 4, 4, 4]}
{"elapsed_seconds": 1.532305584056303, "libproc_sample_seconds_excludes_json_flush": 1.5666009858250618e-05, "phase": "layer:decoder.stages.0:decoder_stage:before", "process_group_resident_bytes": 689799168, "tensor_shape": [1, 640, 4, 4, 4]}
{"elapsed_seconds": 1.5323422502260655, "libproc_sample_seconds_excludes_json_flush": 1.9666971638798714e-05, "phase": "layer:decoder.stages.0.convs.0.conv:conv3d:before", "process_group_resident_bytes": 689799168, "tensor_shape": [1, 640, 4, 4, 4]}
{"elapsed_seconds": 1.535080875037238, "libproc_sample_seconds_excludes_json_flush": 4.720780998468399e-05, "phase": "layer:decoder.stages.0.convs.0.conv:conv3d:after", "process_group_resident_bytes": 689799168, "tensor_shape": [1, 320, 4, 4, 4]}
{"elapsed_seconds": 1.5351158750709146, "libproc_sample_seconds_excludes_json_flush": 1.2499978765845299e-05, "phase": "layer:decoder.stages.0.convs.0.norm:instancenorm3d:before", "process_group_resident_bytes": 689799168, "tensor_shape": [1, 320, 4, 4, 4]}
{"elapsed_seconds": 1.5351936251390725, "libproc_sample_seconds_excludes_json_flush": 1.733400858938694e-05, "phase": "layer:decoder.stages.0.convs.0.norm:instancenorm3d:after", "process_group_resident_bytes": 689799168, "tensor_shape": [1, 320, 4, 4, 4]}
{"elapsed_seconds": 1.5352285001426935, "libproc_sample_seconds_excludes_json_flush": 1.233397051692009e-05, "phase": "layer:decoder.stages.0.convs.1.conv:conv3d:before", "process_group_resident_bytes": 689799168, "tensor_shape": [1, 320, 4, 4, 4]}
{"elapsed_seconds": 1.5364913751836866, "libproc_sample_seconds_excludes_json_flush": 2.3665837943553925e-05, "phase": "layer:decoder.stages.0.convs.1.conv:conv3d:after", "process_group_resident_bytes": 689799168, "tensor_shape": [1, 320, 4, 4, 4]}
{"elapsed_seconds": 1.5365170422010124, "libproc_sample_seconds_excludes_json_flush": 1.3625016435980797e-05, "phase": "layer:decoder.stages.0.convs.1.norm:instancenorm3d:before", "process_group_resident_bytes": 689799168, "tensor_shape": [1, 320, 4, 4, 4]}
{"elapsed_seconds": 1.5365903750061989, "libproc_sample_seconds_excludes_json_flush": 1.737498678267002e-05, "phase": "layer:decoder.stages.0.convs.1.norm:instancenorm3d:after", "process_group_resident_bytes": 689799168, "tensor_shape": [1, 320, 4, 4, 4]}
{"elapsed_seconds": 1.53661625017412, "libproc_sample_seconds_excludes_json_flush": 1.2042000889778137e-05, "phase": "layer:decoder.stages.0:decoder_stage:after", "process_group_resident_bytes": 689799168, "tensor_shape": [1, 320, 4, 4, 4]}
{"elapsed_seconds": 1.536643834086135, "libproc_sample_seconds_excludes_json_flush": 1.2166798114776611e-05, "phase": "layer:decoder.transpconvs.1:convtranspose3d:before", "process_group_resident_bytes": 689799168, "tensor_shape": [1, 320, 4, 4, 4]}
{"elapsed_seconds": 1.5369139171671122, "libproc_sample_seconds_excludes_json_flush": 1.5916069969534874e-05, "phase": "layer:decoder.transpconvs.1:convtranspose3d:after", "process_group_resident_bytes": 689881088, "tensor_shape": [1, 256, 8, 8, 8]}
{"elapsed_seconds": 1.5369736251886934, "libproc_sample_seconds_excludes_json_flush": 1.6999896615743637e-05, "phase": "layer:decoder.stages.1:decoder_stage:before", "process_group_resident_bytes": 689881088, "tensor_shape": [1, 512, 8, 8, 8]}
{"elapsed_seconds": 1.5369975420180708, "libproc_sample_seconds_excludes_json_flush": 1.2165866792201996e-05, "phase": "layer:decoder.stages.1.convs.0.conv:conv3d:before", "process_group_resident_bytes": 689881088, "tensor_shape": [1, 512, 8, 8, 8]}
{"elapsed_seconds": 1.5430106250569224, "libproc_sample_seconds_excludes_json_flush": 9.13331750780344e-05, "phase": "layer:decoder.stages.1.convs.0.conv:conv3d:after", "process_group_resident_bytes": 690225152, "tensor_shape": [1, 256, 8, 8, 8]}
{"elapsed_seconds": 1.5430578750092536, "libproc_sample_seconds_excludes_json_flush": 1.3124896213412285e-05, "phase": "layer:decoder.stages.1.convs.0.norm:instancenorm3d:before", "process_group_resident_bytes": 690225152, "tensor_shape": [1, 256, 8, 8, 8]}
{"elapsed_seconds": 1.5432083341293037, "libproc_sample_seconds_excludes_json_flush": 1.700012944638729e-05, "phase": "layer:decoder.stages.1.convs.0.norm:instancenorm3d:after", "process_group_resident_bytes": 690225152, "tensor_shape": [1, 256, 8, 8, 8]}
{"elapsed_seconds": 1.543257209006697, "libproc_sample_seconds_excludes_json_flush": 1.3707904145121574e-05, "phase": "layer:decoder.stages.1.convs.1.conv:conv3d:before", "process_group_resident_bytes": 690225152, "tensor_shape": [1, 256, 8, 8, 8]}
{"elapsed_seconds": 1.5459906251635402, "libproc_sample_seconds_excludes_json_flush": 2.38749198615551e-05, "phase": "layer:decoder.stages.1.convs.1.conv:conv3d:after", "process_group_resident_bytes": 690225152, "tensor_shape": [1, 256, 8, 8, 8]}
{"elapsed_seconds": 1.5460195420309901, "libproc_sample_seconds_excludes_json_flush": 1.2124888598918915e-05, "phase": "layer:decoder.stages.1.convs.1.norm:instancenorm3d:before", "process_group_resident_bytes": 690225152, "tensor_shape": [1, 256, 8, 8, 8]}
{"elapsed_seconds": 1.5461582920979708, "libproc_sample_seconds_excludes_json_flush": 1.7249956727027893e-05, "phase": "layer:decoder.stages.1.convs.1.norm:instancenorm3d:after", "process_group_resident_bytes": 690225152, "tensor_shape": [1, 256, 8, 8, 8]}
{"elapsed_seconds": 1.5462033750955015, "libproc_sample_seconds_excludes_json_flush": 1.77919864654541e-05, "phase": "layer:decoder.stages.1:decoder_stage:after", "process_group_resident_bytes": 690225152, "tensor_shape": [1, 256, 8, 8, 8]}
{"elapsed_seconds": 1.5462366251740605, "libproc_sample_seconds_excludes_json_flush": 1.3665994629263878e-05, "phase": "layer:decoder.transpconvs.2:convtranspose3d:before", "process_group_resident_bytes": 690225152, "tensor_shape": [1, 256, 8, 8, 8]}
{"elapsed_seconds": 1.5467341251205653, "libproc_sample_seconds_excludes_json_flush": 1.770886592566967e-05, "phase": "layer:decoder.transpconvs.2:convtranspose3d:after", "process_group_resident_bytes": 690323456, "tensor_shape": [1, 128, 16, 16, 16]}
{"elapsed_seconds": 1.5468775001354516, "libproc_sample_seconds_excludes_json_flush": 1.800013706088066e-05, "phase": "layer:decoder.stages.2:decoder_stage:before", "process_group_resident_bytes": 690978816, "tensor_shape": [1, 256, 16, 16, 16]}
{"elapsed_seconds": 1.5469083751086146, "libproc_sample_seconds_excludes_json_flush": 1.7040874809026718e-05, "phase": "layer:decoder.stages.2.convs.0.conv:conv3d:before", "process_group_resident_bytes": 690978816, "tensor_shape": [1, 256, 16, 16, 16]}
{"elapsed_seconds": 1.5581145000178367, "libproc_sample_seconds_excludes_json_flush": 5.6124990805983543e-05, "phase": "layer:decoder.stages.2.convs.0.conv:conv3d:after", "process_group_resident_bytes": 690978816, "tensor_shape": [1, 128, 16, 16, 16]}
{"elapsed_seconds": 1.5581597092095762, "libproc_sample_seconds_excludes_json_flush": 1.2792181223630905e-05, "phase": "layer:decoder.stages.2.convs.0.norm:instancenorm3d:before", "process_group_resident_bytes": 690978816, "tensor_shape": [1, 128, 16, 16, 16]}
{"elapsed_seconds": 1.5585262500680983, "libproc_sample_seconds_excludes_json_flush": 1.5832949429750443e-05, "phase": "layer:decoder.stages.2.convs.0.norm:instancenorm3d:after", "process_group_resident_bytes": 690978816, "tensor_shape": [1, 128, 16, 16, 16]}
{"elapsed_seconds": 1.5585930421948433, "libproc_sample_seconds_excludes_json_flush": 1.6042031347751617e-05, "phase": "layer:decoder.stages.2.convs.1.conv:conv3d:before", "process_group_resident_bytes": 690978816, "tensor_shape": [1, 128, 16, 16, 16]}
{"elapsed_seconds": 1.5646939591970295, "libproc_sample_seconds_excludes_json_flush": 3.004097379744053e-05, "phase": "layer:decoder.stages.2.convs.1.conv:conv3d:after", "process_group_resident_bytes": 690978816, "tensor_shape": [1, 128, 16, 16, 16]}
{"elapsed_seconds": 1.564720000140369, "libproc_sample_seconds_excludes_json_flush": 1.2124888598918915e-05, "phase": "layer:decoder.stages.2.convs.1.norm:instancenorm3d:before", "process_group_resident_bytes": 690978816, "tensor_shape": [1, 128, 16, 16, 16]}
{"elapsed_seconds": 1.5651950840838253, "libproc_sample_seconds_excludes_json_flush": 1.4124903827905655e-05, "phase": "layer:decoder.stages.2.convs.1.norm:instancenorm3d:after", "process_group_resident_bytes": 693092352, "tensor_shape": [1, 128, 16, 16, 16]}
{"elapsed_seconds": 1.5652572920080274, "libproc_sample_seconds_excludes_json_flush": 1.5666941180825233e-05, "phase": "layer:decoder.stages.2:decoder_stage:after", "process_group_resident_bytes": 693092352, "tensor_shape": [1, 128, 16, 16, 16]}
{"elapsed_seconds": 1.565283875213936, "libproc_sample_seconds_excludes_json_flush": 1.2458069249987602e-05, "phase": "layer:decoder.transpconvs.3:convtranspose3d:before", "process_group_resident_bytes": 693092352, "tensor_shape": [1, 128, 16, 16, 16]}
{"elapsed_seconds": 1.567120584193617, "libproc_sample_seconds_excludes_json_flush": 3.024982288479805e-05, "phase": "layer:decoder.transpconvs.3:convtranspose3d:after", "process_group_resident_bytes": 695222272, "tensor_shape": [1, 64, 32, 32, 32]}
{"elapsed_seconds": 1.5680167090613395, "libproc_sample_seconds_excludes_json_flush": 3.1624920666217804e-05, "phase": "layer:decoder.stages.3:decoder_stage:before", "process_group_resident_bytes": 695222272, "tensor_shape": [1, 128, 32, 32, 32]}
{"elapsed_seconds": 1.5680527922231704, "libproc_sample_seconds_excludes_json_flush": 1.4082994312047958e-05, "phase": "layer:decoder.stages.3.convs.0.conv:conv3d:before", "process_group_resident_bytes": 695222272, "tensor_shape": [1, 128, 32, 32, 32]}
{"elapsed_seconds": 1.6079450000543147, "libproc_sample_seconds_excludes_json_flush": 4.133395850658417e-05, "phase": "layer:decoder.stages.3.convs.0.conv:conv3d:after", "process_group_resident_bytes": 695222272, "tensor_shape": [1, 64, 32, 32, 32]}
{"elapsed_seconds": 1.6079865000210702, "libproc_sample_seconds_excludes_json_flush": 1.3041077181696892e-05, "phase": "layer:decoder.stages.3.convs.0.norm:instancenorm3d:before", "process_group_resident_bytes": 695222272, "tensor_shape": [1, 64, 32, 32, 32]}
{"elapsed_seconds": 1.609264959115535, "libproc_sample_seconds_excludes_json_flush": 2.129189670085907e-05, "phase": "layer:decoder.stages.3.convs.0.norm:instancenorm3d:after", "process_group_resident_bytes": 695222272, "tensor_shape": [1, 64, 32, 32, 32]}
{"elapsed_seconds": 1.6094231251627207, "libproc_sample_seconds_excludes_json_flush": 2.033403143286705e-05, "phase": "layer:decoder.stages.3.convs.1.conv:conv3d:before", "process_group_resident_bytes": 695222272, "tensor_shape": [1, 64, 32, 32, 32]}
{"elapsed_seconds": 1.627578625222668, "libproc_sample_seconds_excludes_json_flush": 7.862504571676254e-05, "phase": "layer:decoder.stages.3.convs.1.conv:conv3d:after", "process_group_resident_bytes": 695222272, "tensor_shape": [1, 64, 32, 32, 32]}
{"elapsed_seconds": 1.6276326670777053, "libproc_sample_seconds_excludes_json_flush": 1.2792181223630905e-05, "phase": "layer:decoder.stages.3.convs.1.norm:instancenorm3d:before", "process_group_resident_bytes": 695222272, "tensor_shape": [1, 64, 32, 32, 32]}
{"elapsed_seconds": 1.629224417032674, "libproc_sample_seconds_excludes_json_flush": 2.437504008412361e-05, "phase": "layer:decoder.stages.3.convs.1.norm:instancenorm3d:after", "process_group_resident_bytes": 695222272, "tensor_shape": [1, 64, 32, 32, 32]}
{"elapsed_seconds": 1.6293691250029951, "libproc_sample_seconds_excludes_json_flush": 1.5042023733258247e-05, "phase": "layer:decoder.stages.3:decoder_stage:after", "process_group_resident_bytes": 695222272, "tensor_shape": [1, 64, 32, 32, 32]}
{"elapsed_seconds": 1.6294003340881318, "libproc_sample_seconds_excludes_json_flush": 1.270882785320282e-05, "phase": "layer:decoder.transpconvs.4:convtranspose3d:before", "process_group_resident_bytes": 695222272, "tensor_shape": [1, 64, 32, 32, 32]}
{"elapsed_seconds": 1.6358153750188649, "libproc_sample_seconds_excludes_json_flush": 7.129204459488392e-05, "phase": "layer:decoder.transpconvs.4:convtranspose3d:after", "process_group_resident_bytes": 695222272, "tensor_shape": [1, 32, 64, 64, 64]}
{"elapsed_seconds": 1.6609879171010107, "libproc_sample_seconds_excludes_json_flush": 7.77081586420536e-05, "phase": "layer:decoder.stages.4:decoder_stage:before", "process_group_resident_bytes": 762347520, "tensor_shape": [1, 64, 64, 64, 64]}
{"elapsed_seconds": 1.6610594592057168, "libproc_sample_seconds_excludes_json_flush": 1.5415949746966362e-05, "phase": "layer:decoder.stages.4.convs.0.conv:conv3d:before", "process_group_resident_bytes": 762347520, "tensor_shape": [1, 64, 64, 64, 64]}
{"elapsed_seconds": 1.8265396251808852, "libproc_sample_seconds_excludes_json_flush": 9.533390402793884e-05, "phase": "layer:decoder.stages.4.convs.0.conv:conv3d:after", "process_group_resident_bytes": 762363904, "tensor_shape": [1, 32, 64, 64, 64]}
{"elapsed_seconds": 1.8265971671789885, "libproc_sample_seconds_excludes_json_flush": 1.3584038242697716e-05, "phase": "layer:decoder.stages.4.convs.0.norm:instancenorm3d:before", "process_group_resident_bytes": 762363904, "tensor_shape": [1, 32, 64, 64, 64]}
{"elapsed_seconds": 1.8316415001172572, "libproc_sample_seconds_excludes_json_flush": 7.495889440178871e-05, "phase": "layer:decoder.stages.4.convs.0.norm:instancenorm3d:after", "process_group_resident_bytes": 762363904, "tensor_shape": [1, 32, 64, 64, 64]}
{"elapsed_seconds": 1.832272500032559, "libproc_sample_seconds_excludes_json_flush": 2.808310091495514e-05, "phase": "layer:decoder.stages.4.convs.1.conv:conv3d:before", "process_group_resident_bytes": 762363904, "tensor_shape": [1, 32, 64, 64, 64]}
{"elapsed_seconds": 1.9157827501185238, "libproc_sample_seconds_excludes_json_flush": 8.808285929262638e-05, "phase": "layer:decoder.stages.4.convs.1.conv:conv3d:after", "process_group_resident_bytes": 762363904, "tensor_shape": [1, 32, 64, 64, 64]}
{"elapsed_seconds": 1.915839834138751, "libproc_sample_seconds_excludes_json_flush": 1.5041092410683632e-05, "phase": "layer:decoder.stages.4.convs.1.norm:instancenorm3d:before", "process_group_resident_bytes": 762363904, "tensor_shape": [1, 32, 64, 64, 64]}
{"elapsed_seconds": 1.9224574591498822, "libproc_sample_seconds_excludes_json_flush": 5.429098382592201e-05, "phase": "layer:decoder.stages.4.convs.1.norm:instancenorm3d:after", "process_group_resident_bytes": 795934720, "tensor_shape": [1, 32, 64, 64, 64]}
{"elapsed_seconds": 1.9236998751293868, "libproc_sample_seconds_excludes_json_flush": 3.187498077750206e-05, "phase": "layer:decoder.stages.4:decoder_stage:after", "process_group_resident_bytes": 795934720, "tensor_shape": [1, 32, 64, 64, 64]}
{"elapsed_seconds": 1.9237445001490414, "libproc_sample_seconds_excludes_json_flush": 1.4749821275472641e-05, "phase": "layer:decoder.seg_layers.4:conv3d:before", "process_group_resident_bytes": 795934720, "tensor_shape": [1, 32, 64, 64, 64]}
{"elapsed_seconds": 1.9256397502031177, "libproc_sample_seconds_excludes_json_flush": 5.9999991208314896e-05, "phase": "layer:decoder.seg_layers.4:conv3d:after", "process_group_resident_bytes": 795934720, "tensor_shape": [1, 3, 64, 64, 64]}
{"elapsed_seconds": 1.9347980001475662, "phase": "after_generated_forward", "self_rss_kib": 777280}
{"elapsed_seconds": 1.9419650421477854, "phase": "after_output_transfer", "self_rss_kib": 777328}
{"arm": "tiled", "forward_seconds": 0.5526355840265751, "logits_raw_sha256": "52252550d12d7fc0ddd930c044f58cd6e1bca00606646bbd9780687bce3f2853", "status": "completed"}
