*Step  = 0
*Time  = 0
*Data  = mechanics_nodes_si
1,0,0,0,0,0,0,0,0,0
2,0.01,0,0,0,0,0,0,0,0
3,0.01,0.01,0,0,0,0,0,0,0
4,0,0.01,0,0,0,0,0,0,0
5,0,0,0.01,0,0,0,0,0,0
6,0.01,0,0.01,0,0,0,0,0,0
7,0.01,0.01,0.01,0,0,0,0,0,0
8,0,0.01,0.01,0,0,0,0,0,0
9,0.005,0,0,0,0,0,0,0,0
10,0.01,0.005,0,0,0,0,0,0,0
11,0.005,0.005,0,0,0,0,0,0,0
12,0.005,0.005,0.005,0,0,0,0,0,0
13,0.01,0.005,0.005,0,0,0,0,0,0
14,0.01,0.01,0.005,0,0,0,0,0,0
15,0.005,0.01,0,0,0,0,0,0,0
16,0,0.005,0,0,0,0,0,0,0
17,0.005,0.01,0.005,0,0,0,0,0,0
18,0,0.01,0.005,0,0,0,0,0,0
19,0,0.005,0.005,0,0,0,0,0,0
20,0.005,0.01,0.01,0,0,0,0,0,0
21,0,0.005,0.01,0,0,0,0,0,0
22,0,0,0.005,0,0,0,0,0,0
23,0.005,0.005,0.01,0,0,0,0,0,0
24,0.005,0,0.01,0,0,0,0,0,0
25,0.005,0,0.005,0,0,0,0,0,0
26,0.01,0.005,0.01,0,0,0,0,0,0
27,0.01,0,0.005,0,0,0,0,0,0
*Step  = 1
*Time  = 0.25
*Data  = mechanics_nodes_si
1,7.5e-05,-5e-05,2.5e-05,7.5e-05,-5e-05,2.5e-05,0,0,0
2,0.010075,-5e-05,2.5e-05,7.5e-05,-5e-05,2.5e-05,0,0,0
3,0.010075,0.00995,2.5e-05,7.5e-05,-5e-05,2.5e-05,-2.81668362242e-17,-2.91708367753e-17,5.73376729995e-17
4,7.5e-05,0.00995,2.5e-05,7.5e-05,-5e-05,2.5e-05,0,0,0
5,7.5e-05,-5e-05,0.010025,7.5e-05,-5e-05,2.5e-05,-1.93092238573e-17,-3.04757978793e-17,4.97850217366e-17
6,0.010075,-5e-05,0.010025,7.5e-05,-5e-05,2.5e-05,3.99310413708e-18,-1.20651658779e-17,8.07206174081e-18
7,0.010075,0.00995,0.010025,7.5e-05,-5e-05,2.5e-05,-2.44236597564e-17,-6.16078927116e-17,-3.80947475498e-18
8,7.5e-05,0.00995,0.010025,7.5e-05,-5e-05,2.5e-05,2.20636651775e-17,-2.13487026859e-17,-7.14962491599e-19
9,0.005075,-5e-05,2.5e-05,7.5e-05,-5e-05,2.5e-05,-2.93807057744e-18,-9.62593758281e-18,-1.21482840083e-17
10,0.010075,0.00495,2.5e-05,7.5e-05,-5e-05,2.5e-05,-3.30714678246e-17,4.66046560601e-17,-1.35331882354e-17
11,0.005075,0.00495,2.5e-05,7.5e-05,-5e-05,2.5e-05,4.4950446873e-17,3.30209663788e-17,-2.15049166311e-17
12,0.005075,0.00495,0.005025,7.5e-05,-5e-05,2.5e-05,5.23928095261e-17,2.3018116054e-17,1.15219253289e-16
13,0.010075,0.00495,0.005025,7.5e-05,-5e-05,2.5e-05,-2.77685052961e-17,1.68692861241e-17,3.56115113406e-17
14,0.010075,0.00995,0.005025,7.5e-05,-5e-05,2.5e-05,2.75188381478e-18,-5.69018219089e-18,-5.35281982446e-17
15,0.005075,0.00995,2.5e-05,7.5e-05,-5e-05,2.5e-05,5.12464244417e-17,-2.3395028796e-17,-2.78513956457e-17
16,7.5e-05,0.00495,2.5e-05,7.5e-05,-5e-05,2.5e-05,-1.18789790483e-17,-1.36906427544e-17,-1.74886570776e-17
17,0.005075,0.00995,0.005025,7.5e-05,-5e-05,2.5e-05,1.24549994199e-17,-8.84444246086e-18,3.94477219214e-17
18,7.5e-05,0.00995,0.005025,7.5e-05,-5e-05,2.5e-05,-1.52068832347e-17,6.07978802342e-18,9.12709521125e-18
19,7.5e-05,0.00495,0.005025,7.5e-05,-5e-05,2.5e-05,-4.48278658988e-18,-1.90856585112e-17,4.87487180236e-17
20,0.005075,0.00995,0.010025,7.5e-05,-5e-05,2.5e-05,2.35999457888e-18,-1.59439412258e-17,-1.15963262756e-17
21,7.5e-05,0.00495,0.010025,7.5e-05,-5e-05,2.5e-05,-2.05644396193e-17,5.18245005652e-17,-3.12600609459e-17
22,7.5e-05,-5e-05,0.005025,7.5e-05,-5e-05,2.5e-05,1.71778694551e-18,1.30058704877e-17,-3.97593345446e-17
23,0.005075,0.00495,0.010025,7.5e-05,-5e-05,2.5e-05,7.18249533985e-17,2.04151787178e-17,-6.7204455005e-17
24,0.005075,-5e-05,0.010025,7.5e-05,-5e-05,2.5e-05,1.53161197202e-17,-4.47123749206e-18,-1.08448822281e-17
25,0.005075,-5e-05,0.005025,7.5e-05,-5e-05,2.5e-05,-1.28968908787e-17,-1.04304970628e-17,2.29931662364e-17
26,0.010075,0.00495,0.010025,7.5e-05,-5e-05,2.5e-05,-5.12605137792e-17,7.36730585895e-17,-2.20783231052e-17
27,0.010075,-5e-05,0.005025,7.5e-05,-5e-05,2.5e-05,1.11791039332e-17,-1.11791039332e-17,1.82563235644e-33
*Step  = 2
*Time  = 0.5
*Data  = mechanics_nodes_si
1,0.00015,-0.0001,5e-05,0.00015,-0.0001,5e-05,0,0,0
2,0.01015,-0.0001,5e-05,0.00015,-0.0001,5e-05,0,0,0
3,0.01015,0.0099,5e-05,0.00015,-0.0001,5e-05,3.04757978615e-17,8.98591891538e-19,-3.1374389753e-17
4,0.00015,0.0099,5e-05,0.00015,-0.0001,5e-05,0,0,0
5,0.00015,-0.0001,0.01005,0.00015,-0.0001,5e-05,2.6881430331e-18,8.26761370106e-18,-1.09557567342e-17
6,0.01015,-0.0001,0.01005,0.00015,-0.0001,5e-05,-4.06369230286e-19,1.27648630731e-17,-1.23584938428e-17
7,0.01015,0.0099,0.01005,0.00015,-0.0001,5e-05,2.30404778228e-17,3.32617168635e-17,2.54982483484e-17
8,0.00015,0.0099,0.01005,0.00015,-0.0001,5e-05,2.71533090766e-18,4.84495299238e-18,-7.56028390004e-18
9,0.00515,-0.0001,5e-05,0.00015,-0.0001,5e-05,-5.3449977357e-17,1.31764115133e-17,1.37714038326e-17
10,0.01015,0.0049,5e-05,0.00015,-0.0001,5e-05,1.1923100282e-17,6.18902450893e-18,-1.81121247909e-17
11,0.00515,0.0049,5e-05,0.00015,-0.0001,5e-05,-6.30058776588e-17,-1.39181345946e-17,6.42591888901e-17
12,0.00515,0.0049,0.00505,0.00015,-0.0001,5e-05,-1.06038242138e-16,-3.62768594145e-17,-1.28842035996e-16
13,0.01015,0.0049,0.00505,0.00015,-0.0001,5e-05,3.56292572223e-17,-1.8849182782e-17,9.72208757075e-18
14,0.01015,0.0099,0.00505,0.00015,-0.0001,5e-05,-2.04505380435e-17,2.72392200022e-17,5.87614140465e-18
15,0.00515,0.0099,5e-05,0.00015,-0.0001,5e-05,-4.88864298629e-17,7.4172308133e-19,4.81447067815e-17
16,0.00015,0.0049,5e-05,0.00015,-0.0001,5e-05,5.10827773768e-17,-2.22396617575e-17,4.75100482707e-18
17,0.00515,0.0099,0.00505,0.00015,-0.0001,5e-05,3.50011243787e-17,-2.30558410651e-18,-6.62896607185e-17
18,0.00015,0.0099,0.00505,0.00015,-0.0001,5e-05,-1.45505863352e-17,-7.65533385022e-19,1.53161197202e-17
19,0.00015,0.0049,0.00505,0.00015,-0.0001,5e-05,-1.45162444237e-18,6.96816265446e-18,-2.4066200781e-17
20,0.00515,0.0099,0.01005,0.00015,-0.0001,5e-05,-2.57558087305e-17,2.61605173624e-17,1.8144953937e-17
21,0.00015,0.0049,0.01005,0.00015,-0.0001,5e-05,-6.20262926052e-18,-1.31125666934e-17,1.9315195954e-17
22,0.00015,-0.0001,0.00505,0.00015,-0.0001,5e-05,9.65899433131e-18,-6.20262926944e-18,-1.59724165929e-17
23,0.00515,0.0049,0.01005,0.00015,-0.0001,5e-05,-2.45540079415e-17,-1.98470950919e-17,5.69171545644e-17
24,0.00515,-0.0001,0.01005,0.00015,-0.0001,5e-05,-2.28177380281e-18,-6.31342227054e-18,8.59519607335e-18
25,0.00515,-0.0001,0.00505,0.00015,-0.0001,5e-05,5.81610725651e-18,2.34303981639e-17,-2.2366599906e-17
26,0.01015,0.0049,0.01005,0.00015,-0.0001,5e-05,3.0756637202e-17,-4.60265799366e-17,8.39003722017e-18
27,0.01015,-0.0001,0.00505,0.00015,-0.0001,5e-05,-1.54751015878e-17,-8.39003722017e-18,2.3865138808e-17
*Step  = 3
*Time  = 0.75
*Data  = mechanics_nodes_si
1,0.000225,-0.00015,7.5e-05,0.000225,-0.00015,7.5e-05,0,0,0
2,0.010225,-0.00015,7.5e-05,0.000225,-0.00015,7.5e-05,0,0,0
3,0.010225,0.00985,7.5e-05,0.000225,-0.00015,7.5e-05,-1.1565310593e-17,2.08760351863e-17,-9.31072459335e-18
4,0.000225,0.00985,7.5e-05,0.000225,-0.00015,7.5e-05,0,0,0
5,0.000225,-0.00015,0.010075,0.000225,-0.00015,7.5e-05,-1.3788418768e-17,-9.80294730367e-18,2.35913660717e-17
6,0.010225,-0.00015,0.010075,0.000225,-0.00015,7.5e-05,-3.06126842653e-17,1.72501899071e-17,1.33624943582e-17
7,0.010225,0.00985,0.010075,0.000225,-0.00015,7.5e-05,-1.55464922277e-17,9.55301960322e-18,-7.77877837939e-17
8,0.000225,0.00985,0.010075,0.000225,-0.00015,7.5e-05,-3.62780083375e-17,1.37884187859e-17,2.24895895516e-17
9,0.005225,-0.00015,7.5e-05,0.000225,-0.00015,7.5e-05,8.04878493828e-17,-4.28536046533e-17,2.55182017609e-18
10,0.010225,0.00485,7.5e-05,0.000225,-0.00015,7.5e-05,2.06921634845e-17,-4.59483591605e-17,2.5256195676e-17
11,0.005225,0.00485,7.5e-05,0.000225,-0.00015,7.5e-05,-3.03095958886e-17,8.01652059025e-17,-3.32361722492e-17
12,0.005225,0.00485,0.005075,0.000225,-0.00015,7.5e-05,1.43062624125e-16,5.41639542996e-17,1.57181404335e-17
13,0.010225,0.00485,0.005075,0.000225,-0.00015,7.5e-05,-3.47315580723e-17,2.40951900394e-17,-2.95496968727e-17
14,0.010225,0.00985,0.005075,0.000225,-0.00015,7.5e-05,-6.46928868829e-17,-3.9025059269e-17,8.70985083872e-17
15,0.005225,0.00985,7.5e-05,0.000225,-0.00015,7.5e-05,4.59483591605e-17,-3.73116012492e-17,-8.63675791135e-18
16,0.000225,0.00485,7.5e-05,0.000225,-0.00015,7.5e-05,9.61743240411e-18,9.12709542534e-18,1.94364659403e-17
17,0.005225,0.00985,0.005075,0.000225,-0.00015,7.5e-05,1.78751352018e-17,-8.02221022242e-17,2.41659732526e-17
18,0.000225,0.00985,0.005075,0.000225,-0.00015,7.5e-05,4.68177516811e-17,2.72497508124e-18,-4.95427267624e-17
19,0.000225,0.00485,0.005075,0.000225,-0.00015,7.5e-05,6.53983189796e-18,1.01716589611e-17,-4.99309935012e-17
20,0.005225,0.00985,0.010075,0.000225,-0.00015,7.5e-05,5.18245005652e-17,-3.07578258177e-18,-1.55292153413e-17
21,0.000225,0.00485,0.010075,0.000225,-0.00015,7.5e-05,-2.65090560787e-17,-3.98547148219e-18,3.04945275609e-17
22,0.000225,-0.00015,0.005075,0.000225,-0.00015,7.5e-05,7.56109919962e-18,-1.28966340424e-17,-1.58941957633e-17
23,0.005225,0.00485,0.010075,0.000225,-0.00015,7.5e-05,4.02591798631e-17,-2.20354289086e-18,-1.68259063661e-17
24,0.005225,-0.00015,0.010075,0.000225,-0.00015,7.5e-05,4.44011030333e-17,5.27932547263e-18,-4.96804285059e-17
25,0.005225,-0.00015,0.005075,0.000225,-0.00015,7.5e-05,-2.09816956075e-17,1.01129193757e-17,4.71286083298e-17
26,0.010225,0.00485,0.010075,0.000225,-0.00015,7.5e-05,-1.37501237844e-17,-2.68032095103e-17,4.29350119667e-18
27,0.010225,-0.00015,0.005075,0.000225,-0.00015,7.5e-05,1.34205964079e-17,1.49298692296e-17,-2.83504656375e-17
*Step  = 4
*Time  = 1
*Data  = mechanics_nodes_si
1,0.0003,-0.0002,0.0001,0.0003,-0.0002,0.0001,0,0,0
2,0.0103,-0.0002,0.0001,0.0003,-0.0002,0.0001,0,0,0
3,0.0103,0.0098,0.0001,0.0003,-0.0002,0.0001,-1.10807205554e-17,1.80901161842e-17,-7.00939562886e-18
4,0.0003,0.0098,0.0001,0.0003,-0.0002,0.0001,0,0,0
5,0.0003,-0.0002,0.0101,0.0003,-0.0002,0.0001,1.7500117554e-17,1.80824835427e-17,-3.55826010968e-17
6,0.0103,-0.0002,0.0101,0.0003,-0.0002,0.0001,1.37884187859e-17,2.05946298352e-17,-3.43830486211e-17
7,0.0103,0.0098,0.0101,0.0003,-0.0002,0.0001,1.24443472648e-17,4.12479251689e-17,3.47035643669e-17
8,0.0003,0.0098,0.0101,0.0003,-0.0002,0.0001,5.15354625815e-18,7.32991139249e-18,-1.24834576506e-17
9,0.0053,-0.0002,0.0001,0.0003,-0.0002,0.0001,-2.44432147709e-17,2.90624035231e-17,1.85834607798e-17
10,0.0103,0.0048,0.0001,0.0003,-0.0002,0.0001,2.22613276321e-18,-1.59724166197e-17,1.37462838565e-17
11,0.0053,0.0048,0.0001,0.0003,-0.0002,0.0001,4.24640223307e-17,-7.37525586527e-17,-1.56277515707e-17
12,0.0053,0.0048,0.0051,0.0003,-0.0002,0.0001,-1.74385115162e-18,-1.21804864311e-16,-2.38298261748e-17
13,0.0103,0.0048,0.0051,0.0003,-0.0002,0.0001,-1.37626712165e-17,1.34170133922e-17,-2.28569917077e-17
14,0.0103,0.0098,0.0051,0.0003,-0.0002,0.0001,9.74838356985e-17,-2.28733790677e-17,-2.7694168738e-17
15,0.0053,0.0098,0.0001,0.0003,-0.0002,0.0001,-8.47079831174e-18,4.46901551295e-17,-3.62193568178e-17
16,0.0003,0.0048,0.0001,0.0003,-0.0002,0.0001,-4.46901550939e-17,9.04887435936e-18,-3.72005805252e-17
17,0.0053,0.0098,0.0051,0.0003,-0.0002,0.0001,-6.08613312566e-17,1.32402642461e-16,1.30055005522e-18
18,0.0003,0.0098,0.0051,0.0003,-0.0002,0.0001,-3.66225044419e-17,1.96026870424e-17,1.70198173996e-17
19,0.0003,0.0048,0.0051,0.0003,-0.0002,0.0001,-2.84882112698e-17,-2.83150562978e-17,3.97239253431e-17
20,0.0053,0.0098,0.0101,0.0003,-0.0002,0.0001,-1.7597893523e-17,-2.41571015021e-19,3.49188067626e-17
21,0.0003,0.0048,0.0101,0.0003,-0.0002,0.0001,2.79357397531e-17,-2.54123949352e-17,-2.52334481783e-18
22,0.0003,-0.0002,0.0051,0.0003,-0.0002,0.0001,-1.80146650056e-17,8.7123692554e-18,2.60686919106e-17
23,0.0053,0.0048,0.0101,0.0003,-0.0002,0.0001,-7.09716958091e-17,1.14109146078e-17,4.2794385041e-17
24,0.0053,-0.0002,0.0101,0.0003,-0.0002,0.0001,-3.12885363399e-17,-1.11693435927e-17,4.24578799326e-17
25,0.0053,-0.0002,0.0051,0.0003,-0.0002,0.0001,7.01684360352e-17,5.68795774143e-19,-6.10413407124e-17
26,0.0103,0.0048,0.0101,0.0003,-0.0002,0.0001,4.30359560561e-17,-6.18425550042e-17,9.11070785121e-18
27,0.0103,-0.0002,0.0051,0.0003,-0.0002,0.0001,-5.21537710295e-17,9.45636567558e-18,4.26974053539e-17
