*Step  = 0
*Time  = 0
*Data  = mechanics_elements_si
1,0,0,0,0,0,0,1,0
2,0,0,0,0,0,0,1,0
3,0,0,0,0,0,0,1,0
4,0,0,0,0,0,0,1,0
5,0,0,0,0,0,0,1,0
6,0,0,0,0,0,0,1,0
*Step  = 1
*Time  = 0.25
*Data  = mechanics_elements_si
1,6.70759744044e-14,6.70759744044e-14,6.70759744044e-14,3.54987407349e-30,4.73316543133e-30,9.46633086265e-30,1,-1.11022302463e-13
2,-4.02455846427e-13,-4.02455846427e-13,-4.02455846427e-13,-1.63688637833e-29,-2.36658271566e-29,2.80045621353e-29,1,-4.71844785466e-13
3,-6.0368376964e-13,-6.0368376964e-13,-6.0368376964e-13,9.12120421662e-31,1.35092430019e-29,-1.79465855938e-29,1,-3.05311331772e-13
4,5.36607795235e-13,5.36607795235e-13,5.36607795235e-13,6.02507923802e-30,1.10440526731e-29,1.95859371624e-29,1,-5.27355936697e-13
5,7.37835718449e-13,7.37835718449e-13,7.37835718449e-13,-1.43967115203e-29,-6.90253292068e-30,1.49883571992e-29,1,-1.66533453694e-13
6,-4.69531820831e-13,-4.69531820831e-13,-4.69531820831e-13,2.99767143984e-29,4.33873497872e-30,2.28769662514e-29,1,-1.38777878078e-13
*Step  = 2
*Time  = 0.5
*Data  = mechanics_elements_si
1,-8.71987667258e-13,-8.71987667258e-13,-8.71987667258e-13,6.40949485492e-30,-1.57772181044e-29,-1.57772181044e-29,1,-1.66533453694e-13
2,1.60982338571e-12,1.60982338571e-12,1.60982338571e-12,7.88860905221e-30,2.8398992588e-29,-6.31088724177e-30,1,4.99600361081e-13
3,-6.0368376964e-13,-6.0368376964e-13,-6.0368376964e-13,-7.09974814699e-30,-1.57772181044e-30,-2.48491185145e-29,1,-3.33066907388e-13
4,-1.00613961607e-12,-1.00613961607e-12,-1.00613961607e-12,8.21216528287e-30,6.90253292068e-30,-1.11919640928e-29,1,0
5,-6.70759744044e-13,-6.70759744044e-13,-6.70759744044e-13,-3.0371144851e-29,-2.55147199032e-29,-3.15544362088e-30,1,-1.94289029309e-13
6,-6.70759744044e-14,-6.70759744044e-14,-6.70759744044e-14,-1.4199496294e-29,1.49883571992e-29,1.57772181044e-30,1,1.66533453694e-13
*Step  = 3
*Time  = 0.75
*Data  = mechanics_elements_si
1,-1.34151948809e-13,-1.34151948809e-13,-1.34151948809e-13,-4.5852540116e-30,-1.37064582282e-29,-1.94256997911e-29,1,-8.32667268469e-14
2,1.34151948809e-12,1.34151948809e-12,1.34151948809e-12,7.95023881043e-30,-5.42341872339e-30,-6.62643160386e-29,1,4.99600361081e-13
3,9.39063641662e-13,9.39063641662e-13,9.39063641662e-13,-1.48620161948e-29,2.11759849245e-29,1.22766478375e-29,1,-5.55111512313e-13
4,-1.14029156488e-12,-1.14029156488e-12,-1.14029156488e-12,7.02579243712e-30,-1.34106353888e-29,-2.66240555512e-30,1,2.49800180541e-13
5,1.00613961607e-12,1.00613961607e-12,1.00613961607e-12,-3.94430452611e-31,0,-1.08468374468e-29,1,-2.77555756156e-13
6,-1.34151948809e-13,-1.34151948809e-13,-1.34151948809e-13,1.13891793191e-29,2.76101316827e-30,1.57772181044e-30,1,2.22044604925e-13
*Step  = 4
*Time  = 1
*Data  = mechanics_elements_si
1,8.71987667258e-13,8.71987667258e-13,8.71987667258e-13,3.56959559613e-29,3.15544362088e-30,-9.86076131526e-30,1,-8.32667268469e-14
2,-3.62210261784e-12,-3.62210261784e-12,-3.62210261784e-12,1.32134201625e-29,-1.02551917679e-29,3.11600057562e-29,1,1.11022302463e-13
3,-2.01227923213e-12,-2.01227923213e-12,-2.01227923213e-12,-8.87468518374e-30,-9.46633086265e-30,3.94430452611e-30,1,-2.77555756156e-14
4,4.02455846427e-13,4.02455846427e-13,4.02455846427e-13,-3.78653234506e-29,3.15544362088e-30,-3.47098798297e-29,1,2.77555756156e-14
5,-1.94520325773e-12,-1.94520325773e-12,-1.94520325773e-12,1.38420436963e-29,-1.6448982469e-29,6.31088724177e-30,1,-2.49800180541e-13
6,8.04911692853e-13,8.04911692853e-13,8.04911692853e-13,-8.87468518374e-31,5.67979851759e-29,6.31088724177e-30,1,5.55111512313e-13
