*Step  = 0
*Time  = 0
*Data  = mechanics_nodes_si
1,0,0,0,0,0,0,0,0,0
2,0.01,0,0,0,0,0,0,0,0
3,0.01,0.01,0,0,0,0,0,0,0
4,0,0.01,0,0,0,0,0,0,0
5,0,0,0.01,0,0,0,0,0,0
6,0.01,0,0.01,0,0,0,0,0,0
7,0.01,0.01,0.01,0,0,0,0,0,0
8,0,0.01,0.01,0,0,0,0,0,0
9,0.005,0,0,0,0,0,0,0,0
10,0.01,0.005,0,0,0,0,0,0,0
11,0.005,0.005,0,0,0,0,0,0,0
12,0.005,0.005,0.005,0,0,0,0,0,0
13,0.01,0.005,0.005,0,0,0,0,0,0
14,0.01,0.01,0.005,0,0,0,0,0,0
15,0.005,0.01,0,0,0,0,0,0,0
16,0,0.005,0,0,0,0,0,0,0
17,0.005,0.01,0.005,0,0,0,0,0,0
18,0,0.01,0.005,0,0,0,0,0,0
19,0,0.005,0.005,0,0,0,0,0,0
20,0.005,0.01,0.01,0,0,0,0,0,0
21,0,0.005,0.01,0,0,0,0,0,0
22,0,0,0.005,0,0,0,0,0,0
23,0.005,0.005,0.01,0,0,0,0,0,0
24,0.005,0,0.01,0,0,0,0,0,0
25,0.005,0,0.005,0,0,0,0,0,0
26,0.01,0.005,0.01,0,0,0,0,0,0
27,0.01,0,0.005,0,0,0,0,0,0
*Step  = 1
*Time  = 0.25
*Data  = mechanics_nodes_si
1,0,0,0,0,0,0,-2.62464479678e-12,-1.75756434714e-12,-2.00475295644e-12
2,0.010075,0,0,7.5e-05,0,0,-1.40085588058e-12,4.43530582308e-13,6.03459181334e-13
3,0.010125,0.009975,0,0.000125,-2.5e-05,0,-7.60000104427e-13,-5.72461047304e-13,1.15503125323e-12
4,5e-05,0.009975,0,5e-05,-2.5e-05,0,5.50514521895e-13,-9.97309256901e-13,5.03736120643e-13
5,0,2.5e-05,0.010025,0,2.5e-05,2.5e-05,6.86938981141e-13,4.66971867218e-13,-1.21705623353e-12
6,0.010075,2.5e-05,0.010025,7.5e-05,2.5e-05,2.5e-05,-6.48311121472e-13,9.75518890593e-13,-6.24221580043e-13
7,0.010125,0.01,0.010025,0.000125,0,2.5e-05,2.6924081184e-13,5.69429146077e-13,4.82379186176e-13
8,5e-05,0.01,0.010025,5e-05,0,2.5e-05,1.24493382111e-12,-4.8988246046e-13,-6.40692502949e-13
9,0.0050375,0,0,3.75e-05,0,0,8.29196028688e-05,0.00108963437067,0.00124701151709
10,0.0101,0.0049875,0,0.0001,-1.25e-05,0,-0.00136780320404,-3.54349171779e-05,0.00120856416054
11,0.0050625,0.0049875,0,6.25e-05,-1.25e-05,0,2.19322845475e-12,8.2919600652e-05,0.00241674480306
12,0.00506250000006,0.00500000000006,0.00501250000006,6.25000000644e-05,5.73733124507e-14,1.25000000594e-05,6.79599605757e-14,-2.7542638309e-14,-1.56297365458e-14
13,0.0101,0.005,0.0050125,0.0001,0,1.25e-05,-0.00273560640654,-0.00015378943448,3.83514080637e-07
14,0.010125,0.0099875,0.0050125,0.000125,-1.25e-05,1.25e-05,-0.00145072280266,-0.0011250692882,-3.84473600704e-05
15,0.0050875,0.009975,0,8.75e-05,-2.5e-05,0,-8.29195989599e-05,-0.00100671477253,0.00116973328738
16,2.5e-05,0.0049875,0,2.5e-05,-1.25e-05,0,0.00136780320269,0.000118354518747,0.00120818064433
17,0.0050875,0.0099875,0.0050125,8.75e-05,-1.25e-05,1.25e-05,-0.000165839198914,-0.00209634914285,-7.72782322492e-05
18,5e-05,0.0099875,0.0050125,5e-05,-1.25e-05,1.25e-05,0.0012848836054,-0.000971279855257,-3.88308730873e-05
19,2.5e-05,0.005,0.0050125,2.5e-05,0,1.25e-05,0.00273560640526,0.000153789434968,-3.83513026013e-07
20,0.0050875,0.01,0.010025,8.75e-05,0,2.5e-05,-8.29196006843e-05,-0.00108963437104,-0.00124701151821
21,2.5e-05,0.0050125,0.010025,2.5e-05,1.25e-05,2.5e-05,0.0013678032045,3.54349174816e-05,-0.00120856416034
22,0,1.25e-05,0.0050125,0,1.25e-05,1.25e-05,0.00145072280125,0.00112506928795,3.84473615689e-05
23,0.0050625,0.0050125,0.010025,6.25e-05,1.25e-05,2.5e-05,-7.00612311222e-13,-8.29195996885e-05,-0.00241674480437
24,0.0050375,2.5e-05,0.010025,3.75e-05,2.5e-05,2.5e-05,8.29195993017e-05,0.00100671477278,-0.00116973328701
25,0.0050375,1.25e-05,0.0050125,3.75e-05,1.25e-05,1.25e-05,0.000165839200007,0.00209634914209,7.7278233392e-05
26,0.0101,0.0050125,0.010025,0.0001,1.25e-05,2.5e-05,-0.00136780320346,-0.00011835451812,-0.00120818064471
27,0.010075,1.25e-05,0.0050125,7.5e-05,1.25e-05,1.25e-05,-0.00128488360489,0.000971279855393,3.88308734028e-05
*Step  = 2
*Time  = 0.5
*Data  = mechanics_nodes_si
1,0,0,0,0,0,0,-5.21633344347e-12,-3.50953544646e-12,-3.99435232787e-12
2,0.01015,0,0,0.00015,0,0,-2.78922388709e-12,9.08011301759e-13,1.20506922521e-12
3,0.01025,0.00995,0,0.00025,-5e-05,0,-1.51337618608e-12,-1.14589784415e-12,2.31501962509e-12
4,0.0001,0.00995,0,0.0001,-5e-05,0,1.0945990752e-12,-2.01297090437e-12,1.01321194968e-12
5,0,5e-05,0.01005,0,5e-05,5e-05,1.36550723067e-12,9.33968848236e-13,-2.43559557788e-12
6,0.01015,5e-05,0.01005,0.00015,5e-05,5e-05,-1.29047082699e-12,1.97177044669e-12,-1.25452026112e-12
7,0.01025,0.01,0.01005,0.00025,0,5e-05,5.41458519826e-13,1.14398515199e-12,9.67213760325e-13
8,0.0001,0.01,0.01005,0.0001,0,5e-05,2.47477537469e-12,-9.96893316139e-13,-1.27782069431e-12
9,0.005075,0,0,7.5e-05,0,0,0.000165023317238,0.00219186625588,0.00248796693518
10,0.0102,0.004975,0,0.0002,-2.5e-05,0,-0.00272138082286,-5.84781450164e-05,0.00241747203886
11,0.005125,0.004975,0,0.000125,-2.5e-05,0,4.36538565712e-12,0.000165023312848,0.00483354118768
12,0.00512500000013,0.00500000000011,0.00502500000012,0.00012500000013,1.14394797898e-13,2.50000001186e-05,6.706874639e-14,-2.79130017711e-14,-1.55633698203e-14
13,0.0102,0.005,0.005025,0.0002,0,2.5e-05,-0.00544276164263,-0.000281979601854,1.40288214989e-06
14,0.01025,0.009975,0.005025,0.00025,-2.5e-05,2.5e-05,-0.00288640413165,-0.00225034440166,-7.04949033676e-05
15,0.005175,0.00995,0,0.000175,-5e-05,0,-0.000165023309461,-0.00202684294812,0.00234557425534
16,5e-05,0.004975,0,5e-05,-2.5e-05,0,0.00272138082017,0.000223501459739,0.00241606915245
17,0.005175,0.009975,0.005025,0.000175,-2.5e-05,2.5e-05,-0.000330046620908,-0.00421870920333,-0.000142392684926
18,0.0001,0.009975,0.005025,0.0001,-2.5e-05,2.5e-05,0.00255635751403,-0.00196836480292,-7.18977833799e-05
19,5e-05,0.005,0.005025,5e-05,0,2.5e-05,0.00544276164012,0.000281979602833,-1.40288005288e-06
20,0.005175,0.01,0.01005,0.000175,0,5e-05,-0.000165023312899,-0.00219186625666,-0.00248796693742
21,5e-05,0.005025,0.01005,5e-05,2.5e-05,5e-05,0.00272138082378,5.84781456181e-05,-0.00241747203848
22,0,2.5e-05,0.005025,0,2.5e-05,2.5e-05,0.00288640412884,0.00225034440117,7.04949063532e-05
23,0.005125,0.005025,0.01005,0.000125,2.5e-05,5e-05,-1.39236799174e-12,-0.000165023310921,-0.00483354119033
24,0.005075,5e-05,0.01005,7.5e-05,5e-05,5e-05,0.000165023310148,0.00202684294862,-0.00234557425462
25,0.005075,2.5e-05,0.005025,7.5e-05,2.5e-05,2.5e-05,0.00033004662308,0.00421870920179,0.000142392687217
26,0.0102,0.005025,0.01005,0.0002,2.5e-05,5e-05,-0.0027213808217,-0.000223501458474,-0.00241606915319
27,0.01015,2.5e-05,0.005025,0.00015,2.5e-05,2.5e-05,-0.002556357513,0.00196836480318,7.18977840081e-05
*Step  = 3
*Time  = 0.75
*Data  = mechanics_nodes_si
1,0,0,0,0,0,0,-7.77786070496e-12,-5.25921118807e-12,-5.97178762373e-12
2,0.010225,0,0,0.000225,0,0,-4.16161121829e-12,1.3916012199e-12,1.80278001737e-12
3,0.010375,0.009925,0,0.000375,-7.5e-05,0,-2.26010835646e-12,-1.71862940099e-12,3.47819258263e-12
4,0.00015,0.009925,0,0.00015,-7.5e-05,0,1.6328943069e-12,-3.04917690968e-12,1.53038141578e-12
5,0,7.5e-05,0.010075,0,7.5e-05,7.5e-05,2.03596301338e-12,1.40280063519e-12,-3.65717106545e-12
6,0.010225,7.5e-05,0.010075,0.000225,7.5e-05,7.5e-05,-1.92612754132e-12,2.98651250849e-12,-1.88909045453e-12
7,0.010375,0.01,0.010075,0.000375,0,7.5e-05,8.14359245965e-13,1.72077273495e-12,1.45142586388e-12
8,0.00015,0.01,0.010075,0.00015,0,7.5e-05,3.69356044601e-12,-1.52268724742e-12,-1.91316376893e-12
9,0.0051125,0,0,0.0001125,0,0,0.000246328183259,0.00330668795237,0.00372274710284
10,0.0103,0.0049625,0,0.0003,-3.75e-05,0,-0.0040609779696,-6.92347915448e-05,0.00362654766947
11,0.0051875,0.0049625,0,0.0001875,-3.75e-05,0,6.52222893749e-12,0.000246328176732,0.00725023082982
12,0.0051875000002,0.00500000000017,0.00503750000018,0.000187500000197,1.71171208907e-13,3.75000001778e-05,6.55898946267e-14,-2.9161135312e-14,-1.57480501079e-14
13,0.0103,0.005,0.0050375,0.0003,0,3.75e-05,-0.00812195593461,-0.00038479775833,2.86449728019e-06
14,0.010375,0.0099625,0.0050375,0.000375,-3.75e-05,3.75e-05,-0.00430730614026,-0.00337592274512,-9.61994439393e-05
15,0.0052625,0.009925,0,0.0002625,-7.5e-05,0,-0.000246328171656,-0.00306035978333,0.00352748373126
16,7.5e-05,0.0049625,0,7.5e-05,-3.75e-05,0,0.0040609779656,0.000315562971163,0.00362368316577
17,0.0052625,0.0099625,0.0050375,0.0002625,-3.75e-05,3.75e-05,-0.000492656346285,-0.00636704773471,-0.000195263379209
18,0.00015,0.0099625,0.0050375,0.00015,-3.75e-05,3.75e-05,0.00381464979888,-0.00299112499152,-9.90639379956e-05
19,7.5e-05,0.005,0.0050375,7.5e-05,0,3.75e-05,0.00812195593086,0.000384797759813,-2.86449413892e-06
20,0.0052625,0.01,0.010075,0.0002625,0,7.5e-05,-0.000246328176798,-0.00330668795356,-0.00372274710617
21,7.5e-05,0.0050375,0.010075,7.5e-05,3.75e-05,7.5e-05,0.00406097797099,6.92347924387e-05,-0.00362654766889
22,0,3.75e-05,0.0050375,0,3.75e-05,3.75e-05,0.00430730613608,0.00337592274438,9.61994484099e-05
23,0.0051875,0.0050375,0.010075,0.0001875,3.75e-05,7.5e-05,-2.06996442556e-12,-0.000246328173858,-0.00725023083379
24,0.0051125,7.5e-05,0.010075,0.0001125,7.5e-05,7.5e-05,0.000246328172691,0.00306035978409,-0.00352748373018
25,0.0051125,3.75e-05,0.0050375,0.0001125,3.75e-05,3.75e-05,0.000492656349526,0.00636704773239,0.000195263382638
26,0.0103,0.0050375,0.010075,0.0003,3.75e-05,7.5e-05,-0.00406097796788,-0.000315562969238,-0.00362368316691
27,0.010225,3.75e-05,0.0050375,0.000225,3.75e-05,3.75e-05,-0.00381464979736,0.00299112499191,9.90639389338e-05
*Step  = 4
*Time  = 1
*Data  = mechanics_nodes_si
1,0,0,0,0,0,0,-1.03101275536e-11,-7.00705530556e-12,-7.93738291061e-12
2,0.0103,0,0,0.0003,0,0,-5.51820433791e-12,1.89406573558e-12,2.39645480251e-12
3,0.0105,0.0099,0,0.0005,-0.0001,0,-3.0002902346e-12,-2.2907434782e-12,4.64451279047e-12
4,0.0002,0.0099,0,0.0002,-0.0001,0,2.1654884819e-12,-4.10585750162e-12,2.05529597228e-12
5,0,0.0001,0.0101,0,0.0001,0.0001,2.69854534127e-12,1.87341045713e-12,-4.88165855065e-12
6,0.0103,0.0001,0.0101,0.0003,0.0001,0.0001,-2.5553085466e-12,4.01958284017e-12,-2.527957692e-12
7,0.0105,0.01,0.0101,0.0005,0,0.0001,1.08745999659e-12,2.29933486418e-12,1.93474967362e-12
8,0.0002,0.01,0.0101,0.0002,0,0.0001,4.90142806971e-12,-2.06723481537e-12,-2.54644758999e-12
9,0.00515,0,0,0.00015,0,0,0.000326850813057,0.004434090595,0.00495123230819
10,0.0104,0.00495,0,0.0004,-5e-05,0,-0.0053868308476,-6.78066258273e-05,0.00483561630293
11,0.00525,0.00495,0,0.00025,-5e-05,0,8.66395583748e-12,0.000326850804429,0.00966665374091
12,0.00525000000026,0.00500000000023,0.00505000000024,0.000250000000264,2.27681643398e-13,5.00000002368e-05,6.4284515211e-14,-2.99283167693e-14,-1.58208271787e-14
13,0.0104,0.005,0.00505,0.0004,0,5e-05,-0.0107736616891,-0.000462464054159,4.57884914277e-06
14,0.0105,0.00995,0.00505,0.0005,-5e-05,5e-05,-0.00571368164394,-0.00450189722252,-0.000115616019349
15,0.00535,0.0099,0,0.00035,-0.0001,0,-0.000326850797671,-0.00410723980091,0.00471542143846
16,0.0001,0.00495,0,0.0001,-5e-05,0,0.00538683084228,0.000394657434209,0.00483103744519
17,0.00535,0.00995,0.00505,0.00035,-5e-05,5e-05,-0.000653701599294,-0.0085413303946,-0.000235810879897
18,0.0002,0.00995,0.00505,0.0002,-5e-05,5e-05,0.00505998005116,-0.00403943317473,-0.000120194864169
19,0.0001,0.005,0.00505,0.0001,0,5e-05,0.0107736616841,0.00046246405616,-4.57884495553e-06
20,0.00535,0.01,0.0101,0.00035,0,0.0001,-0.000326850804507,-0.00443409059662,-0.0049512323126
21,0.0001,0.00505,0.0101,0.0001,5e-05,0.0001,0.00538683084943,6.78066270084e-05,-0.00483561630215
22,0,5e-05,0.00505,0,5e-05,5e-05,0.00571368163841,0.00450189722153,0.000115616025303
23,0.00525,0.00505,0.0101,0.00025,5e-05,0.0001,-2.73363883613e-12,-0.000326850800625,-0.00966665374621
24,0.00515,0.0001,0.0101,0.00015,0.0001,0.0001,0.000326850799054,0.00410723980191,-0.00471542143704
25,0.00515,5e-05,0.00505,0.00015,5e-05,5e-05,0.000653701603597,0.00854133039151,0.000235810884452
26,0.0104,0.00505,0.0101,0.0004,5e-05,0.0001,-0.0053868308453,-0.000394657431603,-0.00483103744674
27,0.0103,5e-05,0.00505,0.0003,5e-05,5e-05,-0.00505998004914,0.00403943317525,0.000120194865414
