{"elapsed_seconds": 0.00011183414608240128, "phase": "before_imports", "phase_rss_source": "direct_libproc_self_pid_no_subprocess", "self_rss_kib": 22608}
{"elapsed_seconds": 1.3098639170639217, "phase": "after_input_model_hashes", "phase_rss_source": "direct_libproc_self_pid_no_subprocess", "self_rss_kib": 315584}
{"elapsed_seconds": 1.310792334144935, "phase": "before_weights_only_load", "phase_rss_source": "direct_libproc_self_pid_no_subprocess", "self_rss_kib": 315616}
{"elapsed_seconds": 1.4708243340719491, "phase": "after_weights_only_load", "phase_rss_source": "direct_libproc_self_pid_no_subprocess", "self_rss_kib": 536304}
{"elapsed_seconds": 1.490339000010863, "phase": "after_optimizer_cleanup", "phase_rss_source": "direct_libproc_self_pid_no_subprocess", "self_rss_kib": 541408}
{"elapsed_seconds": 1.536882417043671, "phase": "after_network_construction_alias_checks", "phase_rss_source": "direct_libproc_self_pid_no_subprocess", "self_rss_kib": 542336}
{"elapsed_seconds": 1.6560020421165973, "phase": "after_strict_copy_weights_cleanup", "phase_rss_source": "direct_libproc_self_pid_no_subprocess", "self_rss_kib": 539840}
{"elapsed_seconds": 1.6610224170144647, "phase": "after_tiled_conv3d_attachment", "phase_rss_source": "direct_libproc_self_pid_no_subprocess", "self_rss_kib": 540032}
{"elapsed_seconds": 1.6677945000119507, "phase": "after_lazy_final_decoder_attachment_or_baseline", "phase_rss_source": "direct_libproc_self_pid_no_subprocess", "self_rss_kib": 535376}
{"elapsed_seconds": 1.6681731671560556, "phase": "after_layer_observer_attachment", "phase_rss_source": "direct_libproc_self_pid_no_subprocess", "self_rss_kib": 535376}
{"elapsed_seconds": 1.66879600007087, "phase": "before_generated_forward", "phase_rss_source": "direct_libproc_self_pid_no_subprocess", "self_rss_kib": 535472}
{"elapsed_seconds": 1.668934167129919, "input_or_output_shapes": [[1, 2, 64, 64, 64]], "libproc_sample_seconds_excludes_json_flush": 9.14169941097498e-05, "phase": "layer:encoder.stages.0.0.convs.0.conv:conv3d:before", "process_group_resident_bytes": 548372480}
{"elapsed_seconds": 1.6807852091733366, "input_or_output_shapes": [1, 32, 64, 64, 64], "libproc_sample_seconds_excludes_json_flush": 7.1709044277668e-05, "phase": "layer:encoder.stages.0.0.convs.0.conv:conv3d:after", "process_group_resident_bytes": 575635456}
{"elapsed_seconds": 1.6811282089911401, "input_or_output_shapes": [[1, 32, 64, 64, 64]], "libproc_sample_seconds_excludes_json_flush": 1.737498678267002e-05, "phase": "layer:encoder.stages.0.0.convs.0.norm:instancenorm3d:before", "process_group_resident_bytes": 575635456}
{"elapsed_seconds": 1.698942834045738, "input_or_output_shapes": [1, 32, 64, 64, 64], "libproc_sample_seconds_excludes_json_flush": 3.737490624189377e-05, "phase": "layer:encoder.stages.0.0.convs.0.norm:instancenorm3d:after", "process_group_resident_bytes": 609828864}
{"elapsed_seconds": 1.7022260001394898, "input_or_output_shapes": [[1, 32, 64, 64, 64]], "libproc_sample_seconds_excludes_json_flush": 4.8582907766103745e-05, "phase": "layer:encoder.stages.0.0.convs.1.conv:conv3d:before", "process_group_resident_bytes": 609894400}
{"elapsed_seconds": 1.7715522921644151, "input_or_output_shapes": [1, 32, 64, 64, 64], "libproc_sample_seconds_excludes_json_flush": 7.862504571676254e-05, "phase": "layer:encoder.stages.0.0.convs.1.conv:conv3d:after", "process_group_resident_bytes": 609943552}
{"elapsed_seconds": 1.7716072089970112, "input_or_output_shapes": [[1, 32, 64, 64, 64]], "libproc_sample_seconds_excludes_json_flush": 1.39591284096241e-05, "phase": "layer:encoder.stages.0.0.convs.1.norm:instancenorm3d:before", "process_group_resident_bytes": 609943552}
{"elapsed_seconds": 1.7790489171165973, "input_or_output_shapes": [1, 32, 64, 64, 64], "libproc_sample_seconds_excludes_json_flush": 4.7666020691394806e-05, "phase": "layer:encoder.stages.0.0.convs.1.norm:instancenorm3d:after", "process_group_resident_bytes": 643514368}
{"elapsed_seconds": 1.7804283751174808, "input_or_output_shapes": [[1, 32, 64, 64, 64]], "libproc_sample_seconds_excludes_json_flush": 3.400002606213093e-05, "phase": "layer:encoder.stages.1.0.convs.0.conv:conv3d:before", "process_group_resident_bytes": 643514368}
{"elapsed_seconds": 1.789961292175576, "input_or_output_shapes": [1, 64, 32, 32, 32], "libproc_sample_seconds_excludes_json_flush": 8.166604675352573e-05, "phase": "layer:encoder.stages.1.0.convs.0.conv:conv3d:after", "process_group_resident_bytes": 643514368}
{"elapsed_seconds": 1.7900104171130806, "input_or_output_shapes": [[1, 64, 32, 32, 32]], "libproc_sample_seconds_excludes_json_flush": 1.3250159099698067e-05, "phase": "layer:encoder.stages.1.0.convs.0.norm:instancenorm3d:before", "process_group_resident_bytes": 643514368}
{"elapsed_seconds": 1.791282500140369, "input_or_output_shapes": [1, 64, 32, 32, 32], "libproc_sample_seconds_excludes_json_flush": 1.9958941265940666e-05, "phase": "layer:encoder.stages.1.0.convs.0.norm:instancenorm3d:after", "process_group_resident_bytes": 643514368}
{"elapsed_seconds": 1.7914438750594854, "input_or_output_shapes": [[1, 64, 32, 32, 32]], "libproc_sample_seconds_excludes_json_flush": 1.9832979887723923e-05, "phase": "layer:encoder.stages.1.0.convs.1.conv:conv3d:before", "process_group_resident_bytes": 643514368}
{"elapsed_seconds": 1.8094458340201527, "input_or_output_shapes": [1, 64, 32, 32, 32], "libproc_sample_seconds_excludes_json_flush": 4.5459019020199776e-05, "phase": "layer:encoder.stages.1.0.convs.1.conv:conv3d:after", "process_group_resident_bytes": 643514368}
{"elapsed_seconds": 1.8094919170252979, "input_or_output_shapes": [[1, 64, 32, 32, 32]], "libproc_sample_seconds_excludes_json_flush": 1.4459015801548958e-05, "phase": "layer:encoder.stages.1.0.convs.1.norm:instancenorm3d:before", "process_group_resident_bytes": 643514368}
{"elapsed_seconds": 1.810769542120397, "input_or_output_shapes": [1, 64, 32, 32, 32], "libproc_sample_seconds_excludes_json_flush": 1.9707949832081795e-05, "phase": "layer:encoder.stages.1.0.convs.1.norm:instancenorm3d:after", "process_group_resident_bytes": 643514368}
{"elapsed_seconds": 1.8109247090760618, "input_or_output_shapes": [[1, 64, 32, 32, 32]], "libproc_sample_seconds_excludes_json_flush": 1.687486656010151e-05, "phase": "layer:encoder.stages.2.0.convs.0.conv:conv3d:before", "process_group_resident_bytes": 643514368}
{"elapsed_seconds": 1.8141697500832379, "input_or_output_shapes": [1, 128, 16, 16, 16], "libproc_sample_seconds_excludes_json_flush": 3.0375085771083832e-05, "phase": "layer:encoder.stages.2.0.convs.0.conv:conv3d:after", "process_group_resident_bytes": 643514368}
{"elapsed_seconds": 1.814200249966234, "input_or_output_shapes": [[1, 128, 16, 16, 16]], "libproc_sample_seconds_excludes_json_flush": 1.3333046808838844e-05, "phase": "layer:encoder.stages.2.0.convs.0.norm:instancenorm3d:before", "process_group_resident_bytes": 643514368}
{"elapsed_seconds": 1.8145922501571476, "input_or_output_shapes": [1, 128, 16, 16, 16], "libproc_sample_seconds_excludes_json_flush": 1.4333054423332214e-05, "phase": "layer:encoder.stages.2.0.convs.0.norm:instancenorm3d:after", "process_group_resident_bytes": 643563520}
{"elapsed_seconds": 1.8146665000822395, "input_or_output_shapes": [[1, 128, 16, 16, 16]], "libproc_sample_seconds_excludes_json_flush": 2.2957799956202507e-05, "phase": "layer:encoder.stages.2.0.convs.1.conv:conv3d:before", "process_group_resident_bytes": 643563520}
{"elapsed_seconds": 1.820519250119105, "input_or_output_shapes": [1, 128, 16, 16, 16], "libproc_sample_seconds_excludes_json_flush": 2.7625123038887978e-05, "phase": "layer:encoder.stages.2.0.convs.1.conv:conv3d:after", "process_group_resident_bytes": 643563520}
{"elapsed_seconds": 1.8205503751523793, "input_or_output_shapes": [[1, 128, 16, 16, 16]], "libproc_sample_seconds_excludes_json_flush": 1.454213634133339e-05, "phase": "layer:encoder.stages.2.0.convs.1.norm:instancenorm3d:before", "process_group_resident_bytes": 643563520}
{"elapsed_seconds": 1.8209490419831127, "input_or_output_shapes": [1, 128, 16, 16, 16], "libproc_sample_seconds_excludes_json_flush": 1.570815220475197e-05, "phase": "layer:encoder.stages.2.0.convs.1.norm:instancenorm3d:after", "process_group_resident_bytes": 643563520}
{"elapsed_seconds": 1.821023124968633, "input_or_output_shapes": [[1, 128, 16, 16, 16]], "libproc_sample_seconds_excludes_json_flush": 1.5209196135401726e-05, "phase": "layer:encoder.stages.3.0.convs.0.conv:conv3d:before", "process_group_resident_bytes": 643563520}
{"elapsed_seconds": 1.8227062921505421, "input_or_output_shapes": [1, 256, 8, 8, 8], "libproc_sample_seconds_excludes_json_flush": 1.8042046576738358e-05, "phase": "layer:encoder.stages.3.0.convs.0.conv:conv3d:after", "process_group_resident_bytes": 643891200}
{"elapsed_seconds": 1.8227303749881685, "input_or_output_shapes": [[1, 256, 8, 8, 8]], "libproc_sample_seconds_excludes_json_flush": 1.4374963939189911e-05, "phase": "layer:encoder.stages.3.0.convs.0.norm:instancenorm3d:before", "process_group_resident_bytes": 643891200}
{"elapsed_seconds": 1.822869084076956, "input_or_output_shapes": [1, 256, 8, 8, 8], "libproc_sample_seconds_excludes_json_flush": 1.491582952439785e-05, "phase": "layer:encoder.stages.3.0.convs.0.norm:instancenorm3d:after", "process_group_resident_bytes": 643891200}
{"elapsed_seconds": 1.8229116250295192, "input_or_output_shapes": [[1, 256, 8, 8, 8]], "libproc_sample_seconds_excludes_json_flush": 1.5083001926541328e-05, "phase": "layer:encoder.stages.3.0.convs.1.conv:conv3d:before", "process_group_resident_bytes": 643891200}
{"elapsed_seconds": 1.825860874960199, "input_or_output_shapes": [1, 256, 8, 8, 8], "libproc_sample_seconds_excludes_json_flush": 3.1833071261644363e-05, "phase": "layer:encoder.stages.3.0.convs.1.conv:conv3d:after", "process_group_resident_bytes": 646021120}
{"elapsed_seconds": 1.8258896670304239, "input_or_output_shapes": [[1, 256, 8, 8, 8]], "libproc_sample_seconds_excludes_json_flush": 1.4042016118764877e-05, "phase": "layer:encoder.stages.3.0.convs.1.norm:instancenorm3d:before", "process_group_resident_bytes": 646021120}
{"elapsed_seconds": 1.826017125044018, "input_or_output_shapes": [1, 256, 8, 8, 8], "libproc_sample_seconds_excludes_json_flush": 1.5167053788900375e-05, "phase": "layer:encoder.stages.3.0.convs.1.norm:instancenorm3d:after", "process_group_resident_bytes": 646021120}
{"elapsed_seconds": 1.8260697091463953, "input_or_output_shapes": [[1, 256, 8, 8, 8]], "libproc_sample_seconds_excludes_json_flush": 1.5834113582968712e-05, "phase": "layer:encoder.stages.4.0.convs.0.conv:conv3d:before", "process_group_resident_bytes": 646021120}
{"elapsed_seconds": 1.8272653340827674, "input_or_output_shapes": [1, 320, 4, 4, 4], "libproc_sample_seconds_excludes_json_flush": 2.1124957129359245e-05, "phase": "layer:encoder.stages.4.0.convs.0.conv:conv3d:after", "process_group_resident_bytes": 646053888}
{"elapsed_seconds": 1.8272895840927958, "input_or_output_shapes": [[1, 320, 4, 4, 4]], "libproc_sample_seconds_excludes_json_flush": 1.354212872684002e-05, "phase": "layer:encoder.stages.4.0.convs.0.norm:instancenorm3d:before", "process_group_resident_bytes": 646053888}
{"elapsed_seconds": 1.8273662920109928, "input_or_output_shapes": [1, 320, 4, 4, 4], "libproc_sample_seconds_excludes_json_flush": 2.1041836589574814e-05, "phase": "layer:encoder.stages.4.0.convs.0.norm:instancenorm3d:after", "process_group_resident_bytes": 646053888}
{"elapsed_seconds": 1.827395125059411, "input_or_output_shapes": [[1, 320, 4, 4, 4]], "libproc_sample_seconds_excludes_json_flush": 1.2709060683846474e-05, "phase": "layer:encoder.stages.4.0.convs.1.conv:conv3d:before", "process_group_resident_bytes": 646053888}
{"elapsed_seconds": 1.8287119171582162, "input_or_output_shapes": [1, 320, 4, 4, 4], "libproc_sample_seconds_excludes_json_flush": 2.395804040133953e-05, "phase": "layer:encoder.stages.4.0.convs.1.conv:conv3d:after", "process_group_resident_bytes": 646053888}
{"elapsed_seconds": 1.828735750168562, "input_or_output_shapes": [[1, 320, 4, 4, 4]], "libproc_sample_seconds_excludes_json_flush": 1.3250159099698067e-05, "phase": "layer:encoder.stages.4.0.convs.1.norm:instancenorm3d:before", "process_group_resident_bytes": 646053888}
{"elapsed_seconds": 1.828813459025696, "input_or_output_shapes": [1, 320, 4, 4, 4], "libproc_sample_seconds_excludes_json_flush": 2.4041160941123962e-05, "phase": "layer:encoder.stages.4.0.convs.1.norm:instancenorm3d:after", "process_group_resident_bytes": 646053888}
{"elapsed_seconds": 1.828855625120923, "input_or_output_shapes": [[1, 320, 4, 4, 4]], "libproc_sample_seconds_excludes_json_flush": 1.3832934200763702e-05, "phase": "layer:encoder.stages.5.0.convs.0.conv:conv3d:before", "process_group_resident_bytes": 646053888}
{"elapsed_seconds": 1.8296035840176046, "input_or_output_shapes": [1, 320, 2, 2, 2], "libproc_sample_seconds_excludes_json_flush": 2.3707980290055275e-05, "phase": "layer:encoder.stages.5.0.convs.0.conv:conv3d:after", "process_group_resident_bytes": 646070272}
{"elapsed_seconds": 1.8296282500959933, "input_or_output_shapes": [[1, 320, 2, 2, 2]], "libproc_sample_seconds_excludes_json_flush": 1.2875068932771683e-05, "phase": "layer:encoder.stages.5.0.convs.0.norm:instancenorm3d:before", "process_group_resident_bytes": 646070272}
{"elapsed_seconds": 1.8297036250587553, "input_or_output_shapes": [1, 320, 2, 2, 2], "libproc_sample_seconds_excludes_json_flush": 2.4250010028481483e-05, "phase": "layer:encoder.stages.5.0.convs.0.norm:instancenorm3d:after", "process_group_resident_bytes": 646070272}
{"elapsed_seconds": 1.8297317090909928, "input_or_output_shapes": [[1, 320, 2, 2, 2]], "libproc_sample_seconds_excludes_json_flush": 1.3333046808838844e-05, "phase": "layer:encoder.stages.5.0.convs.1.conv:conv3d:before", "process_group_resident_bytes": 646070272}
{"elapsed_seconds": 1.8330213751178235, "input_or_output_shapes": [1, 320, 2, 2, 2], "libproc_sample_seconds_excludes_json_flush": 2.133403904736042e-05, "phase": "layer:encoder.stages.5.0.convs.1.conv:conv3d:after", "process_group_resident_bytes": 646086656}
{"elapsed_seconds": 1.833044125000015, "input_or_output_shapes": [[1, 320, 2, 2, 2]], "libproc_sample_seconds_excludes_json_flush": 1.2042000889778137e-05, "phase": "layer:encoder.stages.5.0.convs.1.norm:instancenorm3d:before", "process_group_resident_bytes": 646086656}
{"elapsed_seconds": 1.8331062090583146, "input_or_output_shapes": [1, 320, 2, 2, 2], "libproc_sample_seconds_excludes_json_flush": 1.4708144590258598e-05, "phase": "layer:encoder.stages.5.0.convs.1.norm:instancenorm3d:after", "process_group_resident_bytes": 646086656}
{"elapsed_seconds": 1.833147417055443, "input_or_output_shapes": [[1, 320, 2, 2, 2]], "libproc_sample_seconds_excludes_json_flush": 1.2875068932771683e-05, "phase": "layer:decoder.transpconvs.0:convtranspose3d:before", "process_group_resident_bytes": 646086656}
{"elapsed_seconds": 1.8342954169493169, "input_or_output_shapes": [1, 320, 4, 4, 4], "libproc_sample_seconds_excludes_json_flush": 1.570815220475197e-05, "phase": "layer:decoder.transpconvs.0:convtranspose3d:after", "process_group_resident_bytes": 646234112}
{"elapsed_seconds": 1.8344867920968682, "input_or_output_shapes": [[1, 640, 4, 4, 4]], "libproc_sample_seconds_excludes_json_flush": 1.4208024367690086e-05, "phase": "layer:decoder.stages.0:decoder_stage:before", "process_group_resident_bytes": 646250496}
{"elapsed_seconds": 1.8345109589863569, "input_or_output_shapes": [[1, 640, 4, 4, 4]], "libproc_sample_seconds_excludes_json_flush": 1.216609962284565e-05, "phase": "layer:decoder.stages.0.convs.0.conv:conv3d:before", "process_group_resident_bytes": 646250496}
{"elapsed_seconds": 1.837370292050764, "input_or_output_shapes": [1, 320, 4, 4, 4], "libproc_sample_seconds_excludes_json_flush": 3.800005652010441e-05, "phase": "layer:decoder.stages.0.convs.0.conv:conv3d:after", "process_group_resident_bytes": 646250496}
{"elapsed_seconds": 1.8374009591061622, "input_or_output_shapes": [[1, 320, 4, 4, 4]], "libproc_sample_seconds_excludes_json_flush": 1.1917203664779663e-05, "phase": "layer:decoder.stages.0.convs.0.norm:instancenorm3d:before", "process_group_resident_bytes": 646250496}
{"elapsed_seconds": 1.8374835839495063, "input_or_output_shapes": [1, 320, 4, 4, 4], "libproc_sample_seconds_excludes_json_flush": 2.2666994482278824e-05, "phase": "layer:decoder.stages.0.convs.0.norm:instancenorm3d:after", "process_group_resident_bytes": 646250496}
{"elapsed_seconds": 1.8375231670215726, "input_or_output_shapes": [[1, 320, 4, 4, 4]], "libproc_sample_seconds_excludes_json_flush": 1.3791956007480621e-05, "phase": "layer:decoder.stages.0.convs.1.conv:conv3d:before", "process_group_resident_bytes": 646250496}
{"elapsed_seconds": 1.8389553751330823, "input_or_output_shapes": [1, 320, 4, 4, 4], "libproc_sample_seconds_excludes_json_flush": 2.3042084649205208e-05, "phase": "layer:decoder.stages.0.convs.1.conv:conv3d:after", "process_group_resident_bytes": 646250496}
{"elapsed_seconds": 1.8389796251431108, "input_or_output_shapes": [[1, 320, 4, 4, 4]], "libproc_sample_seconds_excludes_json_flush": 1.3499986380338669e-05, "phase": "layer:decoder.stages.0.convs.1.norm:instancenorm3d:before", "process_group_resident_bytes": 646250496}
{"elapsed_seconds": 1.8390511251054704, "input_or_output_shapes": [1, 320, 4, 4, 4], "libproc_sample_seconds_excludes_json_flush": 1.8459046259522438e-05, "phase": "layer:decoder.stages.0.convs.1.norm:instancenorm3d:after", "process_group_resident_bytes": 646250496}
{"elapsed_seconds": 1.8390779590699822, "input_or_output_shapes": [1, 320, 4, 4, 4], "libproc_sample_seconds_excludes_json_flush": 1.354212872684002e-05, "phase": "layer:decoder.stages.0:decoder_stage:after", "process_group_resident_bytes": 646250496}
{"elapsed_seconds": 1.8391013341024518, "input_or_output_shapes": [[1, 320, 4, 4, 4]], "libproc_sample_seconds_excludes_json_flush": 1.3083918020129204e-05, "phase": "layer:decoder.transpconvs.1:convtranspose3d:before", "process_group_resident_bytes": 646250496}
{"elapsed_seconds": 1.8394314171746373, "input_or_output_shapes": [1, 256, 8, 8, 8], "libproc_sample_seconds_excludes_json_flush": 1.637497916817665e-05, "phase": "layer:decoder.transpconvs.1:convtranspose3d:after", "process_group_resident_bytes": 646348800}
{"elapsed_seconds": 1.8394925841130316, "input_or_output_shapes": [[1, 512, 8, 8, 8]], "libproc_sample_seconds_excludes_json_flush": 1.7042038962244987e-05, "phase": "layer:decoder.stages.1:decoder_stage:before", "process_group_resident_bytes": 646348800}
{"elapsed_seconds": 1.839520167093724, "input_or_output_shapes": [[1, 512, 8, 8, 8]], "libproc_sample_seconds_excludes_json_flush": 1.2124888598918915e-05, "phase": "layer:decoder.stages.1.convs.0.conv:conv3d:before", "process_group_resident_bytes": 646348800}
{"elapsed_seconds": 1.8455342091619968, "input_or_output_shapes": [1, 256, 8, 8, 8], "libproc_sample_seconds_excludes_json_flush": 3.5542063415050507e-05, "phase": "layer:decoder.stages.1.convs.0.conv:conv3d:after", "process_group_resident_bytes": 646692864}
{"elapsed_seconds": 1.8455649169627577, "input_or_output_shapes": [[1, 256, 8, 8, 8]], "libproc_sample_seconds_excludes_json_flush": 1.2415926903486252e-05, "phase": "layer:decoder.stages.1.convs.0.norm:instancenorm3d:before", "process_group_resident_bytes": 646692864}
{"elapsed_seconds": 1.8456999999471009, "input_or_output_shapes": [1, 256, 8, 8, 8], "libproc_sample_seconds_excludes_json_flush": 1.77919864654541e-05, "phase": "layer:decoder.stages.1.convs.0.norm:instancenorm3d:after", "process_group_resident_bytes": 646692864}
{"elapsed_seconds": 1.8457465840037912, "input_or_output_shapes": [[1, 256, 8, 8, 8]], "libproc_sample_seconds_excludes_json_flush": 1.3749813660979271e-05, "phase": "layer:decoder.stages.1.convs.1.conv:conv3d:before", "process_group_resident_bytes": 646692864}
{"elapsed_seconds": 1.8485587921459228, "input_or_output_shapes": [1, 256, 8, 8, 8], "libproc_sample_seconds_excludes_json_flush": 2.191704697906971e-05, "phase": "layer:decoder.stages.1.convs.1.conv:conv3d:after", "process_group_resident_bytes": 646692864}
{"elapsed_seconds": 1.8485840000212193, "input_or_output_shapes": [[1, 256, 8, 8, 8]], "libproc_sample_seconds_excludes_json_flush": 1.2666918337345123e-05, "phase": "layer:decoder.stages.1.convs.1.norm:instancenorm3d:before", "process_group_resident_bytes": 646692864}
{"elapsed_seconds": 1.8487124589737505, "input_or_output_shapes": [1, 256, 8, 8, 8], "libproc_sample_seconds_excludes_json_flush": 1.4458084478974342e-05, "phase": "layer:decoder.stages.1.convs.1.norm:instancenorm3d:after", "process_group_resident_bytes": 646692864}
{"elapsed_seconds": 1.8487718340475112, "input_or_output_shapes": [1, 256, 8, 8, 8], "libproc_sample_seconds_excludes_json_flush": 1.89170241355896e-05, "phase": "layer:decoder.stages.1:decoder_stage:after", "process_group_resident_bytes": 646692864}
{"elapsed_seconds": 1.8488033751491457, "input_or_output_shapes": [[1, 256, 8, 8, 8]], "libproc_sample_seconds_excludes_json_flush": 1.795799471437931e-05, "phase": "layer:decoder.transpconvs.2:convtranspose3d:before", "process_group_resident_bytes": 646692864}
{"elapsed_seconds": 1.8495653751306236, "input_or_output_shapes": [1, 128, 16, 16, 16], "libproc_sample_seconds_excludes_json_flush": 1.9999919459223747e-05, "phase": "layer:decoder.transpconvs.2:convtranspose3d:after", "process_group_resident_bytes": 648871936}
{"elapsed_seconds": 1.8497136251535267, "input_or_output_shapes": [[1, 256, 16, 16, 16]], "libproc_sample_seconds_excludes_json_flush": 2.0415987819433212e-05, "phase": "layer:decoder.stages.2:decoder_stage:before", "process_group_resident_bytes": 649527296}
{"elapsed_seconds": 1.8497426670510322, "input_or_output_shapes": [[1, 256, 16, 16, 16]], "libproc_sample_seconds_excludes_json_flush": 1.295795664191246e-05, "phase": "layer:decoder.stages.2.convs.0.conv:conv3d:before", "process_group_resident_bytes": 649527296}
{"elapsed_seconds": 1.8616560839582235, "input_or_output_shapes": [1, 128, 16, 16, 16], "libproc_sample_seconds_excludes_json_flush": 3.4250086173415184e-05, "phase": "layer:decoder.stages.2.convs.0.conv:conv3d:after", "process_group_resident_bytes": 649527296}
{"elapsed_seconds": 1.8616891249548644, "input_or_output_shapes": [[1, 128, 16, 16, 16]], "libproc_sample_seconds_excludes_json_flush": 1.3249926269054413e-05, "phase": "layer:decoder.stages.2.convs.0.norm:instancenorm3d:before", "process_group_resident_bytes": 649527296}
{"elapsed_seconds": 1.8621347090229392, "input_or_output_shapes": [1, 128, 16, 16, 16], "libproc_sample_seconds_excludes_json_flush": 1.658312976360321e-05, "phase": "layer:decoder.stages.2.convs.0.norm:instancenorm3d:after", "process_group_resident_bytes": 651624448}
{"elapsed_seconds": 1.8622004170902073, "input_or_output_shapes": [[1, 128, 16, 16, 16]], "libproc_sample_seconds_excludes_json_flush": 1.4499993994832039e-05, "phase": "layer:decoder.stages.2.convs.1.conv:conv3d:before", "process_group_resident_bytes": 651624448}
{"elapsed_seconds": 1.8683754170779139, "input_or_output_shapes": [1, 128, 16, 16, 16], "libproc_sample_seconds_excludes_json_flush": 3.6833109334111214e-05, "phase": "layer:decoder.stages.2.convs.1.conv:conv3d:after", "process_group_resident_bytes": 651624448}
{"elapsed_seconds": 1.868405125103891, "input_or_output_shapes": [[1, 128, 16, 16, 16]], "libproc_sample_seconds_excludes_json_flush": 1.4290912076830864e-05, "phase": "layer:decoder.stages.2.convs.1.norm:instancenorm3d:before", "process_group_resident_bytes": 651624448}
{"elapsed_seconds": 1.8688831250183284, "input_or_output_shapes": [1, 128, 16, 16, 16], "libproc_sample_seconds_excludes_json_flush": 2.074986696243286e-05, "phase": "layer:decoder.stages.2.convs.1.norm:instancenorm3d:after", "process_group_resident_bytes": 653737984}
{"elapsed_seconds": 1.8689580420032144, "input_or_output_shapes": [1, 128, 16, 16, 16], "libproc_sample_seconds_excludes_json_flush": 1.8292106688022614e-05, "phase": "layer:decoder.stages.2:decoder_stage:after", "process_group_resident_bytes": 653737984}
{"elapsed_seconds": 1.868985375156626, "input_or_output_shapes": [[1, 128, 16, 16, 16]], "libproc_sample_seconds_excludes_json_flush": 1.3791956007480621e-05, "phase": "layer:decoder.transpconvs.3:convtranspose3d:before", "process_group_resident_bytes": 653737984}
{"elapsed_seconds": 1.8708805839996785, "input_or_output_shapes": [1, 64, 32, 32, 32], "libproc_sample_seconds_excludes_json_flush": 2.1249987185001373e-05, "phase": "layer:decoder.transpconvs.3:convtranspose3d:after", "process_group_resident_bytes": 655851520}
{"elapsed_seconds": 1.871329584158957, "input_or_output_shapes": [[1, 128, 32, 32, 32]], "libproc_sample_seconds_excludes_json_flush": 1.5999889001250267e-05, "phase": "layer:decoder.stages.3:decoder_stage:before", "process_group_resident_bytes": 655851520}
{"elapsed_seconds": 1.871699291979894, "input_or_output_shapes": [[1, 128, 32, 32, 32]], "libproc_sample_seconds_excludes_json_flush": 1.5541911125183105e-05, "phase": "layer:decoder.stages.3.convs.0.conv:conv3d:before", "process_group_resident_bytes": 655851520}
{"elapsed_seconds": 1.9123714589513838, "input_or_output_shapes": [1, 64, 32, 32, 32], "libproc_sample_seconds_excludes_json_flush": 3.9667123928666115e-05, "phase": "layer:decoder.stages.3.convs.0.conv:conv3d:after", "process_group_resident_bytes": 655851520}
{"elapsed_seconds": 1.912413417128846, "input_or_output_shapes": [[1, 64, 32, 32, 32]], "libproc_sample_seconds_excludes_json_flush": 1.3541197404265404e-05, "phase": "layer:decoder.stages.3.convs.0.norm:instancenorm3d:before", "process_group_resident_bytes": 655851520}
{"elapsed_seconds": 1.913751375162974, "input_or_output_shapes": [1, 64, 32, 32, 32], "libproc_sample_seconds_excludes_json_flush": 2.195802517235279e-05, "phase": "layer:decoder.stages.3.convs.0.norm:instancenorm3d:after", "process_group_resident_bytes": 655851520}
{"elapsed_seconds": 1.9139093339908868, "input_or_output_shapes": [[1, 64, 32, 32, 32]], "libproc_sample_seconds_excludes_json_flush": 2.033403143286705e-05, "phase": "layer:decoder.stages.3.convs.1.conv:conv3d:before", "process_group_resident_bytes": 655851520}
{"elapsed_seconds": 1.9323759169783443, "input_or_output_shapes": [1, 64, 32, 32, 32], "libproc_sample_seconds_excludes_json_flush": 5.929218605160713e-05, "phase": "layer:decoder.stages.3.convs.1.conv:conv3d:after", "process_group_resident_bytes": 655851520}
{"elapsed_seconds": 1.932417750125751, "input_or_output_shapes": [[1, 64, 32, 32, 32]], "libproc_sample_seconds_excludes_json_flush": 1.395796425640583e-05, "phase": "layer:decoder.stages.3.convs.1.norm:instancenorm3d:before", "process_group_resident_bytes": 655851520}
{"elapsed_seconds": 1.9337841251399368, "input_or_output_shapes": [1, 64, 32, 32, 32], "libproc_sample_seconds_excludes_json_flush": 1.837499439716339e-05, "phase": "layer:decoder.stages.3.convs.1.norm:instancenorm3d:after", "process_group_resident_bytes": 655851520}
{"elapsed_seconds": 1.933932000072673, "input_or_output_shapes": [1, 64, 32, 32, 32], "libproc_sample_seconds_excludes_json_flush": 1.7625046893954277e-05, "phase": "layer:decoder.stages.3:decoder_stage:after", "process_group_resident_bytes": 655851520}
{"elapsed_seconds": 1.9339650420006365, "input_or_output_shapes": [[1, 64, 32, 32, 32]], "libproc_sample_seconds_excludes_json_flush": 1.4124903827905655e-05, "phase": "layer:decoder.transpconvs.4:convtranspose3d:before", "process_group_resident_bytes": 655851520}
{"elapsed_seconds": 1.9405674589797854, "input_or_output_shapes": [1, 32, 64, 64, 64], "libproc_sample_seconds_excludes_json_flush": 5.8833975344896317e-05, "phase": "layer:decoder.transpconvs.4:convtranspose3d:after", "process_group_resident_bytes": 655900672}
{"elapsed_seconds": 1.940614958992228, "input_or_output_shapes": [[[1, 32, 64, 64, 64], [1, 32, 64, 64, 64]]], "libproc_sample_seconds_excludes_json_flush": 1.300009898841381e-05, "phase": "layer:decoder.stages.4:decoder_stage:before", "process_group_resident_bytes": 655900672}
{"elapsed_seconds": 1.9406422500032932, "input_or_output_shapes": [[[1, 32, 64, 64, 64], [1, 32, 64, 64, 64]]], "libproc_sample_seconds_excludes_json_flush": 1.2457836419343948e-05, "phase": "layer:decoder.stages.4.convs.0.conv:conv3d:before", "process_group_resident_bytes": 655900672}
{"elapsed_seconds": 2.1027624590788037, "input_or_output_shapes": [1, 32, 64, 64, 64], "libproc_sample_seconds_excludes_json_flush": 6.766710430383682e-05, "phase": "layer:decoder.stages.4.convs.0.conv:conv3d:after", "process_group_resident_bytes": 683819008}
{"elapsed_seconds": 2.1028278339654207, "input_or_output_shapes": [[1, 32, 64, 64, 64]], "libproc_sample_seconds_excludes_json_flush": 1.6124919056892395e-05, "phase": "layer:decoder.stages.4.convs.0.norm:instancenorm3d:before", "process_group_resident_bytes": 683819008}
{"elapsed_seconds": 2.1099898340180516, "input_or_output_shapes": [1, 32, 64, 64, 64], "libproc_sample_seconds_excludes_json_flush": 8.68749339133501e-05, "phase": "layer:decoder.stages.4.convs.0.norm:instancenorm3d:after", "process_group_resident_bytes": 716767232}
{"elapsed_seconds": 2.111652750056237, "input_or_output_shapes": [[1, 32, 64, 64, 64]], "libproc_sample_seconds_excludes_json_flush": 5.979207344353199e-05, "phase": "layer:decoder.stages.4.convs.1.conv:conv3d:before", "process_group_resident_bytes": 716767232}
{"elapsed_seconds": 2.1937390421517193, "input_or_output_shapes": [1, 32, 64, 64, 64], "libproc_sample_seconds_excludes_json_flush": 9.095785208046436e-05, "phase": "layer:decoder.stages.4.convs.1.conv:conv3d:after", "process_group_resident_bytes": 715849728}
{"elapsed_seconds": 2.193798167165369, "input_or_output_shapes": [[1, 32, 64, 64, 64]], "libproc_sample_seconds_excludes_json_flush": 1.4541205018758774e-05, "phase": "layer:decoder.stages.4.convs.1.norm:instancenorm3d:before", "process_group_resident_bytes": 715849728}
{"elapsed_seconds": 2.200431084027514, "input_or_output_shapes": [1, 32, 64, 64, 64], "libproc_sample_seconds_excludes_json_flush": 9.3833077698946e-05, "phase": "layer:decoder.stages.4.convs.1.norm:instancenorm3d:after", "process_group_resident_bytes": 749420544}
{"elapsed_seconds": 2.201840584166348, "input_or_output_shapes": [1, 32, 64, 64, 64], "libproc_sample_seconds_excludes_json_flush": 3.8624973967671394e-05, "phase": "layer:decoder.stages.4:decoder_stage:after", "process_group_resident_bytes": 749420544}
{"elapsed_seconds": 2.2019335420336574, "input_or_output_shapes": [[1, 32, 64, 64, 64]], "libproc_sample_seconds_excludes_json_flush": 1.6541918739676476e-05, "phase": "layer:decoder.seg_layers.4:conv3d:before", "process_group_resident_bytes": 749420544}
{"elapsed_seconds": 2.2044414170086384, "input_or_output_shapes": [1, 3, 64, 64, 64], "libproc_sample_seconds_excludes_json_flush": 7.362500764429569e-05, "phase": "layer:decoder.seg_layers.4:conv3d:after", "process_group_resident_bytes": 749420544}
{"elapsed_seconds": 2.20456500002183, "phase": "after_generated_forward", "phase_rss_source": "direct_libproc_self_pid_no_subprocess", "self_rss_kib": 731856}
{"elapsed_seconds": 2.2077056251000613, "phase": "after_output_transfer", "phase_rss_source": "direct_libproc_self_pid_no_subprocess", "self_rss_kib": 731904}
{"arm": "lazy", "forward_seconds": 0.5357107920572162, "logits_raw_sha256": "52252550d12d7fc0ddd930c044f58cd6e1bca00606646bbd9780687bce3f2853", "status": "completed"}
