{"elapsed_seconds": 0.00011641695164144039, "phase": "before_imports", "phase_rss_source": "direct_libproc_self_pid_no_subprocess", "self_rss_kib": 22752}
{"elapsed_seconds": 1.2940670419484377, "phase": "after_input_model_hashes", "phase_rss_source": "direct_libproc_self_pid_no_subprocess", "self_rss_kib": 314512}
{"elapsed_seconds": 1.2949227918870747, "phase": "before_weights_only_load", "phase_rss_source": "direct_libproc_self_pid_no_subprocess", "self_rss_kib": 314576}
{"elapsed_seconds": 1.433416583808139, "phase": "after_weights_only_load", "phase_rss_source": "direct_libproc_self_pid_no_subprocess", "self_rss_kib": 549152}
{"elapsed_seconds": 1.4519421248696744, "phase": "after_optimizer_cleanup", "phase_rss_source": "direct_libproc_self_pid_no_subprocess", "self_rss_kib": 547792}
{"elapsed_seconds": 1.4999638749286532, "phase": "after_network_construction_alias_checks", "phase_rss_source": "direct_libproc_self_pid_no_subprocess", "self_rss_kib": 548672}
{"elapsed_seconds": 1.6172337499447167, "phase": "after_strict_copy_weights_cleanup", "phase_rss_source": "direct_libproc_self_pid_no_subprocess", "self_rss_kib": 546112}
{"elapsed_seconds": 1.6263467918615788, "phase": "after_tiled_conv3d_attachment", "phase_rss_source": "direct_libproc_self_pid_no_subprocess", "self_rss_kib": 546336}
{"elapsed_seconds": 1.6265962498728186, "phase": "after_lazy_final_decoder_attachment_or_baseline", "phase_rss_source": "direct_libproc_self_pid_no_subprocess", "self_rss_kib": 546336}
{"elapsed_seconds": 1.6269680839031935, "phase": "after_layer_observer_attachment", "phase_rss_source": "direct_libproc_self_pid_no_subprocess", "self_rss_kib": 546336}
{"elapsed_seconds": 1.6278041668701917, "phase": "before_generated_forward", "phase_rss_source": "direct_libproc_self_pid_no_subprocess", "self_rss_kib": 546432}
{"elapsed_seconds": 1.6279241668526083, "input_or_output_shapes": [[1, 2, 64, 64, 64]], "libproc_sample_seconds_excludes_json_flush": 7.83340074121952e-05, "phase": "layer:encoder.stages.0.0.convs.0.conv:conv3d:before", "process_group_resident_bytes": 559595520}
{"elapsed_seconds": 1.6409464590251446, "input_or_output_shapes": [1, 32, 64, 64, 64], "libproc_sample_seconds_excludes_json_flush": 5.366583354771137e-05, "phase": "layer:encoder.stages.0.0.convs.0.conv:conv3d:after", "process_group_resident_bytes": 588234752}
{"elapsed_seconds": 1.6409930000081658, "input_or_output_shapes": [[1, 32, 64, 64, 64]], "libproc_sample_seconds_excludes_json_flush": 1.5249941498041153e-05, "phase": "layer:encoder.stages.0.0.convs.0.norm:instancenorm3d:before", "process_group_resident_bytes": 588234752}
{"elapsed_seconds": 1.6535733749624342, "input_or_output_shapes": [1, 32, 64, 64, 64], "libproc_sample_seconds_excludes_json_flush": 5.0208065658807755e-05, "phase": "layer:encoder.stages.0.0.convs.0.norm:instancenorm3d:after", "process_group_resident_bytes": 618741760}
{"elapsed_seconds": 1.6559524168260396, "input_or_output_shapes": [[1, 32, 64, 64, 64]], "libproc_sample_seconds_excludes_json_flush": 3.74580267816782e-05, "phase": "layer:encoder.stages.0.0.convs.1.conv:conv3d:before", "process_group_resident_bytes": 618807296}
{"elapsed_seconds": 1.7277673338539898, "input_or_output_shapes": [1, 32, 64, 64, 64], "libproc_sample_seconds_excludes_json_flush": 9.112502448260784e-05, "phase": "layer:encoder.stages.0.0.convs.1.conv:conv3d:after", "process_group_resident_bytes": 618840064}
{"elapsed_seconds": 1.7278441668022424, "input_or_output_shapes": [[1, 32, 64, 64, 64]], "libproc_sample_seconds_excludes_json_flush": 1.7249956727027893e-05, "phase": "layer:encoder.stages.0.0.convs.1.norm:instancenorm3d:before", "process_group_resident_bytes": 618840064}
{"elapsed_seconds": 1.734334458829835, "input_or_output_shapes": [1, 32, 64, 64, 64], "libproc_sample_seconds_excludes_json_flush": 4.3042004108428955e-05, "phase": "layer:encoder.stages.0.0.convs.1.norm:instancenorm3d:after", "process_group_resident_bytes": 652410880}
{"elapsed_seconds": 1.7358204168267548, "input_or_output_shapes": [[1, 32, 64, 64, 64]], "libproc_sample_seconds_excludes_json_flush": 3.658304922282696e-05, "phase": "layer:encoder.stages.1.0.convs.0.conv:conv3d:before", "process_group_resident_bytes": 652410880}
{"elapsed_seconds": 1.7452149589080364, "input_or_output_shapes": [1, 64, 32, 32, 32], "libproc_sample_seconds_excludes_json_flush": 7.420917972922325e-05, "phase": "layer:encoder.stages.1.0.convs.0.conv:conv3d:after", "process_group_resident_bytes": 652181504}
{"elapsed_seconds": 1.7452916249167174, "input_or_output_shapes": [[1, 64, 32, 32, 32]], "libproc_sample_seconds_excludes_json_flush": 1.4999881386756897e-05, "phase": "layer:encoder.stages.1.0.convs.0.norm:instancenorm3d:before", "process_group_resident_bytes": 652181504}
{"elapsed_seconds": 1.746653958922252, "input_or_output_shapes": [1, 64, 32, 32, 32], "libproc_sample_seconds_excludes_json_flush": 2.500019036233425e-05, "phase": "layer:encoder.stages.1.0.convs.0.norm:instancenorm3d:after", "process_group_resident_bytes": 652181504}
{"elapsed_seconds": 1.746856833808124, "input_or_output_shapes": [[1, 64, 32, 32, 32]], "libproc_sample_seconds_excludes_json_flush": 2.0750099793076515e-05, "phase": "layer:encoder.stages.1.0.convs.1.conv:conv3d:before", "process_group_resident_bytes": 652181504}
{"elapsed_seconds": 1.7665979999583215, "input_or_output_shapes": [1, 64, 32, 32, 32], "libproc_sample_seconds_excludes_json_flush": 9.608292020857334e-05, "phase": "layer:encoder.stages.1.0.convs.1.conv:conv3d:after", "process_group_resident_bytes": 652460032}
{"elapsed_seconds": 1.7666605419944972, "input_or_output_shapes": [[1, 64, 32, 32, 32]], "libproc_sample_seconds_excludes_json_flush": 1.9458821043372154e-05, "phase": "layer:encoder.stages.1.0.convs.1.norm:instancenorm3d:before", "process_group_resident_bytes": 652460032}
{"elapsed_seconds": 1.7680219998583198, "input_or_output_shapes": [1, 64, 32, 32, 32], "libproc_sample_seconds_excludes_json_flush": 2.437504008412361e-05, "phase": "layer:encoder.stages.1.0.convs.1.norm:instancenorm3d:after", "process_group_resident_bytes": 652460032}
{"elapsed_seconds": 1.7681968749966472, "input_or_output_shapes": [[1, 64, 32, 32, 32]], "libproc_sample_seconds_excludes_json_flush": 1.850002445280552e-05, "phase": "layer:encoder.stages.2.0.convs.0.conv:conv3d:before", "process_group_resident_bytes": 652460032}
{"elapsed_seconds": 1.7729920418933034, "input_or_output_shapes": [1, 128, 16, 16, 16], "libproc_sample_seconds_excludes_json_flush": 7.93328508734703e-05, "phase": "layer:encoder.stages.2.0.convs.0.conv:conv3d:after", "process_group_resident_bytes": 655671296}
{"elapsed_seconds": 1.7730519999749959, "input_or_output_shapes": [[1, 128, 16, 16, 16]], "libproc_sample_seconds_excludes_json_flush": 1.6582896932959557e-05, "phase": "layer:encoder.stages.2.0.convs.0.norm:instancenorm3d:before", "process_group_resident_bytes": 655671296}
{"elapsed_seconds": 1.7734738748986274, "input_or_output_shapes": [1, 128, 16, 16, 16], "libproc_sample_seconds_excludes_json_flush": 1.7666956409811974e-05, "phase": "layer:encoder.stages.2.0.convs.0.norm:instancenorm3d:after", "process_group_resident_bytes": 655720448}
{"elapsed_seconds": 1.7735619999002665, "input_or_output_shapes": [[1, 128, 16, 16, 16]], "libproc_sample_seconds_excludes_json_flush": 2.1249987185001373e-05, "phase": "layer:encoder.stages.2.0.convs.1.conv:conv3d:before", "process_group_resident_bytes": 655720448}
{"elapsed_seconds": 1.7797719999216497, "input_or_output_shapes": [1, 128, 16, 16, 16], "libproc_sample_seconds_excludes_json_flush": 9.395903907716274e-05, "phase": "layer:encoder.stages.2.0.convs.1.conv:conv3d:after", "process_group_resident_bytes": 655720448}
{"elapsed_seconds": 1.7798154999036342, "input_or_output_shapes": [[1, 128, 16, 16, 16]], "libproc_sample_seconds_excludes_json_flush": 1.4165882021188736e-05, "phase": "layer:encoder.stages.2.0.convs.1.norm:instancenorm3d:before", "process_group_resident_bytes": 655720448}
{"elapsed_seconds": 1.7802510419860482, "input_or_output_shapes": [1, 128, 16, 16, 16], "libproc_sample_seconds_excludes_json_flush": 1.9999919459223747e-05, "phase": "layer:encoder.stages.2.0.convs.1.norm:instancenorm3d:after", "process_group_resident_bytes": 655720448}
{"elapsed_seconds": 1.7803487919736654, "input_or_output_shapes": [[1, 128, 16, 16, 16]], "libproc_sample_seconds_excludes_json_flush": 2.258317545056343e-05, "phase": "layer:encoder.stages.3.0.convs.0.conv:conv3d:before", "process_group_resident_bytes": 655720448}
{"elapsed_seconds": 1.7819411249365658, "input_or_output_shapes": [1, 256, 8, 8, 8], "libproc_sample_seconds_excludes_json_flush": 2.7042115107178688e-05, "phase": "layer:encoder.stages.3.0.convs.0.conv:conv3d:after", "process_group_resident_bytes": 656048128}
{"elapsed_seconds": 1.7819686669390649, "input_or_output_shapes": [[1, 256, 8, 8, 8]], "libproc_sample_seconds_excludes_json_flush": 1.3917218893766403e-05, "phase": "layer:encoder.stages.3.0.convs.0.norm:instancenorm3d:before", "process_group_resident_bytes": 656048128}
{"elapsed_seconds": 1.7821279168128967, "input_or_output_shapes": [1, 256, 8, 8, 8], "libproc_sample_seconds_excludes_json_flush": 2.0124949514865875e-05, "phase": "layer:encoder.stages.3.0.convs.0.norm:instancenorm3d:after", "process_group_resident_bytes": 656048128}
{"elapsed_seconds": 1.7821886248420924, "input_or_output_shapes": [[1, 256, 8, 8, 8]], "libproc_sample_seconds_excludes_json_flush": 1.5458092093467712e-05, "phase": "layer:encoder.stages.3.0.convs.1.conv:conv3d:before", "process_group_resident_bytes": 656048128}
{"elapsed_seconds": 1.7854593337979168, "input_or_output_shapes": [1, 256, 8, 8, 8], "libproc_sample_seconds_excludes_json_flush": 4.012486897408962e-05, "phase": "layer:encoder.stages.3.0.convs.1.conv:conv3d:after", "process_group_resident_bytes": 659734528}
{"elapsed_seconds": 1.7854926669970155, "input_or_output_shapes": [[1, 256, 8, 8, 8]], "libproc_sample_seconds_excludes_json_flush": 1.3625016435980797e-05, "phase": "layer:encoder.stages.3.0.convs.1.norm:instancenorm3d:before", "process_group_resident_bytes": 659734528}
{"elapsed_seconds": 1.7856250419281423, "input_or_output_shapes": [1, 256, 8, 8, 8], "libproc_sample_seconds_excludes_json_flush": 1.4750054106116295e-05, "phase": "layer:encoder.stages.3.0.convs.1.norm:instancenorm3d:after", "process_group_resident_bytes": 659734528}
{"elapsed_seconds": 1.7856796670239419, "input_or_output_shapes": [[1, 256, 8, 8, 8]], "libproc_sample_seconds_excludes_json_flush": 1.6707926988601685e-05, "phase": "layer:encoder.stages.4.0.convs.0.conv:conv3d:before", "process_group_resident_bytes": 659734528}
{"elapsed_seconds": 1.7868203748948872, "input_or_output_shapes": [1, 320, 4, 4, 4], "libproc_sample_seconds_excludes_json_flush": 2.391589805483818e-05, "phase": "layer:encoder.stages.4.0.convs.0.conv:conv3d:after", "process_group_resident_bytes": 659783680}
{"elapsed_seconds": 1.78684641700238, "input_or_output_shapes": [[1, 320, 4, 4, 4]], "libproc_sample_seconds_excludes_json_flush": 1.4082994312047958e-05, "phase": "layer:encoder.stages.4.0.convs.0.norm:instancenorm3d:before", "process_group_resident_bytes": 659783680}
{"elapsed_seconds": 1.7869267088826746, "input_or_output_shapes": [1, 320, 4, 4, 4], "libproc_sample_seconds_excludes_json_flush": 2.0999927073717117e-05, "phase": "layer:encoder.stages.4.0.convs.0.norm:instancenorm3d:after", "process_group_resident_bytes": 659783680}
{"elapsed_seconds": 1.7869558339007199, "input_or_output_shapes": [[1, 320, 4, 4, 4]], "libproc_sample_seconds_excludes_json_flush": 1.2709060683846474e-05, "phase": "layer:encoder.stages.4.0.convs.1.conv:conv3d:before", "process_group_resident_bytes": 659783680}
{"elapsed_seconds": 1.7882673749700189, "input_or_output_shapes": [1, 320, 4, 4, 4], "libproc_sample_seconds_excludes_json_flush": 2.8209062293171883e-05, "phase": "layer:encoder.stages.4.0.convs.1.conv:conv3d:after", "process_group_resident_bytes": 659783680}
{"elapsed_seconds": 1.7882974168751389, "input_or_output_shapes": [[1, 320, 4, 4, 4]], "libproc_sample_seconds_excludes_json_flush": 1.333281397819519e-05, "phase": "layer:encoder.stages.4.0.convs.1.norm:instancenorm3d:before", "process_group_resident_bytes": 659783680}
{"elapsed_seconds": 1.788380749989301, "input_or_output_shapes": [1, 320, 4, 4, 4], "libproc_sample_seconds_excludes_json_flush": 1.8750084564089775e-05, "phase": "layer:encoder.stages.4.0.convs.1.norm:instancenorm3d:after", "process_group_resident_bytes": 659783680}
{"elapsed_seconds": 1.7884231668431312, "input_or_output_shapes": [[1, 320, 4, 4, 4]], "libproc_sample_seconds_excludes_json_flush": 1.2750038877129555e-05, "phase": "layer:encoder.stages.5.0.convs.0.conv:conv3d:before", "process_group_resident_bytes": 659783680}
{"elapsed_seconds": 1.7891475840006024, "input_or_output_shapes": [1, 320, 2, 2, 2], "libproc_sample_seconds_excludes_json_flush": 2.1124957129359245e-05, "phase": "layer:encoder.stages.5.0.convs.0.conv:conv3d:after", "process_group_resident_bytes": 659800064}
{"elapsed_seconds": 1.7891698749735951, "input_or_output_shapes": [[1, 320, 2, 2, 2]], "libproc_sample_seconds_excludes_json_flush": 1.233397051692009e-05, "phase": "layer:encoder.stages.5.0.convs.0.norm:instancenorm3d:before", "process_group_resident_bytes": 659800064}
{"elapsed_seconds": 1.7892346249427646, "input_or_output_shapes": [1, 320, 2, 2, 2], "libproc_sample_seconds_excludes_json_flush": 1.8167076632380486e-05, "phase": "layer:encoder.stages.5.0.convs.0.norm:instancenorm3d:after", "process_group_resident_bytes": 659816448}
{"elapsed_seconds": 1.7892621669452637, "input_or_output_shapes": [[1, 320, 2, 2, 2]], "libproc_sample_seconds_excludes_json_flush": 1.2082979083061218e-05, "phase": "layer:encoder.stages.5.0.convs.1.conv:conv3d:before", "process_group_resident_bytes": 659816448}
{"elapsed_seconds": 1.7902139998041093, "input_or_output_shapes": [1, 320, 2, 2, 2], "libproc_sample_seconds_excludes_json_flush": 2.5124987587332726e-05, "phase": "layer:encoder.stages.5.0.convs.1.conv:conv3d:after", "process_group_resident_bytes": 659832832}
{"elapsed_seconds": 1.7902383748441935, "input_or_output_shapes": [[1, 320, 2, 2, 2]], "libproc_sample_seconds_excludes_json_flush": 1.3416865840554237e-05, "phase": "layer:encoder.stages.5.0.convs.1.norm:instancenorm3d:before", "process_group_resident_bytes": 659832832}
{"elapsed_seconds": 1.7903107088059187, "input_or_output_shapes": [1, 320, 2, 2, 2], "libproc_sample_seconds_excludes_json_flush": 1.9290950149297714e-05, "phase": "layer:encoder.stages.5.0.convs.1.norm:instancenorm3d:after", "process_group_resident_bytes": 659832832}
{"elapsed_seconds": 1.7903508748859167, "input_or_output_shapes": [[1, 320, 2, 2, 2]], "libproc_sample_seconds_excludes_json_flush": 1.2415926903486252e-05, "phase": "layer:decoder.transpconvs.0:convtranspose3d:before", "process_group_resident_bytes": 659832832}
{"elapsed_seconds": 1.7915809168480337, "input_or_output_shapes": [1, 320, 4, 4, 4], "libproc_sample_seconds_excludes_json_flush": 1.991703175008297e-05, "phase": "layer:decoder.transpconvs.0:convtranspose3d:after", "process_group_resident_bytes": 659980288}
{"elapsed_seconds": 1.791772749973461, "input_or_output_shapes": [[1, 640, 4, 4, 4]], "libproc_sample_seconds_excludes_json_flush": 1.60830095410347e-05, "phase": "layer:decoder.stages.0:decoder_stage:before", "process_group_resident_bytes": 659996672}
{"elapsed_seconds": 1.7917982498183846, "input_or_output_shapes": [[1, 640, 4, 4, 4]], "libproc_sample_seconds_excludes_json_flush": 1.3666925951838493e-05, "phase": "layer:decoder.stages.0.convs.0.conv:conv3d:before", "process_group_resident_bytes": 659996672}
{"elapsed_seconds": 1.7947111669927835, "input_or_output_shapes": [1, 320, 4, 4, 4], "libproc_sample_seconds_excludes_json_flush": 4.245806485414505e-05, "phase": "layer:decoder.stages.0.convs.0.conv:conv3d:after", "process_group_resident_bytes": 659996672}
{"elapsed_seconds": 1.7947592919226736, "input_or_output_shapes": [[1, 320, 4, 4, 4]], "libproc_sample_seconds_excludes_json_flush": 1.5208031982183456e-05, "phase": "layer:decoder.stages.0.convs.0.norm:instancenorm3d:before", "process_group_resident_bytes": 659996672}
{"elapsed_seconds": 1.7948542088270187, "input_or_output_shapes": [1, 320, 4, 4, 4], "libproc_sample_seconds_excludes_json_flush": 2.2834166884422302e-05, "phase": "layer:decoder.stages.0.convs.0.norm:instancenorm3d:after", "process_group_resident_bytes": 659996672}
{"elapsed_seconds": 1.7948945839889348, "input_or_output_shapes": [[1, 320, 4, 4, 4]], "libproc_sample_seconds_excludes_json_flush": 1.35831069201231e-05, "phase": "layer:decoder.stages.0.convs.1.conv:conv3d:before", "process_group_resident_bytes": 659996672}
{"elapsed_seconds": 1.79632387496531, "input_or_output_shapes": [1, 320, 4, 4, 4], "libproc_sample_seconds_excludes_json_flush": 2.129189670085907e-05, "phase": "layer:decoder.stages.0.convs.1.conv:conv3d:after", "process_group_resident_bytes": 659996672}
{"elapsed_seconds": 1.796349833952263, "input_or_output_shapes": [[1, 320, 4, 4, 4]], "libproc_sample_seconds_excludes_json_flush": 1.5208963304758072e-05, "phase": "layer:decoder.stages.0.convs.1.norm:instancenorm3d:before", "process_group_resident_bytes": 659996672}
{"elapsed_seconds": 1.7964288748335093, "input_or_output_shapes": [1, 320, 4, 4, 4], "libproc_sample_seconds_excludes_json_flush": 2.345792017877102e-05, "phase": "layer:decoder.stages.0.convs.1.norm:instancenorm3d:after", "process_group_resident_bytes": 659996672}
{"elapsed_seconds": 1.7964635419193655, "input_or_output_shapes": [1, 320, 4, 4, 4], "libproc_sample_seconds_excludes_json_flush": 1.4459015801548958e-05, "phase": "layer:decoder.stages.0:decoder_stage:after", "process_group_resident_bytes": 659996672}
{"elapsed_seconds": 1.7964938338845968, "input_or_output_shapes": [[1, 320, 4, 4, 4]], "libproc_sample_seconds_excludes_json_flush": 1.391698606312275e-05, "phase": "layer:decoder.transpconvs.1:convtranspose3d:before", "process_group_resident_bytes": 659996672}
{"elapsed_seconds": 1.7967737088911235, "input_or_output_shapes": [1, 256, 8, 8, 8], "libproc_sample_seconds_excludes_json_flush": 1.89170241355896e-05, "phase": "layer:decoder.transpconvs.1:convtranspose3d:after", "process_group_resident_bytes": 660045824}
{"elapsed_seconds": 1.796834166860208, "input_or_output_shapes": [[1, 512, 8, 8, 8]], "libproc_sample_seconds_excludes_json_flush": 1.5416881069540977e-05, "phase": "layer:decoder.stages.1:decoder_stage:before", "process_group_resident_bytes": 660045824}
{"elapsed_seconds": 1.7968670418486, "input_or_output_shapes": [[1, 512, 8, 8, 8]], "libproc_sample_seconds_excludes_json_flush": 1.7624814063310623e-05, "phase": "layer:decoder.stages.1.convs.0.conv:conv3d:before", "process_group_resident_bytes": 660045824}
{"elapsed_seconds": 1.802946374984458, "input_or_output_shapes": [1, 256, 8, 8, 8], "libproc_sample_seconds_excludes_json_flush": 3.591692075133324e-05, "phase": "layer:decoder.stages.1.convs.0.conv:conv3d:after", "process_group_resident_bytes": 660389888}
{"elapsed_seconds": 1.8029802499804646, "input_or_output_shapes": [[1, 256, 8, 8, 8]], "libproc_sample_seconds_excludes_json_flush": 1.3832934200763702e-05, "phase": "layer:decoder.stages.1.convs.0.norm:instancenorm3d:before", "process_group_resident_bytes": 660389888}
{"elapsed_seconds": 1.8031128749717027, "input_or_output_shapes": [1, 256, 8, 8, 8], "libproc_sample_seconds_excludes_json_flush": 1.5208963304758072e-05, "phase": "layer:decoder.stages.1.convs.0.norm:instancenorm3d:after", "process_group_resident_bytes": 660389888}
{"elapsed_seconds": 1.8031682919245213, "input_or_output_shapes": [[1, 256, 8, 8, 8]], "libproc_sample_seconds_excludes_json_flush": 2.2750115022063255e-05, "phase": "layer:decoder.stages.1.convs.1.conv:conv3d:before", "process_group_resident_bytes": 660389888}
{"elapsed_seconds": 1.8059833338484168, "input_or_output_shapes": [1, 256, 8, 8, 8], "libproc_sample_seconds_excludes_json_flush": 2.400018274784088e-05, "phase": "layer:decoder.stages.1.convs.1.conv:conv3d:after", "process_group_resident_bytes": 660389888}
{"elapsed_seconds": 1.8060074588283896, "input_or_output_shapes": [[1, 256, 8, 8, 8]], "libproc_sample_seconds_excludes_json_flush": 1.3124896213412285e-05, "phase": "layer:decoder.stages.1.convs.1.norm:instancenorm3d:before", "process_group_resident_bytes": 660389888}
{"elapsed_seconds": 1.8061422088649124, "input_or_output_shapes": [1, 256, 8, 8, 8], "libproc_sample_seconds_excludes_json_flush": 1.7833895981311798e-05, "phase": "layer:decoder.stages.1.convs.1.norm:instancenorm3d:after", "process_group_resident_bytes": 660389888}
{"elapsed_seconds": 1.8061947089154273, "input_or_output_shapes": [1, 256, 8, 8, 8], "libproc_sample_seconds_excludes_json_flush": 1.9333092495799065e-05, "phase": "layer:decoder.stages.1:decoder_stage:after", "process_group_resident_bytes": 660389888}
{"elapsed_seconds": 1.8062208339106292, "input_or_output_shapes": [[1, 256, 8, 8, 8]], "libproc_sample_seconds_excludes_json_flush": 1.3208948075771332e-05, "phase": "layer:decoder.transpconvs.2:convtranspose3d:before", "process_group_resident_bytes": 660389888}
{"elapsed_seconds": 1.8067207499407232, "input_or_output_shapes": [1, 128, 16, 16, 16], "libproc_sample_seconds_excludes_json_flush": 2.1666986867785454e-05, "phase": "layer:decoder.transpconvs.2:convtranspose3d:after", "process_group_resident_bytes": 660471808}
{"elapsed_seconds": 1.806859833886847, "input_or_output_shapes": [[1, 256, 16, 16, 16]], "libproc_sample_seconds_excludes_json_flush": 1.458311453461647e-05, "phase": "layer:decoder.stages.2:decoder_stage:before", "process_group_resident_bytes": 661127168}
{"elapsed_seconds": 1.8068853339646012, "input_or_output_shapes": [[1, 256, 16, 16, 16]], "libproc_sample_seconds_excludes_json_flush": 1.3333046808838844e-05, "phase": "layer:decoder.stages.2.convs.0.conv:conv3d:before", "process_group_resident_bytes": 661127168}
{"elapsed_seconds": 1.8185046669095755, "input_or_output_shapes": [1, 128, 16, 16, 16], "libproc_sample_seconds_excludes_json_flush": 3.270898014307022e-05, "phase": "layer:decoder.stages.2.convs.0.conv:conv3d:after", "process_group_resident_bytes": 661127168}
{"elapsed_seconds": 1.8185348748229444, "input_or_output_shapes": [[1, 128, 16, 16, 16]], "libproc_sample_seconds_excludes_json_flush": 1.2833857908844948e-05, "phase": "layer:decoder.stages.2.convs.0.norm:instancenorm3d:before", "process_group_resident_bytes": 661127168}
{"elapsed_seconds": 1.8188852919265628, "input_or_output_shapes": [1, 128, 16, 16, 16], "libproc_sample_seconds_excludes_json_flush": 1.758313737809658e-05, "phase": "layer:decoder.stages.2.convs.0.norm:instancenorm3d:after", "process_group_resident_bytes": 661127168}
{"elapsed_seconds": 1.8189487918280065, "input_or_output_shapes": [[1, 128, 16, 16, 16]], "libproc_sample_seconds_excludes_json_flush": 1.6124919056892395e-05, "phase": "layer:decoder.stages.2.convs.1.conv:conv3d:before", "process_group_resident_bytes": 661127168}
{"elapsed_seconds": 1.82498420891352, "input_or_output_shapes": [1, 128, 16, 16, 16], "libproc_sample_seconds_excludes_json_flush": 2.4292152374982834e-05, "phase": "layer:decoder.stages.2.convs.1.conv:conv3d:after", "process_group_resident_bytes": 661127168}
{"elapsed_seconds": 1.8250091248191893, "input_or_output_shapes": [[1, 128, 16, 16, 16]], "libproc_sample_seconds_excludes_json_flush": 1.4499993994832039e-05, "phase": "layer:decoder.stages.2.convs.1.norm:instancenorm3d:before", "process_group_resident_bytes": 661127168}
{"elapsed_seconds": 1.825470124837011, "input_or_output_shapes": [1, 128, 16, 16, 16], "libproc_sample_seconds_excludes_json_flush": 1.7833197489380836e-05, "phase": "layer:decoder.stages.2.convs.1.norm:instancenorm3d:after", "process_group_resident_bytes": 663240704}
{"elapsed_seconds": 1.8255302920006216, "input_or_output_shapes": [1, 128, 16, 16, 16], "libproc_sample_seconds_excludes_json_flush": 1.4417106285691261e-05, "phase": "layer:decoder.stages.2:decoder_stage:after", "process_group_resident_bytes": 663240704}
{"elapsed_seconds": 1.8255568339955062, "input_or_output_shapes": [[1, 128, 16, 16, 16]], "libproc_sample_seconds_excludes_json_flush": 1.295912079513073e-05, "phase": "layer:decoder.transpconvs.3:convtranspose3d:before", "process_group_resident_bytes": 663240704}
{"elapsed_seconds": 1.8275006669573486, "input_or_output_shapes": [1, 64, 32, 32, 32], "libproc_sample_seconds_excludes_json_flush": 2.4791108444333076e-05, "phase": "layer:decoder.transpconvs.3:convtranspose3d:after", "process_group_resident_bytes": 665403392}
{"elapsed_seconds": 1.8278717920184135, "input_or_output_shapes": [[1, 128, 32, 32, 32]], "libproc_sample_seconds_excludes_json_flush": 2.5084009394049644e-05, "phase": "layer:decoder.stages.3:decoder_stage:before", "process_group_resident_bytes": 665403392}
{"elapsed_seconds": 1.8279026669915766, "input_or_output_shapes": [[1, 128, 32, 32, 32]], "libproc_sample_seconds_excludes_json_flush": 1.3999873772263527e-05, "phase": "layer:decoder.stages.3.convs.0.conv:conv3d:before", "process_group_resident_bytes": 665403392}
{"elapsed_seconds": 1.8712923338171095, "input_or_output_shapes": [1, 64, 32, 32, 32], "libproc_sample_seconds_excludes_json_flush": 9.849993512034416e-05, "phase": "layer:decoder.stages.3.convs.0.conv:conv3d:after", "process_group_resident_bytes": 665419776}
{"elapsed_seconds": 1.8713516669813544, "input_or_output_shapes": [[1, 64, 32, 32, 32]], "libproc_sample_seconds_excludes_json_flush": 1.5958212316036224e-05, "phase": "layer:decoder.stages.3.convs.0.norm:instancenorm3d:before", "process_group_resident_bytes": 665419776}
{"elapsed_seconds": 1.872712458949536, "input_or_output_shapes": [1, 64, 32, 32, 32], "libproc_sample_seconds_excludes_json_flush": 3.0374852940440178e-05, "phase": "layer:decoder.stages.3.convs.0.norm:instancenorm3d:after", "process_group_resident_bytes": 665419776}
{"elapsed_seconds": 1.872895749984309, "input_or_output_shapes": [[1, 64, 32, 32, 32]], "libproc_sample_seconds_excludes_json_flush": 2.3250002413988113e-05, "phase": "layer:decoder.stages.3.convs.1.conv:conv3d:before", "process_group_resident_bytes": 665419776}
{"elapsed_seconds": 1.892535958904773, "input_or_output_shapes": [1, 64, 32, 32, 32], "libproc_sample_seconds_excludes_json_flush": 8.374988101422787e-05, "phase": "layer:decoder.stages.3.convs.1.conv:conv3d:after", "process_group_resident_bytes": 665419776}
{"elapsed_seconds": 1.8925904168281704, "input_or_output_shapes": [[1, 64, 32, 32, 32]], "libproc_sample_seconds_excludes_json_flush": 1.4415942132472992e-05, "phase": "layer:decoder.stages.3.convs.1.norm:instancenorm3d:before", "process_group_resident_bytes": 665419776}
{"elapsed_seconds": 1.8938704170286655, "input_or_output_shapes": [1, 64, 32, 32, 32], "libproc_sample_seconds_excludes_json_flush": 2.429191954433918e-05, "phase": "layer:decoder.stages.3.convs.1.norm:instancenorm3d:after", "process_group_resident_bytes": 665419776}
{"elapsed_seconds": 1.8940255418419838, "input_or_output_shapes": [1, 64, 32, 32, 32], "libproc_sample_seconds_excludes_json_flush": 1.77919864654541e-05, "phase": "layer:decoder.stages.3:decoder_stage:after", "process_group_resident_bytes": 665419776}
{"elapsed_seconds": 1.8940604168456048, "input_or_output_shapes": [[1, 64, 32, 32, 32]], "libproc_sample_seconds_excludes_json_flush": 1.4374963939189911e-05, "phase": "layer:decoder.transpconvs.4:convtranspose3d:before", "process_group_resident_bytes": 665419776}
{"elapsed_seconds": 1.9008168338332325, "input_or_output_shapes": [1, 32, 64, 64, 64], "libproc_sample_seconds_excludes_json_flush": 7.575005292892456e-05, "phase": "layer:decoder.transpconvs.4:convtranspose3d:after", "process_group_resident_bytes": 665452544}
{"elapsed_seconds": 1.9068937089759856, "input_or_output_shapes": [[1, 64, 64, 64, 64]], "libproc_sample_seconds_excludes_json_flush": 5.1084207370877266e-05, "phase": "layer:decoder.stages.4:decoder_stage:before", "process_group_resident_bytes": 732577792}
{"elapsed_seconds": 1.9072343339212239, "input_or_output_shapes": [[1, 64, 64, 64, 64]], "libproc_sample_seconds_excludes_json_flush": 2.2624852135777473e-05, "phase": "layer:decoder.stages.4.convs.0.conv:conv3d:before", "process_group_resident_bytes": 732577792}
{"elapsed_seconds": 2.0787736249621958, "input_or_output_shapes": [1, 32, 64, 64, 64], "libproc_sample_seconds_excludes_json_flush": 9.174994193017483e-05, "phase": "layer:decoder.stages.4.convs.0.conv:conv3d:after", "process_group_resident_bytes": 722468864}
{"elapsed_seconds": 2.07884049997665, "input_or_output_shapes": [[1, 32, 64, 64, 64]], "libproc_sample_seconds_excludes_json_flush": 1.4333054423332214e-05, "phase": "layer:decoder.stages.4.convs.0.norm:instancenorm3d:before", "process_group_resident_bytes": 722468864}
{"elapsed_seconds": 2.083599666832015, "input_or_output_shapes": [1, 32, 64, 64, 64], "libproc_sample_seconds_excludes_json_flush": 1.9750092178583145e-05, "phase": "layer:decoder.stages.4.convs.0.norm:instancenorm3d:after", "process_group_resident_bytes": 722468864}
{"elapsed_seconds": 2.084131541894749, "input_or_output_shapes": [[1, 32, 64, 64, 64]], "libproc_sample_seconds_excludes_json_flush": 3.079092130064964e-05, "phase": "layer:decoder.stages.4.convs.1.conv:conv3d:before", "process_group_resident_bytes": 722468864}
{"elapsed_seconds": 2.1535197920165956, "input_or_output_shapes": [1, 32, 64, 64, 64], "libproc_sample_seconds_excludes_json_flush": 8.883303962647915e-05, "phase": "layer:decoder.stages.4.convs.1.conv:conv3d:after", "process_group_resident_bytes": 722468864}
{"elapsed_seconds": 2.153583874925971, "input_or_output_shapes": [[1, 32, 64, 64, 64]], "libproc_sample_seconds_excludes_json_flush": 1.5790807083249092e-05, "phase": "layer:decoder.stages.4.convs.1.norm:instancenorm3d:before", "process_group_resident_bytes": 722468864}
{"elapsed_seconds": 2.1598177920095623, "input_or_output_shapes": [1, 32, 64, 64, 64], "libproc_sample_seconds_excludes_json_flush": 4.5208027586340904e-05, "phase": "layer:decoder.stages.4.convs.1.norm:instancenorm3d:after", "process_group_resident_bytes": 756039680}
{"elapsed_seconds": 2.162816041847691, "input_or_output_shapes": [1, 32, 64, 64, 64], "libproc_sample_seconds_excludes_json_flush": 3.891694359481335e-05, "phase": "layer:decoder.stages.4:decoder_stage:after", "process_group_resident_bytes": 756039680}
{"elapsed_seconds": 2.1629232498817146, "input_or_output_shapes": [[1, 32, 64, 64, 64]], "libproc_sample_seconds_excludes_json_flush": 1.591700129210949e-05, "phase": "layer:decoder.seg_layers.4:conv3d:before", "process_group_resident_bytes": 756039680}
{"elapsed_seconds": 2.16518916701898, "input_or_output_shapes": [1, 3, 64, 64, 64], "libproc_sample_seconds_excludes_json_flush": 5.78342005610466e-05, "phase": "layer:decoder.seg_layers.4:conv3d:after", "process_group_resident_bytes": 756039680}
{"elapsed_seconds": 2.1652954588644207, "phase": "after_generated_forward", "phase_rss_source": "direct_libproc_self_pid_no_subprocess", "self_rss_kib": 738320}
{"elapsed_seconds": 2.167959458893165, "phase": "after_output_transfer", "phase_rss_source": "direct_libproc_self_pid_no_subprocess", "self_rss_kib": 738368}
{"arm": "baseline", "forward_seconds": 0.5374422499444336, "logits_raw_sha256": "52252550d12d7fc0ddd930c044f58cd6e1bca00606646bbd9780687bce3f2853", "status": "completed"}
