FF.                                                                      [100%]
=================================== FAILURES ===================================
_ test_real_native_task_real_rollout_roundtrip_reaches_independent_audit[STOP] _

tmp_path = PosixPath('/private/var/folders/dr/822x6zgj7r9f_8tn3g3vp11r0000gn/T/pytest-of-sayemkamal/pytest-614/test_real_native_task_real_rol0')
monkeypatch = <_pytest.monkeypatch.MonkeyPatch object at 0x1093fab10>
name = 'STOP'

    @pytest.mark.parametrize('name',('STOP','frozen_il'))
    def test_real_native_task_real_rollout_roundtrip_reaches_independent_audit(tmp_path,monkeypatch,name):
        """Actual tuple-valued native metrics must survive the durable JSON boundary."""
        import torch
        from resectionlab.native_spatial_task import make_native_opening_task
        from resectionlab.native_resection import NativeResectionEngine
        from resectionlab.native_spatial_evaluation import evaluate_native_spatial_episode
        from resectionlab.spatial_policy import parameter_hash
        torch.set_num_threads(1)
        class FixedLegalPolicy(torch.nn.Module):
            def __init__(self):
                super().__init__();self.anchor=torch.nn.Parameter(torch.tensor(0.),requires_grad=False)
            def forward(self,observation):
                # Test-only frozen choice: first legal non-STOP when present, never an oracle score.
                logits=torch.full((len(observation.action_ids),),-1.)+self.anchor
                logits[0]=0.
                for i,allowed in enumerate(observation.action_mask):
                    if i and allowed:logits[i]=1.;break
                return logits.masked_fill(~torch.tensor(observation.action_mask.copy()),-torch.inf),self.anchor
        policy=FixedLegalPolicy();monkeypatch.setattr(runner.frozen,'POLICY_HASH',parameter_hash(policy))
        task=make_native_opening_task(max_steps=3)
        live=task.metrics()
        assert isinstance(live['crop']['shape'],tuple) and isinstance(live['crop']['origin_voxels'],tuple)
        original_preview=NativeResectionEngine.preview_stroke;checks=[]
        def audit(actual,*,metrics):
            assert NativeResectionEngine.preview_stroke is original_preview
            checks.append(True)
            return evaluate_native_spatial_episode(actual,metrics=metrics,distance_backend='batch',distance_batch_size=256)
        row=runner.run_arm(task,policy,name,tmp_path,whole_guard=lambda:None,
            auditor=audit,closure_check=lambda:None)
>       assert row['status']=='complete',row.get('failure')
E       AssertionError: {'type': 'ValueError', 'message': 'Audit requires the durably retained complete selected-task history'}
E       assert 'failed' == 'complete'
E         
E         - complete
E         + failed

tests/test_compare_prepared_training_planners.py:295: AssertionError
_ test_real_native_task_real_rollout_roundtrip_reaches_independent_audit[frozen_il] _

tmp_path = PosixPath('/private/var/folders/dr/822x6zgj7r9f_8tn3g3vp11r0000gn/T/pytest-of-sayemkamal/pytest-614/test_real_native_task_real_rol1')
monkeypatch = <_pytest.monkeypatch.MonkeyPatch object at 0x10fcf16d0>
name = 'frozen_il'

    @pytest.mark.parametrize('name',('STOP','frozen_il'))
    def test_real_native_task_real_rollout_roundtrip_reaches_independent_audit(tmp_path,monkeypatch,name):
        """Actual tuple-valued native metrics must survive the durable JSON boundary."""
        import torch
        from resectionlab.native_spatial_task import make_native_opening_task
        from resectionlab.native_resection import NativeResectionEngine
        from resectionlab.native_spatial_evaluation import evaluate_native_spatial_episode
        from resectionlab.spatial_policy import parameter_hash
        torch.set_num_threads(1)
        class FixedLegalPolicy(torch.nn.Module):
            def __init__(self):
                super().__init__();self.anchor=torch.nn.Parameter(torch.tensor(0.),requires_grad=False)
            def forward(self,observation):
                # Test-only frozen choice: first legal non-STOP when present, never an oracle score.
                logits=torch.full((len(observation.action_ids),),-1.)+self.anchor
                logits[0]=0.
                for i,allowed in enumerate(observation.action_mask):
                    if i and allowed:logits[i]=1.;break
                return logits.masked_fill(~torch.tensor(observation.action_mask.copy()),-torch.inf),self.anchor
        policy=FixedLegalPolicy();monkeypatch.setattr(runner.frozen,'POLICY_HASH',parameter_hash(policy))
        task=make_native_opening_task(max_steps=3)
        live=task.metrics()
        assert isinstance(live['crop']['shape'],tuple) and isinstance(live['crop']['origin_voxels'],tuple)
        original_preview=NativeResectionEngine.preview_stroke;checks=[]
        def audit(actual,*,metrics):
            assert NativeResectionEngine.preview_stroke is original_preview
            checks.append(True)
            return evaluate_native_spatial_episode(actual,metrics=metrics,distance_backend='batch',distance_batch_size=256)
        row=runner.run_arm(task,policy,name,tmp_path,whole_guard=lambda:None,
            auditor=audit,closure_check=lambda:None)
>       assert row['status']=='complete',row.get('failure')
E       AssertionError: {'type': 'ValueError', 'message': 'Audit requires the durably retained complete selected-task history'}
E       assert 'failed' == 'complete'
E         
E         - complete
E         + failed

tests/test_compare_prepared_training_planners.py:295: AssertionError
=========================== short test summary info ============================
FAILED tests/test_compare_prepared_training_planners.py::test_real_native_task_real_rollout_roundtrip_reaches_independent_audit[STOP]
FAILED tests/test_compare_prepared_training_planners.py::test_real_native_task_real_rollout_roundtrip_reaches_independent_audit[frozen_il]
2 failed, 1 passed, 34 deselected in 1.57s
