*Step  = 0
*Time  = 0
*Data  = mechanics_nodes_si
1,0,0,0,0,0,0,0,0,0
2,0.01,0,0,0,0,0,0,0,0
3,0.01,0.01,0,0,0,0,0,0,0
4,0,0.01,0,0,0,0,0,0,0
5,0,0,0.01,0,0,0,0,0,0
6,0.01,0,0.01,0,0,0,0,0,0
7,0.01,0.01,0.01,0,0,0,0,0,0
8,0,0.01,0.01,0,0,0,0,0,0
9,0.005,0,0,0,0,0,0,0,0
10,0.01,0.005,0,0,0,0,0,0,0
11,0.005,0.005,0,0,0,0,0,0,0
12,0.005,0.005,0.005,0,0,0,0,0,0
13,0.01,0.005,0.005,0,0,0,0,0,0
14,0.01,0.01,0.005,0,0,0,0,0,0
15,0.005,0.01,0,0,0,0,0,0,0
16,0,0.005,0,0,0,0,0,0,0
17,0.005,0.01,0.005,0,0,0,0,0,0
18,0,0.01,0.005,0,0,0,0,0,0
19,0,0.005,0.005,0,0,0,0,0,0
20,0.005,0.01,0.01,0,0,0,0,0,0
21,0,0.005,0.01,0,0,0,0,0,0
22,0,0,0.005,0,0,0,0,0,0
23,0.005,0.005,0.01,0,0,0,0,0,0
24,0.005,0,0.01,0,0,0,0,0,0
25,0.005,0,0.005,0,0,0,0,0,0
26,0.01,0.005,0.01,0,0,0,0,0,0
27,0.01,0,0.005,0,0,0,0,0,0
*Step  = 1
*Time  = 0.25
*Data  = mechanics_nodes_si
1,-1.05024385392e-05,9.10716880179e-06,-5.80352830691e-07,-1.05024385392e-05,9.10716880179e-06,-5.80352830691e-07,0,0,0
2,0.0100494975615,1.91071688018e-05,-5.80352830691e-07,4.94975614608e-05,1.91071688018e-05,-5.80352830691e-07,0,0,0
3,0.00998906001808,0.0100135560147,8.7322186691e-07,-1.09399819184e-05,1.35560146836e-05,8.7322186691e-07,-3.1844763562e-13,-5.2776782722e-13,1.64855015557e-13
4,-1.55024385392e-05,0.0099791071688,1.44196471693e-05,-1.55024385392e-05,-2.08928311982e-05,1.44196471693e-05,0,0,0
5,3.17602147157e-05,-3.14955442036e-05,0.00999894392652,3.17602147157e-05,-3.14955442036e-05,-1.05607347508e-06,5.84720718736e-13,-6.49849718596e-13,-3.90188046435e-14
6,0.0100265838975,-1.16531980458e-05,0.00998539265151,2.6583897504e-05,-1.16531980458e-05,-1.46073484925e-05,-1.3364210249e-12,1.18021683667e-12,5.44141809265e-13
7,0.0100034891088,0.00999752758813,0.0100056975234,3.489108792e-06,-2.47241187301e-06,5.69752335213e-06,-6.08341232859e-12,8.64410801408e-12,-2.08540178652e-13
8,1.0172855386e-05,0.00997138610074,0.0100185519311,1.0172855386e-05,-2.86138992584e-05,1.8551931112e-05,8.56405407473e-13,7.9496730053e-13,-3.86797847144e-13
9,0.00501782081493,8.29494723127e-06,-5.34474631481e-06,1.78208149266e-05,8.29494723127e-06,-5.34474631481e-06,7.13794743065e-12,5.0608686841e-12,5.73034099115e-12
10,0.0100137108265,0.00501036791527,1.06752147482e-06,1.37108264648e-05,1.03679152694e-05,1.06752147482e-06,-2.5580282821e-12,-4.45269690044e-12,7.20768861263e-12
11,0.00500459448085,0.00499809092604,1.90082107774e-06,4.59448085002e-06,-1.90907395839e-06,1.90082107774e-06,-2.32213069438e-12,3.77367434922e-12,2.67176425671e-12
12,0.00501050243854,0.0049908928312,0.00500058035283,1.05024385392e-05,-9.10716880179e-06,5.80352830691e-07,1.81712277197e-11,-1.93264740772e-11,2.73160255622e-12
13,0.0100141110682,0.00500253259034,0.00499508816133,1.41110681802e-05,2.53259033523e-06,-4.91183867339e-06,-1.190921303e-13,-9.64725816119e-12,-6.23423155293e-12
14,0.0099948657314,0.0100083615959,0.00500228139195,-5.13426859567e-06,8.36159591747e-06,2.28139194659e-06,-5.89636171589e-12,9.57749214172e-13,4.1910383516e-13
15,0.00499089339343,0.00999406964839,6.66823229207e-06,-9.10660656811e-06,-5.93035161257e-06,6.66823229207e-06,6.38430646962e-12,-3.31696318839e-12,-1.82953565502e-12
16,-5.41294739067e-06,0.00499438414266,9.28991132577e-06,-5.41294739067e-06,-5.61585733817e-06,9.28991132577e-06,-7.91603653287e-13,-2.61680174566e-12,-4.63766084217e-12
17,0.00500073532265,0.00998895857596,0.00500982072997,7.35322648622e-07,-1.10414240387e-05,9.82072996839e-06,1.04239134854e-11,-5.37169225896e-12,3.70794954553e-12
18,-5.30912497084e-07,0.00997881680591,0.00501952816285,-5.30912497084e-07,-2.11831940927e-05,1.95281628458e-05,-9.46969469442e-12,4.8335703979e-12,1.76836280461e-12
19,8.53594100487e-06,0.00498365599583,0.00501301158386,8.53594100487e-06,-1.63440041746e-05,1.30115838614e-05,-1.00863143368e-11,5.77283006283e-14,-2.5855273326e-12
20,0.00500793377345,0.00998337068948,0.0100089343288,7.93377345183e-06,-1.66293105224e-05,8.93432875509e-06,2.55925970503e-12,-4.20170427184e-12,3.16947721069e-12
21,2.23202852777e-05,0.00496999084262,0.0100125136129,2.23202852777e-05,-3.00091573775e-05,1.25136128971e-05,-1.21448543134e-12,-5.01489456321e-13,-3.26388336664e-13
22,1.46761906451e-05,-1.34270416487e-05,0.00499917491535,1.46761906451e-05,-1.34270416487e-05,-8.25084650316e-07,-1.81771335858e-13,4.81400562419e-12,-1.24244522429e-12
23,0.00502004240396,0.00498015045888,0.0100006545959,2.00424039641e-05,-1.98495411226e-05,6.54595919881e-07,2.69959585099e-12,-4.36992574949e-12,-2.28493100126e-12
24,0.00502949394879,-2.2852670742e-05,0.00998595295263,2.94939487936e-05,-2.2852670742e-05,-1.40470473696e-05,3.14869731561e-13,4.90570406816e-12,-3.08167474202e-12
25,0.00501909626406,-5.81442668022e-06,0.00498552522641,1.9096264062e-05,-5.81442668022e-06,-1.44747735911e-05,3.72761743415e-12,1.35211655291e-11,1.04378681301e-12
26,0.0100156521796,0.00499207821843,0.00999827565624,1.56521796213e-05,-7.9217815694e-06,-1.72434376161e-06,3.05286915216e-12,-8.0575976147e-12,-5.64396587446e-12
27,0.0100283177182,5.11732598485e-06,0.00498566797413,2.83177181572e-05,5.11732598485e-06,-1.43320258746e-05,-6.79702875365e-12,1.19872687981e-11,-4.51865231479e-12
*Step  = 2
*Time  = 0.5
*Data  = mechanics_nodes_si
1,-2.10209015769e-05,1.81945490256e-05,-1.13780685997e-06,-2.10209015769e-05,1.81945490256e-05,-1.13780685997e-06,0,0,0
2,0.0100989790984,3.81945490256e-05,-1.13780685997e-06,9.89790984231e-05,3.81945490256e-05,-1.13780685997e-06,0,0,0
3,0.00997811893502,0.0100270151359,1.80159612268e-06,-2.18810649816e-05,2.70151358996e-05,1.80159612268e-06,-3.21441446255e-13,-5.75072022862e-13,2.08941865816e-13
4,-3.10209015769e-05,0.00995819454903,2.886219314e-05,-3.10209015769e-05,-4.18054509744e-05,2.886219314e-05,0,0,0
5,6.35646674713e-05,-6.29156051869e-05,0.00999770490306,6.35646674713e-05,-6.29156051869e-05,-2.29509693819e-06,5.91694496845e-13,-6.44819984863e-13,-6.43603290008e-14
6,0.010053198412,-2.3215626581e-05,0.00997071497527,5.31984119573e-05,-2.3215626581e-05,-2.92850247266e-05,-1.34147594622e-12,1.20985062653e-12,5.14001804562e-13
7,0.0100070391951,0.00999500471491,0.0100113686399,7.03919508881e-06,-4.99528508642e-06,1.1368639949e-05,-5.99865981405e-12,8.60660836965e-12,-2.09353120853e-13
8,2.04732631272e-05,0.00994278435027,0.0100370515107,2.04732631272e-05,-5.72156497298e-05,3.70515106772e-05,8.6398974133e-13,7.88004026688e-13,-3.91647620893e-13
9,0.00503565230195,1.66256985664e-05,-1.06707350525e-05,3.5652301954e-05,1.66256985664e-05,-1.06707350525e-05,7.07152881657e-12,4.961292038e-12,5.63682218239e-12
10,0.0100274326466,0.00502070757284,2.14181105011e-06,2.74326465957e-05,2.07075728382e-05,2.14181105011e-06,-2.56438295496e-12,-4.35328862075e-12,7.10892467822e-12
11,0.00500920445242,0.00499621206064,3.78123462394e-06,9.20445242088e-06,-3.78793936355e-06,3.78123462394e-06,-2.30576504884e-12,3.841351455e-12,2.64664175246e-12
12,0.00502102090158,0.00498180545097,0.00500113780686,2.10209015769e-05,-1.81945490256e-05,1.13780685997e-06,1.78611640994e-11,-1.92523705455e-11,2.85648795978e-12
13,0.0100282434546,0.0050050830089,0.00499015122478,2.8243454618e-05,5.08300890254e-06,-9.84877521994e-06,-1.18180622793e-13,-9.50466939887e-12,-6.1477698322e-12
14,0.00998974208144,0.010016642237,0.005004577054,-1.02579185582e-05,1.66422369997e-05,4.57705400242e-06,-5.86414177732e-12,9.6787022197e-13,3.66442617759e-13
15,0.00498181131856,0.00998812670711,1.33638670627e-05,-1.81886814442e-05,-1.18732928922e-05,1.33638670627e-05,6.36600675974e-12,-3.32303403362e-12,-1.78379294973e-12
16,-1.08128468219e-05,0.00498878058616,1.85997349872e-05,-1.08128468219e-05,-1.12194138427e-05,1.85997349872e-05,-7.73901979285e-13,-2.61461142349e-12,-4.57472268414e-12
17,0.00500153748668,0.00997790786686,0.00501961372974,1.53748668362e-06,-2.2092133138e-05,1.96137297403e-05,1.04064438358e-11,-5.35061821984e-12,3.65000282264e-12
18,-9.75773631251e-07,0.00995760845598,0.0050390567649,-9.75773631251e-07,-4.23915440215e-05,3.90567649036e-05,-9.42207926749e-12,4.80425249804e-12,1.76166903624e-12
19,1.71491768861e-05,0.00496730264596,0.00502599119185,1.71491768861e-05,-3.26973540364e-05,2.59911918458e-05,-9.96637058173e-12,4.68125006397e-14,-2.59409092209e-12
20,0.00501595655288,0.00996675544835,0.010017815677,1.5956552883e-05,-3.32445516526e-05,1.78156770064e-05,2.48627777166e-12,-4.18894614612e-12,3.1694833034e-12
21,4.47418663809e-05,0.00494000579512,0.0100249225702,4.47418663809e-05,-5.99942048798e-05,2.49225702288e-05,-1.16563998018e-12,-4.91033553113e-13,-3.68286390563e-13
22,2.9381439142e-05,-2.68099865511e-05,0.0049982525853,2.9381439142e-05,-2.68099865511e-05,-1.74741470447e-06,-1.47698402174e-13,4.87170916435e-12,-1.2136504824e-12
23,0.00504013722452,0.00496033995751,0.0100012473261,4.01372245199e-05,-3.96600424906e-05,1.24732610231e-06,2.64969261098e-12,-4.36203066973e-12,-2.29022816065e-12
24,0.00505899851329,-4.55861409678e-05,0.00997181231934,5.8998513288e-05,-4.55861409678e-05,-2.81876806584e-05,2.97958440151e-13,4.92043002222e-12,-3.08794021115e-12
25,0.00503815764604,-1.1543538506e-05,0.00497104367194,3.81576460422e-05,-1.1543538506e-05,-2.89563280581e-05,3.64916760072e-12,1.34016668155e-11,1.1356071765e-12
26,0.0100313730844,0.00498417574131,0.00999647176935,3.13730844255e-05,-1.58242586948e-05,-3.52823064778e-06,3.04020837097e-12,-8.03161633367e-12,-5.60056579936e-12
27,0.0100566034198,1.02791103227e-05,0.00497135947194,5.66034197942e-05,1.02791103227e-05,-2.86405280598e-05,-6.74722419014e-12,1.18150323181e-11,-4.41872051912e-12
*Step  = 3
*Time  = 0.75
*Data  = mechanics_nodes_si
1,-3.15545239346e-05,2.72622122067e-05,-1.67273388817e-06,-3.15545239346e-05,2.72622122067e-05,-1.67273388817e-06,0,0,0
2,0.0101484454761,5.72622122067e-05,-1.67273388817e-06,0.000148445476065,5.72622122067e-05,-1.67273388817e-06,0,0,0
3,0.00996717752145,0.0100403781836,2.78662683017e-06,-3.28224785529e-05,4.03781836319e-05,2.78662683017e-06,-3.2422225288e-13,-6.21535811896e-13,2.51808014544e-13
4,-4.65545239346e-05,0.00993726221221,4.33272661118e-05,-4.65545239346e-05,-6.27377877933e-05,4.33272661118e-05,0,0,0
5,9.5410648207e-05,-9.42599923159e-05,0.00999628222046,9.5410648207e-05,-9.42599923159e-05,-3.71777953517e-06,5.98206380265e-13,-6.39803503383e-13,-8.91783672503e-14
6,0.010079840997,-3.46881071492e-05,0.00995596780002,7.9840996959e-05,-3.46881071492e-05,-4.40321999788e-05,-1.34661905108e-12,1.23913919964e-12,4.84399008907e-13
7,0.0100106491305,0.00999243050232,0.0100170147235,1.06491304766e-05,-7.56949768044e-06,1.70147234716e-05,-5.91466848948e-12,8.56961287414e-12,-2.09897141104e-13
8,3.08994265691e-05,0.00991419449342,0.010055498512,3.08994265691e-05,-8.58055065846e-05,5.54985119922e-05,8.71814753669e-13,7.81148517673e-13,-3.96553094046e-13
9,0.00505349453347,2.49922186247e-05,-1.59785805113e-05,5.34945334659e-05,2.49922186247e-05,-1.59785805113e-05,7.00898975632e-12,4.8627012112e-12,5.54166548126e-12
10,0.010041165094,0.00503101957923,3.22347550051e-06,4.11650940378e-05,3.10195792266e-05,3.22347550051e-06,-2.57046962091e-12,-4.25596665495e-12,7.01182364367e-12
11,0.00501382955005,0.00499436416363,5.64169553528e-06,1.38295500512e-05,-5.6358363706e-06,5.64169553528e-06,-2.28940718922e-12,3.907721572e-12,2.62190433142e-12
12,0.00503155452393,0.00497273778779,0.00500167273389,3.15545239346e-05,-2.72622122067e-05,1.67273388817e-06,1.75564854538e-11,-1.91797070034e-11,2.9791983225e-12
13,0.0100423960906,0.00500765117722,0.00498519013785,4.23960906305e-05,7.65117721578e-06,-1.48098621456e-05,-1.16299050909e-13,-9.3649146936e-12,-6.06270747937e-12
14,0.00998462880791,0.0100248418237,0.00500688870741,-1.53711920921e-05,2.48418236658e-05,6.88870740845e-06,-5.83124458635e-12,9.7856396719e-13,3.14579534094e-13
15,0.00497275420546,0.00998217205514,2.00878921945e-05,-2.72457945415e-05,-1.78279448572e-05,2.00878921945e-05,6.34788802363e-12,-3.32832645035e-12,-1.73922269037e-12
16,-1.61994660377e-05,0.00498318931926,2.79290318387e-05,-1.61994660377e-05,-1.68106807372e-05,2.79290318387e-05,-7.56612058162e-13,-2.61308376738e-12,-4.51217650923e-12
17,0.00500240533892,0.00996684815653,0.00502937994385,2.40533891644e-06,-3.31518434677e-05,2.93799438536e-05,1.03882834604e-11,-5.32883277977e-12,3.59277367852e-12
18,-1.33513370987e-06,0.00993637494757,0.00505858533554,-1.33513370987e-06,-6.36250524292e-05,5.85853355399e-05,-9.37423005207e-12,4.77531126848e-12,1.75450508273e-12
19,2.58386997908e-05,0.0049509399124,0.00503893783217,2.58386997908e-05,-4.90600876009e-05,3.89378321678e-05,-9.8481182595e-12,3.7521236999e-14,-2.60384060843e-12
20,0.00502406645912,0.00995015367928,0.0100266450375,2.40664591187e-05,-4.98463207185e-05,2.66450375304e-05,2.41341247727e-12,-4.17628417903e-12,3.16967857245e-12
21,6.72624433076e-05,0.00491004469991,0.0100372259224,6.72624433076e-05,-8.99553000885e-05,3.72259223986e-05,-1.1185298631e-12,-4.79732443847e-13,-4.0979697136e-13
22,4.41144898337e-05,-4.01485963632e-05,0.00499723235976,4.41144898337e-05,-4.01485963632e-05,-2.76764024393e-06,-1.15571716422e-13,4.92845295689e-12,-1.18397567412e-12
23,0.00506028253414,0.00494056793535,0.0100017783881,6.02825341385e-05,-5.94320646485e-05,1.77838813042e-06,2.5996119523e-12,-4.35359685416e-12,-2.29394804814e-12
24,0.00508851130677,-6.82008429002e-05,0.00995757850457,8.85113067727e-05,-6.82008429002e-05,-4.24214954294e-05,2.81528092158e-13,4.93329771531e-12,-3.09291061237e-12
25,0.00505718349618,-1.71878824566e-05,0.00495655562453,5.71834961758e-05,-1.71878824566e-05,-4.34443754703e-05,3.57327826318e-12,1.32792903227e-11,1.2260103715e-12
26,0.0100471608138,0.00497629217646,0.00999458933169,4.71608138419e-05,-2.370782354e-05,-5.41066831364e-06,3.02788678089e-12,-8.00594099556e-12,-5.55635043387e-12
27,0.010084856226,1.54847376805e-05,0.00495707454505,8.4856225995e-05,1.54847376805e-05,-4.29254549475e-05,-6.69652285534e-12,1.16448405417e-11,-4.32153996349e-12
*Step  = 4
*Time  = 1
*Data  = mechanics_nodes_si
1,-4.21024575052e-05,3.6310234612e-05,-2.18550230063e-06,-4.21024575052e-05,3.6310234612e-05,-2.18550230063e-06,0,0,0
2,0.0101978975425,7.6310234612e-05,-2.18550230063e-06,0.000197897542495,7.6310234612e-05,-2.18550230063e-06,0,0,0
3,0.00995623653658,0.01005364598,3.82979952243e-06,-4.37634634244e-05,5.36459800184e-05,3.82979952243e-06,-3.26717974473e-13,-6.67271163183e-13,2.9347490692e-13
4,-6.21024575052e-05,0.00991631023461,5.78144976994e-05,-6.21024575052e-05,-8.3689765388e-05,5.78144976994e-05,0,0,0
5,0.000127295486956,-0.000125528519209,0.00999467521513,0.000127295486956,-0.000125528519209,-5.32478487203e-06,6.04366227474e-13,-6.34781532283e-13,-1.13570458571e-13
6,0.0101065091658,-4.60714729179e-05,0.00994115192341,0.000106509165765,-4.60714729179e-05,-5.88480765929e-05,-1.3517054924e-12,1.26781723479e-12,4.55456144669e-13
7,0.0100143178287,0.00998980406258,0.0100226371241,1.43178287349e-05,-1.01959374151e-05,2.26371241412e-05,-5.83161895035e-12,8.53294764355e-12,-2.10533543639e-13
8,4.14495815736e-05,0.00988561626453,0.0100738927275,4.14495815736e-05,-0.000114383735465,7.38927274996e-05,8.80016704988e-13,7.74387994084e-13,-4.01644164399e-13
9,0.00507134756533,3.33944823726e-05,-2.12688818292e-05,7.13475653297e-05,3.33944823726e-05,-2.12688818292e-05,6.95024493907e-12,4.7646828567e-12,5.44527163431e-12
10,0.0100549078015,0.00504130453161,4.31311270337e-06,5.49078014747e-05,4.1304531607e-05,4.31311270337e-06,-2.57598927757e-12,-4.16058325583e-12,6.91599824005e-12
11,0.00501846940051,0.00499254798501,7.48266002615e-06,1.846940051e-05,-7.45201498942e-06,7.48266002615e-06,-2.27326066771e-12,3.97320303286e-12,2.59703123264e-12
12,0.00504210245751,0.00496368976539,0.0050021855023,4.21024575052e-05,-3.6310234612e-05,2.18550230063e-06,1.7257762656e-11,-1.91087112056e-11,3.10093188513e-12
13,0.0100565679294,0.00501023700389,0.00498020582795,5.65679293796e-05,1.02370038865e-05,-1.97941720525e-05,-1.13792984502e-13,-9.22843244422e-12,-5.97817751342e-12
14,0.0099795256831,0.0100329602518,0.00500921805293,-2.04743169036e-05,3.29602517591e-05,9.21805292638e-06,-5.79788119269e-12,9.90097116977e-13,2.63850691919e-13
15,0.00496372246843,0.00997620656631,2.68412870522e-05,-3.62775315652e-05,-2.379343369e-05,2.68412870522e-05,6.32986897632e-12,-3.33269470521e-12,-1.69589920997e-12
16,-2.15725867033e-05,0.00497761032711,3.72773721777e-05,-2.15725867033e-05,-2.23896728888e-05,3.72773721777e-05,-7.39825816711e-13,-2.61223979391e-12,-4.4501702704e-12
17,0.00500333773698,0.00995577971355,0.00503912031561,3.33773698456e-06,-4.42202864484e-05,3.91203156068e-05,1.03698971254e-11,-5.30669541784e-12,3.53629068574e-12
18,-1.6095395011e-06,0.00991511627381,0.00507811341644,-1.6095395011e-06,-8.48837261927e-05,7.81134164428e-05,-9.32635328881e-12,4.74662706269e-12,1.74717773582e-12
19,3.46035044277e-05,0.00493456775501,0.0050518505328,3.46035044277e-05,-6.54322449946e-05,5.18505327965e-05,-9.73186068652e-12,3.01300393597e-14,-2.61452761296e-12
20,0.00503226165609,0.00993356476897,0.0100354234008,3.22616560859e-05,-6.64352310283e-05,3.54234007767e-05,2.34071032481e-12,-4.1638130707e-12,3.16998242095e-12
21,8.98797475221e-05,0.00488010739438,0.0100494227518,8.98797475221e-05,-0.000119892605615,4.94227517672e-05,-1.07308890762e-12,-4.6759926046e-13,-4.50983992213e-13
22,5.88740977067e-05,-5.34426310393e-05,0.00499611362186,5.88740977067e-05,-5.34426310393e-05,-3.88637813584e-06,-8.51750853008e-14,4.98409270466e-12,-1.1532510549e-12
23,0.00508047644764,0.00492083382301,0.0100022479796,8.04764476388e-05,-7.916617699e-05,2.24797962797e-06,2.54953693994e-12,-4.34482253642e-12,-2.29629902875e-12
24,0.00511802999672,-9.06972200308e-05,0.00994325191612,0.000118029996724,-9.06972200308e-05,-5.67480838767e-05,2.65337630699e-13,4.9445750247e-12,-3.09663662501e-12
25,0.00507617318169,-2.2748004512e-05,0.00494206136506,7.61731816917e-05,-2.2748004512e-05,-5.79386349405e-05,3.49990386472e-12,1.31546381623e-11,1.31464732153e-12
26,0.0100630135109,0.0049684271171,0.00999262931344,6.30135109205e-05,-3.15728829032e-05,-7.37068656491e-06,3.01572398281e-12,-7.9801339832e-12,-5.51178451025e-12
27,0.0101130752822,2.07335976418e-05,0.00494281322538,0.000113075282209,2.07335976418e-05,-5.71867746195e-05,-6.64512829096e-12,1.1476935267e-11,-4.22719377723e-12
