===========================================================================
         ________    _________   _______       __     _________            
        |        |\ |        |\ |       \\    |  |\  /         \\          
        |    ____|| |    ____|| |    __  ||   |__|| |    ___    ||         
        |   |\___\| |   |\___\| |   |\_| ||    \_\| |   //  \   ||         
        |   ||__    |   ||__    |   ||_| ||   |  |\ |  ||    |  ||         
        |       |\  |       |\  |         \\  |  || |  ||    |  ||         
        |    ___||  |    ___||  |    ___   || |  || |  ||    |  ||         
        |   |\__\|  |   |\__\|  |   |\__|  || |  || |  ||    |  ||         
        |   ||      |   ||___   |   ||__|  || |  || |   \\__/   ||         
        |   ||      |        |\ |          || |  || |           ||         
        |___||      |________|| |_________//  |__||  \_________//          
                                                                           
      F I N I T E   E L E M E N T S   F O R   B I O M E C H A N I C S      
                                                                           
  version 4.13.0
  FEBio is a registered trademark.                                         
  copyright (c) 2006-2026 - All rights reserved                            
                                                                           
===========================================================================





 FILES USED
===========================================================================
	Input file : mpc_nonrigid.feb
	Plot file  : mpc_nonrigid.xplt
	Log file   : mpc_nonrigid.log


 MESH INFO
===========================================================================
	Number of materials ............................ : 1
	Number of domains .............................. : 1
	Number of nodes ................................ : 27
	Number of solid elements ....................... : 6


 MODULE
===========================================================================
	Module type ....................................... : solid


 CONTROL DATA
===========================================================================
	analysis .......................................... : STATIC (0)
	time_steps ........................................ : 4
	step_size ......................................... : 0.25
	plot_zero_state ................................... : no (0)
	plot_range ........................................ : 0,-1
	plot_level ........................................ : PLOT_NEVER (0)
	output_level ...................................... : OUTPUT_MAJOR_ITRS (1)
	plot_stride ....................................... : 1
	output_stride ..................................... : 1
	adaptor_re_solve .................................. : yes (1)
	Auto time stepper activated ....................... : yes
	  max_retries ..................................... : 0
	  opt_iter ........................................ : 11
	  dtmin ........................................... : 0.25
	  dtmax ........................................... : 0.25
	  aggressiveness .................................. : 0
	  cutback ......................................... : 0.5
	  dtforce ......................................... : no (0)
 SOLVER PARAMETERS
===========================================================================
	symmetric_stiffness ............................... : symmetric (1)
	equation_scheme ................................... : staggered (0)
	equation_order .................................... : default (0)
	optimize_bw ....................................... : no (0)
	lstol ............................................. : 0.9
	lsmin ............................................. : 0.01
	lsiter ............................................ : 5
	ls_check_jacobians ................................ : no (0)
	max_refs .......................................... : 20
	check_zero_diagonal ............................... : no (0)
	zero_diagonal_tol ................................. : 0
	force_partition ................................... : 0
	reform_each_time_step ............................. : yes (1)
	reform_augment .................................... : no (0)
	diverge_reform .................................... : yes (1)
	min_residual ...................................... : 1e-20
	max_residual ...................................... : 0
	dtol .............................................. : 1e-10
	etol .............................................. : 1e-10
	rtol .............................................. : 1e-10
	rhoi .............................................. : -2
	alpha ............................................. : 1
	beta .............................................. : 0.25
	gamma ............................................. : 0.5
	logSolve .......................................... : no (0)
	arc_length ........................................ : 0
	arc_length_scale .................................. : 0






 MATERIAL DATA
===========================================================================
  1 - numerical_ogden (type: Ogden)
	density ........................................... : 1
	k ................................................. : 9666.67
	pressure_model .................................... : NIKE3D (1)
	c1 ................................................ : 2000
	c2 ................................................ : 0
	c3 ................................................ : 0
	c4 ................................................ : 0
	c5 ................................................ : 0
	c6 ................................................ : 0
	m1 ................................................ : 2
	m2 ................................................ : 2
	m3 ................................................ : 2
	m4 ................................................ : 2
	m5 ................................................ : 2
	m6 ................................................ : 2


 LOAD CONTROLLER DATA
===========================================================================
load controller   1 - lc1 (type: loadcurve)
	interpolate ....................................... : LINEAR (0)
	extend ............................................ : CONSTANT (0)
	points ............................................ : (can't display value)


 OUTPUT DATA
===========================================================================
 LINEAR SOLVER DATA
===========================================================================
	Default linear solver ............................. : skyline


Data Record #1
===========================================================================
Step = 0
Time = 0
Data = mechanics_nodes_si
File = mpc_nonrigid.nodes.log

Data Record #2
===========================================================================
Step = 0
Time = 0
Data = mechanics_elements_si
File = mpc_nonrigid.elements.log

 *************************************************************************
 * Selecting linear solver accelerate                                    *
 *************************************************************************

===== beginning time step 1 : 0.25 =====


Reforming stiffness matrix: reformation #1

===== reforming stiffness matrix:
	Nr of equations ........................... : 72
	Nr of nonzeroes in stiffness matrix ....... : 2610
 1
 Nonlinear solution status: time= 0.25
	stiffness updates             = 0
	right hand side evaluations   = 2
	stiffness matrix reformations = 1
	step from line search         = 1.000000
	convergence norms :     INITIAL         CURRENT         REQUIRED
	   residual            1.178762e-05    1.841802e-10    1.178762e-15 
	   energy              9.733210e-08    1.297029e-11    9.733210e-18 
	   displacement        1.452249e-08    1.452249e-08    1.452249e-28 
 2
 Nonlinear solution status: time= 0.25
	stiffness updates             = 1
	right hand side evaluations   = 3
	stiffness matrix reformations = 1
	step from line search         = 1.000000
	convergence norms :     INITIAL         CURRENT         REQUIRED
	   residual            1.178762e-05    9.603260e-15    1.178762e-15 
	   energy              9.733210e-08    6.632960e-15    9.733210e-18 
	   displacement        1.452249e-08    7.184697e-14    1.450422e-28 
 3
 Nonlinear solution status: time= 0.25
	stiffness updates             = 2
	right hand side evaluations   = 4
	stiffness matrix reformations = 1
	step from line search         = 1.000000
	convergence norms :     INITIAL         CURRENT         REQUIRED
	   residual            1.178762e-05    4.168366e-17    1.178762e-15 
	   energy              9.733210e-08    9.832312e-18    9.733210e-18 
	   displacement        1.452249e-08    6.556663e-15    1.452067e-28 
 4
 Nonlinear solution status: time= 0.25
	stiffness updates             = 3
	right hand side evaluations   = 5
	stiffness matrix reformations = 1
	step from line search         = 1.000000
	convergence norms :     INITIAL         CURRENT         REQUIRED
	   residual            1.178762e-05    2.311663e-21    1.178762e-15 
	   energy              9.733210e-08    6.334731e-22    9.733210e-18 
	   displacement        1.452249e-08    2.510972e-19    1.452075e-28 

 *************************************************************************
 *                               WARNING                                 *
 * No force acting on the system.                                        *
 *************************************************************************

convergence summary
    number of iterations   : 4
    number of reformations : 1

------- converged at time : 0.25


Data Record #1
===========================================================================
Step = 1
Time = 0.25
Data = mechanics_nodes_si
File = mpc_nonrigid.nodes.log

Data Record #2
===========================================================================
Step = 1
Time = 0.25
Data = mechanics_elements_si
File = mpc_nonrigid.elements.log

===== beginning time step 2 : 0.5 =====


Reforming stiffness matrix: reformation #1

 1
 Nonlinear solution status: time= 0.5
	stiffness updates             = 0
	right hand side evaluations   = 2
	stiffness matrix reformations = 1
	step from line search         = 1.000000
	convergence norms :     INITIAL         CURRENT         REQUIRED
	   residual            1.174376e-05    1.838222e-10    1.174376e-15 
	   energy              9.720939e-08    1.406699e-11    9.720939e-18 
	   displacement        1.451896e-08    1.451896e-08    1.451896e-28 
 2
 Nonlinear solution status: time= 0.5
	stiffness updates             = 1
	right hand side evaluations   = 3
	stiffness matrix reformations = 1
	step from line search         = 1.000000
	convergence norms :     INITIAL         CURRENT         REQUIRED
	   residual            1.174376e-05    9.511485e-15    1.174376e-15 
	   energy              9.720939e-08    6.590885e-15    9.720939e-18 
	   displacement        1.451896e-08    7.105900e-14    1.450048e-28 
 3
 Nonlinear solution status: time= 0.5
	stiffness updates             = 2
	right hand side evaluations   = 4
	stiffness matrix reformations = 1
	step from line search         = 1.000000
	convergence norms :     INITIAL         CURRENT         REQUIRED
	   residual            1.174376e-05    4.165630e-17    1.174376e-15 
	   energy              9.720939e-08    9.804686e-18    9.720939e-18 
	   displacement        1.451896e-08    6.540793e-15    1.451690e-28 
 4
 Nonlinear solution status: time= 0.5
	stiffness updates             = 3
	right hand side evaluations   = 5
	stiffness matrix reformations = 1
	step from line search         = 1.000000
	convergence norms :     INITIAL         CURRENT         REQUIRED
	   residual            1.174376e-05    2.271593e-21    1.174376e-15 
	   energy              9.720939e-08    6.448132e-22    9.720939e-18 
	   displacement        1.451896e-08    2.496995e-19    1.451697e-28 

 *************************************************************************
 *                               WARNING                                 *
 * No force acting on the system.                                        *
 *************************************************************************

convergence summary
    number of iterations   : 4
    number of reformations : 1

------- converged at time : 0.5


Data Record #1
===========================================================================
Step = 2
Time = 0.5
Data = mechanics_nodes_si
File = mpc_nonrigid.nodes.log

Data Record #2
===========================================================================
Step = 2
Time = 0.5
Data = mechanics_elements_si
File = mpc_nonrigid.elements.log

===== beginning time step 3 : 0.75 =====


Reforming stiffness matrix: reformation #1

 1
 Nonlinear solution status: time= 0.75
	stiffness updates             = 0
	right hand side evaluations   = 2
	stiffness matrix reformations = 1
	step from line search         = 1.000000
	convergence norms :     INITIAL         CURRENT         REQUIRED
	   residual            1.170050e-05    1.834631e-10    1.170050e-15 
	   energy              9.708586e-08    1.514630e-11    9.708586e-18 
	   displacement        1.451495e-08    1.451495e-08    1.451495e-28 
 2
 Nonlinear solution status: time= 0.75
	stiffness updates             = 1
	right hand side evaluations   = 3
	stiffness matrix reformations = 1
	step from line search         = 1.000000
	convergence norms :     INITIAL         CURRENT         REQUIRED
	   residual            1.170050e-05    9.421584e-15    1.170050e-15 
	   energy              9.708586e-08    6.548163e-15    9.708586e-18 
	   displacement        1.451495e-08    7.030734e-14    1.449628e-28 
 3
 Nonlinear solution status: time= 0.75
	stiffness updates             = 2
	right hand side evaluations   = 4
	stiffness matrix reformations = 1
	step from line search         = 1.000000
	convergence norms :     INITIAL         CURRENT         REQUIRED
	   residual            1.170050e-05    4.163700e-17    1.170050e-15 
	   energy              9.708586e-08    9.777737e-18    9.708586e-18 
	   displacement        1.451495e-08    6.525649e-15    1.451266e-28 
 4
 Nonlinear solution status: time= 0.75
	stiffness updates             = 3
	right hand side evaluations   = 5
	stiffness matrix reformations = 1
	step from line search         = 1.000000
	convergence norms :     INITIAL         CURRENT         REQUIRED
	   residual            1.170050e-05    2.232556e-21    1.170050e-15 
	   energy              9.708586e-08    6.556362e-22    9.708586e-18 
	   displacement        1.451495e-08    2.483721e-19    1.451274e-28 

 *************************************************************************
 *                               WARNING                                 *
 * No force acting on the system.                                        *
 *************************************************************************

convergence summary
    number of iterations   : 4
    number of reformations : 1

------- converged at time : 0.75


Data Record #1
===========================================================================
Step = 3
Time = 0.75
Data = mechanics_nodes_si
File = mpc_nonrigid.nodes.log

Data Record #2
===========================================================================
Step = 3
Time = 0.75
Data = mechanics_elements_si
File = mpc_nonrigid.elements.log

===== beginning time step 4 : 1 =====


Reforming stiffness matrix: reformation #1

 1
 Nonlinear solution status: time= 1
	stiffness updates             = 0
	right hand side evaluations   = 2
	stiffness matrix reformations = 1
	step from line search         = 1.000000
	convergence norms :     INITIAL         CURRENT         REQUIRED
	   residual            1.165782e-05    1.831032e-10    1.165782e-15 
	   energy              9.696152e-08    1.620843e-11    9.696152e-18 
	   displacement        1.451049e-08    1.451049e-08    1.451049e-28 
 2
 Nonlinear solution status: time= 1
	stiffness updates             = 1
	right hand side evaluations   = 3
	stiffness matrix reformations = 1
	step from line search         = 1.000000
	convergence norms :     INITIAL         CURRENT         REQUIRED
	   residual            1.165782e-05    9.333486e-15    1.165782e-15 
	   energy              9.696152e-08    6.504760e-15    9.696152e-18 
	   displacement        1.451049e-08    6.958965e-14    1.449163e-28 
 3
 Nonlinear solution status: time= 1
	stiffness updates             = 2
	right hand side evaluations   = 4
	stiffness matrix reformations = 1
	step from line search         = 1.000000
	convergence norms :     INITIAL         CURRENT         REQUIRED
	   residual            1.165782e-05    4.162582e-17    1.165782e-15 
	   energy              9.696152e-08    9.751411e-18    9.696152e-18 
	   displacement        1.451049e-08    6.511280e-15    1.450798e-28 
 4
 Nonlinear solution status: time= 1
	stiffness updates             = 3
	right hand side evaluations   = 5
	stiffness matrix reformations = 1
	step from line search         = 1.000000
	convergence norms :     INITIAL         CURRENT         REQUIRED
	   residual            1.165782e-05    2.194603e-21    1.165782e-15 
	   energy              9.696152e-08    6.659904e-22    9.696152e-18 
	   displacement        1.451049e-08    2.471130e-19    1.450806e-28 

 *************************************************************************
 *                               WARNING                                 *
 * No force acting on the system.                                        *
 *************************************************************************

convergence summary
    number of iterations   : 4
    number of reformations : 1

------- converged at time : 1


Data Record #1
===========================================================================
Step = 4
Time = 1
Data = mechanics_nodes_si
File = mpc_nonrigid.nodes.log

Data Record #2
===========================================================================
Step = 4
Time = 1
Data = mechanics_elements_si
File = mpc_nonrigid.elements.log


 N O N L I N E A R   I T E R A T I O N   I N F O R M A T I O N

	Number of time steps completed .................... : 4

	Total number of equilibrium iterations ............ : 16

	Average number of equilibrium iterations .......... : 4

	Total number of right hand evaluations ............ : 20

	Total number of stiffness reformations ............ : 4


 L I N E A R   S O L V E R   S T A T S

	Total calls to linear solver ........ : 16

	Avg iterations per solve ............ : 1

	Time in linear solver: 0:00:00


 Elapsed time : 0:00:00

 T I M I N G   I N F O R M A T I O N

	Input time ...................... : 0:00:00 (0.00137483 sec)

	Initialization time ............. : 0:00:00 (0.000240833 sec)

	Solve time ...................... : 0:00:00 (0.00370971 sec)

	   IO-time (plot, dmp, data) .... : 0:00:00 (0.00177029 sec)

	   serialization ................ : 0:00:00 (0 sec)

	   reforming stiffness .......... : 0:00:00 (0.0002025 sec)

	   evaluating stiffness ......... : 0:00:00 (0.000716416 sec)

	   evaluating residual .......... : 0:00:00 (0.000129627 sec)

	   model update ................. : 0:00:00 (0.000811043 sec)

	   QN updates ................... : 0:00:00 (4.084e-06 sec)

	   time in linear solver ........ : 0:00:00 (0.000271666 sec)

	Total elapsed time .............. : 0:00:00 (0.00570042 sec)


 N O R M A L   T E R M I N A T I O N

