*Step  = 0
*Time  = 0
*Data  = mechanics_elements_si
1,0,0,0,0,0,0,1,0
2,0,0,0,0,0,0,1,0
3,0,0,0,0,0,0,1,0
4,0,0,0,0,0,0,1,0
5,0,0,0,0,0,0,1,0
6,0,0,0,0,0,0,1,0
7,0,0,0,0,0,0,1,0
8,0,0,0,0,0,0,1,0
*Step  = 1
*Time  = 0.25
*Data  = mechanics_elements_si
1,0,6.31088724177e-30,3.15544362088e-30,-2.55455347824e-30,-5.91645678916e-31,5.32481111024e-30,1,-1.94289029309e-13
2,0,-1.89326617253e-29,6.31088724177e-30,-9.07190041004e-30,1.34106353888e-29,-3.54987407349e-30,1,-1.66533453694e-13
3,-6.31088724177e-30,6.31088724177e-30,-3.15544362088e-30,-2.43437544971e-31,2.76101316827e-30,4.81944709283e-30,1,-2.22044604925e-13
4,1.89326617253e-29,-9.46633086265e-30,1.26217744835e-29,-7.29696337329e-30,1.8735446499e-30,1.12227789719e-29,1,-3.05311331772e-13
5,9.46633086265e-30,-3.15544362088e-30,-1.26217744835e-29,7.4941785996e-30,0,3.94430452611e-31,1,-3.60822483003e-13
6,3.15544362088e-30,9.46633086265e-30,-1.57772181044e-29,-1.05510146073e-29,1.62702561702e-30,-1.18329135783e-30,1,-3.88578058619e-13
7,2.8398992588e-29,-1.26217744835e-29,-3.15544362088e-30,-2.20788608825e-30,6.97648863055e-30,-2.36658271566e-30,1,-4.16333634234e-13
8,-1.26217744835e-29,0,1.26217744835e-29,-7.4941785996e-30,-1.53827876518e-29,-5.817849176e-30,1,-3.05311331772e-13
*Step  = 2
*Time  = 0.5
*Data  = mechanics_elements_si
1,0,6.31088724177e-30,3.15544362088e-30,-2.55455347824e-30,-5.91645678916e-31,5.32481111024e-30,1,-1.94289029309e-13
2,0,-1.89326617253e-29,6.31088724177e-30,-9.07190041004e-30,1.34106353888e-29,-3.54987407349e-30,1,-1.66533453694e-13
3,-6.31088724177e-30,6.31088724177e-30,-3.15544362088e-30,-2.43437544971e-31,2.76101316827e-30,4.81944709283e-30,1,-2.22044604925e-13
4,1.89326617253e-29,-9.46633086265e-30,1.26217744835e-29,-7.29696337329e-30,1.8735446499e-30,1.12227789719e-29,1,-3.05311331772e-13
5,9.46633086265e-30,-3.15544362088e-30,-1.26217744835e-29,7.4941785996e-30,0,3.94430452611e-31,1,-3.60822483003e-13
6,3.15544362088e-30,9.46633086265e-30,-1.57772181044e-29,-1.05510146073e-29,1.62702561702e-30,-1.18329135783e-30,1,-3.88578058619e-13
7,2.8398992588e-29,-1.26217744835e-29,-3.15544362088e-30,-2.20788608825e-30,6.97648863055e-30,-2.36658271566e-30,1,-4.16333634234e-13
8,-1.26217744835e-29,0,1.26217744835e-29,-7.4941785996e-30,-1.53827876518e-29,-5.817849176e-30,1,-3.05311331772e-13
*Step  = 3
*Time  = 0.75
*Data  = mechanics_elements_si
1,0,6.31088724177e-30,3.15544362088e-30,-2.55455347824e-30,-5.91645678916e-31,5.32481111024e-30,1,-1.94289029309e-13
2,0,-1.89326617253e-29,6.31088724177e-30,-9.07190041004e-30,1.34106353888e-29,-3.54987407349e-30,1,-1.66533453694e-13
3,-6.31088724177e-30,6.31088724177e-30,-3.15544362088e-30,-2.43437544971e-31,2.76101316827e-30,4.81944709283e-30,1,-2.22044604925e-13
4,1.89326617253e-29,-9.46633086265e-30,1.26217744835e-29,-7.29696337329e-30,1.8735446499e-30,1.12227789719e-29,1,-3.05311331772e-13
5,9.46633086265e-30,-3.15544362088e-30,-1.26217744835e-29,7.4941785996e-30,0,3.94430452611e-31,1,-3.60822483003e-13
6,3.15544362088e-30,9.46633086265e-30,-1.57772181044e-29,-1.05510146073e-29,1.62702561702e-30,-1.18329135783e-30,1,-3.88578058619e-13
7,2.8398992588e-29,-1.26217744835e-29,-3.15544362088e-30,-2.20788608825e-30,6.97648863055e-30,-2.36658271566e-30,1,-4.16333634234e-13
8,-1.26217744835e-29,0,1.26217744835e-29,-7.4941785996e-30,-1.53827876518e-29,-5.817849176e-30,1,-3.05311331772e-13
*Step  = 4
*Time  = 1
*Data  = mechanics_elements_si
1,0,6.31088724177e-30,3.15544362088e-30,-2.55455347824e-30,-5.91645678916e-31,5.32481111024e-30,1,-1.94289029309e-13
2,0,-1.89326617253e-29,6.31088724177e-30,-9.07190041004e-30,1.34106353888e-29,-3.54987407349e-30,1,-1.66533453694e-13
3,-6.31088724177e-30,6.31088724177e-30,-3.15544362088e-30,-2.43437544971e-31,2.76101316827e-30,4.81944709283e-30,1,-2.22044604925e-13
4,1.89326617253e-29,-9.46633086265e-30,1.26217744835e-29,-7.29696337329e-30,1.8735446499e-30,1.12227789719e-29,1,-3.05311331772e-13
5,9.46633086265e-30,-3.15544362088e-30,-1.26217744835e-29,7.4941785996e-30,0,3.94430452611e-31,1,-3.60822483003e-13
6,3.15544362088e-30,9.46633086265e-30,-1.57772181044e-29,-1.05510146073e-29,1.62702561702e-30,-1.18329135783e-30,1,-3.88578058619e-13
7,2.8398992588e-29,-1.26217744835e-29,-3.15544362088e-30,-2.20788608825e-30,6.97648863055e-30,-2.36658271566e-30,1,-4.16333634234e-13
8,-1.26217744835e-29,0,1.26217744835e-29,-7.4941785996e-30,-1.53827876518e-29,-5.817849176e-30,1,-3.05311331772e-13
