*Step  = 0
*Time  = 0
*Data  = mechanics_nodes_si
1,0,0,0,0,0,0,0,0,0
2,0.005,0,0,0,0,0,0,0,0
3,0.01,0,0,0,0,0,0,0,0
4,0,0.005,0,0,0,0,0,0,0
5,0.005,0.005,0,0,0,0,0,0,0
6,0.01,0.005,0,0,0,0,0,0,0
7,0,0.01,0,0,0,0,0,0,0
8,0.005,0.01,0,0,0,0,0,0,0
9,0.01,0.01,0,0,0,0,0,0,0
10,0,0,0.005,0,0,0,0,0,0
11,0.005,0,0.005,0,0,0,0,0,0
12,0.01,0,0.005,0,0,0,0,0,0
13,0,0.005,0.005,0,0,0,0,0,0
14,0.005,0.005,0.005,0,0,0,0,0,0
15,0.01,0.005,0.005,0,0,0,0,0,0
16,0,0.01,0.005,0,0,0,0,0,0
17,0.005,0.01,0.005,0,0,0,0,0,0
18,0.01,0.01,0.005,0,0,0,0,0,0
19,0,0,0.01,0,0,0,0,0,0
20,0.005,0,0.01,0,0,0,0,0,0
21,0.01,0,0.01,0,0,0,0,0,0
22,0,0.005,0.01,0,0,0,0,0,0
23,0.005,0.005,0.01,0,0,0,0,0,0
24,0.01,0.005,0.01,0,0,0,0,0,0
25,0,0.01,0.01,0,0,0,0,0,0
26,0.005,0.01,0.01,0,0,0,0,0,0
27,0.01,0.01,0.01,0,0,0,0,0,0
*Step  = 1
*Time  = 0.25
*Data  = mechanics_nodes_si
1,0,0,0,0,0,0,5.81484140959e-35,5.66472818931e-35,-4.8434651415e-35
2,0.005,0,0,0,0,0,5.65956210067e-35,-2.31319651808e-37,3.95062786633e-35
3,0.01,0,0,0,0,0,-6.70278835829e-35,4.14088741839e-35,2.2629391301e-34
4,0,0.005,0,0,0,0,8.26860792606e-35,3.04415528628e-35,1.40902736532e-34
5,0.005,0.005,0,0,0,0,1.6256986724e-34,2.16222288526e-34,-9.70961716314e-35
6,0.01,0.005,0,0,0,0,-1.16106402839e-34,3.19694083936e-34,4.42897632719e-35
7,0,0.01,0,0,0,0,-4.10566532859e-35,-7.10177625112e-35,2.78414351782e-35
8,0.005,0.01,0,0,0,0,1.60620269401e-34,-6.40029928481e-35,1.23385722916e-34
9,0.01,0.01,0,0,0,0,1.48999766241e-34,-9.282331819e-35,1.66275166074e-35
10,0,0,0.005,0,0,0,-1.96513873305e-35,1.57840156933e-34,-8.20572858026e-36
11,0.005,0,0.005,0,0,0,-1.41524890035e-34,-2.52765689085e-34,-6.94299165393e-35
12,0.01,0,0.005,0,0,0,-2.67970781771e-34,-5.09170966589e-35,-1.59953672304e-34
13,0,0.005,0.005,0,0,0,6.44307188915e-35,-3.10500880455e-34,1.7566485002e-34
14,0.005,0.005,0.005,-2.14522759162e-36,-4.73180072083e-36,-3.17789010187e-36,-2.98146908798e-34,-6.57632674256e-34,-4.41667874343e-34
15,0.01,0.005,0.005,0,0,0,7.63234502119e-35,2.54405701322e-35,-2.72603839453e-34
16,0,0.01,0.005,0,0,0,5.23989193722e-35,1.42255898369e-34,-7.38496938586e-35
17,0.005,0.01,0.005,0,0,0,1.65784353129e-34,2.11868451653e-34,-2.4122158817e-34
18,0.01,0.01,0.005,0,0,0,-3.0140487113e-34,1.28590740061e-34,1.44634376963e-34
19,0,0,0.01,0,0,0,2.24194280602e-34,-1.01781189726e-35,1.12195658745e-34
20,0.005,0,0.01,0,0,0,-2.07097686088e-34,-1.51712554824e-34,2.05448052005e-34
21,0.01,0,0.01,0,0,0,-2.74793429739e-36,5.21362851372e-35,6.37304495874e-35
22,0,0.005,0.01,0,0,0,-2.31209903273e-36,-2.69402239513e-35,-7.54279256243e-35
23,0.005,0.005,0.01,0,0,0,-1.28069882857e-34,-1.50774229137e-34,1.65916368519e-34
24,0.01,0.005,0.01,0,0,0,9.46457851703e-35,3.17391240776e-34,-9.54218205399e-35
25,0,0.01,0.01,0,0,0,3.70022632648e-34,9.36596330364e-35,-4.63840324964e-35
26,0.005,0.01,0.01,0,0,0,-3.22933376653e-34,-7.35302423387e-35,1.27650589195e-34
27,0.01,0.01,0.01,0,0,0,1.9863060043e-34,1.19430045379e-34,1.5609203742e-35
*Step  = 2
*Time  = 0.5
*Data  = mechanics_nodes_si
1,0,0,0,0,0,0,5.81484140959e-35,5.66472818931e-35,-4.8434651415e-35
2,0.005,0,0,0,0,0,5.65956210067e-35,-2.31319651808e-37,3.95062786633e-35
3,0.01,0,0,0,0,0,-6.70278835829e-35,4.14088741839e-35,2.2629391301e-34
4,0,0.005,0,0,0,0,8.26860792606e-35,3.04415528628e-35,1.40902736532e-34
5,0.005,0.005,0,0,0,0,1.6256986724e-34,2.16222288526e-34,-9.70961716314e-35
6,0.01,0.005,0,0,0,0,-1.16106402839e-34,3.19694083936e-34,4.42897632719e-35
7,0,0.01,0,0,0,0,-4.10566532859e-35,-7.10177625112e-35,2.78414351782e-35
8,0.005,0.01,0,0,0,0,1.60620269401e-34,-6.40029928481e-35,1.23385722916e-34
9,0.01,0.01,0,0,0,0,1.48999766241e-34,-9.282331819e-35,1.66275166074e-35
10,0,0,0.005,0,0,0,-1.96513873305e-35,1.57840156933e-34,-8.20572858026e-36
11,0.005,0,0.005,0,0,0,-1.41524890035e-34,-2.52765689085e-34,-6.94299165393e-35
12,0.01,0,0.005,0,0,0,-2.67970781771e-34,-5.09170966589e-35,-1.59953672304e-34
13,0,0.005,0.005,0,0,0,6.44307188915e-35,-3.10500880455e-34,1.7566485002e-34
14,0.005,0.005,0.005,-4.29045518324e-36,-9.46360144165e-36,-6.35578020374e-36,-2.98146908798e-34,-6.57632674256e-34,-4.41667874343e-34
15,0.01,0.005,0.005,0,0,0,7.63234502119e-35,2.54405701322e-35,-2.72603839453e-34
16,0,0.01,0.005,0,0,0,5.23989193722e-35,1.42255898369e-34,-7.38496938586e-35
17,0.005,0.01,0.005,0,0,0,1.65784353129e-34,2.11868451653e-34,-2.4122158817e-34
18,0.01,0.01,0.005,0,0,0,-3.0140487113e-34,1.28590740061e-34,1.44634376963e-34
19,0,0,0.01,0,0,0,2.24194280602e-34,-1.01781189726e-35,1.12195658745e-34
20,0.005,0,0.01,0,0,0,-2.07097686088e-34,-1.51712554824e-34,2.05448052005e-34
21,0.01,0,0.01,0,0,0,-2.74793429739e-36,5.21362851372e-35,6.37304495874e-35
22,0,0.005,0.01,0,0,0,-2.31209903273e-36,-2.69402239513e-35,-7.54279256243e-35
23,0.005,0.005,0.01,0,0,0,-1.28069882857e-34,-1.50774229137e-34,1.65916368519e-34
24,0.01,0.005,0.01,0,0,0,9.46457851703e-35,3.17391240776e-34,-9.54218205399e-35
25,0,0.01,0.01,0,0,0,3.70022632648e-34,9.36596330364e-35,-4.63840324964e-35
26,0.005,0.01,0.01,0,0,0,-3.22933376653e-34,-7.35302423387e-35,1.27650589195e-34
27,0.01,0.01,0.01,0,0,0,1.9863060043e-34,1.19430045379e-34,1.5609203742e-35
*Step  = 3
*Time  = 0.75
*Data  = mechanics_nodes_si
1,0,0,0,0,0,0,5.81484140959e-35,5.66472818931e-35,-4.8434651415e-35
2,0.005,0,0,0,0,0,5.65956210067e-35,-2.31319651808e-37,3.95062786633e-35
3,0.01,0,0,0,0,0,-6.70278835829e-35,4.14088741839e-35,2.2629391301e-34
4,0,0.005,0,0,0,0,8.26860792606e-35,3.04415528628e-35,1.40902736532e-34
5,0.005,0.005,0,0,0,0,1.6256986724e-34,2.16222288526e-34,-9.70961716314e-35
6,0.01,0.005,0,0,0,0,-1.16106402839e-34,3.19694083936e-34,4.42897632719e-35
7,0,0.01,0,0,0,0,-4.10566532859e-35,-7.10177625112e-35,2.78414351782e-35
8,0.005,0.01,0,0,0,0,1.60620269401e-34,-6.40029928481e-35,1.23385722916e-34
9,0.01,0.01,0,0,0,0,1.48999766241e-34,-9.282331819e-35,1.66275166074e-35
10,0,0,0.005,0,0,0,-1.96513873305e-35,1.57840156933e-34,-8.20572858026e-36
11,0.005,0,0.005,0,0,0,-1.41524890035e-34,-2.52765689085e-34,-6.94299165393e-35
12,0.01,0,0.005,0,0,0,-2.67970781771e-34,-5.09170966589e-35,-1.59953672304e-34
13,0,0.005,0.005,0,0,0,6.44307188915e-35,-3.10500880455e-34,1.7566485002e-34
14,0.005,0.005,0.005,-6.43568277486e-36,-1.41954021625e-35,-9.53367030561e-36,-2.98146908798e-34,-6.57632674256e-34,-4.41667874343e-34
15,0.01,0.005,0.005,0,0,0,7.63234502119e-35,2.54405701322e-35,-2.72603839453e-34
16,0,0.01,0.005,0,0,0,5.23989193722e-35,1.42255898369e-34,-7.38496938586e-35
17,0.005,0.01,0.005,0,0,0,1.65784353129e-34,2.11868451653e-34,-2.4122158817e-34
18,0.01,0.01,0.005,0,0,0,-3.0140487113e-34,1.28590740061e-34,1.44634376963e-34
19,0,0,0.01,0,0,0,2.24194280602e-34,-1.01781189726e-35,1.12195658745e-34
20,0.005,0,0.01,0,0,0,-2.07097686088e-34,-1.51712554824e-34,2.05448052005e-34
21,0.01,0,0.01,0,0,0,-2.74793429739e-36,5.21362851372e-35,6.37304495874e-35
22,0,0.005,0.01,0,0,0,-2.31209903273e-36,-2.69402239513e-35,-7.54279256243e-35
23,0.005,0.005,0.01,0,0,0,-1.28069882857e-34,-1.50774229137e-34,1.65916368519e-34
24,0.01,0.005,0.01,0,0,0,9.46457851703e-35,3.17391240776e-34,-9.54218205399e-35
25,0,0.01,0.01,0,0,0,3.70022632648e-34,9.36596330364e-35,-4.63840324964e-35
26,0.005,0.01,0.01,0,0,0,-3.22933376653e-34,-7.35302423387e-35,1.27650589195e-34
27,0.01,0.01,0.01,0,0,0,1.9863060043e-34,1.19430045379e-34,1.5609203742e-35
*Step  = 4
*Time  = 1
*Data  = mechanics_nodes_si
1,0,0,0,0,0,0,5.81484140959e-35,5.66472818931e-35,-4.8434651415e-35
2,0.005,0,0,0,0,0,5.65956210067e-35,-2.31319651808e-37,3.95062786633e-35
3,0.01,0,0,0,0,0,-6.70278835829e-35,4.14088741839e-35,2.2629391301e-34
4,0,0.005,0,0,0,0,8.26860792606e-35,3.04415528628e-35,1.40902736532e-34
5,0.005,0.005,0,0,0,0,1.6256986724e-34,2.16222288526e-34,-9.70961716314e-35
6,0.01,0.005,0,0,0,0,-1.16106402839e-34,3.19694083936e-34,4.42897632719e-35
7,0,0.01,0,0,0,0,-4.10566532859e-35,-7.10177625112e-35,2.78414351782e-35
8,0.005,0.01,0,0,0,0,1.60620269401e-34,-6.40029928481e-35,1.23385722916e-34
9,0.01,0.01,0,0,0,0,1.48999766241e-34,-9.282331819e-35,1.66275166074e-35
10,0,0,0.005,0,0,0,-1.96513873305e-35,1.57840156933e-34,-8.20572858026e-36
11,0.005,0,0.005,0,0,0,-1.41524890035e-34,-2.52765689085e-34,-6.94299165393e-35
12,0.01,0,0.005,0,0,0,-2.67970781771e-34,-5.09170966589e-35,-1.59953672304e-34
13,0,0.005,0.005,0,0,0,6.44307188915e-35,-3.10500880455e-34,1.7566485002e-34
14,0.005,0.005,0.005,-8.58091036648e-36,-1.89272028833e-35,-1.27115604075e-35,-2.98146908798e-34,-6.57632674256e-34,-4.41667874343e-34
15,0.01,0.005,0.005,0,0,0,7.63234502119e-35,2.54405701322e-35,-2.72603839453e-34
16,0,0.01,0.005,0,0,0,5.23989193722e-35,1.42255898369e-34,-7.38496938586e-35
17,0.005,0.01,0.005,0,0,0,1.65784353129e-34,2.11868451653e-34,-2.4122158817e-34
18,0.01,0.01,0.005,0,0,0,-3.0140487113e-34,1.28590740061e-34,1.44634376963e-34
19,0,0,0.01,0,0,0,2.24194280602e-34,-1.01781189726e-35,1.12195658745e-34
20,0.005,0,0.01,0,0,0,-2.07097686088e-34,-1.51712554824e-34,2.05448052005e-34
21,0.01,0,0.01,0,0,0,-2.74793429739e-36,5.21362851372e-35,6.37304495874e-35
22,0,0.005,0.01,0,0,0,-2.31209903273e-36,-2.69402239513e-35,-7.54279256243e-35
23,0.005,0.005,0.01,0,0,0,-1.28069882857e-34,-1.50774229137e-34,1.65916368519e-34
24,0.01,0.005,0.01,0,0,0,9.46457851703e-35,3.17391240776e-34,-9.54218205399e-35
25,0,0.01,0.01,0,0,0,3.70022632648e-34,9.36596330364e-35,-4.63840324964e-35
26,0.005,0.01,0.01,0,0,0,-3.22933376653e-34,-7.35302423387e-35,1.27650589195e-34
27,0.01,0.01,0.01,0,0,0,1.9863060043e-34,1.19430045379e-34,1.5609203742e-35
