*Step  = 0
*Time  = 0
*Data  = mechanics_nodes_si
1,0,0,0,0,0,0,0,0,0
2,0.01,0,0,0,0,0,0,0,0
3,0.01,0.01,0,0,0,0,0,0,0
4,0,0.01,0,0,0,0,0,0,0
5,0,0,0.01,0,0,0,0,0,0
6,0.01,0,0.01,0,0,0,0,0,0
7,0.01,0.01,0.01,0,0,0,0,0,0
8,0,0.01,0.01,0,0,0,0,0,0
9,0.005,0,0,0,0,0,0,0,0
10,0.01,0.005,0,0,0,0,0,0,0
11,0.005,0.005,0,0,0,0,0,0,0
12,0.005,0.005,0.005,0,0,0,0,0,0
13,0.01,0.005,0.005,0,0,0,0,0,0
14,0.01,0.01,0.005,0,0,0,0,0,0
15,0.005,0.01,0,0,0,0,0,0,0
16,0,0.005,0,0,0,0,0,0,0
17,0.005,0.01,0.005,0,0,0,0,0,0
18,0,0.01,0.005,0,0,0,0,0,0
19,0,0.005,0.005,0,0,0,0,0,0
20,0.005,0.01,0.01,0,0,0,0,0,0
21,0,0.005,0.01,0,0,0,0,0,0
22,0,0,0.005,0,0,0,0,0,0
23,0.005,0.005,0.01,0,0,0,0,0,0
24,0.005,0,0.01,0,0,0,0,0,0
25,0.005,0,0.005,0,0,0,0,0,0
26,0.01,0.005,0.01,0,0,0,0,0,0
27,0.01,0,0.005,0,0,0,0,0,0
*Step  = 1
*Time  = 0.25
*Data  = mechanics_nodes_si
1,7.5e-05,-5e-05,2.5e-05,7.5e-05,-5e-05,2.5e-05,0,0,0
2,0.010075,-5e-05,2.5e-05,7.5e-05,-5e-05,2.5e-05,0,0,0
3,0.010075,0.00995,2.5e-05,7.5e-05,-5e-05,2.5e-05,-2.24037361563e-17,-1.24443472693e-17,3.48480834256e-17
4,7.5e-05,0.00995,2.5e-05,7.5e-05,-5e-05,2.5e-05,0,0,0
5,7.5e-05,-5e-05,0.010025,7.5e-05,-5e-05,2.5e-05,-2.56623226044e-17,1.69177515475e-18,2.39705474497e-17
6,0.010075,-5e-05,0.010025,7.5e-05,-5e-05,2.5e-05,-8.87716754203e-18,2.8186391435e-17,-1.93092238929e-17
7,0.010075,0.00995,0.010025,7.5e-05,-5e-05,2.5e-05,-5.41539644754e-18,-3.70006035419e-17,-2.09227782805e-17
8,7.5e-05,0.00995,0.010025,7.5e-05,-5e-05,2.5e-05,9.9007232771e-18,-1.47261210721e-17,4.82539779502e-18
9,0.005075,-5e-05,2.5e-05,7.5e-05,-5e-05,2.5e-05,-7.50161824997e-18,-3.15121825594e-17,-2.12753792196e-17
10,0.010075,0.00495,2.5e-05,7.5e-05,-5e-05,2.5e-05,1.61960628526e-17,2.37869180319e-17,-3.99829808845e-17
11,0.005075,0.00495,2.5e-05,7.5e-05,-5e-05,2.5e-05,-2.38776906164e-17,7.6671371279e-17,-2.38305547956e-17
12,0.005075,0.00495,0.005025,7.5e-05,-5e-05,2.5e-05,4.03992617433e-17,9.4531777416e-17,2.87514109886e-17
13,0.010075,0.00495,0.005025,7.5e-05,-5e-05,2.5e-05,1.39191862971e-17,-6.56421504667e-18,5.29342087785e-17
14,0.010075,0.00995,0.005025,7.5e-05,-5e-05,2.5e-05,-4.1908234913e-17,2.68704141911e-17,-1.39253051451e-17
15,0.005075,0.00995,2.5e-05,7.5e-05,-5e-05,2.5e-05,4.88864298629e-17,-4.51591887196e-17,-3.72724114324e-18
16,7.5e-05,0.00495,2.5e-05,7.5e-05,-5e-05,2.5e-05,7.68162776378e-18,-1.14088688847e-17,-1.18789790483e-17
17,0.005075,0.00995,0.005025,7.5e-05,-5e-05,2.5e-05,5.37872139391e-17,-5.61761684978e-17,1.7995174728e-17
18,7.5e-05,0.00995,0.005025,7.5e-05,-5e-05,2.5e-05,-1.1878979026e-17,9.59720522322e-18,2.28177380281e-18
19,7.5e-05,0.00495,0.005025,7.5e-05,-5e-05,2.5e-05,-3.53373725839e-17,1.38611883123e-17,5.94025824635e-18
20,0.005075,0.00995,0.010025,7.5e-05,-5e-05,2.5e-05,-4.48532682956e-18,3.42891864395e-17,-1.42679335848e-17
21,7.5e-05,0.00495,0.010025,7.5e-05,-5e-05,2.5e-05,-1.89730667194e-17,1.30343459174e-17,5.93872080199e-18
22,7.5e-05,-5e-05,0.005025,7.5e-05,-5e-05,2.5e-05,-1.71465278207e-17,-2.34583935355e-17,-1.70198173951e-17
23,0.005075,0.00495,0.010025,7.5e-05,-5e-05,2.5e-05,2.69260507474e-17,4.36248559245e-18,2.63362024115e-17
24,0.005075,-5e-05,0.010025,7.5e-05,-5e-05,2.5e-05,3.45394901465e-17,-3.8651672032e-17,4.11218188552e-18
25,0.005075,-5e-05,0.005025,7.5e-05,-5e-05,2.5e-05,3.33487095213e-17,-3.84219070403e-17,1.71631973341e-17
26,0.010075,0.00495,0.010025,7.5e-05,-5e-05,2.5e-05,-7.95298402806e-18,8.81421210697e-18,-1.2951227894e-17
27,0.010075,-5e-05,0.005025,7.5e-05,-5e-05,2.5e-05,-1.62021817006e-17,-2.03061991444e-17,3.6508380845e-17
*Step  = 2
*Time  = 0.5
*Data  = mechanics_nodes_si
1,0.00015,-0.0001,5e-05,0.00015,-0.0001,5e-05,0,0,0
2,0.01015,-0.0001,5e-05,0.00015,-0.0001,5e-05,0,0,0
3,0.01015,0.0099,5e-05,0.00015,-0.0001,5e-05,-1.88756668104e-17,1.05102770868e-17,8.36538972355e-18
4,0.00015,0.0099,5e-05,0.00015,-0.0001,5e-05,0,0,0
5,0.00015,-0.0001,0.01005,0.00015,-0.0001,5e-05,3.4226607399e-18,-4.40023664401e-17,4.05797057002e-17
6,0.01015,-0.0001,0.01005,0.00015,-0.0001,5e-05,9.61168517747e-18,1.46903539576e-18,-1.10807205732e-17
7,0.01015,0.0099,0.01005,0.00015,-0.0001,5e-05,-5.89827051314e-17,3.75080910937e-18,1.09362014788e-17
8,0.00015,0.0099,0.01005,0.00015,-0.0001,5e-05,2.28177380817e-17,6.48664186633e-19,-2.34664022683e-17
9,0.00515,-0.0001,5e-05,0.00015,-0.0001,5e-05,2.15051443718e-17,2.70660650257e-17,-2.1950648049e-17
10,0.01015,0.0049,5e-05,0.00015,-0.0001,5e-05,-2.02207437243e-17,-2.21614411286e-17,4.23821848529e-17
11,0.00515,0.0049,5e-05,0.00015,-0.0001,5e-05,5.12958009677e-18,-1.14410839604e-18,4.21572286531e-17
12,0.00515,0.0049,0.00505,0.00015,-0.0001,5e-05,-8.16079554479e-18,-7.60181062206e-17,1.4740892959e-16
13,0.01015,0.0049,0.00505,0.00015,-0.0001,5e-05,1.04427385806e-19,4.90167131461e-17,-7.57417018803e-17
14,0.01015,0.0099,0.00505,0.00015,-0.0001,5e-05,6.41398049012e-18,-3.32550896416e-17,-1.93015912024e-17
15,0.00515,0.0099,5e-05,0.00015,-0.0001,5e-05,3.23359371197e-17,-2.59219566296e-17,-6.41398049012e-18
16,0.00015,0.0049,5e-05,0.00015,-0.0001,5e-05,1.50911636275e-17,-5.21373835044e-17,-7.7608405038e-19
17,0.00515,0.0099,0.00505,0.00015,-0.0001,5e-05,2.49943429471e-17,3.93911068037e-18,8.88885029986e-18
18,0.00015,0.0099,0.00505,0.00015,-0.0001,5e-05,-3.14083234372e-17,-2.13853571318e-17,5.2793680569e-17
19,0.00015,0.0049,0.00505,0.00015,-0.0001,5e-05,4.30217828401e-17,-2.24125097588e-17,5.37010463127e-17
20,0.00515,0.0099,0.01005,0.00015,-0.0001,5e-05,3.61649670498e-17,-1.08000416634e-16,-2.47486980975e-18
21,0.00015,0.0049,0.01005,0.00015,-0.0001,5e-05,9.5712600089e-18,4.33537022534e-17,-5.29249622623e-17
22,0.00015,-0.0001,0.00505,0.00015,-0.0001,5e-05,3.02410960431e-17,4.37978668905e-17,-2.73812853305e-17
23,0.00515,0.0049,0.01005,0.00015,-0.0001,5e-05,3.37041820943e-17,7.09139990399e-17,-1.51275858737e-16
24,0.00515,-0.0001,0.01005,0.00015,-0.0001,5e-05,-1.30343459174e-17,3.70864175942e-17,-2.40520716769e-17
25,0.00515,-0.0001,0.00505,0.00015,-0.0001,5e-05,-3.91573981391e-17,8.29044799401e-18,4.60027197259e-17
26,0.01015,0.0049,0.01005,0.00015,-0.0001,5e-05,-4.32754421031e-17,-5.21984450514e-18,3.33595170274e-17
27,0.01015,-0.0001,0.00505,0.00015,-0.0001,5e-05,8.916302096e-18,-1.57616235044e-17,6.84532140844e-18
*Step  = 3
*Time  = 0.75
*Data  = mechanics_nodes_si
1,0.000225,-0.00015,7.5e-05,0.000225,-0.00015,7.5e-05,0,0,0
2,0.010225,-0.00015,7.5e-05,0.000225,-0.00015,7.5e-05,0,0,0
3,0.010225,0.00985,7.5e-05,0.000225,-0.00015,7.5e-05,5.94672949906e-18,1.79260419638e-17,-2.38727714629e-17
4,0.000225,0.00985,7.5e-05,0.000225,-0.00015,7.5e-05,0,0,0
5,0.000225,-0.00015,0.010075,0.000225,-0.00015,7.5e-05,1.32842736044e-17,2.39509922702e-17,-3.72352658746e-17
6,0.010225,-0.00015,0.010075,0.000225,-0.00015,7.5e-05,-6.43895219599e-18,-2.55841017972e-17,3.20230539932e-17
7,0.010225,0.00985,0.010075,0.000225,-0.00015,7.5e-05,7.64317896814e-17,1.87387803887e-17,-1.65428600882e-17
8,0.000225,0.00985,0.010075,0.000225,-0.00015,7.5e-05,-1.31984201021e-17,1.05884978763e-17,2.60992222581e-18
9,0.005225,-0.00015,7.5e-05,0.000225,-0.00015,7.5e-05,1.00962753399e-17,-1.5164973656e-18,1.33125859171e-17
10,0.010225,0.00485,7.5e-05,0.000225,-0.00015,7.5e-05,2.59597122613e-17,-1.59724166197e-17,-9.98729564166e-18
11,0.005225,0.00485,7.5e-05,0.000225,-0.00015,7.5e-05,-1.83229178705e-17,-2.14364167098e-17,-9.15329175646e-18
12,0.005225,0.00485,0.005075,0.000225,-0.00015,7.5e-05,-8.63717028264e-18,-4.59305381713e-17,-1.5230865858e-16
13,0.010225,0.00485,0.005075,0.000225,-0.00015,7.5e-05,-1.86414100849e-17,-2.65508354546e-17,2.3299881648e-17
14,0.010225,0.00985,0.005075,0.000225,-0.00015,7.5e-05,1.38258188641e-17,-5.32882407852e-18,4.04156315511e-17
15,0.005225,0.00985,7.5e-05,0.000225,-0.00015,7.5e-05,6.5629689951e-19,2.29529140754e-17,-2.36092109749e-17
16,0.000225,0.00485,7.5e-05,0.000225,-0.00015,7.5e-05,-7.63679439086e-18,-3.90725056339e-18,2.51515405094e-17
17,0.005225,0.00985,0.005075,0.000225,-0.00015,7.5e-05,-5.10425253941e-17,3.821700501e-17,-7.81975171053e-19
18,0.000225,0.00985,0.005075,0.000225,-0.00015,7.5e-05,3.721670653e-17,-9.17912399676e-18,-2.80375825333e-17
19,0.000225,0.00485,0.005075,0.000225,-0.00015,7.5e-05,4.3977882106e-17,-9.64721759985e-18,-4.38027597081e-17
20,0.005225,0.00985,0.010075,0.000225,-0.00015,7.5e-05,-6.32333695793e-17,4.83142786352e-17,2.43911861459e-17
21,0.000225,0.00485,0.010075,0.000225,-0.00015,7.5e-05,1.58882709478e-17,-3.45394901465e-17,1.86512191987e-17
22,0.000225,-0.00015,0.005075,0.000225,-0.00015,7.5e-05,-7.55267797516e-18,1.88263415966e-17,6.84532151548e-18
23,0.005225,0.00485,0.010075,0.000225,-0.00015,7.5e-05,-5.01659376037e-17,-5.05449928244e-17,8.25919452911e-17
24,0.005225,-0.00015,0.010075,0.000225,-0.00015,7.5e-05,-6.84532140844e-18,2.23071418913e-18,4.61460721931e-18
25,0.005225,-0.00015,0.005075,0.000225,-0.00015,7.5e-05,-1.56431168635e-17,5.75990794199e-18,-1.79271931365e-17
26,0.010225,0.00485,0.010075,0.000225,-0.00015,7.5e-05,3.42776666559e-17,6.84532140844e-18,-1.33125860064e-17
27,0.010225,-0.00015,0.005075,0.000225,-0.00015,7.5e-05,2.31957948387e-17,3.18796595331e-17,-5.50754543718e-17
*Step  = 4
*Time  = 1
*Data  = mechanics_nodes_si
1,0.0003,-0.0002,0.0001,0.0003,-0.0002,0.0001,0,0,0
2,0.0103,-0.0002,0.0001,0.0003,-0.0002,0.0001,0,0,0
3,0.0103,0.0098,0.0001,0.0003,-0.0002,0.0001,1.71133035211e-17,-2.09347007962e-17,3.82139727515e-18
4,0.0003,0.0098,0.0001,0.0003,-0.0002,0.0001,0,0,0
5,0.0003,-0.0002,0.0101,0.0003,-0.0002,0.0001,-1.40970120293e-17,4.53635975337e-18,9.56065227596e-18
6,0.0103,-0.0002,0.0101,0.0003,-0.0002,0.0001,-1.87540459037e-18,3.17731263774e-17,-2.98977217871e-17
7,0.0103,0.0098,0.0101,0.0003,-0.0002,0.0001,-1.08579807652e-17,-1.32060528507e-17,3.46253435774e-17
8,0.0003,0.0098,0.0101,0.0003,-0.0002,0.0001,-2.50723239564e-17,5.63813623775e-18,1.94341877186e-17
9,0.0053,-0.0002,0.0001,0.0003,-0.0002,0.0001,-6.42025494225e-17,4.29808255123e-18,3.03347159584e-17
10,0.0103,0.0048,0.0001,0.0003,-0.0002,0.0001,-2.58032268517e-17,3.3883193247e-17,-8.07996639527e-18
11,0.0053,0.0048,0.0001,0.0003,-0.0002,0.0001,6.24657557096e-17,-5.53075511255e-17,-3.23644463067e-17
12,0.0053,0.0048,0.0051,0.0003,-0.0002,0.0001,-6.42024363553e-17,-2.07182334962e-17,9.37000618482e-17
13,0.0103,0.0048,0.0051,0.0003,-0.0002,0.0001,2.84476217859e-18,1.89425457317e-17,7.78244300253e-18
14,0.0103,0.0098,0.0051,0.0003,-0.0002,0.0001,6.11057437893e-17,2.54723878585e-18,-3.84467408526e-17
15,0.0053,0.0098,0.0001,0.0003,-0.0002,0.0001,-6.4202549583e-17,5.10094685743e-17,1.31930810088e-17
16,0.0003,0.0048,0.0001,0.0003,-0.0002,0.0001,-3.66625288579e-17,7.95968900525e-17,-4.76489921049e-17
17,0.0053,0.0098,0.0051,0.0003,-0.0002,0.0001,-4.31980318703e-17,8.81405509196e-17,-4.02278881391e-17
18,0.0003,0.0098,0.0051,0.0003,-0.0002,0.0001,-1.79077119191e-17,5.67760873429e-17,-3.88683754239e-17
19,0.0003,0.0048,0.0051,0.0003,-0.0002,0.0001,-4.99341213077e-17,-5.44909581402e-17,3.91748384512e-17
20,0.0053,0.0098,0.0101,0.0003,-0.0002,0.0001,3.59303047216e-17,2.28512914479e-18,2.70348071303e-17
21,0.0003,0.0048,0.0101,0.0003,-0.0002,0.0001,1.7003423374e-18,-1.01744959911e-17,8.47415365372e-18
22,0.0003,-0.0002,0.0051,0.0003,-0.0002,0.0001,-5.21165087863e-18,-2.28512920277e-18,3.98547159369e-18
23,0.0053,0.0048,0.0101,0.0003,-0.0002,0.0001,3.35036383886e-17,2.92652168032e-18,-3.29188515812e-17
24,0.0053,-0.0002,0.0101,0.0003,-0.0002,0.0001,1.59724166197e-17,-5.21165082511e-18,-1.07607657946e-17
25,0.0053,-0.0002,0.0051,0.0003,-0.0002,0.0001,4.79244159441e-17,2.51230650798e-17,-1.95739501638e-17
26,0.0103,0.0048,0.0101,0.0003,-0.0002,0.0001,-3.5203980726e-17,-1.85670735268e-17,2.97523392739e-19
27,0.0103,-0.0002,0.0051,0.0003,-0.0002,0.0001,-4.27127650655e-17,-2.14897845176e-17,6.4202549583e-17
