*Step  = 0
*Time  = 0
*Data  = mechanics_elements_si
1,0,0,0,0,0,0,1,0
2,0,0,0,0,0,0,1,0
3,0,0,0,0,0,0,1,0
4,0,0,0,0,0,0,1,0
5,0,0,0,0,0,0,1,0
6,0,0,0,0,0,0,1,0
*Step  = 1
*Time  = 0.25
*Data  = mechanics_elements_si
1,-1.87812728332e-12,-1.87812728332e-12,-1.87812728332e-12,0,-8.67746995743e-30,0,1,8.32667268469e-14
2,1.14029156488e-12,1.14029156488e-12,1.14029156488e-12,9.86076131526e-32,1.8735446499e-29,5.52202633655e-30,1,3.33066907388e-13
3,-4.02455846427e-13,-4.02455846427e-13,-4.02455846427e-13,7.4941785996e-30,-5.00926674815e-29,1.10440526731e-29,1,-8.60422844084e-13
4,-1.34151948809e-12,-1.34151948809e-12,-1.34151948809e-12,-3.15544362088e-30,-5.52202633655e-30,-2.36658271566e-30,1,-3.33066907388e-13
5,-9.39063641662e-13,-9.39063641662e-13,-9.39063641662e-13,7.88860905221e-31,1.26217744835e-29,-8.67746995743e-30,1,1.11022302463e-13
6,-4.69531820831e-13,-4.69531820831e-13,-4.69531820831e-13,4.7824692379e-30,7.09974814699e-30,3.15544362088e-30,1,1.66533453694e-13
*Step  = 2
*Time  = 0.5
*Data  = mechanics_elements_si
1,1.67689936011e-12,1.67689936011e-12,1.67689936011e-12,2.76101316827e-29,0,-2.68212707775e-29,1,3.05311331772e-13
2,6.70759744044e-14,6.70759744044e-14,6.70759744044e-14,-1.15370907389e-29,-1.47911419729e-29,-1.10440526731e-29,1,1.66533453694e-13
3,-3.35379872022e-13,-3.35379872022e-13,-3.35379872022e-13,2.44546880619e-29,4.10207670715e-29,-1.65660790096e-29,1,-3.05311331772e-13
4,3.0184188482e-12,3.0184188482e-12,3.0184188482e-12,1.34106353888e-29,-1.89326617253e-29,7.09974814699e-30,1,-9.43689570931e-13
5,1.74397533452e-12,1.74397533452e-12,1.74397533452e-12,1.38050658414e-29,-2.3271396704e-29,4.80219076053e-29,1,3.88578058619e-13
6,-1.4756714369e-12,-1.4756714369e-12,-1.4756714369e-12,-6.70531769438e-30,-9.46633086265e-30,-6.31088724177e-30,1,3.33066907388e-13
*Step  = 3
*Time  = 0.75
*Data  = mechanics_elements_si
1,-6.70759744044e-13,-6.70759744044e-13,-6.70759744044e-13,-2.16936748936e-30,4.73316543133e-30,-2.28769662514e-29,1,2.77555756156e-13
2,-1.27444351368e-12,-1.27444351368e-12,-1.27444351368e-12,5.91645678916e-31,9.46633086265e-30,1.89326617253e-29,1,5.55111512313e-13
3,4.02455846427e-13,4.02455846427e-13,4.02455846427e-13,2.3271396704e-29,2.8398992588e-29,5.52202633655e-30,1,-4.4408920985e-13
4,-7.37835718449e-13,-7.37835718449e-13,-7.37835718449e-13,1.81438008201e-29,-1.4199496294e-29,1.14384831257e-29,1,-1.38777878078e-13
5,-9.39063641662e-13,-9.39063641662e-13,-9.39063641662e-13,1.82732233123e-29,-9.46633086265e-30,3.54987407349e-30,1,-3.60822483003e-13
6,2.68303897618e-13,2.68303897618e-13,2.68303897618e-13,1.8735446499e-29,-9.46633086265e-30,-3.94430452611e-30,1,-4.4408920985e-13
*Step  = 4
*Time  = 1
*Data  = mechanics_elements_si
1,6.70759744044e-14,6.70759744044e-14,6.70759744044e-14,3.30335504061e-30,-6.31088724177e-30,-5.02898827078e-30,1,-2.77555756156e-14
2,-2.28058312975e-12,-2.28058312975e-12,-2.28058312975e-12,-3.25405123404e-30,-6.31088724177e-30,-2.36658271566e-30,1,-3.33066907388e-13
3,-2.41473507856e-12,-2.41473507856e-12,-2.41473507856e-12,2.81031697485e-29,2.09048139884e-29,6.90253292068e-30,1,-4.4408920985e-13
4,-4.02455846427e-13,-4.02455846427e-13,-4.02455846427e-13,-2.56379794197e-30,-3.94430452611e-29,-6.31088724177e-30,1,-5.27355936697e-13
5,4.02455846427e-13,4.02455846427e-13,4.02455846427e-13,2.35179157369e-29,-9.46633086265e-30,-1.57772181044e-30,1,-3.60822483003e-13
6,5.36607795235e-13,5.36607795235e-13,5.36607795235e-13,-1.12412678994e-29,1.6171648557e-29,-7.09974814699e-30,1,-1.94289029309e-13
