{"elapsed_seconds": 0.0019679171964526176, "phase": "before_imports", "self_rss_kib": 21648}
{"elapsed_seconds": 1.0278870000038296, "phase": "after_input_model_hashes", "self_rss_kib": 328752}
{"elapsed_seconds": 1.0327967090997845, "phase": "before_weights_only_load", "self_rss_kib": 328816}
{"elapsed_seconds": 1.1768590840511024, "phase": "after_weights_only_load", "self_rss_kib": 569392}
{"elapsed_seconds": 1.2049148750957102, "phase": "after_optimizer_cleanup", "self_rss_kib": 568096}
{"elapsed_seconds": 1.2607769591268152, "phase": "after_network_construction_alias_checks", "self_rss_kib": 569072}
{"elapsed_seconds": 1.3892685000319034, "phase": "after_strict_copy_weights_cleanup", "self_rss_kib": 569472}
{"elapsed_seconds": 1.4018708751536906, "phase": "after_tiled_conv3d_attachment", "self_rss_kib": 569632}
{"elapsed_seconds": 1.4076270000077784, "phase": "after_layer_observer_attachment", "self_rss_kib": 570176}
{"elapsed_seconds": 1.4120667499955744, "phase": "before_generated_forward", "self_rss_kib": 570272}
{"elapsed_seconds": 1.412290500011295, "libproc_sample_seconds_excludes_json_flush": 6.945920176804066e-05, "phase": "layer:encoder.stages.0.0.convs.0.conv:conv3d:before", "process_group_resident_bytes": 583974912, "tensor_shape": [1, 2, 64, 64, 64]}
{"elapsed_seconds": 1.423657667124644, "libproc_sample_seconds_excludes_json_flush": 5.633290857076645e-05, "phase": "layer:encoder.stages.0.0.convs.0.conv:conv3d:after", "process_group_resident_bytes": 618446848, "tensor_shape": [1, 32, 64, 64, 64]}
{"elapsed_seconds": 1.4237422090955079, "libproc_sample_seconds_excludes_json_flush": 1.7165904864668846e-05, "phase": "layer:encoder.stages.0.0.convs.0.norm:instancenorm3d:before", "process_group_resident_bytes": 618446848, "tensor_shape": [1, 32, 64, 64, 64]}
{"elapsed_seconds": 1.4366787921171635, "libproc_sample_seconds_excludes_json_flush": 6.674998439848423e-05, "phase": "layer:encoder.stages.0.0.convs.0.norm:instancenorm3d:after", "process_group_resident_bytes": 652640256, "tensor_shape": [1, 32, 64, 64, 64]}
{"elapsed_seconds": 1.439120416995138, "libproc_sample_seconds_excludes_json_flush": 5.720905028283596e-05, "phase": "layer:encoder.stages.0.0.convs.1.conv:conv3d:before", "process_group_resident_bytes": 652705792, "tensor_shape": [1, 32, 64, 64, 64]}
{"elapsed_seconds": 1.5113413750659674, "libproc_sample_seconds_excludes_json_flush": 8.504092693328857e-05, "phase": "layer:encoder.stages.0.0.convs.1.conv:conv3d:after", "process_group_resident_bytes": 652738560, "tensor_shape": [1, 32, 64, 64, 64]}
{"elapsed_seconds": 1.511406125035137, "libproc_sample_seconds_excludes_json_flush": 1.537497155368328e-05, "phase": "layer:encoder.stages.0.0.convs.1.norm:instancenorm3d:before", "process_group_resident_bytes": 652738560, "tensor_shape": [1, 32, 64, 64, 64]}
{"elapsed_seconds": 1.517862250097096, "libproc_sample_seconds_excludes_json_flush": 6.341701373457909e-05, "phase": "layer:encoder.stages.0.0.convs.1.norm:instancenorm3d:after", "process_group_resident_bytes": 686309376, "tensor_shape": [1, 32, 64, 64, 64]}
{"elapsed_seconds": 1.5193580840714276, "libproc_sample_seconds_excludes_json_flush": 5.745794624090195e-05, "phase": "layer:encoder.stages.1.0.convs.0.conv:conv3d:before", "process_group_resident_bytes": 686309376, "tensor_shape": [1, 32, 64, 64, 64]}
{"elapsed_seconds": 1.5299999590497464, "libproc_sample_seconds_excludes_json_flush": 9.279209189116955e-05, "phase": "layer:encoder.stages.1.0.convs.0.conv:conv3d:after", "process_group_resident_bytes": 686309376, "tensor_shape": [1, 64, 32, 32, 32]}
{"elapsed_seconds": 1.530071167042479, "libproc_sample_seconds_excludes_json_flush": 2.1042069420218468e-05, "phase": "layer:encoder.stages.1.0.convs.0.norm:instancenorm3d:before", "process_group_resident_bytes": 686309376, "tensor_shape": [1, 64, 32, 32, 32]}
{"elapsed_seconds": 1.5317450840957463, "libproc_sample_seconds_excludes_json_flush": 3.729201853275299e-05, "phase": "layer:encoder.stages.1.0.convs.0.norm:instancenorm3d:after", "process_group_resident_bytes": 686309376, "tensor_shape": [1, 64, 32, 32, 32]}
{"elapsed_seconds": 1.5319562091026455, "libproc_sample_seconds_excludes_json_flush": 1.9290950149297714e-05, "phase": "layer:encoder.stages.1.0.convs.1.conv:conv3d:before", "process_group_resident_bytes": 686309376, "tensor_shape": [1, 64, 32, 32, 32]}
{"elapsed_seconds": 1.5502344591077417, "libproc_sample_seconds_excludes_json_flush": 7.737497799098492e-05, "phase": "layer:encoder.stages.1.0.convs.1.conv:conv3d:after", "process_group_resident_bytes": 686309376, "tensor_shape": [1, 64, 32, 32, 32]}
{"elapsed_seconds": 1.5502882921136916, "libproc_sample_seconds_excludes_json_flush": 1.354096457362175e-05, "phase": "layer:encoder.stages.1.0.convs.1.norm:instancenorm3d:before", "process_group_resident_bytes": 686309376, "tensor_shape": [1, 64, 32, 32, 32]}
{"elapsed_seconds": 1.551787625066936, "libproc_sample_seconds_excludes_json_flush": 1.8667196854948997e-05, "phase": "layer:encoder.stages.1.0.convs.1.norm:instancenorm3d:after", "process_group_resident_bytes": 686309376, "tensor_shape": [1, 64, 32, 32, 32]}
{"elapsed_seconds": 1.5519514591433108, "libproc_sample_seconds_excludes_json_flush": 1.895916648209095e-05, "phase": "layer:encoder.stages.2.0.convs.0.conv:conv3d:before", "process_group_resident_bytes": 686309376, "tensor_shape": [1, 64, 32, 32, 32]}
{"elapsed_seconds": 1.555238917004317, "libproc_sample_seconds_excludes_json_flush": 2.2999942302703857e-05, "phase": "layer:encoder.stages.2.0.convs.0.conv:conv3d:after", "process_group_resident_bytes": 686309376, "tensor_shape": [1, 128, 16, 16, 16]}
{"elapsed_seconds": 1.5552672920748591, "libproc_sample_seconds_excludes_json_flush": 1.3042008504271507e-05, "phase": "layer:encoder.stages.2.0.convs.0.norm:instancenorm3d:before", "process_group_resident_bytes": 686309376, "tensor_shape": [1, 128, 16, 16, 16]}
{"elapsed_seconds": 1.5556346671655774, "libproc_sample_seconds_excludes_json_flush": 1.4167046174407005e-05, "phase": "layer:encoder.stages.2.0.convs.0.norm:instancenorm3d:after", "process_group_resident_bytes": 686325760, "tensor_shape": [1, 128, 16, 16, 16]}
{"elapsed_seconds": 1.555703500052914, "libproc_sample_seconds_excludes_json_flush": 1.945788972079754e-05, "phase": "layer:encoder.stages.2.0.convs.1.conv:conv3d:before", "process_group_resident_bytes": 686325760, "tensor_shape": [1, 128, 16, 16, 16]}
{"elapsed_seconds": 1.5616029591765255, "libproc_sample_seconds_excludes_json_flush": 2.13750172406435e-05, "phase": "layer:encoder.stages.2.0.convs.1.conv:conv3d:after", "process_group_resident_bytes": 686325760, "tensor_shape": [1, 128, 16, 16, 16]}
{"elapsed_seconds": 1.5616257921792567, "libproc_sample_seconds_excludes_json_flush": 1.2999866157770157e-05, "phase": "layer:encoder.stages.2.0.convs.1.norm:instancenorm3d:before", "process_group_resident_bytes": 686325760, "tensor_shape": [1, 128, 16, 16, 16]}
{"elapsed_seconds": 1.5620309170335531, "libproc_sample_seconds_excludes_json_flush": 1.458311453461647e-05, "phase": "layer:encoder.stages.2.0.convs.1.norm:instancenorm3d:after", "process_group_resident_bytes": 686325760, "tensor_shape": [1, 128, 16, 16, 16]}
{"elapsed_seconds": 1.5621044170111418, "libproc_sample_seconds_excludes_json_flush": 1.850002445280552e-05, "phase": "layer:encoder.stages.3.0.convs.0.conv:conv3d:before", "process_group_resident_bytes": 686325760, "tensor_shape": [1, 128, 16, 16, 16]}
{"elapsed_seconds": 1.5636805421672761, "libproc_sample_seconds_excludes_json_flush": 2.2707972675561905e-05, "phase": "layer:encoder.stages.3.0.convs.0.conv:conv3d:after", "process_group_resident_bytes": 686637056, "tensor_shape": [1, 256, 8, 8, 8]}
{"elapsed_seconds": 1.5637073752004653, "libproc_sample_seconds_excludes_json_flush": 1.3124896213412285e-05, "phase": "layer:encoder.stages.3.0.convs.0.norm:instancenorm3d:before", "process_group_resident_bytes": 686637056, "tensor_shape": [1, 256, 8, 8, 8]}
{"elapsed_seconds": 1.5638470000121742, "libproc_sample_seconds_excludes_json_flush": 1.754099503159523e-05, "phase": "layer:encoder.stages.3.0.convs.0.norm:instancenorm3d:after", "process_group_resident_bytes": 686637056, "tensor_shape": [1, 256, 8, 8, 8]}
{"elapsed_seconds": 1.5639050002209842, "libproc_sample_seconds_excludes_json_flush": 1.9416911527514458e-05, "phase": "layer:encoder.stages.3.0.convs.1.conv:conv3d:before", "process_group_resident_bytes": 686637056, "tensor_shape": [1, 256, 8, 8, 8]}
{"elapsed_seconds": 1.5668384591117501, "libproc_sample_seconds_excludes_json_flush": 2.5792047381401062e-05, "phase": "layer:encoder.stages.3.0.convs.1.conv:conv3d:after", "process_group_resident_bytes": 687980544, "tensor_shape": [1, 256, 8, 8, 8]}
{"elapsed_seconds": 1.5668632090091705, "libproc_sample_seconds_excludes_json_flush": 1.1834083124995232e-05, "phase": "layer:encoder.stages.3.0.convs.1.norm:instancenorm3d:before", "process_group_resident_bytes": 687980544, "tensor_shape": [1, 256, 8, 8, 8]}
{"elapsed_seconds": 1.5669860001653433, "libproc_sample_seconds_excludes_json_flush": 1.2750038877129555e-05, "phase": "layer:encoder.stages.3.0.convs.1.norm:instancenorm3d:after", "process_group_resident_bytes": 687980544, "tensor_shape": [1, 256, 8, 8, 8]}
{"elapsed_seconds": 1.5670347090344876, "libproc_sample_seconds_excludes_json_flush": 1.5124911442399025e-05, "phase": "layer:encoder.stages.4.0.convs.0.conv:conv3d:before", "process_group_resident_bytes": 687980544, "tensor_shape": [1, 256, 8, 8, 8]}
{"elapsed_seconds": 1.568211792036891, "libproc_sample_seconds_excludes_json_flush": 2.2124964743852615e-05, "phase": "layer:encoder.stages.4.0.convs.0.conv:conv3d:after", "process_group_resident_bytes": 688013312, "tensor_shape": [1, 320, 4, 4, 4]}
{"elapsed_seconds": 1.5682394590694457, "libproc_sample_seconds_excludes_json_flush": 1.3250159099698067e-05, "phase": "layer:encoder.stages.4.0.convs.0.norm:instancenorm3d:before", "process_group_resident_bytes": 688013312, "tensor_shape": [1, 320, 4, 4, 4]}
{"elapsed_seconds": 1.5683217500336468, "libproc_sample_seconds_excludes_json_flush": 2.045789733529091e-05, "phase": "layer:encoder.stages.4.0.convs.0.norm:instancenorm3d:after", "process_group_resident_bytes": 688013312, "tensor_shape": [1, 320, 4, 4, 4]}
{"elapsed_seconds": 1.5683522091712803, "libproc_sample_seconds_excludes_json_flush": 1.2208009138703346e-05, "phase": "layer:encoder.stages.4.0.convs.1.conv:conv3d:before", "process_group_resident_bytes": 688013312, "tensor_shape": [1, 320, 4, 4, 4]}
{"elapsed_seconds": 1.5696142921224236, "libproc_sample_seconds_excludes_json_flush": 2.0458130165934563e-05, "phase": "layer:encoder.stages.4.0.convs.1.conv:conv3d:after", "process_group_resident_bytes": 688013312, "tensor_shape": [1, 320, 4, 4, 4]}
{"elapsed_seconds": 1.569637792184949, "libproc_sample_seconds_excludes_json_flush": 1.1709053069353104e-05, "phase": "layer:encoder.stages.4.0.convs.1.norm:instancenorm3d:before", "process_group_resident_bytes": 688013312, "tensor_shape": [1, 320, 4, 4, 4]}
{"elapsed_seconds": 1.5697218750137836, "libproc_sample_seconds_excludes_json_flush": 2.374988980591297e-05, "phase": "layer:encoder.stages.4.0.convs.1.norm:instancenorm3d:after", "process_group_resident_bytes": 688013312, "tensor_shape": [1, 320, 4, 4, 4]}
{"elapsed_seconds": 1.5697625421453267, "libproc_sample_seconds_excludes_json_flush": 1.3707904145121574e-05, "phase": "layer:encoder.stages.5.0.convs.0.conv:conv3d:before", "process_group_resident_bytes": 688013312, "tensor_shape": [1, 320, 4, 4, 4]}
{"elapsed_seconds": 1.5704901670105755, "libproc_sample_seconds_excludes_json_flush": 2.329191192984581e-05, "phase": "layer:encoder.stages.5.0.convs.0.conv:conv3d:after", "process_group_resident_bytes": 688013312, "tensor_shape": [1, 320, 2, 2, 2]}
{"elapsed_seconds": 1.5705140840727836, "libproc_sample_seconds_excludes_json_flush": 1.295912079513073e-05, "phase": "layer:encoder.stages.5.0.convs.0.norm:instancenorm3d:before", "process_group_resident_bytes": 688013312, "tensor_shape": [1, 320, 2, 2, 2]}
{"elapsed_seconds": 1.5705770840868354, "libproc_sample_seconds_excludes_json_flush": 1.7832964658737183e-05, "phase": "layer:encoder.stages.5.0.convs.0.norm:instancenorm3d:after", "process_group_resident_bytes": 688029696, "tensor_shape": [1, 320, 2, 2, 2]}
{"elapsed_seconds": 1.5706125001888722, "libproc_sample_seconds_excludes_json_flush": 1.1625001206994057e-05, "phase": "layer:encoder.stages.5.0.convs.1.conv:conv3d:before", "process_group_resident_bytes": 688029696, "tensor_shape": [1, 320, 2, 2, 2]}
{"elapsed_seconds": 1.571542709134519, "libproc_sample_seconds_excludes_json_flush": 1.950003206729889e-05, "phase": "layer:encoder.stages.5.0.convs.1.conv:conv3d:after", "process_group_resident_bytes": 688046080, "tensor_shape": [1, 320, 2, 2, 2]}
{"elapsed_seconds": 1.5715644170995802, "libproc_sample_seconds_excludes_json_flush": 1.1665979400277138e-05, "phase": "layer:encoder.stages.5.0.convs.1.norm:instancenorm3d:before", "process_group_resident_bytes": 688046080, "tensor_shape": [1, 320, 2, 2, 2]}
{"elapsed_seconds": 1.5716255840379745, "libproc_sample_seconds_excludes_json_flush": 1.6208039596676826e-05, "phase": "layer:encoder.stages.5.0.convs.1.norm:instancenorm3d:after", "process_group_resident_bytes": 688046080, "tensor_shape": [1, 320, 2, 2, 2]}
{"elapsed_seconds": 1.5716856671497226, "libproc_sample_seconds_excludes_json_flush": 1.1791940778493881e-05, "phase": "layer:decoder.transpconvs.0:convtranspose3d:before", "process_group_resident_bytes": 688046080, "tensor_shape": [1, 320, 2, 2, 2]}
{"elapsed_seconds": 1.5726208339910954, "libproc_sample_seconds_excludes_json_flush": 1.8458114936947823e-05, "phase": "layer:decoder.transpconvs.0:convtranspose3d:after", "process_group_resident_bytes": 688193536, "tensor_shape": [1, 320, 4, 4, 4]}
{"elapsed_seconds": 1.572833125013858, "libproc_sample_seconds_excludes_json_flush": 1.5875091776251793e-05, "phase": "layer:decoder.stages.0:decoder_stage:before", "process_group_resident_bytes": 688209920, "tensor_shape": [1, 640, 4, 4, 4]}
{"elapsed_seconds": 1.5728666251525283, "libproc_sample_seconds_excludes_json_flush": 1.808302477002144e-05, "phase": "layer:decoder.stages.0.convs.0.conv:conv3d:before", "process_group_resident_bytes": 688209920, "tensor_shape": [1, 640, 4, 4, 4]}
{"elapsed_seconds": 1.5753554590046406, "libproc_sample_seconds_excludes_json_flush": 3.845803439617157e-05, "phase": "layer:decoder.stages.0.convs.0.conv:conv3d:after", "process_group_resident_bytes": 688209920, "tensor_shape": [1, 320, 4, 4, 4]}
{"elapsed_seconds": 1.5753888750914484, "libproc_sample_seconds_excludes_json_flush": 1.1875061318278313e-05, "phase": "layer:decoder.stages.0.convs.0.norm:instancenorm3d:before", "process_group_resident_bytes": 688209920, "tensor_shape": [1, 320, 4, 4, 4]}
{"elapsed_seconds": 1.5754734592046589, "libproc_sample_seconds_excludes_json_flush": 2.0832987502217293e-05, "phase": "layer:decoder.stages.0.convs.0.norm:instancenorm3d:after", "process_group_resident_bytes": 688209920, "tensor_shape": [1, 320, 4, 4, 4]}
{"elapsed_seconds": 1.5755055001936853, "libproc_sample_seconds_excludes_json_flush": 1.3083918020129204e-05, "phase": "layer:decoder.stages.0.convs.1.conv:conv3d:before", "process_group_resident_bytes": 688209920, "tensor_shape": [1, 320, 4, 4, 4]}
{"elapsed_seconds": 1.5767483341041952, "libproc_sample_seconds_excludes_json_flush": 2.1625077351927757e-05, "phase": "layer:decoder.stages.0.convs.1.conv:conv3d:after", "process_group_resident_bytes": 688209920, "tensor_shape": [1, 320, 4, 4, 4]}
{"elapsed_seconds": 1.576773000182584, "libproc_sample_seconds_excludes_json_flush": 1.3667158782482147e-05, "phase": "layer:decoder.stages.0.convs.1.norm:instancenorm3d:before", "process_group_resident_bytes": 688209920, "tensor_shape": [1, 320, 4, 4, 4]}
{"elapsed_seconds": 1.576850709039718, "libproc_sample_seconds_excludes_json_flush": 2.0290957763791084e-05, "phase": "layer:decoder.stages.0.convs.1.norm:instancenorm3d:after", "process_group_resident_bytes": 688209920, "tensor_shape": [1, 320, 4, 4, 4]}
{"elapsed_seconds": 1.5768802920356393, "libproc_sample_seconds_excludes_json_flush": 1.4750054106116295e-05, "phase": "layer:decoder.stages.0:decoder_stage:after", "process_group_resident_bytes": 688209920, "tensor_shape": [1, 320, 4, 4, 4]}
{"elapsed_seconds": 1.576907167211175, "libproc_sample_seconds_excludes_json_flush": 1.1875061318278313e-05, "phase": "layer:decoder.transpconvs.1:convtranspose3d:before", "process_group_resident_bytes": 688209920, "tensor_shape": [1, 320, 4, 4, 4]}
{"elapsed_seconds": 1.5771795420441777, "libproc_sample_seconds_excludes_json_flush": 1.5124911442399025e-05, "phase": "layer:decoder.transpconvs.1:convtranspose3d:after", "process_group_resident_bytes": 688291840, "tensor_shape": [1, 256, 8, 8, 8]}
{"elapsed_seconds": 1.5772383341100067, "libproc_sample_seconds_excludes_json_flush": 1.6750069335103035e-05, "phase": "layer:decoder.stages.1:decoder_stage:before", "process_group_resident_bytes": 688291840, "tensor_shape": [1, 512, 8, 8, 8]}
{"elapsed_seconds": 1.5772641249932349, "libproc_sample_seconds_excludes_json_flush": 1.1666910722851753e-05, "phase": "layer:decoder.stages.1.convs.0.conv:conv3d:before", "process_group_resident_bytes": 688291840, "tensor_shape": [1, 512, 8, 8, 8]}
{"elapsed_seconds": 1.5830825420562178, "libproc_sample_seconds_excludes_json_flush": 5.383300594985485e-05, "phase": "layer:decoder.stages.1.convs.0.conv:conv3d:after", "process_group_resident_bytes": 688635904, "tensor_shape": [1, 256, 8, 8, 8]}
{"elapsed_seconds": 1.5831226671580225, "libproc_sample_seconds_excludes_json_flush": 1.3459008187055588e-05, "phase": "layer:decoder.stages.1.convs.0.norm:instancenorm3d:before", "process_group_resident_bytes": 688635904, "tensor_shape": [1, 256, 8, 8, 8]}
{"elapsed_seconds": 1.5832766250241548, "libproc_sample_seconds_excludes_json_flush": 1.5291152521967888e-05, "phase": "layer:decoder.stages.1.convs.0.norm:instancenorm3d:after", "process_group_resident_bytes": 688635904, "tensor_shape": [1, 256, 8, 8, 8]}
{"elapsed_seconds": 1.5833239590283483, "libproc_sample_seconds_excludes_json_flush": 1.491699367761612e-05, "phase": "layer:decoder.stages.1.convs.1.conv:conv3d:before", "process_group_resident_bytes": 688635904, "tensor_shape": [1, 256, 8, 8, 8]}
{"elapsed_seconds": 1.585997916990891, "libproc_sample_seconds_excludes_json_flush": 2.3082830011844635e-05, "phase": "layer:decoder.stages.1.convs.1.conv:conv3d:after", "process_group_resident_bytes": 688635904, "tensor_shape": [1, 256, 8, 8, 8]}
{"elapsed_seconds": 1.5860204170458019, "libproc_sample_seconds_excludes_json_flush": 1.133396290242672e-05, "phase": "layer:decoder.stages.1.convs.1.norm:instancenorm3d:before", "process_group_resident_bytes": 688635904, "tensor_shape": [1, 256, 8, 8, 8]}
{"elapsed_seconds": 1.5861442920286208, "libproc_sample_seconds_excludes_json_flush": 1.2791948392987251e-05, "phase": "layer:decoder.stages.1.convs.1.norm:instancenorm3d:after", "process_group_resident_bytes": 688635904, "tensor_shape": [1, 256, 8, 8, 8]}
{"elapsed_seconds": 1.5861845000181347, "libproc_sample_seconds_excludes_json_flush": 1.5625031664967537e-05, "phase": "layer:decoder.stages.1:decoder_stage:after", "process_group_resident_bytes": 688635904, "tensor_shape": [1, 256, 8, 8, 8]}
{"elapsed_seconds": 1.586211834102869, "libproc_sample_seconds_excludes_json_flush": 1.3207783922553062e-05, "phase": "layer:decoder.transpconvs.2:convtranspose3d:before", "process_group_resident_bytes": 688635904, "tensor_shape": [1, 256, 8, 8, 8]}
{"elapsed_seconds": 1.586722459178418, "libproc_sample_seconds_excludes_json_flush": 1.6167061403393745e-05, "phase": "layer:decoder.transpconvs.2:convtranspose3d:after", "process_group_resident_bytes": 688734208, "tensor_shape": [1, 128, 16, 16, 16]}
{"elapsed_seconds": 1.5868591670878232, "libproc_sample_seconds_excludes_json_flush": 1.4584045857191086e-05, "phase": "layer:decoder.stages.2:decoder_stage:before", "process_group_resident_bytes": 689389568, "tensor_shape": [1, 256, 16, 16, 16]}
{"elapsed_seconds": 1.5868848750833422, "libproc_sample_seconds_excludes_json_flush": 1.3083918020129204e-05, "phase": "layer:decoder.stages.2.convs.0.conv:conv3d:before", "process_group_resident_bytes": 689389568, "tensor_shape": [1, 256, 16, 16, 16]}
{"elapsed_seconds": 1.597901709144935, "libproc_sample_seconds_excludes_json_flush": 4.2041996493935585e-05, "phase": "layer:decoder.stages.2.convs.0.conv:conv3d:after", "process_group_resident_bytes": 689389568, "tensor_shape": [1, 128, 16, 16, 16]}
{"elapsed_seconds": 1.5979387920815498, "libproc_sample_seconds_excludes_json_flush": 1.3124896213412285e-05, "phase": "layer:decoder.stages.2.convs.0.norm:instancenorm3d:before", "process_group_resident_bytes": 689389568, "tensor_shape": [1, 128, 16, 16, 16]}
{"elapsed_seconds": 1.5982953750062734, "libproc_sample_seconds_excludes_json_flush": 1.4374963939189911e-05, "phase": "layer:decoder.stages.2.convs.0.norm:instancenorm3d:after", "process_group_resident_bytes": 689389568, "tensor_shape": [1, 128, 16, 16, 16]}
{"elapsed_seconds": 1.5983579170424491, "libproc_sample_seconds_excludes_json_flush": 1.5667174011468887e-05, "phase": "layer:decoder.stages.2.convs.1.conv:conv3d:before", "process_group_resident_bytes": 689389568, "tensor_shape": [1, 128, 16, 16, 16]}
{"elapsed_seconds": 1.604251417098567, "libproc_sample_seconds_excludes_json_flush": 2.3790867999196053e-05, "phase": "layer:decoder.stages.2.convs.1.conv:conv3d:after", "process_group_resident_bytes": 689389568, "tensor_shape": [1, 128, 16, 16, 16]}
{"elapsed_seconds": 1.6042738750111312, "libproc_sample_seconds_excludes_json_flush": 1.2084143236279488e-05, "phase": "layer:decoder.stages.2.convs.1.norm:instancenorm3d:before", "process_group_resident_bytes": 689389568, "tensor_shape": [1, 128, 16, 16, 16]}
{"elapsed_seconds": 1.6046908751595765, "libproc_sample_seconds_excludes_json_flush": 1.3999873772263527e-05, "phase": "layer:decoder.stages.2.convs.1.norm:instancenorm3d:after", "process_group_resident_bytes": 691503104, "tensor_shape": [1, 128, 16, 16, 16]}
{"elapsed_seconds": 1.6047506670001894, "libproc_sample_seconds_excludes_json_flush": 1.645786687731743e-05, "phase": "layer:decoder.stages.2:decoder_stage:after", "process_group_resident_bytes": 691503104, "tensor_shape": [1, 128, 16, 16, 16]}
{"elapsed_seconds": 1.6047758751083165, "libproc_sample_seconds_excludes_json_flush": 1.3082986697554588e-05, "phase": "layer:decoder.transpconvs.3:convtranspose3d:before", "process_group_resident_bytes": 691503104, "tensor_shape": [1, 128, 16, 16, 16]}
{"elapsed_seconds": 1.6066877921111882, "libproc_sample_seconds_excludes_json_flush": 2.1832995116710663e-05, "phase": "layer:decoder.transpconvs.3:convtranspose3d:after", "process_group_resident_bytes": 693633024, "tensor_shape": [1, 64, 32, 32, 32]}
{"elapsed_seconds": 1.6075637091416866, "libproc_sample_seconds_excludes_json_flush": 2.6499852538108826e-05, "phase": "layer:decoder.stages.3:decoder_stage:before", "process_group_resident_bytes": 693633024, "tensor_shape": [1, 128, 32, 32, 32]}
{"elapsed_seconds": 1.6075955000706017, "libproc_sample_seconds_excludes_json_flush": 1.3125129044055939e-05, "phase": "layer:decoder.stages.3.convs.0.conv:conv3d:before", "process_group_resident_bytes": 693633024, "tensor_shape": [1, 128, 32, 32, 32]}
{"elapsed_seconds": 1.6470660420600325, "libproc_sample_seconds_excludes_json_flush": 7.470906712114811e-05, "phase": "layer:decoder.stages.3.convs.0.conv:conv3d:after", "process_group_resident_bytes": 693633024, "tensor_shape": [1, 64, 32, 32, 32]}
{"elapsed_seconds": 1.647109042154625, "libproc_sample_seconds_excludes_json_flush": 1.1875061318278313e-05, "phase": "layer:decoder.stages.3.convs.0.norm:instancenorm3d:before", "process_group_resident_bytes": 693633024, "tensor_shape": [1, 64, 32, 32, 32]}
{"elapsed_seconds": 1.6483914169948548, "libproc_sample_seconds_excludes_json_flush": 2.150004729628563e-05, "phase": "layer:decoder.stages.3.convs.0.norm:instancenorm3d:after", "process_group_resident_bytes": 693633024, "tensor_shape": [1, 64, 32, 32, 32]}
{"elapsed_seconds": 1.6485494170337915, "libproc_sample_seconds_excludes_json_flush": 1.7666956409811974e-05, "phase": "layer:decoder.stages.3.convs.1.conv:conv3d:before", "process_group_resident_bytes": 693633024, "tensor_shape": [1, 64, 32, 32, 32]}
{"elapsed_seconds": 1.6666406251024455, "libproc_sample_seconds_excludes_json_flush": 3.533298149704933e-05, "phase": "layer:decoder.stages.3.convs.1.conv:conv3d:after", "process_group_resident_bytes": 693633024, "tensor_shape": [1, 64, 32, 32, 32]}
{"elapsed_seconds": 1.6666820000391454, "libproc_sample_seconds_excludes_json_flush": 1.3042008504271507e-05, "phase": "layer:decoder.stages.3.convs.1.norm:instancenorm3d:before", "process_group_resident_bytes": 693633024, "tensor_shape": [1, 64, 32, 32, 32]}
{"elapsed_seconds": 1.6681885421276093, "libproc_sample_seconds_excludes_json_flush": 1.9415980204939842e-05, "phase": "layer:decoder.stages.3.convs.1.norm:instancenorm3d:after", "process_group_resident_bytes": 693633024, "tensor_shape": [1, 64, 32, 32, 32]}
{"elapsed_seconds": 1.6683307921048254, "libproc_sample_seconds_excludes_json_flush": 1.829187385737896e-05, "phase": "layer:decoder.stages.3:decoder_stage:after", "process_group_resident_bytes": 693633024, "tensor_shape": [1, 64, 32, 32, 32]}
{"elapsed_seconds": 1.6683636251837015, "libproc_sample_seconds_excludes_json_flush": 1.337495632469654e-05, "phase": "layer:decoder.transpconvs.4:convtranspose3d:before", "process_group_resident_bytes": 693633024, "tensor_shape": [1, 64, 32, 32, 32]}
{"elapsed_seconds": 1.6748180422000587, "libproc_sample_seconds_excludes_json_flush": 5.366699770092964e-05, "phase": "layer:decoder.transpconvs.4:convtranspose3d:after", "process_group_resident_bytes": 693633024, "tensor_shape": [1, 32, 64, 64, 64]}
{"elapsed_seconds": 1.685400624992326, "libproc_sample_seconds_excludes_json_flush": 7.699988782405853e-05, "phase": "layer:decoder.stages.4:decoder_stage:before", "process_group_resident_bytes": 760758272, "tensor_shape": [1, 64, 64, 64, 64]}
{"elapsed_seconds": 1.6854503341019154, "libproc_sample_seconds_excludes_json_flush": 1.4041084796190262e-05, "phase": "layer:decoder.stages.4.convs.0.conv:conv3d:before", "process_group_resident_bytes": 760758272, "tensor_shape": [1, 64, 64, 64, 64]}
{"elapsed_seconds": 1.8472910420969129, "libproc_sample_seconds_excludes_json_flush": 7.879198528826237e-05, "phase": "layer:decoder.stages.4.convs.0.conv:conv3d:after", "process_group_resident_bytes": 760774656, "tensor_shape": [1, 32, 64, 64, 64]}
{"elapsed_seconds": 1.8473432091996074, "libproc_sample_seconds_excludes_json_flush": 1.258309930562973e-05, "phase": "layer:decoder.stages.4.convs.0.norm:instancenorm3d:before", "process_group_resident_bytes": 760774656, "tensor_shape": [1, 32, 64, 64, 64]}
{"elapsed_seconds": 1.8520295000635087, "libproc_sample_seconds_excludes_json_flush": 2.0083971321582794e-05, "phase": "layer:decoder.stages.4.convs.0.norm:instancenorm3d:after", "process_group_resident_bytes": 760774656, "tensor_shape": [1, 32, 64, 64, 64]}
{"elapsed_seconds": 1.852536209160462, "libproc_sample_seconds_excludes_json_flush": 2.4417182430624962e-05, "phase": "layer:decoder.stages.4.convs.1.conv:conv3d:before", "process_group_resident_bytes": 760774656, "tensor_shape": [1, 32, 64, 64, 64]}
{"elapsed_seconds": 1.9195658341050148, "libproc_sample_seconds_excludes_json_flush": 7.083313539624214e-05, "phase": "layer:decoder.stages.4.convs.1.conv:conv3d:after", "process_group_resident_bytes": 760774656, "tensor_shape": [1, 32, 64, 64, 64]}
{"elapsed_seconds": 1.9196106670424342, "libproc_sample_seconds_excludes_json_flush": 1.2249918654561043e-05, "phase": "layer:decoder.stages.4.convs.1.norm:instancenorm3d:before", "process_group_resident_bytes": 760774656, "tensor_shape": [1, 32, 64, 64, 64]}
{"elapsed_seconds": 1.9257430841680616, "libproc_sample_seconds_excludes_json_flush": 3.595906309783459e-05, "phase": "layer:decoder.stages.4.convs.1.norm:instancenorm3d:after", "process_group_resident_bytes": 794345472, "tensor_shape": [1, 32, 64, 64, 64]}
{"elapsed_seconds": 1.9271420000586659, "libproc_sample_seconds_excludes_json_flush": 2.8125010430812836e-05, "phase": "layer:decoder.stages.4:decoder_stage:after", "process_group_resident_bytes": 794345472, "tensor_shape": [1, 32, 64, 64, 64]}
{"elapsed_seconds": 1.9271962500642985, "libproc_sample_seconds_excludes_json_flush": 1.391698606312275e-05, "phase": "layer:decoder.seg_layers.4:conv3d:before", "process_group_resident_bytes": 794345472, "tensor_shape": [1, 32, 64, 64, 64]}
{"elapsed_seconds": 1.9295697500929236, "libproc_sample_seconds_excludes_json_flush": 5.6416960433125496e-05, "phase": "layer:decoder.seg_layers.4:conv3d:after", "process_group_resident_bytes": 794345472, "tensor_shape": [1, 3, 64, 64, 64]}
{"elapsed_seconds": 1.9364387090317905, "phase": "after_generated_forward", "self_rss_kib": 775728}
{"elapsed_seconds": 1.9432102090213448, "phase": "after_output_transfer", "self_rss_kib": 775776}
{"arm": "tiled", "forward_seconds": 0.5175445838831365, "logits_raw_sha256": "52252550d12d7fc0ddd930c044f58cd6e1bca00606646bbd9780687bce3f2853", "status": "completed"}
