*Step  = 0
*Time  = 0
*Data  = mechanics_elements_si
1,0,0,0,0,0,0,1,0
2,0,0,0,0,0,0,1,0
3,0,0,0,0,0,0,1,0
4,0,0,0,0,0,0,1,0
5,0,0,0,0,0,0,1,0
6,0,0,0,0,0,0,1,0
7,0,0,0,0,0,0,1,0
8,0,0,0,0,0,0,1,0
*Step  = 1
*Time  = 0.25
*Data  = mechanics_elements_si
1,-1.10282153779e-11,-1.10282153779e-11,-1.10282153779e-11,1.15863945454e-30,-1.06496222205e-29,4.93038065763e-32,1,-3.88578058619e-13
2,-2.20564307559e-11,-2.20564307559e-11,-2.20564307559e-11,1.72563323017e-30,1.15979501251e-29,8.9211000954e-30,1,-2.22044604925e-13
3,-2.20564307559e-11,-2.20564307559e-11,-2.20564307559e-11,4.73316543133e-30,3.15544362088e-30,-6.31088724177e-30,1,2.77555756156e-14
4,-1.10282153779e-11,-1.10282153779e-11,-1.10282153779e-11,1.97215226305e-30,9.46633086265e-30,-8.28303950482e-30,1,-1.94289029309e-13
5,-2.20564307559e-11,-2.20564307559e-11,-2.20564307559e-11,0,-7.88860905221e-31,7.88860905221e-31,1,-1.11022302463e-13
6,-1.10282153779e-11,-1.10282153779e-11,-1.10282153779e-11,6.26158343519e-30,-1.14384831257e-29,2.05103835357e-29,1,-5.55111512313e-14
7,-1.10282153779e-11,-1.10282153779e-11,-1.10282153779e-11,-9.3677232495e-31,1.77493703675e-30,-4.83177304448e-30,1,-1.66533453694e-13
8,-1.10282153779e-11,-1.10282153779e-11,-1.10282153779e-11,-1.02551917679e-29,-1.18329135783e-30,-3.94430452611e-31,1,-8.32667268469e-14
*Step  = 2
*Time  = 0.5
*Data  = mechanics_elements_si
1,-1.57772181044e-29,9.46633086265e-30,-3.15544362088e-30,2.45902735299e-30,5.91645678916e-30,-9.86076131526e-31,1,-8.32667268469e-14
2,-2.20564307559e-11,-2.20564307559e-11,-2.20564307559e-11,5.42341872339e-30,2.1299244441e-29,2.16936748936e-30,1,-7.77156117238e-13
3,-1.10282153779e-11,-1.10282153779e-11,-1.10282153779e-11,-5.91645678916e-31,-8.28303950482e-30,2.76101316827e-30,1,3.33066907388e-13
4,-2.20564307559e-11,-2.20564307559e-11,-2.20564307559e-11,4.11686784912e-30,-9.86076131526e-31,-7.6913938259e-30,1,-7.21644966006e-13
5,-1.10282153779e-11,-1.10282153779e-11,-1.10282153779e-11,-9.81145750869e-30,2.36658271566e-30,-3.7470892998e-30,1,-1.38777878078e-13
6,-5.51410768897e-11,-5.51410768897e-11,-5.51410768897e-11,-1.27203820967e-29,8.67746995743e-30,-9.46633086265e-30,1,-6.93889390391e-13
7,-2.20564307559e-11,-2.20564307559e-11,-2.20564307559e-11,5.63912287717e-31,5.52202633655e-30,-2.46519032882e-30,1,2.77555756156e-13
8,-5.51410768897e-11,-5.51410768897e-11,-5.51410768897e-11,-2.20172311242e-30,-9.44784193519e-30,7.88860905221e-31,1,-5.82867087928e-13
*Step  = 3
*Time  = 0.75
*Data  = mechanics_elements_si
1,-5.51410768897e-11,-5.51410768897e-11,-5.51410768897e-11,2.46519032882e-29,-2.59338022591e-29,-2.09048139884e-29,1,-2.77555756156e-13
2,-3.30846461338e-11,-3.30846461338e-11,-3.30846461338e-11,-6.60671008123e-30,1.77493703675e-29,-6.6560138878e-30,1,3.88578058619e-13
3,-4.41128615118e-11,-4.41128615118e-11,-4.41128615118e-11,4.14151975241e-30,-2.76101316827e-30,9.46633086265e-30,1,5.27355936697e-13
4,-3.30846461338e-11,-3.30846461338e-11,-3.30846461338e-11,-4.74302619264e-29,-6.50810246807e-30,-7.88860905221e-30,1,5.55111512313e-14
5,-1.10282153779e-11,-1.10282153779e-11,-1.10282153779e-11,1.15863945454e-29,-1.7453547528e-29,3.54987407349e-30,1,-5.55111512313e-13
6,-1.10282153779e-11,-1.10282153779e-11,-1.10282153779e-11,-7.88860905221e-31,-4.73316543133e-29,-1.57772181044e-29,1,0
7,-1.10282153779e-11,-1.10282153779e-11,-1.10282153779e-11,4.93038065763e-30,-1.49883571992e-29,3.94430452611e-30,1,-4.99600361081e-13
8,-4.41762106924e-29,-6.31088724177e-30,2.20881053462e-29,1.91791807582e-29,-4.02319061663e-29,-4.6542793408e-29,1,1.66533453694e-13
*Step  = 4
*Time  = 1
*Data  = mechanics_elements_si
1,-1.10282153779e-11,-1.10282153779e-11,-1.10282153779e-11,4.12919380077e-30,-5.28783325531e-30,5.817849176e-30,1,-5.27355936697e-13
2,-3.15544362088e-29,-6.31088724177e-30,0,-8.57886234428e-30,3.15544362088e-30,-2.36658271566e-30,1,8.32667268469e-14
3,-1.10282153779e-11,-1.10282153779e-11,-1.10282153779e-11,1.23752554507e-29,-1.65660790096e-29,1.14877869323e-29,1,-6.38378239159e-13
4,1.26217744835e-29,-8.2041534143e-29,6.62643160386e-29,-1.30655087427e-30,1.18329135783e-30,-1.18329135783e-30,1,1.38777878078e-13
5,-2.20564307559e-11,-2.20564307559e-11,-2.20564307559e-11,1.84396236595e-29,3.15544362088e-30,-3.94430452611e-30,1,-2.77555756156e-13
6,-2.20564307559e-11,-2.20564307559e-11,-2.20564307559e-11,3.22939933075e-30,4.73316543133e-30,8.01186856865e-30,1,3.05311331772e-13
7,-3.30846461338e-11,-3.30846461338e-11,-3.30846461338e-11,-1.38050658414e-30,1.97215226305e-30,2.20881053462e-29,1,-3.33066907388e-13
8,-3.30846461338e-11,-3.30846461338e-11,-3.30846461338e-11,5.91645678916e-30,1.89326617253e-29,3.15544362088e-30,1,4.99600361081e-13
